{"stage": "dynamics_lyapunov", "dynamic_step": 256}
{"stage": "dynamics_lyapunov", "dynamic_step": 512}
{"stage": "dynamics_lyapunov", "dynamic_step": 768}
{"stage": "dynamics_lyapunov", "dynamic_step": 1024}
{"stage": "jacobian", "checkpoint": "step27000", "completed": 1, "total": 100, "token": "locations", "rho": 0.9905548095703125, "alpha": 0.9879279136657715, "lyapunov_last_256": -0.0004900271033678072, "normalized_frobenius": 0.6791406273841858, "seconds": 16.436787843704224}
{"stage": "jacobian", "checkpoint": "step27000", "completed": 2, "total": 100, "token": " 449", "rho": 1.0167516469955444, "alpha": 1.009737253189087, "lyapunov_last_256": -0.0002711209966526527, "normalized_frobenius": 0.687935471534729, "seconds": 16.27203670889139}
{"stage": "jacobian", "checkpoint": "step27000", "completed": 3, "total": 100, "token": "completion", "rho": 1.0384166240692139, "alpha": 1.0339155197143555, "lyapunov_last_256": -0.0031895708701917772, "normalized_frobenius": 0.6888172030448914, "seconds": 15.867506459355354}
{"stage": "jacobian", "checkpoint": "step27000", "completed": 4, "total": 100, "token": "Py", "rho": 1.0141328573226929, "alpha": 0.9983727931976318, "lyapunov_last_256": 0.0021300269960987453, "normalized_frobenius": 0.6845853328704834, "seconds": 17.939756833016872}
{"stage": "jacobian", "checkpoint": "step27000", "completed": 5, "total": 100, "token": " circumference", "rho": 1.025523066520691, "alpha": 1.025523066520691, "lyapunov_last_256": -0.0007890444257233138, "normalized_frobenius": 0.6879112124443054, "seconds": 18.027974374592304}
{"stage": "jacobian", "checkpoint": "step27000", "completed": 6, "total": 100, "token": " involuntary", "rho": 0.9984966516494751, "alpha": 0.9783300757408142, "lyapunov_last_256": 0.0008482326334548903, "normalized_frobenius": 0.6728086471557617, "seconds": 17.065316282212734}
{"stage": "jacobian", "checkpoint": "step27000", "completed": 7, "total": 100, "token": "立", "rho": 0.9978300929069519, "alpha": 0.9833425879478455, "lyapunov_last_256": 0.0008124539255536512, "normalized_frobenius": 0.6745410561561584, "seconds": 16.167114429175854}
{"stage": "jacobian", "checkpoint": "step27000", "completed": 8, "total": 100, "token": " CAD", "rho": 1.0126676559448242, "alpha": 1.0126676559448242, "lyapunov_last_256": 0.0019817556566847634, "normalized_frobenius": 0.6857538819313049, "seconds": 16.749451857060194}
{"stage": "jacobian", "checkpoint": "step27000", "completed": 9, "total": 100, "token": "alen", "rho": 1.0000990629196167, "alpha": 0.986528754234314, "lyapunov_last_256": -0.0008523448353824504, "normalized_frobenius": 0.6751822829246521, "seconds": 19.808386377990246}
{"stage": "jacobian", "checkpoint": "step27000", "completed": 10, "total": 100, "token": " Nokia", "rho": 1.0397671461105347, "alpha": 1.0343890190124512, "lyapunov_last_256": -0.0009316744118102594, "normalized_frobenius": 0.6863574385643005, "seconds": 16.612052887678146}
{"stage": "jacobian", "checkpoint": "step27000", "completed": 11, "total": 100, "token": "sidered", "rho": 0.9929896593093872, "alpha": 0.9906982183456421, "lyapunov_last_256": 0.003483739687099143, "normalized_frobenius": 0.6798208355903625, "seconds": 15.923328634351492}
{"stage": "jacobian", "checkpoint": "step27000", "completed": 12, "total": 100, "token": "second", "rho": 0.9987308382987976, "alpha": 0.982886016368866, "lyapunov_last_256": 0.001062589320436958, "normalized_frobenius": 0.6745635271072388, "seconds": 16.066334296017885}
{"stage": "jacobian", "checkpoint": "step27000", "completed": 13, "total": 100, "token": " diagrams", "rho": 1.0277832746505737, "alpha": 1.0185885429382324, "lyapunov_last_256": 0.006343457215663751, "normalized_frobenius": 0.688890278339386, "seconds": 14.818762429058552}
{"stage": "jacobian", "checkpoint": "step27000", "completed": 14, "total": 100, "token": " permeability", "rho": 1.0181485414505005, "alpha": 1.0181485414505005, "lyapunov_last_256": 0.010928998485143513, "normalized_frobenius": 0.6871876120567322, "seconds": 17.04577948153019}
{"stage": "jacobian", "checkpoint": "step27000", "completed": 15, "total": 100, "token": " LE", "rho": 1.0135248899459839, "alpha": 1.0135248899459839, "lyapunov_last_256": -0.00028125029850583206, "normalized_frobenius": 0.6861657500267029, "seconds": 17.54977073520422}
{"stage": "jacobian", "checkpoint": "step27000", "completed": 16, "total": 100, "token": "urdy", "rho": 1.0350741147994995, "alpha": 1.029212236404419, "lyapunov_last_256": 0.0037778125396043917, "normalized_frobenius": 0.6873689293861389, "seconds": 19.144308350980282}
{"stage": "jacobian", "checkpoint": "step27000", "completed": 17, "total": 100, "token": " 510", "rho": 1.0011634826660156, "alpha": 0.9918612241744995, "lyapunov_last_256": 0.00194846758753748, "normalized_frobenius": 0.6871403455734253, "seconds": 18.074922878295183}
{"stage": "jacobian", "checkpoint": "step27000", "completed": 18, "total": 100, "token": "ochem", "rho": 1.0210340023040771, "alpha": 1.0210340023040771, "lyapunov_last_256": 0.006888526812178036, "normalized_frobenius": 0.6905187964439392, "seconds": 13.446795646101236}
{"stage": "jacobian", "checkpoint": "step27000", "completed": 19, "total": 100, "token": " phyt", "rho": 0.995901882648468, "alpha": 0.9822524785995483, "lyapunov_last_256": 0.010660649987520362, "normalized_frobenius": 0.6738489866256714, "seconds": 10.459560435265303}
{"stage": "jacobian", "checkpoint": "step27000", "completed": 20, "total": 100, "token": " filings", "rho": 0.9935093522071838, "alpha": 0.9935093522071838, "lyapunov_last_256": -0.00014613749481233538, "normalized_frobenius": 0.6798392534255981, "seconds": 15.424615908414125}
{"stage": "jacobian", "checkpoint": "step27000", "completed": 21, "total": 100, "token": " helical", "rho": 1.0062618255615234, "alpha": 0.9962716102600098, "lyapunov_last_256": 0.005979752405183711, "normalized_frobenius": 0.6826651096343994, "seconds": 16.53664454072714}
{"stage": "jacobian", "checkpoint": "step27000", "completed": 22, "total": 100, "token": " interplay", "rho": 0.9892617464065552, "alpha": 0.9874958992004395, "lyapunov_last_256": 0.0012687964132113662, "normalized_frobenius": 0.6785597205162048, "seconds": 17.773005187511444}
{"stage": "jacobian", "checkpoint": "step27000", "completed": 23, "total": 100, "token": "cies", "rho": 0.9905372262001038, "alpha": 0.9905372262001038, "lyapunov_last_256": 0.00792513965926428, "normalized_frobenius": 0.6793458461761475, "seconds": 10.356989543884993}
{"stage": "jacobian", "checkpoint": "step27000", "completed": 24, "total": 100, "token": " harmonic", "rho": 0.9968059062957764, "alpha": 0.9769467711448669, "lyapunov_last_256": -0.002022453700376307, "normalized_frobenius": 0.6727203130722046, "seconds": 11.773548793047667}
{"stage": "jacobian", "checkpoint": "step27000", "completed": 25, "total": 100, "token": " inactivated", "rho": 1.0212364196777344, "alpha": 1.0212364196777344, "lyapunov_last_256": 0.005442440552989675, "normalized_frobenius": 0.6874569654464722, "seconds": 16.443295810371637}
{"stage": "jacobian", "checkpoint": "step27000", "completed": 26, "total": 100, "token": " Maintenance", "rho": 1.0377142429351807, "alpha": 1.0326855182647705, "lyapunov_last_256": 0.0015244197683550152, "normalized_frobenius": 0.6859560012817383, "seconds": 16.336787819862366}
{"stage": "jacobian", "checkpoint": "step27000", "completed": 27, "total": 100, "token": " pend", "rho": 1.0242187976837158, "alpha": 1.0175590515136719, "lyapunov_last_256": 0.01077685334476246, "normalized_frobenius": 0.686832845211029, "seconds": 17.27533322200179}
{"stage": "jacobian", "checkpoint": "step27000", "completed": 28, "total": 100, "token": " Pretty", "rho": 1.0072753429412842, "alpha": 1.0072753429412842, "lyapunov_last_256": 0.0009384258594639381, "normalized_frobenius": 0.6839396357536316, "seconds": 17.042976956814528}
{"stage": "jacobian", "checkpoint": "step27000", "completed": 29, "total": 100, "token": " 580", "rho": 0.9982150793075562, "alpha": 0.9825587272644043, "lyapunov_last_256": 0.00028959411299265604, "normalized_frobenius": 0.6737202405929565, "seconds": 14.673717241734266}
{"stage": "jacobian", "checkpoint": "step27000", "completed": 30, "total": 100, "token": "CH", "rho": 1.0249207019805908, "alpha": 1.0249207019805908, "lyapunov_last_256": -0.0012719667303243897, "normalized_frobenius": 0.6879668235778809, "seconds": 15.957782629877329}
{"stage": "jacobian", "checkpoint": "step27000", "completed": 31, "total": 100, "token": "PI", "rho": 1.046075463294983, "alpha": 1.0413261651992798, "lyapunov_last_256": -0.0032883144531647385, "normalized_frobenius": 0.6909075975418091, "seconds": 16.70381537824869}
{"stage": "jacobian", "checkpoint": "step27000", "completed": 32, "total": 100, "token": " shaping", "rho": 0.9866333603858948, "alpha": 0.9865728616714478, "lyapunov_last_256": 0.0006408937037930189, "normalized_frobenius": 0.6762211322784424, "seconds": 17.47825860977173}
{"stage": "jacobian", "checkpoint": "step27000", "completed": 33, "total": 100, "token": " exams", "rho": 0.99687260389328, "alpha": 0.9805008172988892, "lyapunov_last_256": -8.376794149667392e-05, "normalized_frobenius": 0.6731665134429932, "seconds": 14.216402903199196}
{"stage": "jacobian", "checkpoint": "step27000", "completed": 34, "total": 100, "token": "ilipp", "rho": 1.023422360420227, "alpha": 1.023422360420227, "lyapunov_last_256": -0.0024159418911528585, "normalized_frobenius": 0.687376081943512, "seconds": 15.351872824132442}
{"stage": "jacobian", "checkpoint": "step27000", "completed": 35, "total": 100, "token": "essential", "rho": 1.0225621461868286, "alpha": 1.0225621461868286, "lyapunov_last_256": 0.004231605577460603, "normalized_frobenius": 0.6921830177307129, "seconds": 17.56254944205284}
{"stage": "jacobian", "checkpoint": "step27000", "completed": 36, "total": 100, "token": " Manufact", "rho": 1.0265916585922241, "alpha": 1.0265916585922241, "lyapunov_last_256": 0.011754408837124511, "normalized_frobenius": 0.6897427439689636, "seconds": 17.445237174630165}
{"stage": "jacobian", "checkpoint": "step27000", "completed": 37, "total": 100, "token": "christ", "rho": 0.9856751561164856, "alpha": 0.9826608300209045, "lyapunov_last_256": 0.008280987172305618, "normalized_frobenius": 0.6852942705154419, "seconds": 16.918993089348078}
{"stage": "jacobian", "checkpoint": "step27000", "completed": 38, "total": 100, "token": "omed", "rho": 0.9925487637519836, "alpha": 0.9925487637519836, "lyapunov_last_256": 0.029986963018496245, "normalized_frobenius": 0.6727511286735535, "seconds": 16.19741280376911}
{"stage": "jacobian", "checkpoint": "step27000", "completed": 39, "total": 100, "token": "umu", "rho": 0.9913013577461243, "alpha": 0.9851524829864502, "lyapunov_last_256": 0.0010136188598873584, "normalized_frobenius": 0.675244152545929, "seconds": 17.948317233473063}
{"stage": "jacobian", "checkpoint": "step27000", "completed": 40, "total": 100, "token": " tonight", "rho": 1.0118193626403809, "alpha": 1.0118193626403809, "lyapunov_last_256": -2.5469277700718943e-05, "normalized_frobenius": 0.6859297752380371, "seconds": 14.446721721440554}
{"stage": "jacobian", "checkpoint": "step27000", "completed": 41, "total": 100, "token": " geared", "rho": 1.0008397102355957, "alpha": 1.0008397102355957, "lyapunov_last_256": 0.003923491471170708, "normalized_frobenius": 0.6849445104598999, "seconds": 16.053629778325558}
{"stage": "jacobian", "checkpoint": "step27000", "completed": 42, "total": 100, "token": " trump", "rho": 1.0265014171600342, "alpha": 1.018084168434143, "lyapunov_last_256": 0.006638136900165535, "normalized_frobenius": 0.6865014433860779, "seconds": 15.885998792946339}
{"stage": "jacobian", "checkpoint": "step27000", "completed": 43, "total": 100, "token": "leman", "rho": 1.015141248703003, "alpha": 0.9996786117553711, "lyapunov_last_256": 0.00017229087749651975, "normalized_frobenius": 0.6862305402755737, "seconds": 16.59432341530919}
{"stage": "jacobian", "checkpoint": "step27000", "completed": 44, "total": 100, "token": " assortment", "rho": 1.0365252494812012, "alpha": 1.0309746265411377, "lyapunov_last_256": 0.006485765723896045, "normalized_frobenius": 0.6858131885528564, "seconds": 13.134256906807423}
{"stage": "jacobian", "checkpoint": "step27000", "completed": 45, "total": 100, "token": " Sew", "rho": 0.9958327412605286, "alpha": 0.9809867739677429, "lyapunov_last_256": 0.016721866540201018, "normalized_frobenius": 0.6743468046188354, "seconds": 17.406278781592846}
{"stage": "jacobian", "checkpoint": "step27000", "completed": 46, "total": 100, "token": " arresting", "rho": 1.0136404037475586, "alpha": 1.0072956085205078, "lyapunov_last_256": 0.004956596008177695, "normalized_frobenius": 0.6800382733345032, "seconds": 18.166593234986067}
{"stage": "jacobian", "checkpoint": "step27000", "completed": 47, "total": 100, "token": " assertion", "rho": 1.0088878870010376, "alpha": 1.0088878870010376, "lyapunov_last_256": -0.0006743655864475924, "normalized_frobenius": 0.6848573088645935, "seconds": 16.859944723546505}
{"stage": "jacobian", "checkpoint": "step27000", "completed": 48, "total": 100, "token": " unemployed", "rho": 1.0060768127441406, "alpha": 1.0021641254425049, "lyapunov_last_256": -0.0052775555689222355, "normalized_frobenius": 0.677363395690918, "seconds": 16.260793264955282}
{"stage": "jacobian", "checkpoint": "step27000", "completed": 49, "total": 100, "token": " outgoing", "rho": 1.031886339187622, "alpha": 1.025759220123291, "lyapunov_last_256": -0.0014637788739926506, "normalized_frobenius": 0.6908887624740601, "seconds": 14.108380656689405}
{"stage": "jacobian", "checkpoint": "step27000", "completed": 50, "total": 100, "token": " floated", "rho": 1.0248581171035767, "alpha": 1.0248581171035767, "lyapunov_last_256": -0.002176263757678021, "normalized_frobenius": 0.6868447661399841, "seconds": 16.497449792921543}
{"stage": "jacobian", "checkpoint": "step27000", "completed": 51, "total": 100, "token": " portable", "rho": 1.0205070972442627, "alpha": 1.0114014148712158, "lyapunov_last_256": 0.002873618276872697, "normalized_frobenius": 0.6874176859855652, "seconds": 18.133775670081377}
{"stage": "jacobian", "checkpoint": "step27000", "completed": 52, "total": 100, "token": "olev", "rho": 1.022630214691162, "alpha": 1.0181108713150024, "lyapunov_last_256": -0.0003730936298782474, "normalized_frobenius": 0.6850983500480652, "seconds": 16.846369851380587}
{"stage": "jacobian", "checkpoint": "step27000", "completed": 53, "total": 100, "token": " Bread", "rho": 0.999842643737793, "alpha": 0.9815084934234619, "lyapunov_last_256": 0.003175801023828221, "normalized_frobenius": 0.6747124791145325, "seconds": 16.10768646374345}
{"stage": "jacobian", "checkpoint": "step27000", "completed": 54, "total": 100, "token": " Alban", "rho": 1.0481607913970947, "alpha": 1.0432367324829102, "lyapunov_last_256": 0.002493073283308788, "normalized_frobenius": 0.6915019750595093, "seconds": 14.084134820848703}
{"stage": "jacobian", "checkpoint": "step27000", "completed": 55, "total": 100, "token": "gae", "rho": 1.0165247917175293, "alpha": 1.0165247917175293, "lyapunov_last_256": -0.0014293637301941, "normalized_frobenius": 0.6874195337295532, "seconds": 16.981846913695335}
{"stage": "jacobian", "checkpoint": "step27000", "completed": 56, "total": 100, "token": " thorough", "rho": 1.0155937671661377, "alpha": 0.9968825578689575, "lyapunov_last_256": 0.003753521537981322, "normalized_frobenius": 0.6850435137748718, "seconds": 16.26347290351987}
{"stage": "jacobian", "checkpoint": "step27000", "completed": 57, "total": 100, "token": " integration", "rho": 0.9953427314758301, "alpha": 0.9851061105728149, "lyapunov_last_256": 0.0004529773304274027, "normalized_frobenius": 0.6758087873458862, "seconds": 19.463128324598074}
{"stage": "jacobian", "checkpoint": "step27000", "completed": 58, "total": 100, "token": " sits", "rho": 1.0076260566711426, "alpha": 1.0011236667633057, "lyapunov_last_256": 0.004599685328289631, "normalized_frobenius": 0.685794472694397, "seconds": 15.633571952581406}
{"stage": "jacobian", "checkpoint": "step27000", "completed": 59, "total": 100, "token": " nit", "rho": 0.9962453246116638, "alpha": 0.9840651750564575, "lyapunov_last_256": 0.0006966213350487458, "normalized_frobenius": 0.6734329462051392, "seconds": 15.702887870371342}
{"stage": "jacobian", "checkpoint": "step27000", "completed": 60, "total": 100, "token": " drifting", "rho": 1.068742275238037, "alpha": 1.068742275238037, "lyapunov_last_256": 0.0038873600943456553, "normalized_frobenius": 0.7002983093261719, "seconds": 19.576313752681017}
{"stage": "jacobian", "checkpoint": "step27000", "completed": 61, "total": 100, "token": " 1864", "rho": 1.045512080192566, "alpha": 1.0422792434692383, "lyapunov_last_256": 0.012220285194604098, "normalized_frobenius": 0.7052174210548401, "seconds": 15.543301217257977}
{"stage": "jacobian", "checkpoint": "step27000", "completed": 62, "total": 100, "token": "othe", "rho": 1.0179623365402222, "alpha": 1.0111644268035889, "lyapunov_last_256": 0.001350722849801193, "normalized_frobenius": 0.6797422170639038, "seconds": 17.510408192873}
{"stage": "jacobian", "checkpoint": "step27000", "completed": 63, "total": 100, "token": " notion", "rho": 0.9934176206588745, "alpha": 0.9934176206588745, "lyapunov_last_256": 0.010187970749477325, "normalized_frobenius": 0.6783658862113953, "seconds": 14.710325438529253}
{"stage": "jacobian", "checkpoint": "step27000", "completed": 64, "total": 100, "token": " publicity", "rho": 1.0213992595672607, "alpha": 1.014641284942627, "lyapunov_last_256": -0.0004915741186811147, "normalized_frobenius": 0.687958836555481, "seconds": 14.820607829838991}
{"stage": "jacobian", "checkpoint": "step27000", "completed": 65, "total": 100, "token": " disguised", "rho": 0.9884754419326782, "alpha": 0.9871818423271179, "lyapunov_last_256": -0.0011340410167289686, "normalized_frobenius": 0.6786718368530273, "seconds": 15.646826531738043}
{"stage": "jacobian", "checkpoint": "step27000", "completed": 66, "total": 100, "token": " routine", "rho": 0.9959145188331604, "alpha": 0.9886518716812134, "lyapunov_last_256": -0.002812851003136695, "normalized_frobenius": 0.6767849326133728, "seconds": 14.115069475024939}
{"stage": "jacobian", "checkpoint": "step27000", "completed": 67, "total": 100, "token": " Panama", "rho": 1.0176494121551514, "alpha": 1.0176494121551514, "lyapunov_last_256": -0.0036504376077914243, "normalized_frobenius": 0.6861847639083862, "seconds": 16.794550005346537}
{"stage": "jacobian", "checkpoint": "step27000", "completed": 68, "total": 100, "token": " happening", "rho": 1.0414061546325684, "alpha": 1.0365263223648071, "lyapunov_last_256": -0.0013074860979098064, "normalized_frobenius": 0.6918562054634094, "seconds": 15.7347303442657}
{"stage": "jacobian", "checkpoint": "step27000", "completed": 69, "total": 100, "token": "ending", "rho": 0.9979334473609924, "alpha": 0.9779346585273743, "lyapunov_last_256": -0.00016766314548412867, "normalized_frobenius": 0.6726437211036682, "seconds": 14.348294418305159}
{"stage": "jacobian", "checkpoint": "step27000", "completed": 70, "total": 100, "token": " paved", "rho": 0.9987242221832275, "alpha": 0.9786005020141602, "lyapunov_last_256": 0.0017813430316125037, "normalized_frobenius": 0.672747790813446, "seconds": 16.38540342450142}
{"stage": "jacobian", "checkpoint": "step27000", "completed": 71, "total": 100, "token": " bu", "rho": 1.0440645217895508, "alpha": 1.0388283729553223, "lyapunov_last_256": -0.002823839869136503, "normalized_frobenius": 0.6893947720527649, "seconds": 15.876592740416527}
{"stage": "jacobian", "checkpoint": "step27000", "completed": 72, "total": 100, "token": " crucial", "rho": 1.018149733543396, "alpha": 1.0136514902114868, "lyapunov_last_256": -0.004229280740867693, "normalized_frobenius": 0.685397207736969, "seconds": 17.48260038346052}
{"stage": "jacobian", "checkpoint": "step27000", "completed": 73, "total": 100, "token": "ographical", "rho": 1.0126146078109741, "alpha": 1.0126146078109741, "lyapunov_last_256": 0.0034286621701133967, "normalized_frobenius": 0.6868082880973816, "seconds": 17.69014887139201}
{"stage": "jacobian", "checkpoint": "step27000", "completed": 74, "total": 100, "token": " Hunter", "rho": 1.0002058744430542, "alpha": 0.9833453893661499, "lyapunov_last_256": -0.0020065677827203637, "normalized_frobenius": 0.6750320792198181, "seconds": 17.94188079610467}
{"stage": "jacobian", "checkpoint": "step27000", "completed": 75, "total": 100, "token": " Thailand", "rho": 1.0568853616714478, "alpha": 1.0568853616714478, "lyapunov_last_256": 0.006442652299382622, "normalized_frobenius": 0.704143226146698, "seconds": 18.737997319549322}
{"stage": "jacobian", "checkpoint": "step27000", "completed": 76, "total": 100, "token": " options", "rho": 1.0148247480392456, "alpha": 1.0148247480392456, "lyapunov_last_256": -0.001298080843625458, "normalized_frobenius": 0.6870436072349548, "seconds": 16.476238179951906}
{"stage": "jacobian", "checkpoint": "step27000", "completed": 77, "total": 100, "token": " thereby", "rho": 1.0359987020492554, "alpha": 1.0301859378814697, "lyapunov_last_256": -0.0007838355444992848, "normalized_frobenius": 0.6865494251251221, "seconds": 20.612475212663412}
{"stage": "jacobian", "checkpoint": "step27000", "completed": 78, "total": 100, "token": " Å", "rho": 1.0416455268859863, "alpha": 1.0371930599212646, "lyapunov_last_256": -0.0018977489775049037, "normalized_frobenius": 0.6887537240982056, "seconds": 18.77620454877615}
{"stage": "jacobian", "checkpoint": "step27000", "completed": 79, "total": 100, "token": " supports", "rho": 1.0309784412384033, "alpha": 1.0251818895339966, "lyapunov_last_256": 0.0026794977127559466, "normalized_frobenius": 0.6927715539932251, "seconds": 18.924204226583242}
{"stage": "jacobian", "checkpoint": "step27000", "completed": 80, "total": 100, "token": " knows", "rho": 1.0279589891433716, "alpha": 1.0279589891433716, "lyapunov_last_256": -0.006835186144519373, "normalized_frobenius": 0.6880268454551697, "seconds": 17.95937927812338}
{"stage": "jacobian", "checkpoint": "step27000", "completed": 81, "total": 100, "token": "rum", "rho": 0.9954407215118408, "alpha": 0.9954407215118408, "lyapunov_last_256": 0.007521126159927017, "normalized_frobenius": 0.6792718172073364, "seconds": 15.878512904047966}
{"stage": "jacobian", "checkpoint": "step27000", "completed": 82, "total": 100, "token": " Son", "rho": 1.0215603113174438, "alpha": 1.0215603113174438, "lyapunov_last_256": -0.002430714321450832, "normalized_frobenius": 0.6896575689315796, "seconds": 18.029427736997604}
{"stage": "jacobian", "checkpoint": "step27000", "completed": 83, "total": 100, "token": " impressed", "rho": 1.023747205734253, "alpha": 1.023747205734253, "lyapunov_last_256": 0.0028965263116337557, "normalized_frobenius": 0.6875470280647278, "seconds": 18.795322943478823}
{"stage": "jacobian", "checkpoint": "step27000", "completed": 84, "total": 100, "token": " smooth", "rho": 1.0032089948654175, "alpha": 1.0013365745544434, "lyapunov_last_256": 0.006961743641061121, "normalized_frobenius": 0.6789665818214417, "seconds": 17.151790123432875}
{"stage": "jacobian", "checkpoint": "step27000", "completed": 85, "total": 100, "token": "igo", "rho": 0.996006965637207, "alpha": 0.9791521430015564, "lyapunov_last_256": 0.0008353661376812689, "normalized_frobenius": 0.6747783422470093, "seconds": 18.154655411839485}
{"stage": "jacobian", "checkpoint": "step27000", "completed": 86, "total": 100, "token": " Coleman", "rho": 1.0241199731826782, "alpha": 1.0201202630996704, "lyapunov_last_256": 0.003633553101284321, "normalized_frobenius": 0.687854528427124, "seconds": 16.616078291088343}
{"stage": "jacobian", "checkpoint": "step27000", "completed": 87, "total": 100, "token": " arriving", "rho": 0.9997164011001587, "alpha": 0.9997164011001587, "lyapunov_last_256": 0.014832682925080796, "normalized_frobenius": 0.6800641417503357, "seconds": 16.240263290703297}
{"stage": "jacobian", "checkpoint": "step27000", "completed": 88, "total": 100, "token": " Gab", "rho": 0.9929065704345703, "alpha": 0.9929065704345703, "lyapunov_last_256": -0.0017150696617814851, "normalized_frobenius": 0.6791552901268005, "seconds": 16.024966526776552}
{"stage": "jacobian", "checkpoint": "step27000", "completed": 89, "total": 100, "token": " speech", "rho": 0.9943038821220398, "alpha": 0.9764450788497925, "lyapunov_last_256": 0.0020884811270876873, "normalized_frobenius": 0.673410177230835, "seconds": 16.109435621649027}
{"stage": "jacobian", "checkpoint": "step27000", "completed": 90, "total": 100, "token": " Ho", "rho": 1.0402365922927856, "alpha": 1.0347042083740234, "lyapunov_last_256": -0.0006894787883223159, "normalized_frobenius": 0.6887560486793518, "seconds": 17.083180136978626}
{"stage": "jacobian", "checkpoint": "step27000", "completed": 91, "total": 100, "token": " involved", "rho": 1.0212647914886475, "alpha": 1.0212647914886475, "lyapunov_last_256": -0.0034577792438549937, "normalized_frobenius": 0.6881866455078125, "seconds": 18.29345354437828}
{"stage": "jacobian", "checkpoint": "step27000", "completed": 92, "total": 100, "token": " entered", "rho": 0.9904215931892395, "alpha": 0.9876965284347534, "lyapunov_last_256": -0.0005434694840321804, "normalized_frobenius": 0.6782746315002441, "seconds": 18.684297189116478}
{"stage": "jacobian", "checkpoint": "step27000", "completed": 93, "total": 100, "token": " track", "rho": 0.9878674149513245, "alpha": 0.9868026971817017, "lyapunov_last_256": -0.0028855145592087805, "normalized_frobenius": 0.6770051717758179, "seconds": 16.177777148783207}
{"stage": "jacobian", "checkpoint": "step27000", "completed": 94, "total": 100, "token": " 1", "rho": 1.022694706916809, "alpha": 1.0161163806915283, "lyapunov_last_256": 0.0001070920476315449, "normalized_frobenius": 0.6907474994659424, "seconds": 18.199702229350805}
{"stage": "jacobian", "checkpoint": "step27000", "completed": 95, "total": 100, "token": " use", "rho": 1.0351139307022095, "alpha": 1.0308234691619873, "lyapunov_last_256": 0.001876947875725088, "normalized_frobenius": 0.6959902048110962, "seconds": 16.230014108121395}
{"stage": "jacobian", "checkpoint": "step27000", "completed": 96, "total": 100, "token": " million", "rho": 1.002074122428894, "alpha": 0.9973675608634949, "lyapunov_last_256": -0.0020705192786140973, "normalized_frobenius": 0.6764004230499268, "seconds": 18.74025658518076}
{"stage": "jacobian", "checkpoint": "step27000", "completed": 97, "total": 100, "token": " Civil", "rho": 0.9918544292449951, "alpha": 0.9843528270721436, "lyapunov_last_256": 0.00039075862392826404, "normalized_frobenius": 0.6749866008758545, "seconds": 17.002458196133375}
{"stage": "jacobian", "checkpoint": "step27000", "completed": 98, "total": 100, "token": " bass", "rho": 1.0072941780090332, "alpha": 1.0072941780090332, "lyapunov_last_256": -0.002030242543318329, "normalized_frobenius": 0.6841569542884827, "seconds": 18.62201289087534}
{"stage": "jacobian", "checkpoint": "step27000", "completed": 99, "total": 100, "token": "ium", "rho": 1.0230926275253296, "alpha": 1.0165220499038696, "lyapunov_last_256": 0.0008501838966018667, "normalized_frobenius": 0.6890850067138672, "seconds": 15.543522696942091}
{"stage": "jacobian", "checkpoint": "step27000", "completed": 100, "total": 100, "token": " roles", "rho": 1.0123080015182495, "alpha": 1.0123080015182495, "lyapunov_last_256": -0.0007705372149895972, "normalized_frobenius": 0.6854695677757263, "seconds": 10.865669265389442}
