{"stage": "dynamics_lyapunov", "dynamic_step": 256}
{"stage": "dynamics_lyapunov", "dynamic_step": 512}
{"stage": "dynamics_lyapunov", "dynamic_step": 768}
{"stage": "dynamics_lyapunov", "dynamic_step": 1024}
{"stage": "jacobian", "checkpoint": "step39000", "completed": 1, "total": 100, "token": "locations", "rho": 0.9724985361099243, "alpha": 0.9553549289703369, "lyapunov_last_256": -0.028200954514082343, "normalized_frobenius": 0.6744161248207092, "seconds": 16.976220190525055}
{"stage": "jacobian", "checkpoint": "step39000", "completed": 2, "total": 100, "token": " 449", "rho": 0.9725008606910706, "alpha": 0.955356776714325, "lyapunov_last_256": -0.02811464358807596, "normalized_frobenius": 0.6744163036346436, "seconds": 16.235711064189672}
{"stage": "jacobian", "checkpoint": "step39000", "completed": 3, "total": 100, "token": "completion", "rho": 0.9724994897842407, "alpha": 0.9553555250167847, "lyapunov_last_256": -0.028092741891204906, "normalized_frobenius": 0.6744163036346436, "seconds": 16.288770969957113}
{"stage": "jacobian", "checkpoint": "step39000", "completed": 4, "total": 100, "token": "Py", "rho": 0.9724961519241333, "alpha": 0.9553520679473877, "lyapunov_last_256": -0.028156474490163244, "normalized_frobenius": 0.6744163036346436, "seconds": 17.224734358489513}
{"stage": "jacobian", "checkpoint": "step39000", "completed": 5, "total": 100, "token": " circumference", "rho": 0.9724928736686707, "alpha": 0.9553490877151489, "lyapunov_last_256": -0.02801828240677687, "normalized_frobenius": 0.6744155287742615, "seconds": 16.58519485592842}
{"stage": "jacobian", "checkpoint": "step39000", "completed": 6, "total": 100, "token": " involuntary", "rho": 0.9724968671798706, "alpha": 0.9553529024124146, "lyapunov_last_256": -0.028152161067684686, "normalized_frobenius": 0.6744164228439331, "seconds": 17.97985177859664}
{"stage": "jacobian", "checkpoint": "step39000", "completed": 7, "total": 100, "token": "立", "rho": 0.9724956750869751, "alpha": 0.9553515911102295, "lyapunov_last_256": -0.0279685131026806, "normalized_frobenius": 0.6744162440299988, "seconds": 16.636682271957397}
{"stage": "jacobian", "checkpoint": "step39000", "completed": 8, "total": 100, "token": " CAD", "rho": 0.9723964333534241, "alpha": 0.955014705657959, "lyapunov_last_256": -0.011426339327688747, "normalized_frobenius": 0.674717366695404, "seconds": 17.5434341840446}
{"stage": "jacobian", "checkpoint": "step39000", "completed": 9, "total": 100, "token": "alen", "rho": 0.9724987745285034, "alpha": 0.9553547501564026, "lyapunov_last_256": -0.02815282235591683, "normalized_frobenius": 0.6744163036346436, "seconds": 16.420787446200848}
{"stage": "jacobian", "checkpoint": "step39000", "completed": 10, "total": 100, "token": " Nokia", "rho": 0.9724991917610168, "alpha": 0.9553552269935608, "lyapunov_last_256": -0.027656144097233284, "normalized_frobenius": 0.6744164228439331, "seconds": 17.312138881534338}
{"stage": "jacobian", "checkpoint": "step39000", "completed": 11, "total": 100, "token": "sidered", "rho": 0.9724955558776855, "alpha": 0.9553514719009399, "lyapunov_last_256": -0.02809800110156721, "normalized_frobenius": 0.6744163036346436, "seconds": 16.43260234221816}
{"stage": "jacobian", "checkpoint": "step39000", "completed": 12, "total": 100, "token": "second", "rho": 0.9724981784820557, "alpha": 0.9553540349006653, "lyapunov_last_256": -0.02763369319370242, "normalized_frobenius": 0.6744164228439331, "seconds": 13.994811315089464}
{"stage": "jacobian", "checkpoint": "step39000", "completed": 13, "total": 100, "token": " diagrams", "rho": 0.9724946618080139, "alpha": 0.9553500413894653, "lyapunov_last_256": -0.03206212350191328, "normalized_frobenius": 0.6744162440299988, "seconds": 14.805864110589027}
{"stage": "jacobian", "checkpoint": "step39000", "completed": 14, "total": 100, "token": " permeability", "rho": 0.972496747970581, "alpha": 0.9553526639938354, "lyapunov_last_256": -0.02758387812618417, "normalized_frobenius": 0.6744163632392883, "seconds": 17.343479819595814}
{"stage": "jacobian", "checkpoint": "step39000", "completed": 15, "total": 100, "token": " LE", "rho": 1.0152876377105713, "alpha": 0.9954173564910889, "lyapunov_last_256": 0.007881071782784408, "normalized_frobenius": 0.6845481991767883, "seconds": 16.50843809172511}
{"stage": "jacobian", "checkpoint": "step39000", "completed": 16, "total": 100, "token": "urdy", "rho": 0.9724969267845154, "alpha": 0.9553529024124146, "lyapunov_last_256": -0.02819131030621064, "normalized_frobenius": 0.6744163036346436, "seconds": 15.384308736771345}
{"stage": "jacobian", "checkpoint": "step39000", "completed": 17, "total": 100, "token": " 510", "rho": 0.9724969267845154, "alpha": 0.9553529024124146, "lyapunov_last_256": -0.027595864351236274, "normalized_frobenius": 0.6744163036346436, "seconds": 17.11595582216978}
{"stage": "jacobian", "checkpoint": "step39000", "completed": 18, "total": 100, "token": "ochem", "rho": 0.9724954962730408, "alpha": 0.9553514719009399, "lyapunov_last_256": -0.028001290122443866, "normalized_frobenius": 0.6744163036346436, "seconds": 15.785730876028538}
{"stage": "jacobian", "checkpoint": "step39000", "completed": 19, "total": 100, "token": " phyt", "rho": 0.972496509552002, "alpha": 0.9553525447845459, "lyapunov_last_256": -0.027912747000261414, "normalized_frobenius": 0.6744164228439331, "seconds": 11.802111260592937}
{"stage": "jacobian", "checkpoint": "step39000", "completed": 20, "total": 100, "token": " filings", "rho": 0.9724974632263184, "alpha": 0.9553535580635071, "lyapunov_last_256": -0.0279944971329157, "normalized_frobenius": 0.6744163036346436, "seconds": 16.04385044053197}
{"stage": "jacobian", "checkpoint": "step39000", "completed": 21, "total": 100, "token": " helical", "rho": 0.9724040627479553, "alpha": 0.9552612900733948, "lyapunov_last_256": -0.03633789258813594, "normalized_frobenius": 0.6744046807289124, "seconds": 17.490379203110933}
{"stage": "jacobian", "checkpoint": "step39000", "completed": 22, "total": 100, "token": " interplay", "rho": 0.972186267375946, "alpha": 0.9550501704216003, "lyapunov_last_256": -0.021414055359913087, "normalized_frobenius": 0.6743738651275635, "seconds": 17.499959599226713}
{"stage": "jacobian", "checkpoint": "step39000", "completed": 23, "total": 100, "token": "cies", "rho": 0.9724982380867004, "alpha": 0.9553540945053101, "lyapunov_last_256": -0.02757375395743865, "normalized_frobenius": 0.6744163036346436, "seconds": 9.698181487619877}
{"stage": "jacobian", "checkpoint": "step39000", "completed": 24, "total": 100, "token": " harmonic", "rho": 0.9724987149238586, "alpha": 0.9553545713424683, "lyapunov_last_256": -0.028052186573387747, "normalized_frobenius": 0.6744163036346436, "seconds": 12.216806337237358}
{"stage": "jacobian", "checkpoint": "step39000", "completed": 25, "total": 100, "token": " inactivated", "rho": 0.9724984765052795, "alpha": 0.9553543925285339, "lyapunov_last_256": -0.027920334291345494, "normalized_frobenius": 0.6744162440299988, "seconds": 16.8542547672987}
{"stage": "jacobian", "checkpoint": "step39000", "completed": 26, "total": 100, "token": " Maintenance", "rho": 0.9724991917610168, "alpha": 0.9553550481796265, "lyapunov_last_256": -0.02760896860127798, "normalized_frobenius": 0.6744163036346436, "seconds": 17.134111687541008}
{"stage": "jacobian", "checkpoint": "step39000", "completed": 27, "total": 100, "token": " pend", "rho": 0.9725006818771362, "alpha": 0.9553567171096802, "lyapunov_last_256": -0.027560068457021455, "normalized_frobenius": 0.6744164228439331, "seconds": 17.38156796619296}
{"stage": "jacobian", "checkpoint": "step39000", "completed": 28, "total": 100, "token": " Pretty", "rho": 0.9724982380867004, "alpha": 0.9553542137145996, "lyapunov_last_256": -0.028153812661972005, "normalized_frobenius": 0.674416184425354, "seconds": 16.57591188699007}
{"stage": "jacobian", "checkpoint": "step39000", "completed": 29, "total": 100, "token": " 580", "rho": 0.9724966287612915, "alpha": 0.9553526639938354, "lyapunov_last_256": -0.027980097753246305, "normalized_frobenius": 0.6744163036346436, "seconds": 15.90996265411377}
{"stage": "jacobian", "checkpoint": "step39000", "completed": 30, "total": 100, "token": "CH", "rho": 0.9724981188774109, "alpha": 0.9553539752960205, "lyapunov_last_256": -0.02794023348810009, "normalized_frobenius": 0.6744164228439331, "seconds": 15.8424798771739}
{"stage": "jacobian", "checkpoint": "step39000", "completed": 31, "total": 100, "token": "PI", "rho": 0.9724973440170288, "alpha": 0.9553532600402832, "lyapunov_last_256": -0.027663139431697688, "normalized_frobenius": 0.6744163036346436, "seconds": 17.532651904970407}
{"stage": "jacobian", "checkpoint": "step39000", "completed": 32, "total": 100, "token": " shaping", "rho": 0.9724973440170288, "alpha": 0.9553532600402832, "lyapunov_last_256": -0.02772287308475408, "normalized_frobenius": 0.6744164228439331, "seconds": 16.63673870638013}
{"stage": "jacobian", "checkpoint": "step39000", "completed": 33, "total": 100, "token": " exams", "rho": 0.9724959135055542, "alpha": 0.9553519487380981, "lyapunov_last_256": -0.02761665148674948, "normalized_frobenius": 0.6744163036346436, "seconds": 14.372975915670395}
{"stage": "jacobian", "checkpoint": "step39000", "completed": 34, "total": 100, "token": "ilipp", "rho": 0.9724970459938049, "alpha": 0.9553528428077698, "lyapunov_last_256": -0.027563239926722546, "normalized_frobenius": 0.6744166016578674, "seconds": 15.711699612438679}
{"stage": "jacobian", "checkpoint": "step39000", "completed": 35, "total": 100, "token": "essential", "rho": 0.9724968075752258, "alpha": 0.9553527235984802, "lyapunov_last_256": -0.02756005210648739, "normalized_frobenius": 0.6744162440299988, "seconds": 15.760386057198048}
{"stage": "jacobian", "checkpoint": "step39000", "completed": 36, "total": 100, "token": " Manufact", "rho": 0.9724968075752258, "alpha": 0.9553529024124146, "lyapunov_last_256": -0.027892485863463115, "normalized_frobenius": 0.6744163036346436, "seconds": 17.00388914719224}
{"stage": "jacobian", "checkpoint": "step39000", "completed": 37, "total": 100, "token": "christ", "rho": 0.9725005030632019, "alpha": 0.9553565382957458, "lyapunov_last_256": -0.028165518845938854, "normalized_frobenius": 0.6744163632392883, "seconds": 16.826714027673006}
{"stage": "jacobian", "checkpoint": "step39000", "completed": 38, "total": 100, "token": "omed", "rho": 0.9724944233894348, "alpha": 0.955350399017334, "lyapunov_last_256": -0.027885876211948695, "normalized_frobenius": 0.6744163036346436, "seconds": 16.833658643066883}
{"stage": "jacobian", "checkpoint": "step39000", "completed": 39, "total": 100, "token": "umu", "rho": 0.9724966287612915, "alpha": 0.9553525447845459, "lyapunov_last_256": -0.02803035500774957, "normalized_frobenius": 0.674416184425354, "seconds": 15.673410654067993}
{"stage": "jacobian", "checkpoint": "step39000", "completed": 40, "total": 100, "token": " tonight", "rho": 0.9724977612495422, "alpha": 0.9553537964820862, "lyapunov_last_256": -0.027774454808487063, "normalized_frobenius": 0.674416184425354, "seconds": 16.202223531901836}
{"stage": "jacobian", "checkpoint": "step39000", "completed": 41, "total": 100, "token": " geared", "rho": 0.972496747970581, "alpha": 0.955352783203125, "lyapunov_last_256": -0.028216533222969763, "normalized_frobenius": 0.6744163036346436, "seconds": 15.589409321546555}
{"stage": "jacobian", "checkpoint": "step39000", "completed": 42, "total": 100, "token": " trump", "rho": 0.9724972248077393, "alpha": 0.955353319644928, "lyapunov_last_256": -0.0281473918528816, "normalized_frobenius": 0.6744163036346436, "seconds": 16.132415369153023}
{"stage": "jacobian", "checkpoint": "step39000", "completed": 43, "total": 100, "token": "leman", "rho": 0.9725006222724915, "alpha": 0.9553565979003906, "lyapunov_last_256": -0.027898638255689875, "normalized_frobenius": 0.6744163036346436, "seconds": 17.170611180365086}
{"stage": "jacobian", "checkpoint": "step39000", "completed": 44, "total": 100, "token": " assortment", "rho": 0.972498893737793, "alpha": 0.9553549289703369, "lyapunov_last_256": -0.02799519708105997, "normalized_frobenius": 0.6744163632392883, "seconds": 17.32310403138399}
{"stage": "jacobian", "checkpoint": "step39000", "completed": 45, "total": 100, "token": " Sew", "rho": 0.9724965691566467, "alpha": 0.9553525447845459, "lyapunov_last_256": -0.02795680168057427, "normalized_frobenius": 0.6744163036346436, "seconds": 16.86404947936535}
{"stage": "jacobian", "checkpoint": "step39000", "completed": 46, "total": 100, "token": " arresting", "rho": 0.9724971055984497, "alpha": 0.9553531408309937, "lyapunov_last_256": -0.02782160501062041, "normalized_frobenius": 0.6744163036346436, "seconds": 16.8645150475204}
{"stage": "jacobian", "checkpoint": "step39000", "completed": 47, "total": 100, "token": " assertion", "rho": 0.9724984765052795, "alpha": 0.955354630947113, "lyapunov_last_256": -0.028151377856767055, "normalized_frobenius": 0.6744163036346436, "seconds": 15.98038237541914}
{"stage": "jacobian", "checkpoint": "step39000", "completed": 48, "total": 100, "token": " unemployed", "rho": 0.9724977612495422, "alpha": 0.9553539752960205, "lyapunov_last_256": -0.027578545132203917, "normalized_frobenius": 0.6744162440299988, "seconds": 17.206135224550962}
{"stage": "jacobian", "checkpoint": "step39000", "completed": 49, "total": 100, "token": " outgoing", "rho": 0.9724951386451721, "alpha": 0.9553511142730713, "lyapunov_last_256": -0.027561651480339667, "normalized_frobenius": 0.674416184425354, "seconds": 15.179757535457611}
{"stage": "jacobian", "checkpoint": "step39000", "completed": 50, "total": 100, "token": " floated", "rho": 0.9724991321563721, "alpha": 0.955355167388916, "lyapunov_last_256": -0.027560032425298857, "normalized_frobenius": 0.6744163036346436, "seconds": 16.060853965580463}
{"stage": "jacobian", "checkpoint": "step39000", "completed": 51, "total": 100, "token": " portable", "rho": 0.9724968671798706, "alpha": 0.9553529024124146, "lyapunov_last_256": -0.02762759216292209, "normalized_frobenius": 0.6744163036346436, "seconds": 15.667108178138733}
{"stage": "jacobian", "checkpoint": "step39000", "completed": 52, "total": 100, "token": "olev", "rho": 0.972613513469696, "alpha": 0.955458402633667, "lyapunov_last_256": -0.02860543087623975, "normalized_frobenius": 0.674441933631897, "seconds": 16.707681607455015}
{"stage": "jacobian", "checkpoint": "step39000", "completed": 53, "total": 100, "token": " Bread", "rho": 0.9724953770637512, "alpha": 0.9553515315055847, "lyapunov_last_256": -0.02746401984576739, "normalized_frobenius": 0.6744160056114197, "seconds": 15.84834585338831}
{"stage": "jacobian", "checkpoint": "step39000", "completed": 54, "total": 100, "token": " Alban", "rho": 0.9724970459938049, "alpha": 0.9553531408309937, "lyapunov_last_256": -0.02781027238124368, "normalized_frobenius": 0.6744162440299988, "seconds": 16.509254183620214}
{"stage": "jacobian", "checkpoint": "step39000", "completed": 55, "total": 100, "token": "gae", "rho": 0.9724977016448975, "alpha": 0.9553537368774414, "lyapunov_last_256": -0.02817479484149848, "normalized_frobenius": 0.6744163036346436, "seconds": 15.068451214581728}
{"stage": "jacobian", "checkpoint": "step39000", "completed": 56, "total": 100, "token": " thorough", "rho": 0.9724964499473572, "alpha": 0.9553524255752563, "lyapunov_last_256": -0.02765001553208235, "normalized_frobenius": 0.6744162440299988, "seconds": 16.252781059592962}
{"stage": "jacobian", "checkpoint": "step39000", "completed": 57, "total": 100, "token": " integration", "rho": 0.9724969267845154, "alpha": 0.9553529024124146, "lyapunov_last_256": -0.027578899109905308, "normalized_frobenius": 0.6744163036346436, "seconds": 18.33117000386119}
{"stage": "jacobian", "checkpoint": "step39000", "completed": 58, "total": 100, "token": " sits", "rho": 0.9724989533424377, "alpha": 0.9553548693656921, "lyapunov_last_256": -0.027722517250158, "normalized_frobenius": 0.674416184425354, "seconds": 16.168107952922583}
{"stage": "jacobian", "checkpoint": "step39000", "completed": 59, "total": 100, "token": " nit", "rho": 0.9724971055984497, "alpha": 0.9553532600402832, "lyapunov_last_256": -0.028110373795907587, "normalized_frobenius": 0.6744163036346436, "seconds": 15.640801887959242}
{"stage": "jacobian", "checkpoint": "step39000", "completed": 60, "total": 100, "token": " drifting", "rho": 0.9724971652030945, "alpha": 0.9553532600402832, "lyapunov_last_256": -0.027597647302155633, "normalized_frobenius": 0.6744163632392883, "seconds": 18.32151308655739}
{"stage": "jacobian", "checkpoint": "step39000", "completed": 61, "total": 100, "token": " 1864", "rho": 0.9724981188774109, "alpha": 0.9553540945053101, "lyapunov_last_256": -0.02756608156003142, "normalized_frobenius": 0.6744164228439331, "seconds": 16.221826560795307}
{"stage": "jacobian", "checkpoint": "step39000", "completed": 62, "total": 100, "token": "othe", "rho": 0.9724991917610168, "alpha": 0.955355167388916, "lyapunov_last_256": -0.02756304890987929, "normalized_frobenius": 0.6744163632392883, "seconds": 17.07644233852625}
{"stage": "jacobian", "checkpoint": "step39000", "completed": 63, "total": 100, "token": " notion", "rho": 0.9724990725517273, "alpha": 0.955355167388916, "lyapunov_last_256": -0.02791908026197466, "normalized_frobenius": 0.6744163036346436, "seconds": 14.889856774359941}
{"stage": "jacobian", "checkpoint": "step39000", "completed": 64, "total": 100, "token": " publicity", "rho": 0.9724998474121094, "alpha": 0.9553557634353638, "lyapunov_last_256": -0.027577584909271015, "normalized_frobenius": 0.6744163036346436, "seconds": 16.151639468967915}
{"stage": "jacobian", "checkpoint": "step39000", "completed": 65, "total": 100, "token": " disguised", "rho": 0.9724965691566467, "alpha": 0.9553525447845459, "lyapunov_last_256": -0.02756990303191971, "normalized_frobenius": 0.6744163036346436, "seconds": 15.20643237605691}
{"stage": "jacobian", "checkpoint": "step39000", "completed": 66, "total": 100, "token": " routine", "rho": 0.9724974036216736, "alpha": 0.9553533792495728, "lyapunov_last_256": -0.028204988533948257, "normalized_frobenius": 0.6744163036346436, "seconds": 15.729625903069973}
{"stage": "jacobian", "checkpoint": "step39000", "completed": 67, "total": 100, "token": " Panama", "rho": 0.9725016355514526, "alpha": 0.9553576707839966, "lyapunov_last_256": -0.02800794041134704, "normalized_frobenius": 0.6744163036346436, "seconds": 16.585390996187925}
{"stage": "jacobian", "checkpoint": "step39000", "completed": 68, "total": 100, "token": " happening", "rho": 0.9724968075752258, "alpha": 0.9553528428077698, "lyapunov_last_256": -0.02757715446334411, "normalized_frobenius": 0.6744163036346436, "seconds": 15.653218481689692}
{"stage": "jacobian", "checkpoint": "step39000", "completed": 69, "total": 100, "token": "ending", "rho": 0.9725139141082764, "alpha": 0.9553685188293457, "lyapunov_last_256": -0.02829050930072929, "normalized_frobenius": 0.6744193434715271, "seconds": 15.467181041836739}
{"stage": "jacobian", "checkpoint": "step39000", "completed": 70, "total": 100, "token": " paved", "rho": 0.9724984169006348, "alpha": 0.9553544521331787, "lyapunov_last_256": -0.027620950694366413, "normalized_frobenius": 0.674416184425354, "seconds": 17.365449476987123}
{"stage": "jacobian", "checkpoint": "step39000", "completed": 71, "total": 100, "token": " bu", "rho": 0.9724994897842407, "alpha": 0.9553554058074951, "lyapunov_last_256": -0.02803618177135456, "normalized_frobenius": 0.6744163036346436, "seconds": 16.59861572086811}
{"stage": "jacobian", "checkpoint": "step39000", "completed": 72, "total": 100, "token": " crucial", "rho": 0.9724991917610168, "alpha": 0.955355167388916, "lyapunov_last_256": -0.027649694391359947, "normalized_frobenius": 0.6744163036346436, "seconds": 18.486556325107813}
{"stage": "jacobian", "checkpoint": "step39000", "completed": 73, "total": 100, "token": "ographical", "rho": 0.9724987149238586, "alpha": 0.9553546905517578, "lyapunov_last_256": -0.027911035756078704, "normalized_frobenius": 0.6744163036346436, "seconds": 16.724820978939533}
{"stage": "jacobian", "checkpoint": "step39000", "completed": 74, "total": 100, "token": " Hunter", "rho": 0.9724988341331482, "alpha": 0.9553548097610474, "lyapunov_last_256": -0.028134865401339207, "normalized_frobenius": 0.6744163036346436, "seconds": 16.41979341953993}
{"stage": "jacobian", "checkpoint": "step39000", "completed": 75, "total": 100, "token": " Thailand", "rho": 0.9724956154823303, "alpha": 0.9553515315055847, "lyapunov_last_256": -0.028217875887518482, "normalized_frobenius": 0.6744163036346436, "seconds": 18.480890687555075}
{"stage": "jacobian", "checkpoint": "step39000", "completed": 76, "total": 100, "token": " options", "rho": 0.9724961519241333, "alpha": 0.9553521871566772, "lyapunov_last_256": -0.028069352921534743, "normalized_frobenius": 0.6744162440299988, "seconds": 16.876132491976023}
{"stage": "jacobian", "checkpoint": "step39000", "completed": 77, "total": 100, "token": " thereby", "rho": 1.0521602630615234, "alpha": 1.0521602630615234, "lyapunov_last_256": 0.021357523682563745, "normalized_frobenius": 0.6936625838279724, "seconds": 18.172300927340984}
{"stage": "jacobian", "checkpoint": "step39000", "completed": 78, "total": 100, "token": " Å", "rho": 0.9724971652030945, "alpha": 0.9553532600402832, "lyapunov_last_256": -0.027936720595984628, "normalized_frobenius": 0.6744163036346436, "seconds": 17.133729964494705}
{"stage": "jacobian", "checkpoint": "step39000", "completed": 79, "total": 100, "token": " supports", "rho": 0.9724957346916199, "alpha": 0.9553517699241638, "lyapunov_last_256": -0.02767950813362796, "normalized_frobenius": 0.6744163036346436, "seconds": 19.619963955134153}
{"stage": "jacobian", "checkpoint": "step39000", "completed": 80, "total": 100, "token": " knows", "rho": 0.9724980592727661, "alpha": 0.9553540945053101, "lyapunov_last_256": -0.027958888658499922, "normalized_frobenius": 0.674416184425354, "seconds": 17.87494821101427}
{"stage": "jacobian", "checkpoint": "step39000", "completed": 81, "total": 100, "token": "rum", "rho": 0.9724948406219482, "alpha": 0.9553508758544922, "lyapunov_last_256": -0.028038380064859304, "normalized_frobenius": 0.6744163036346436, "seconds": 16.702887810766697}
{"stage": "jacobian", "checkpoint": "step39000", "completed": 82, "total": 100, "token": " Son", "rho": 0.9724991321563721, "alpha": 0.9553551077842712, "lyapunov_last_256": -0.027777231208206098, "normalized_frobenius": 0.6744163036346436, "seconds": 17.23587765917182}
{"stage": "jacobian", "checkpoint": "step39000", "completed": 83, "total": 100, "token": " impressed", "rho": 0.9717547297477722, "alpha": 0.9546339511871338, "lyapunov_last_256": -0.017637107845958337, "normalized_frobenius": 0.6743130683898926, "seconds": 18.795279931277037}
{"stage": "jacobian", "checkpoint": "step39000", "completed": 84, "total": 100, "token": " smooth", "rho": 0.9724972248077393, "alpha": 0.9553532600402832, "lyapunov_last_256": -0.02785239989788897, "normalized_frobenius": 0.6744163036346436, "seconds": 17.467463456094265}
{"stage": "jacobian", "checkpoint": "step39000", "completed": 85, "total": 100, "token": "igo", "rho": 0.9724978804588318, "alpha": 0.955353856086731, "lyapunov_last_256": -0.027715726495399245, "normalized_frobenius": 0.6744163632392883, "seconds": 18.846336375921965}
{"stage": "jacobian", "checkpoint": "step39000", "completed": 86, "total": 100, "token": " Coleman", "rho": 0.9724995493888855, "alpha": 0.9553556442260742, "lyapunov_last_256": -0.027895970245679445, "normalized_frobenius": 0.6744162440299988, "seconds": 15.751064218580723}
{"stage": "jacobian", "checkpoint": "step39000", "completed": 87, "total": 100, "token": " arriving", "rho": 0.9793192148208618, "alpha": 0.972695529460907, "lyapunov_last_256": 0.010438359964410962, "normalized_frobenius": 0.6782563924789429, "seconds": 16.618531074374914}
{"stage": "jacobian", "checkpoint": "step39000", "completed": 88, "total": 100, "token": " Gab", "rho": 0.9724956750869751, "alpha": 0.955351710319519, "lyapunov_last_256": -0.027560541343943826, "normalized_frobenius": 0.6744163036346436, "seconds": 15.468116078525782}
{"stage": "jacobian", "checkpoint": "step39000", "completed": 89, "total": 100, "token": " speech", "rho": 0.9724962711334229, "alpha": 0.955352246761322, "lyapunov_last_256": -0.028186741220851946, "normalized_frobenius": 0.6744163632392883, "seconds": 16.24613755941391}
{"stage": "jacobian", "checkpoint": "step39000", "completed": 90, "total": 100, "token": " Ho", "rho": 0.9724974632263184, "alpha": 0.9553534984588623, "lyapunov_last_256": -0.027686093265617884, "normalized_frobenius": 0.674416184425354, "seconds": 16.64656250551343}
{"stage": "jacobian", "checkpoint": "step39000", "completed": 91, "total": 100, "token": " involved", "rho": 0.9724980592727661, "alpha": 0.9553539752960205, "lyapunov_last_256": -0.027918537801199406, "normalized_frobenius": 0.6744163036346436, "seconds": 18.227124016731977}
{"stage": "jacobian", "checkpoint": "step39000", "completed": 92, "total": 100, "token": " entered", "rho": 0.9725019931793213, "alpha": 0.9553576111793518, "lyapunov_last_256": -0.028060769940474014, "normalized_frobenius": 0.6744173169136047, "seconds": 18.040022414177656}
{"stage": "jacobian", "checkpoint": "step39000", "completed": 93, "total": 100, "token": " track", "rho": 0.9724951982498169, "alpha": 0.9553512334823608, "lyapunov_last_256": -0.028107453404451588, "normalized_frobenius": 0.6744162440299988, "seconds": 17.615517608821392}
{"stage": "jacobian", "checkpoint": "step39000", "completed": 94, "total": 100, "token": " 1", "rho": 0.9724951386451721, "alpha": 0.9553511142730713, "lyapunov_last_256": -0.028060684106451857, "normalized_frobenius": 0.6744160652160645, "seconds": 17.5725825317204}
{"stage": "jacobian", "checkpoint": "step39000", "completed": 95, "total": 100, "token": " use", "rho": 0.9725027084350586, "alpha": 0.9553587436676025, "lyapunov_last_256": -0.028297943355524036, "normalized_frobenius": 0.6744164228439331, "seconds": 15.644465491175652}
{"stage": "jacobian", "checkpoint": "step39000", "completed": 96, "total": 100, "token": " million", "rho": 0.9724980592727661, "alpha": 0.9553540945053101, "lyapunov_last_256": -0.028080250098401944, "normalized_frobenius": 0.6744163036346436, "seconds": 18.67282511293888}
{"stage": "jacobian", "checkpoint": "step39000", "completed": 97, "total": 100, "token": " Civil", "rho": 0.9725002646446228, "alpha": 0.955356240272522, "lyapunov_last_256": -0.028218325355719744, "normalized_frobenius": 0.6744163632392883, "seconds": 17.831336461007595}
{"stage": "jacobian", "checkpoint": "step39000", "completed": 98, "total": 100, "token": " bass", "rho": 0.9724958539009094, "alpha": 0.9553519487380981, "lyapunov_last_256": -0.02766524614522083, "normalized_frobenius": 0.6744163036346436, "seconds": 20.50118150189519}
{"stage": "jacobian", "checkpoint": "step39000", "completed": 99, "total": 100, "token": "ium", "rho": 0.9725008010864258, "alpha": 0.9553568363189697, "lyapunov_last_256": -0.02807590565079053, "normalized_frobenius": 0.6744164228439331, "seconds": 14.906632952392101}
{"stage": "jacobian", "checkpoint": "step39000", "completed": 100, "total": 100, "token": " roles", "rho": 0.9724974632263184, "alpha": 0.9553534984588623, "lyapunov_last_256": -0.02794876773808029, "normalized_frobenius": 0.6744163632392883, "seconds": 10.305997602641582}
