{"stage": "dynamics_lyapunov", "dynamic_step": 256}
{"stage": "dynamics_lyapunov", "dynamic_step": 512}
{"stage": "dynamics_lyapunov", "dynamic_step": 768}
{"stage": "dynamics_lyapunov", "dynamic_step": 1024}
{"stage": "jacobian", "checkpoint": "step58000", "completed": 1, "total": 100, "token": "locations", "rho": 0.9631071090698242, "alpha": 0.9631071090698242, "lyapunov_last_256": -0.037590900659976556, "normalized_frobenius": 0.6243348717689514, "seconds": 2.4013723619282246}
{"stage": "jacobian", "checkpoint": "step58000", "completed": 2, "total": 100, "token": " 449", "rho": 0.9631075859069824, "alpha": 0.9631075859069824, "lyapunov_last_256": -0.03762045096423506, "normalized_frobenius": 0.624334990978241, "seconds": 3.5027721524238586}
{"stage": "jacobian", "checkpoint": "step58000", "completed": 3, "total": 100, "token": "completion", "rho": 0.9631060361862183, "alpha": 0.9631060361862183, "lyapunov_last_256": -0.03759040217373539, "normalized_frobenius": 0.6243348717689514, "seconds": 14.043059263378382}
{"stage": "jacobian", "checkpoint": "step58000", "completed": 4, "total": 100, "token": "Py", "rho": 0.9631079435348511, "alpha": 0.9631079435348511, "lyapunov_last_256": -0.037589170736024816, "normalized_frobenius": 0.6243349313735962, "seconds": 14.108392987400293}
{"stage": "jacobian", "checkpoint": "step58000", "completed": 5, "total": 100, "token": " circumference", "rho": 0.9631051421165466, "alpha": 0.9631051421165466, "lyapunov_last_256": -0.03759107303267105, "normalized_frobenius": 0.6243349313735962, "seconds": 17.656250663101673}
{"stage": "jacobian", "checkpoint": "step58000", "completed": 6, "total": 100, "token": " involuntary", "rho": 0.9631085395812988, "alpha": 0.9631085395812988, "lyapunov_last_256": -0.037590372201200525, "normalized_frobenius": 0.6243349313735962, "seconds": 13.862766027450562}
{"stage": "jacobian", "checkpoint": "step58000", "completed": 7, "total": 100, "token": "立", "rho": 0.9631094932556152, "alpha": 0.9631094932556152, "lyapunov_last_256": -0.03759058083752047, "normalized_frobenius": 0.6243349313735962, "seconds": 14.003493424504995}
{"stage": "jacobian", "checkpoint": "step58000", "completed": 8, "total": 100, "token": " CAD", "rho": 0.9631085395812988, "alpha": 0.9631085395812988, "lyapunov_last_256": -0.03758940718970038, "normalized_frobenius": 0.6243349313735962, "seconds": 13.277114167809486}
{"stage": "jacobian", "checkpoint": "step58000", "completed": 9, "total": 100, "token": "alen", "rho": 0.9631092548370361, "alpha": 0.9631092548370361, "lyapunov_last_256": -0.037590737977228415, "normalized_frobenius": 0.6243349313735962, "seconds": 13.783513598144054}
{"stage": "jacobian", "checkpoint": "step58000", "completed": 10, "total": 100, "token": " Nokia", "rho": 0.9631074070930481, "alpha": 0.9631074070930481, "lyapunov_last_256": -0.03759120092639354, "normalized_frobenius": 0.6243349313735962, "seconds": 14.226606484502554}
{"stage": "jacobian", "checkpoint": "step58000", "completed": 11, "total": 100, "token": "sidered", "rho": 0.9631112217903137, "alpha": 0.9631112217903137, "lyapunov_last_256": -0.037590605492646534, "normalized_frobenius": 0.6243349313735962, "seconds": 14.481640860438347}
{"stage": "jacobian", "checkpoint": "step58000", "completed": 12, "total": 100, "token": "second", "rho": 0.963107705116272, "alpha": 0.963107705116272, "lyapunov_last_256": -0.037590600889510516, "normalized_frobenius": 0.624334990978241, "seconds": 15.714382857084274}
{"stage": "jacobian", "checkpoint": "step58000", "completed": 13, "total": 100, "token": " diagrams", "rho": 0.9631116986274719, "alpha": 0.9631116986274719, "lyapunov_last_256": -0.03759063522082736, "normalized_frobenius": 0.6243349313735962, "seconds": 12.739084426313639}
{"stage": "jacobian", "checkpoint": "step58000", "completed": 14, "total": 100, "token": " permeability", "rho": 0.9631060361862183, "alpha": 0.9631060361862183, "lyapunov_last_256": -0.037589560210932314, "normalized_frobenius": 0.624334990978241, "seconds": 13.920476339757442}
{"stage": "jacobian", "checkpoint": "step58000", "completed": 15, "total": 100, "token": " LE", "rho": 0.9631052017211914, "alpha": 0.9631052017211914, "lyapunov_last_256": -0.037590659878198644, "normalized_frobenius": 0.6243349313735962, "seconds": 15.761969413608313}
{"stage": "jacobian", "checkpoint": "step58000", "completed": 16, "total": 100, "token": "urdy", "rho": 0.9631075859069824, "alpha": 0.9631075859069824, "lyapunov_last_256": -0.037589865034940904, "normalized_frobenius": 0.6243349313735962, "seconds": 14.875648606568575}
{"stage": "jacobian", "checkpoint": "step58000", "completed": 17, "total": 100, "token": " 510", "rho": 0.9631078243255615, "alpha": 0.9631078243255615, "lyapunov_last_256": -0.03759093015491492, "normalized_frobenius": 0.6243349313735962, "seconds": 15.335098061710596}
{"stage": "jacobian", "checkpoint": "step58000", "completed": 18, "total": 100, "token": "ochem", "rho": 0.9631069302558899, "alpha": 0.9631069302558899, "lyapunov_last_256": -0.03758932065727923, "normalized_frobenius": 0.6243349313735962, "seconds": 15.260198973119259}
{"stage": "jacobian", "checkpoint": "step58000", "completed": 19, "total": 100, "token": " phyt", "rho": 0.9631085991859436, "alpha": 0.9631085991859436, "lyapunov_last_256": -0.037590211198052934, "normalized_frobenius": 0.6243348717689514, "seconds": 13.718106616288424}
{"stage": "jacobian", "checkpoint": "step58000", "completed": 20, "total": 100, "token": " filings", "rho": 0.9631093740463257, "alpha": 0.9631093740463257, "lyapunov_last_256": -0.037590504440710465, "normalized_frobenius": 0.624334990978241, "seconds": 14.74334666877985}
{"stage": "jacobian", "checkpoint": "step58000", "completed": 21, "total": 100, "token": " helical", "rho": 0.963106632232666, "alpha": 0.963106632232666, "lyapunov_last_256": -0.03759019693036963, "normalized_frobenius": 0.6243349313735962, "seconds": 16.125381536781788}
{"stage": "jacobian", "checkpoint": "step58000", "completed": 22, "total": 100, "token": " interplay", "rho": 0.9631091952323914, "alpha": 0.9631091952323914, "lyapunov_last_256": -0.037591436664331304, "normalized_frobenius": 0.6243349313735962, "seconds": 15.74572093039751}
{"stage": "jacobian", "checkpoint": "step58000", "completed": 23, "total": 100, "token": "cies", "rho": 0.9631083011627197, "alpha": 0.9631083011627197, "lyapunov_last_256": -0.037591415219087335, "normalized_frobenius": 0.6243348717689514, "seconds": 14.387398235499859}
{"stage": "jacobian", "checkpoint": "step58000", "completed": 24, "total": 100, "token": " harmonic", "rho": 0.9631081223487854, "alpha": 0.9631081223487854, "lyapunov_last_256": -0.037590286411606014, "normalized_frobenius": 0.6243349313735962, "seconds": 16.002340510487556}
{"stage": "jacobian", "checkpoint": "step58000", "completed": 25, "total": 100, "token": " inactivated", "rho": 0.9631063938140869, "alpha": 0.9631063938140869, "lyapunov_last_256": -0.03759156620966497, "normalized_frobenius": 0.6243349313735962, "seconds": 21.60934315994382}
{"stage": "jacobian", "checkpoint": "step58000", "completed": 26, "total": 100, "token": " Maintenance", "rho": 0.9631075859069824, "alpha": 0.9631075859069824, "lyapunov_last_256": -0.03759091202140034, "normalized_frobenius": 0.6243349313735962, "seconds": 18.3219704143703}
{"stage": "jacobian", "checkpoint": "step58000", "completed": 27, "total": 100, "token": " pend", "rho": 0.9631084203720093, "alpha": 0.9631084203720093, "lyapunov_last_256": -0.03759053803504438, "normalized_frobenius": 0.6243349313735962, "seconds": 15.01927499845624}
{"stage": "jacobian", "checkpoint": "step58000", "completed": 28, "total": 100, "token": " Pretty", "rho": 0.9631102681159973, "alpha": 0.9631102681159973, "lyapunov_last_256": -0.03759055546558003, "normalized_frobenius": 0.624334990978241, "seconds": 21.08477818965912}
{"stage": "jacobian", "checkpoint": "step58000", "completed": 29, "total": 100, "token": " 580", "rho": 0.963107705116272, "alpha": 0.963107705116272, "lyapunov_last_256": -0.03758933270492916, "normalized_frobenius": 0.6243349313735962, "seconds": 22.552376568317413}
{"stage": "jacobian", "checkpoint": "step58000", "completed": 30, "total": 100, "token": "CH", "rho": 0.9631060361862183, "alpha": 0.9631060361862183, "lyapunov_last_256": -0.03759056752913451, "normalized_frobenius": 0.6243349313735962, "seconds": 24.854530822485685}
{"stage": "jacobian", "checkpoint": "step58000", "completed": 31, "total": 100, "token": "PI", "rho": 0.9631101489067078, "alpha": 0.9631101489067078, "lyapunov_last_256": -0.0375903216743669, "normalized_frobenius": 0.624334990978241, "seconds": 22.065984815359116}
{"stage": "jacobian", "checkpoint": "step58000", "completed": 32, "total": 100, "token": " shaping", "rho": 0.9631066918373108, "alpha": 0.9631066918373108, "lyapunov_last_256": -0.037591027936234735, "normalized_frobenius": 0.6243349313735962, "seconds": 19.60391939803958}
{"stage": "jacobian", "checkpoint": "step58000", "completed": 33, "total": 100, "token": " exams", "rho": 0.9631067514419556, "alpha": 0.9631067514419556, "lyapunov_last_256": -0.037590697362233125, "normalized_frobenius": 0.6243349313735962, "seconds": 23.837918300181627}
{"stage": "jacobian", "checkpoint": "step58000", "completed": 34, "total": 100, "token": "ilipp", "rho": 0.9631115794181824, "alpha": 0.9631115794181824, "lyapunov_last_256": -0.03759055060821201, "normalized_frobenius": 0.6243349313735962, "seconds": 24.046685554087162}
{"stage": "jacobian", "checkpoint": "step58000", "completed": 35, "total": 100, "token": "essential", "rho": 0.9631059169769287, "alpha": 0.9631059169769287, "lyapunov_last_256": -0.03759074424725523, "normalized_frobenius": 0.6243349313735962, "seconds": 24.682969238609076}
{"stage": "jacobian", "checkpoint": "step58000", "completed": 36, "total": 100, "token": " Manufact", "rho": 0.9631063938140869, "alpha": 0.9631063938140869, "lyapunov_last_256": -0.037590491621661656, "normalized_frobenius": 0.6243349313735962, "seconds": 22.6352516412735}
{"stage": "jacobian", "checkpoint": "step58000", "completed": 37, "total": 100, "token": "christ", "rho": 0.9631091356277466, "alpha": 0.9631091356277466, "lyapunov_last_256": -0.03759061708750511, "normalized_frobenius": 0.6243349313735962, "seconds": 21.472253937274218}
{"stage": "jacobian", "checkpoint": "step58000", "completed": 38, "total": 100, "token": "omed", "rho": 0.9631088972091675, "alpha": 0.9631088972091675, "lyapunov_last_256": -0.03759083231160404, "normalized_frobenius": 0.6243349313735962, "seconds": 22.3425347879529}
{"stage": "jacobian", "checkpoint": "step58000", "completed": 39, "total": 100, "token": "umu", "rho": 0.9631051421165466, "alpha": 0.9631051421165466, "lyapunov_last_256": -0.03758996003171745, "normalized_frobenius": 0.6243349313735962, "seconds": 22.15726938098669}
{"stage": "jacobian", "checkpoint": "step58000", "completed": 40, "total": 100, "token": " tonight", "rho": 0.9631077647209167, "alpha": 0.9631077647209167, "lyapunov_last_256": -0.03759057309162147, "normalized_frobenius": 0.6243348717689514, "seconds": 23.89541057869792}
{"stage": "jacobian", "checkpoint": "step58000", "completed": 41, "total": 100, "token": " geared", "rho": 0.963109016418457, "alpha": 0.963109016418457, "lyapunov_last_256": -0.037590816055813846, "normalized_frobenius": 0.6243349313735962, "seconds": 19.224085323512554}
{"stage": "jacobian", "checkpoint": "step58000", "completed": 42, "total": 100, "token": " trump", "rho": 0.9631099700927734, "alpha": 0.9631099700927734, "lyapunov_last_256": -0.037590443517054754, "normalized_frobenius": 0.6243349313735962, "seconds": 23.36965611577034}
{"stage": "jacobian", "checkpoint": "step58000", "completed": 43, "total": 100, "token": "leman", "rho": 0.9631097912788391, "alpha": 0.9631097912788391, "lyapunov_last_256": -0.03759076479771716, "normalized_frobenius": 0.6243349313735962, "seconds": 21.22323900088668}
{"stage": "jacobian", "checkpoint": "step58000", "completed": 44, "total": 100, "token": " assortment", "rho": 0.9631111025810242, "alpha": 0.9631111025810242, "lyapunov_last_256": -0.037591107132363216, "normalized_frobenius": 0.6243349313735962, "seconds": 23.602322716265917}
{"stage": "jacobian", "checkpoint": "step58000", "completed": 45, "total": 100, "token": " Sew", "rho": 0.9631096124649048, "alpha": 0.9631096124649048, "lyapunov_last_256": -0.03759066713134073, "normalized_frobenius": 0.6243349313735962, "seconds": 19.379898749291897}
{"stage": "jacobian", "checkpoint": "step58000", "completed": 46, "total": 100, "token": " arresting", "rho": 0.9631056785583496, "alpha": 0.9631056785583496, "lyapunov_last_256": -0.037590300406081835, "normalized_frobenius": 0.6243349313735962, "seconds": 20.353282742202282}
{"stage": "jacobian", "checkpoint": "step58000", "completed": 47, "total": 100, "token": " assertion", "rho": 0.9631065726280212, "alpha": 0.9631065726280212, "lyapunov_last_256": -0.03758929742085893, "normalized_frobenius": 0.6243349313735962, "seconds": 23.834714267402887}
{"stage": "jacobian", "checkpoint": "step58000", "completed": 48, "total": 100, "token": " unemployed", "rho": 0.963107705116272, "alpha": 0.963107705116272, "lyapunov_last_256": -0.03759073072557243, "normalized_frobenius": 0.6243349313735962, "seconds": 23.05327494442463}
{"stage": "jacobian", "checkpoint": "step58000", "completed": 49, "total": 100, "token": " outgoing", "rho": 0.963108479976654, "alpha": 0.963108479976654, "lyapunov_last_256": -0.03758987906147124, "normalized_frobenius": 0.6243349313735962, "seconds": 22.01696966215968}
{"stage": "jacobian", "checkpoint": "step58000", "completed": 50, "total": 100, "token": " floated", "rho": 0.9631087779998779, "alpha": 0.9631087779998779, "lyapunov_last_256": -0.03759159110612173, "normalized_frobenius": 0.6243349313735962, "seconds": 22.785253044217825}
{"stage": "jacobian", "checkpoint": "step58000", "completed": 51, "total": 100, "token": " portable", "rho": 0.9631078243255615, "alpha": 0.9631078243255615, "lyapunov_last_256": -0.037590218688570244, "normalized_frobenius": 0.6243349313735962, "seconds": 18.31013947725296}
{"stage": "jacobian", "checkpoint": "step58000", "completed": 52, "total": 100, "token": "olev", "rho": 0.9631100296974182, "alpha": 0.9631100296974182, "lyapunov_last_256": -0.037590268747410754, "normalized_frobenius": 0.624334990978241, "seconds": 20.993843249976635}
{"stage": "jacobian", "checkpoint": "step58000", "completed": 53, "total": 100, "token": " Bread", "rho": 0.9631069898605347, "alpha": 0.9631069898605347, "lyapunov_last_256": -0.0375906103190464, "normalized_frobenius": 0.624334990978241, "seconds": 22.80621525272727}
{"stage": "jacobian", "checkpoint": "step58000", "completed": 54, "total": 100, "token": " Alban", "rho": 0.9631074666976929, "alpha": 0.9631074666976929, "lyapunov_last_256": -0.037589449278190315, "normalized_frobenius": 0.6243350505828857, "seconds": 22.66403779760003}
{"stage": "jacobian", "checkpoint": "step58000", "completed": 55, "total": 100, "token": "gae", "rho": 0.9631090760231018, "alpha": 0.9631090760231018, "lyapunov_last_256": -0.03759677610053466, "normalized_frobenius": 0.6243349313735962, "seconds": 21.635590564459562}
{"stage": "jacobian", "checkpoint": "step58000", "completed": 56, "total": 100, "token": " thorough", "rho": 0.963106632232666, "alpha": 0.963106632232666, "lyapunov_last_256": -0.03759095481552319, "normalized_frobenius": 0.6243349313735962, "seconds": 25.82848682627082}
{"stage": "jacobian", "checkpoint": "step58000", "completed": 57, "total": 100, "token": " integration", "rho": 0.9631062150001526, "alpha": 0.9631062150001526, "lyapunov_last_256": -0.03758576545488443, "normalized_frobenius": 0.6243349313735962, "seconds": 25.513087030500174}
{"stage": "jacobian", "checkpoint": "step58000", "completed": 58, "total": 100, "token": " sits", "rho": 0.9631096124649048, "alpha": 0.9631096124649048, "lyapunov_last_256": -0.037590570674351446, "normalized_frobenius": 0.6243349313735962, "seconds": 24.742204699665308}
{"stage": "jacobian", "checkpoint": "step58000", "completed": 59, "total": 100, "token": " nit", "rho": 0.9631050825119019, "alpha": 0.9631050825119019, "lyapunov_last_256": -0.03759172684170013, "normalized_frobenius": 0.6243349313735962, "seconds": 25.541941553354263}
{"stage": "jacobian", "checkpoint": "step58000", "completed": 60, "total": 100, "token": " drifting", "rho": 0.9631098508834839, "alpha": 0.9631098508834839, "lyapunov_last_256": -0.03758967284581755, "normalized_frobenius": 0.6243349313735962, "seconds": 22.526561316102743}
{"stage": "jacobian", "checkpoint": "step58000", "completed": 61, "total": 100, "token": " 1864", "rho": 0.9631092548370361, "alpha": 0.9631092548370361, "lyapunov_last_256": -0.037590031614732136, "normalized_frobenius": 0.6243349313735962, "seconds": 19.807410713285208}
{"stage": "jacobian", "checkpoint": "step58000", "completed": 62, "total": 100, "token": "othe", "rho": 0.9631062746047974, "alpha": 0.9631062746047974, "lyapunov_last_256": -0.03758593292821678, "normalized_frobenius": 0.6243349313735962, "seconds": 21.959047485142946}
{"stage": "jacobian", "checkpoint": "step58000", "completed": 63, "total": 100, "token": " notion", "rho": 0.9631091356277466, "alpha": 0.9631091356277466, "lyapunov_last_256": -0.03759012127056981, "normalized_frobenius": 0.6243349313735962, "seconds": 22.126429434865713}
{"stage": "jacobian", "checkpoint": "step58000", "completed": 64, "total": 100, "token": " publicity", "rho": 0.9631065726280212, "alpha": 0.9631065726280212, "lyapunov_last_256": -0.03759106722648647, "normalized_frobenius": 0.6243349313735962, "seconds": 22.317880507558584}
{"stage": "jacobian", "checkpoint": "step58000", "completed": 65, "total": 100, "token": " disguised", "rho": 0.9631067514419556, "alpha": 0.9631067514419556, "lyapunov_last_256": -0.03759040290473159, "normalized_frobenius": 0.6243349313735962, "seconds": 23.443394005298615}
{"stage": "jacobian", "checkpoint": "step58000", "completed": 66, "total": 100, "token": " routine", "rho": 0.9631115198135376, "alpha": 0.9631115198135376, "lyapunov_last_256": -0.03759009952315748, "normalized_frobenius": 0.6243349313735962, "seconds": 20.617736112326384}
{"stage": "jacobian", "checkpoint": "step58000", "completed": 67, "total": 100, "token": " Panama", "rho": 0.9631083607673645, "alpha": 0.9631083607673645, "lyapunov_last_256": -0.0375703367742752, "normalized_frobenius": 0.6243349313735962, "seconds": 22.404151514172554}
{"stage": "jacobian", "checkpoint": "step58000", "completed": 68, "total": 100, "token": " happening", "rho": 0.9631057381629944, "alpha": 0.9631057381629944, "lyapunov_last_256": -0.0375903872050482, "normalized_frobenius": 0.6243349313735962, "seconds": 23.182410545647144}
{"stage": "jacobian", "checkpoint": "step58000", "completed": 69, "total": 100, "token": "ending", "rho": 0.9631065130233765, "alpha": 0.9631065130233765, "lyapunov_last_256": -0.03759066954624765, "normalized_frobenius": 0.6243349313735962, "seconds": 22.93031920492649}
{"stage": "jacobian", "checkpoint": "step58000", "completed": 70, "total": 100, "token": " paved", "rho": 0.9631106853485107, "alpha": 0.9631106853485107, "lyapunov_last_256": -0.03759096182278053, "normalized_frobenius": 0.6243349313735962, "seconds": 23.95750692114234}
{"stage": "jacobian", "checkpoint": "step58000", "completed": 71, "total": 100, "token": " bu", "rho": 0.9631068706512451, "alpha": 0.9631068706512451, "lyapunov_last_256": -0.03759032554551016, "normalized_frobenius": 0.624334990978241, "seconds": 22.87434420734644}
{"stage": "jacobian", "checkpoint": "step58000", "completed": 72, "total": 100, "token": " crucial", "rho": 0.9631072878837585, "alpha": 0.9631072878837585, "lyapunov_last_256": -0.037590651181042, "normalized_frobenius": 0.6243349313735962, "seconds": 22.093725308775902}
{"stage": "jacobian", "checkpoint": "step58000", "completed": 73, "total": 100, "token": "ographical", "rho": 0.9631085991859436, "alpha": 0.9631085991859436, "lyapunov_last_256": -0.037590574541468656, "normalized_frobenius": 0.6243349313735962, "seconds": 22.91259392723441}
{"stage": "jacobian", "checkpoint": "step58000", "completed": 74, "total": 100, "token": " Hunter", "rho": 0.9631059765815735, "alpha": 0.9631059765815735, "lyapunov_last_256": -0.0375905537637783, "normalized_frobenius": 0.6243349313735962, "seconds": 23.541863445192575}
{"stage": "jacobian", "checkpoint": "step58000", "completed": 75, "total": 100, "token": " Thailand", "rho": 0.9631059765815735, "alpha": 0.9631059765815735, "lyapunov_last_256": -0.03758785114410147, "normalized_frobenius": 0.6243349313735962, "seconds": 21.37839536368847}
{"stage": "jacobian", "checkpoint": "step58000", "completed": 76, "total": 100, "token": " options", "rho": 0.9631067514419556, "alpha": 0.9631067514419556, "lyapunov_last_256": -0.03759088930798549, "normalized_frobenius": 0.6243349313735962, "seconds": 21.731353040784597}
{"stage": "jacobian", "checkpoint": "step58000", "completed": 77, "total": 100, "token": " thereby", "rho": 0.9631102085113525, "alpha": 0.9631102085113525, "lyapunov_last_256": -0.03758983587237078, "normalized_frobenius": 0.6243349313735962, "seconds": 21.472271900624037}
{"stage": "jacobian", "checkpoint": "step58000", "completed": 78, "total": 100, "token": " Å", "rho": 0.9631055593490601, "alpha": 0.9631055593490601, "lyapunov_last_256": -0.037589851791562684, "normalized_frobenius": 0.6243349313735962, "seconds": 20.835896741598845}
{"stage": "jacobian", "checkpoint": "step58000", "completed": 79, "total": 100, "token": " supports", "rho": 0.9631071090698242, "alpha": 0.9631071090698242, "lyapunov_last_256": -0.03759038380097257, "normalized_frobenius": 0.6243349313735962, "seconds": 20.039179418236017}
{"stage": "jacobian", "checkpoint": "step58000", "completed": 80, "total": 100, "token": " knows", "rho": 0.9631059765815735, "alpha": 0.9631059765815735, "lyapunov_last_256": -0.03759051410387709, "normalized_frobenius": 0.6243349313735962, "seconds": 21.782223716378212}
{"stage": "jacobian", "checkpoint": "step58000", "completed": 81, "total": 100, "token": "rum", "rho": 0.9631077647209167, "alpha": 0.9631077647209167, "lyapunov_last_256": -0.03759033280831505, "normalized_frobenius": 0.624334990978241, "seconds": 22.17145811021328}
{"stage": "jacobian", "checkpoint": "step58000", "completed": 82, "total": 100, "token": " Son", "rho": 0.9631076455116272, "alpha": 0.9631076455116272, "lyapunov_last_256": -0.037590600408839346, "normalized_frobenius": 0.6243349313735962, "seconds": 21.073472145944834}
{"stage": "jacobian", "checkpoint": "step58000", "completed": 83, "total": 100, "token": " impressed", "rho": 0.963110089302063, "alpha": 0.963110089302063, "lyapunov_last_256": -0.03759063812111472, "normalized_frobenius": 0.6243349313735962, "seconds": 18.501733545213938}
{"stage": "jacobian", "checkpoint": "step58000", "completed": 84, "total": 100, "token": " smooth", "rho": 0.9631087779998779, "alpha": 0.9631087779998779, "lyapunov_last_256": -0.03758999436783141, "normalized_frobenius": 0.6243349313735962, "seconds": 21.224383417516947}
{"stage": "jacobian", "checkpoint": "step58000", "completed": 85, "total": 100, "token": "igo", "rho": 0.9631086587905884, "alpha": 0.9631086587905884, "lyapunov_last_256": -0.03759040435643463, "normalized_frobenius": 0.6243349313735962, "seconds": 9.213513184338808}
{"stage": "jacobian", "checkpoint": "step58000", "completed": 86, "total": 100, "token": " Coleman", "rho": 0.9631081223487854, "alpha": 0.9631081223487854, "lyapunov_last_256": -0.037591074967452176, "normalized_frobenius": 0.6243349313735962, "seconds": 6.517906483262777}
{"stage": "jacobian", "checkpoint": "step58000", "completed": 87, "total": 100, "token": " arriving", "rho": 0.963106632232666, "alpha": 0.963106632232666, "lyapunov_last_256": -0.03758995035293585, "normalized_frobenius": 0.6243349313735962, "seconds": 4.707990914583206}
{"stage": "jacobian", "checkpoint": "step58000", "completed": 88, "total": 100, "token": " Gab", "rho": 0.9631080031394958, "alpha": 0.9631080031394958, "lyapunov_last_256": -0.03759048630302434, "normalized_frobenius": 0.6243349313735962, "seconds": 5.91199216991663}
{"stage": "jacobian", "checkpoint": "step58000", "completed": 89, "total": 100, "token": " speech", "rho": 0.9631059765815735, "alpha": 0.9631059765815735, "lyapunov_last_256": -0.03759104111780926, "normalized_frobenius": 0.6243348717689514, "seconds": 4.878261856734753}
{"stage": "jacobian", "checkpoint": "step58000", "completed": 90, "total": 100, "token": " Ho", "rho": 0.9631069302558899, "alpha": 0.9631069302558899, "lyapunov_last_256": -0.0375906676137982, "normalized_frobenius": 0.6243349313735962, "seconds": 5.454314488917589}
{"stage": "jacobian", "checkpoint": "step58000", "completed": 91, "total": 100, "token": " involved", "rho": 0.9631073474884033, "alpha": 0.9631073474884033, "lyapunov_last_256": -0.03758972581338343, "normalized_frobenius": 0.6243349313735962, "seconds": 6.296037454158068}
{"stage": "jacobian", "checkpoint": "step58000", "completed": 92, "total": 100, "token": " entered", "rho": 0.9631062150001526, "alpha": 0.9631062150001526, "lyapunov_last_256": -0.037590129002991766, "normalized_frobenius": 0.6243349313735962, "seconds": 5.948235604912043}
{"stage": "jacobian", "checkpoint": "step58000", "completed": 93, "total": 100, "token": " track", "rho": 0.9631041884422302, "alpha": 0.9631041884422302, "lyapunov_last_256": -0.03759103942466891, "normalized_frobenius": 0.6243348717689514, "seconds": 5.884381975978613}
{"stage": "jacobian", "checkpoint": "step58000", "completed": 94, "total": 100, "token": " 1", "rho": 0.9631068110466003, "alpha": 0.9631068110466003, "lyapunov_last_256": -0.03759021798453354, "normalized_frobenius": 0.6243349313735962, "seconds": 4.941567033529282}
{"stage": "jacobian", "checkpoint": "step58000", "completed": 95, "total": 100, "token": " use", "rho": 0.963111400604248, "alpha": 0.963111400604248, "lyapunov_last_256": -0.0375908523105045, "normalized_frobenius": 0.6243349313735962, "seconds": 5.499627526849508}
{"stage": "jacobian", "checkpoint": "step58000", "completed": 96, "total": 100, "token": " million", "rho": 0.963109016418457, "alpha": 0.963109016418457, "lyapunov_last_256": -0.037591048873125185, "normalized_frobenius": 0.6243349313735962, "seconds": 6.399628151208162}
{"stage": "jacobian", "checkpoint": "step58000", "completed": 97, "total": 100, "token": " Civil", "rho": 0.9631060361862183, "alpha": 0.9631060361862183, "lyapunov_last_256": -0.0375902566407026, "normalized_frobenius": 0.6243349313735962, "seconds": 5.3150561936199665}
{"stage": "jacobian", "checkpoint": "step58000", "completed": 98, "total": 100, "token": " bass", "rho": 0.9631078243255615, "alpha": 0.9631078243255615, "lyapunov_last_256": -0.03759030379678328, "normalized_frobenius": 0.6243349313735962, "seconds": 5.328134570270777}
{"stage": "jacobian", "checkpoint": "step58000", "completed": 99, "total": 100, "token": "ium", "rho": 0.9631075859069824, "alpha": 0.9631075859069824, "lyapunov_last_256": -0.03758921791728321, "normalized_frobenius": 0.6243349313735962, "seconds": 4.624287441372871}
{"stage": "jacobian", "checkpoint": "step58000", "completed": 100, "total": 100, "token": " roles", "rho": 0.9631077647209167, "alpha": 0.9631077647209167, "lyapunov_last_256": -0.03758963759761594, "normalized_frobenius": 0.6243349313735962, "seconds": 4.993772137910128}
