{"stage": "dynamics_lyapunov", "dynamic_step": 256}
{"stage": "dynamics_lyapunov", "dynamic_step": 512}
{"stage": "dynamics_lyapunov", "dynamic_step": 768}
{"stage": "dynamics_lyapunov", "dynamic_step": 1024}
{"stage": "jacobian", "checkpoint": "step59000", "completed": 1, "total": 100, "token": "locations", "rho": 0.974612295627594, "alpha": 0.974612295627594, "lyapunov_last_256": -0.025717285355360626, "normalized_frobenius": 0.6203227043151855, "seconds": 3.127899881452322}
{"stage": "jacobian", "checkpoint": "step59000", "completed": 2, "total": 100, "token": " 449", "rho": 0.9746131896972656, "alpha": 0.9746131896972656, "lyapunov_last_256": -0.025717363713273943, "normalized_frobenius": 0.6203227043151855, "seconds": 5.995570868253708}
{"stage": "jacobian", "checkpoint": "step59000", "completed": 3, "total": 100, "token": "completion", "rho": 0.9746137261390686, "alpha": 0.9746137261390686, "lyapunov_last_256": -0.0257173990698977, "normalized_frobenius": 0.6203226447105408, "seconds": 13.294733915477991}
{"stage": "jacobian", "checkpoint": "step59000", "completed": 4, "total": 100, "token": "Py", "rho": 0.9746106863021851, "alpha": 0.9746106863021851, "lyapunov_last_256": -0.025717376852559596, "normalized_frobenius": 0.6203227043151855, "seconds": 16.336031462997198}
{"stage": "jacobian", "checkpoint": "step59000", "completed": 5, "total": 100, "token": " circumference", "rho": 0.9746143221855164, "alpha": 0.9746143221855164, "lyapunov_last_256": -0.025717398353209606, "normalized_frobenius": 0.6203227043151855, "seconds": 16.132952239364386}
{"stage": "jacobian", "checkpoint": "step59000", "completed": 6, "total": 100, "token": " involuntary", "rho": 0.974611759185791, "alpha": 0.974611759185791, "lyapunov_last_256": -0.025717388797364325, "normalized_frobenius": 0.6203227043151855, "seconds": 15.643905404955149}
{"stage": "jacobian", "checkpoint": "step59000", "completed": 7, "total": 100, "token": "立", "rho": 0.9746153950691223, "alpha": 0.9746153950691223, "lyapunov_last_256": -0.02571731808412316, "normalized_frobenius": 0.6203227639198303, "seconds": 15.078083835542202}
{"stage": "jacobian", "checkpoint": "step59000", "completed": 8, "total": 100, "token": " CAD", "rho": 0.9746158719062805, "alpha": 0.9746158719062805, "lyapunov_last_256": -0.02571726098796343, "normalized_frobenius": 0.6203227043151855, "seconds": 14.60127554833889}
{"stage": "jacobian", "checkpoint": "step59000", "completed": 9, "total": 100, "token": "alen", "rho": 0.9746137857437134, "alpha": 0.9746137857437134, "lyapunov_last_256": -0.025717304467048847, "normalized_frobenius": 0.6203227043151855, "seconds": 15.52713156491518}
{"stage": "jacobian", "checkpoint": "step59000", "completed": 10, "total": 100, "token": " Nokia", "rho": 0.974611222743988, "alpha": 0.974611222743988, "lyapunov_last_256": -0.025717376135872258, "normalized_frobenius": 0.6203227043151855, "seconds": 15.455283388495445}
{"stage": "jacobian", "checkpoint": "step59000", "completed": 11, "total": 100, "token": "sidered", "rho": 0.9746128916740417, "alpha": 0.9746128916740417, "lyapunov_last_256": -0.025717407192363834, "normalized_frobenius": 0.6203227043151855, "seconds": 16.40302224084735}
{"stage": "jacobian", "checkpoint": "step59000", "completed": 12, "total": 100, "token": "second", "rho": 0.9746146202087402, "alpha": 0.9746146202087402, "lyapunov_last_256": -0.025717222764588342, "normalized_frobenius": 0.6203227043151855, "seconds": 15.299434028565884}
{"stage": "jacobian", "checkpoint": "step59000", "completed": 13, "total": 100, "token": " diagrams", "rho": 0.9746136665344238, "alpha": 0.9746136665344238, "lyapunov_last_256": -0.02571734866281956, "normalized_frobenius": 0.6203227043151855, "seconds": 14.825000558048487}
{"stage": "jacobian", "checkpoint": "step59000", "completed": 14, "total": 100, "token": " permeability", "rho": 0.9746143221855164, "alpha": 0.9746143221855164, "lyapunov_last_256": -0.025717381630480467, "normalized_frobenius": 0.6203227043151855, "seconds": 14.540269613265991}
{"stage": "jacobian", "checkpoint": "step59000", "completed": 15, "total": 100, "token": " LE", "rho": 0.9746132493019104, "alpha": 0.9746132493019104, "lyapunov_last_256": -0.025717407909051075, "normalized_frobenius": 0.6203226447105408, "seconds": 15.916357517242432}
{"stage": "jacobian", "checkpoint": "step59000", "completed": 16, "total": 100, "token": "urdy", "rho": 0.9746124744415283, "alpha": 0.9746124744415283, "lyapunov_last_256": -0.02571744039892353, "normalized_frobenius": 0.6203227043151855, "seconds": 15.432231862097979}
{"stage": "jacobian", "checkpoint": "step59000", "completed": 17, "total": 100, "token": " 510", "rho": 0.9746145009994507, "alpha": 0.9746145009994507, "lyapunov_last_256": -0.02571743036528761, "normalized_frobenius": 0.6203227043151855, "seconds": 15.211717747151852}
{"stage": "jacobian", "checkpoint": "step59000", "completed": 18, "total": 100, "token": "ochem", "rho": 0.9746122360229492, "alpha": 0.9746122360229492, "lyapunov_last_256": -0.025717386408402872, "normalized_frobenius": 0.6203226447105408, "seconds": 13.855710498988628}
{"stage": "jacobian", "checkpoint": "step59000", "completed": 19, "total": 100, "token": " phyt", "rho": 0.9746124148368835, "alpha": 0.9746124148368835, "lyapunov_last_256": -0.02571730470594202, "normalized_frobenius": 0.6203227043151855, "seconds": 15.68076404184103}
{"stage": "jacobian", "checkpoint": "step59000", "completed": 20, "total": 100, "token": " filings", "rho": 0.974611759185791, "alpha": 0.974611759185791, "lyapunov_last_256": -0.025717391186326953, "normalized_frobenius": 0.6203227043151855, "seconds": 14.879935339093208}
{"stage": "jacobian", "checkpoint": "step59000", "completed": 21, "total": 100, "token": " helical", "rho": 0.9746133089065552, "alpha": 0.9746133089065552, "lyapunov_last_256": -0.025717333612366666, "normalized_frobenius": 0.6203226447105408, "seconds": 14.56843138858676}
{"stage": "jacobian", "checkpoint": "step59000", "completed": 22, "total": 100, "token": " interplay", "rho": 0.974615216255188, "alpha": 0.974615216255188, "lyapunov_last_256": -0.02571738067490019, "normalized_frobenius": 0.6203227043151855, "seconds": 15.552685841917992}
{"stage": "jacobian", "checkpoint": "step59000", "completed": 23, "total": 100, "token": "cies", "rho": 0.974611222743988, "alpha": 0.974611222743988, "lyapunov_last_256": -0.025717398592104385, "normalized_frobenius": 0.6203226447105408, "seconds": 15.707175567746162}
{"stage": "jacobian", "checkpoint": "step59000", "completed": 24, "total": 100, "token": " harmonic", "rho": 0.9746119379997253, "alpha": 0.9746119379997253, "lyapunov_last_256": -0.025717322862043573, "normalized_frobenius": 0.6203226447105408, "seconds": 21.853232361376286}
{"stage": "jacobian", "checkpoint": "step59000", "completed": 25, "total": 100, "token": " inactivated", "rho": 0.974612832069397, "alpha": 0.974612832069397, "lyapunov_last_256": -0.025717314739576964, "normalized_frobenius": 0.6203227043151855, "seconds": 22.453562311828136}
{"stage": "jacobian", "checkpoint": "step59000", "completed": 26, "total": 100, "token": " Maintenance", "rho": 0.9746102094650269, "alpha": 0.9746102094650269, "lyapunov_last_256": -0.025717216314403945, "normalized_frobenius": 0.6203227043151855, "seconds": 13.654268503189087}
{"stage": "jacobian", "checkpoint": "step59000", "completed": 27, "total": 100, "token": " pend", "rho": 0.9746125340461731, "alpha": 0.9746125340461731, "lyapunov_last_256": -0.025717424631779676, "normalized_frobenius": 0.6203227043151855, "seconds": 20.27115296572447}
{"stage": "jacobian", "checkpoint": "step59000", "completed": 28, "total": 100, "token": " Pretty", "rho": 0.9746140837669373, "alpha": 0.9746140837669373, "lyapunov_last_256": -0.0257173656244447, "normalized_frobenius": 0.6203227043151855, "seconds": 24.065780334174633}
{"stage": "jacobian", "checkpoint": "step59000", "completed": 29, "total": 100, "token": " 580", "rho": 0.9746135473251343, "alpha": 0.9746135473251343, "lyapunov_last_256": -0.02571738784177929, "normalized_frobenius": 0.6203226447105408, "seconds": 20.907856468111277}
{"stage": "jacobian", "checkpoint": "step59000", "completed": 30, "total": 100, "token": "CH", "rho": 0.9746137857437134, "alpha": 0.9746137857437134, "lyapunov_last_256": -0.025717355113015938, "normalized_frobenius": 0.6203227043151855, "seconds": 22.445363521575928}
{"stage": "jacobian", "checkpoint": "step59000", "completed": 31, "total": 100, "token": "PI", "rho": 0.9746127724647522, "alpha": 0.9746127724647522, "lyapunov_last_256": -0.02571733002892649, "normalized_frobenius": 0.6203227043151855, "seconds": 22.038997538387775}
{"stage": "jacobian", "checkpoint": "step59000", "completed": 32, "total": 100, "token": " shaping", "rho": 0.9746137261390686, "alpha": 0.9746137261390686, "lyapunov_last_256": -0.025717331940093943, "normalized_frobenius": 0.6203226447105408, "seconds": 23.654011234641075}
{"stage": "jacobian", "checkpoint": "step59000", "completed": 33, "total": 100, "token": " exams", "rho": 0.9746142029762268, "alpha": 0.9746142029762268, "lyapunov_last_256": -0.025717408386844377, "normalized_frobenius": 0.6203227043151855, "seconds": 21.981117509305477}
{"stage": "jacobian", "checkpoint": "step59000", "completed": 34, "total": 100, "token": "ilipp", "rho": 0.9746142029762268, "alpha": 0.9746142029762268, "lyapunov_last_256": -0.025717366102235774, "normalized_frobenius": 0.6203227043151855, "seconds": 22.23851813003421}
{"stage": "jacobian", "checkpoint": "step59000", "completed": 35, "total": 100, "token": "essential", "rho": 0.9746163487434387, "alpha": 0.9746163487434387, "lyapunov_last_256": -0.025717370163467694, "normalized_frobenius": 0.6203227043151855, "seconds": 24.103914130479097}
{"stage": "jacobian", "checkpoint": "step59000", "completed": 36, "total": 100, "token": " Manufact", "rho": 0.9746124744415283, "alpha": 0.9746124744415283, "lyapunov_last_256": -0.02571733791249908, "normalized_frobenius": 0.6203227043151855, "seconds": 22.703246369957924}
{"stage": "jacobian", "checkpoint": "step59000", "completed": 37, "total": 100, "token": "christ", "rho": 0.9746129512786865, "alpha": 0.9746129512786865, "lyapunov_last_256": -0.025717338151392433, "normalized_frobenius": 0.6203226447105408, "seconds": 19.78876481950283}
{"stage": "jacobian", "checkpoint": "step59000", "completed": 38, "total": 100, "token": "omed", "rho": 0.9746144413948059, "alpha": 0.9746144413948059, "lyapunov_last_256": -0.0257172910888657, "normalized_frobenius": 0.6203227043151855, "seconds": 24.93857431039214}
{"stage": "jacobian", "checkpoint": "step59000", "completed": 39, "total": 100, "token": "umu", "rho": 0.9746167063713074, "alpha": 0.9746167063713074, "lyapunov_last_256": -0.025717427020740855, "normalized_frobenius": 0.6203226447105408, "seconds": 21.539540842175484}
{"stage": "jacobian", "checkpoint": "step59000", "completed": 40, "total": 100, "token": " tonight", "rho": 0.9746129512786865, "alpha": 0.9746129512786865, "lyapunov_last_256": -0.0257173560685996, "normalized_frobenius": 0.6203227043151855, "seconds": 23.47942055389285}
{"stage": "jacobian", "checkpoint": "step59000", "completed": 41, "total": 100, "token": " geared", "rho": 0.9746127128601074, "alpha": 0.9746127128601074, "lyapunov_last_256": -0.02571741698710494, "normalized_frobenius": 0.6203227043151855, "seconds": 22.51792760193348}
{"stage": "jacobian", "checkpoint": "step59000", "completed": 42, "total": 100, "token": " trump", "rho": 0.9746119976043701, "alpha": 0.9746119976043701, "lyapunov_last_256": -0.0257174604661987, "normalized_frobenius": 0.6203227043151855, "seconds": 20.078029297292233}
{"stage": "jacobian", "checkpoint": "step59000", "completed": 43, "total": 100, "token": "leman", "rho": 0.9746147394180298, "alpha": 0.9746147394180298, "lyapunov_last_256": -0.025717389514053057, "normalized_frobenius": 0.6203227043151855, "seconds": 23.786403987556696}
{"stage": "jacobian", "checkpoint": "step59000", "completed": 44, "total": 100, "token": " assortment", "rho": 0.9746145009994507, "alpha": 0.9746145009994507, "lyapunov_last_256": -0.025717364907754857, "normalized_frobenius": 0.6203227043151855, "seconds": 21.487161248922348}
{"stage": "jacobian", "checkpoint": "step59000", "completed": 45, "total": 100, "token": " Sew", "rho": 0.9746136665344238, "alpha": 0.9746136665344238, "lyapunov_last_256": -0.025717416987104235, "normalized_frobenius": 0.6203226447105408, "seconds": 23.996146023273468}
{"stage": "jacobian", "checkpoint": "step59000", "completed": 46, "total": 100, "token": " arresting", "rho": 0.9746124744415283, "alpha": 0.9746124744415283, "lyapunov_last_256": -0.02571740480340315, "normalized_frobenius": 0.6203227043151855, "seconds": 22.29225042462349}
{"stage": "jacobian", "checkpoint": "step59000", "completed": 47, "total": 100, "token": " assertion", "rho": 0.9746116399765015, "alpha": 0.9746116399765015, "lyapunov_last_256": -0.02571736299658563, "normalized_frobenius": 0.6203227043151855, "seconds": 20.123271860182285}
{"stage": "jacobian", "checkpoint": "step59000", "completed": 48, "total": 100, "token": " unemployed", "rho": 0.9746130704879761, "alpha": 0.9746130704879761, "lyapunov_last_256": -0.025717386169507077, "normalized_frobenius": 0.6203227043151855, "seconds": 20.656062863767147}
{"stage": "jacobian", "checkpoint": "step59000", "completed": 49, "total": 100, "token": " outgoing", "rho": 0.9746149182319641, "alpha": 0.9746149182319641, "lyapunov_last_256": -0.025717411970286937, "normalized_frobenius": 0.6203227043151855, "seconds": 22.431653458625078}
{"stage": "jacobian", "checkpoint": "step59000", "completed": 50, "total": 100, "token": " floated", "rho": 0.9746122360229492, "alpha": 0.9746122360229492, "lyapunov_last_256": -0.02571738640840234, "normalized_frobenius": 0.6203226447105408, "seconds": 22.54021167010069}
{"stage": "jacobian", "checkpoint": "step59000", "completed": 51, "total": 100, "token": " portable", "rho": 0.9746145009994507, "alpha": 0.9746145009994507, "lyapunov_last_256": -0.02571747217210669, "normalized_frobenius": 0.6203227043151855, "seconds": 25.747736159712076}
{"stage": "jacobian", "checkpoint": "step59000", "completed": 52, "total": 100, "token": "olev", "rho": 0.9746146202087402, "alpha": 0.9746146202087402, "lyapunov_last_256": -0.025717438009961933, "normalized_frobenius": 0.6203226447105408, "seconds": 20.46672284975648}
{"stage": "jacobian", "checkpoint": "step59000", "completed": 53, "total": 100, "token": " Bread", "rho": 0.9746136665344238, "alpha": 0.9746136665344238, "lyapunov_last_256": -0.02571736012983279, "normalized_frobenius": 0.6203227043151855, "seconds": 23.72912235185504}
{"stage": "jacobian", "checkpoint": "step59000", "completed": 54, "total": 100, "token": " Alban", "rho": 0.9746143221855164, "alpha": 0.9746143221855164, "lyapunov_last_256": -0.02571730613932379, "normalized_frobenius": 0.6203227639198303, "seconds": 23.456093903630972}
{"stage": "jacobian", "checkpoint": "step59000", "completed": 55, "total": 100, "token": "gae", "rho": 0.974611222743988, "alpha": 0.974611222743988, "lyapunov_last_256": -0.025717410775805725, "normalized_frobenius": 0.6203227043151855, "seconds": 23.187250535935163}
{"stage": "jacobian", "checkpoint": "step59000", "completed": 56, "total": 100, "token": " thorough", "rho": 0.9746121764183044, "alpha": 0.9746121764183044, "lyapunov_last_256": -0.025717434426523276, "normalized_frobenius": 0.6203227043151855, "seconds": 24.59396504610777}
{"stage": "jacobian", "checkpoint": "step59000", "completed": 57, "total": 100, "token": " integration", "rho": 0.974614143371582, "alpha": 0.974614143371582, "lyapunov_last_256": -0.025717388797363662, "normalized_frobenius": 0.6203227043151855, "seconds": 24.454152576625347}
{"stage": "jacobian", "checkpoint": "step59000", "completed": 58, "total": 100, "token": " sits", "rho": 0.9746108055114746, "alpha": 0.9746108055114746, "lyapunov_last_256": -0.025717396919832304, "normalized_frobenius": 0.6203226447105408, "seconds": 23.66795201227069}
{"stage": "jacobian", "checkpoint": "step59000", "completed": 59, "total": 100, "token": " nit", "rho": 0.9746119976043701, "alpha": 0.9746119976043701, "lyapunov_last_256": -0.02571740934242877, "normalized_frobenius": 0.6203226447105408, "seconds": 20.80386832728982}
{"stage": "jacobian", "checkpoint": "step59000", "completed": 60, "total": 100, "token": " drifting", "rho": 0.9746133089065552, "alpha": 0.9746133089065552, "lyapunov_last_256": -0.025717463094053983, "normalized_frobenius": 0.6203227043151855, "seconds": 20.819704681634903}
{"stage": "jacobian", "checkpoint": "step59000", "completed": 61, "total": 100, "token": " 1864", "rho": 0.9746131896972656, "alpha": 0.9746131896972656, "lyapunov_last_256": -0.025717425109574917, "normalized_frobenius": 0.6203227043151855, "seconds": 21.677221782505512}
{"stage": "jacobian", "checkpoint": "step59000", "completed": 62, "total": 100, "token": "othe", "rho": 0.974612832069397, "alpha": 0.974612832069397, "lyapunov_last_256": -0.025717370163467774, "normalized_frobenius": 0.6203227639198303, "seconds": 20.093362525105476}
{"stage": "jacobian", "checkpoint": "step59000", "completed": 63, "total": 100, "token": " notion", "rho": 0.9746136665344238, "alpha": 0.9746136665344238, "lyapunov_last_256": -0.02571736992457143, "normalized_frobenius": 0.6203226447105408, "seconds": 20.126245643943548}
{"stage": "jacobian", "checkpoint": "step59000", "completed": 64, "total": 100, "token": " publicity", "rho": 0.9746131896972656, "alpha": 0.9746131896972656, "lyapunov_last_256": -0.025717318323017747, "normalized_frobenius": 0.6203227043151855, "seconds": 19.94365057349205}
{"stage": "jacobian", "checkpoint": "step59000", "completed": 65, "total": 100, "token": " disguised", "rho": 0.974609375, "alpha": 0.974609375, "lyapunov_last_256": -0.02571741268697376, "normalized_frobenius": 0.6203227043151855, "seconds": 21.566767517477274}
{"stage": "jacobian", "checkpoint": "step59000", "completed": 66, "total": 100, "token": " routine", "rho": 0.9746136665344238, "alpha": 0.9746136665344238, "lyapunov_last_256": -0.025717342690419285, "normalized_frobenius": 0.6203226447105408, "seconds": 22.786725495010614}
{"stage": "jacobian", "checkpoint": "step59000", "completed": 67, "total": 100, "token": " Panama", "rho": 0.9746115207672119, "alpha": 0.9746115207672119, "lyapunov_last_256": -0.025717279382956548, "normalized_frobenius": 0.6203227043151855, "seconds": 20.143754322081804}
{"stage": "jacobian", "checkpoint": "step59000", "completed": 68, "total": 100, "token": " happening", "rho": 0.9746130704879761, "alpha": 0.9746130704879761, "lyapunov_last_256": -0.025717471216521435, "normalized_frobenius": 0.6203227043151855, "seconds": 21.17645762488246}
{"stage": "jacobian", "checkpoint": "step59000", "completed": 69, "total": 100, "token": "ending", "rho": 0.9746126532554626, "alpha": 0.9746126532554626, "lyapunov_last_256": -0.025717402175545283, "normalized_frobenius": 0.6203227043151855, "seconds": 21.348052814602852}
{"stage": "jacobian", "checkpoint": "step59000", "completed": 70, "total": 100, "token": " paved", "rho": 0.9746123552322388, "alpha": 0.9746123552322388, "lyapunov_last_256": -0.02571734245152286, "normalized_frobenius": 0.6203226447105408, "seconds": 23.40222056210041}
{"stage": "jacobian", "checkpoint": "step59000", "completed": 71, "total": 100, "token": " bu", "rho": 0.9746145606040955, "alpha": 0.9746145606040955, "lyapunov_last_256": -0.025717249520947436, "normalized_frobenius": 0.6203227043151855, "seconds": 24.197853315621614}
{"stage": "jacobian", "checkpoint": "step59000", "completed": 72, "total": 100, "token": " crucial", "rho": 0.9746118187904358, "alpha": 0.9746118187904358, "lyapunov_last_256": -0.025717412686975853, "normalized_frobenius": 0.6203227043151855, "seconds": 19.494831282645464}
{"stage": "jacobian", "checkpoint": "step59000", "completed": 73, "total": 100, "token": "ographical", "rho": 0.9746118187904358, "alpha": 0.9746118187904358, "lyapunov_last_256": -0.025717407909051578, "normalized_frobenius": 0.6203227043151855, "seconds": 21.540193431079388}
{"stage": "jacobian", "checkpoint": "step59000", "completed": 74, "total": 100, "token": " Hunter", "rho": 0.9746143817901611, "alpha": 0.9746143817901611, "lyapunov_last_256": -0.0257174081479507, "normalized_frobenius": 0.6203226447105408, "seconds": 18.155450738966465}
{"stage": "jacobian", "checkpoint": "step59000", "completed": 75, "total": 100, "token": " Thailand", "rho": 0.974613606929779, "alpha": 0.974613606929779, "lyapunov_last_256": -0.025717424392882833, "normalized_frobenius": 0.6203226447105408, "seconds": 21.89049894362688}
{"stage": "jacobian", "checkpoint": "step59000", "completed": 76, "total": 100, "token": " options", "rho": 0.9746114015579224, "alpha": 0.9746114015579224, "lyapunov_last_256": -0.0257173618021048, "normalized_frobenius": 0.6203227043151855, "seconds": 21.38115605339408}
{"stage": "jacobian", "checkpoint": "step59000", "completed": 77, "total": 100, "token": " thereby", "rho": 0.9746128916740417, "alpha": 0.9746128916740417, "lyapunov_last_256": -0.02571736132432071, "normalized_frobenius": 0.6203227043151855, "seconds": 23.84416188299656}
{"stage": "jacobian", "checkpoint": "step59000", "completed": 78, "total": 100, "token": " Å", "rho": 0.9746133089065552, "alpha": 0.9746133089065552, "lyapunov_last_256": -0.025717360846523353, "normalized_frobenius": 0.6203227043151855, "seconds": 22.182927653193474}
{"stage": "jacobian", "checkpoint": "step59000", "completed": 79, "total": 100, "token": " supports", "rho": 0.974610447883606, "alpha": 0.974610447883606, "lyapunov_last_256": -0.025717388797363988, "normalized_frobenius": 0.6203227043151855, "seconds": 23.861657675355673}
{"stage": "jacobian", "checkpoint": "step59000", "completed": 80, "total": 100, "token": " knows", "rho": 0.9746138453483582, "alpha": 0.9746138453483582, "lyapunov_last_256": -0.025717353679638878, "normalized_frobenius": 0.6203227043151855, "seconds": 21.405996929854155}
{"stage": "jacobian", "checkpoint": "step59000", "completed": 81, "total": 100, "token": "rum", "rho": 0.9746130108833313, "alpha": 0.9746130108833313, "lyapunov_last_256": -0.025717339106977103, "normalized_frobenius": 0.6203226447105408, "seconds": 22.713374111801386}
{"stage": "jacobian", "checkpoint": "step59000", "completed": 82, "total": 100, "token": " Son", "rho": 0.9746130704879761, "alpha": 0.9746130704879761, "lyapunov_last_256": -0.025717393814182237, "normalized_frobenius": 0.6203227043151855, "seconds": 17.923536602407694}
{"stage": "jacobian", "checkpoint": "step59000", "completed": 83, "total": 100, "token": " impressed", "rho": 0.9746159315109253, "alpha": 0.9746159315109253, "lyapunov_last_256": -0.025717448043597903, "normalized_frobenius": 0.6203227043151855, "seconds": 20.06511762738228}
{"stage": "jacobian", "checkpoint": "step59000", "completed": 84, "total": 100, "token": " smooth", "rho": 0.9746114015579224, "alpha": 0.9746114015579224, "lyapunov_last_256": -0.02571734722944345, "normalized_frobenius": 0.6203227043151855, "seconds": 16.531018018722534}
{"stage": "jacobian", "checkpoint": "step59000", "completed": 85, "total": 100, "token": "igo", "rho": 0.9746136665344238, "alpha": 0.9746136665344238, "lyapunov_last_256": -0.025717425587364826, "normalized_frobenius": 0.6203227043151855, "seconds": 7.04577199369669}
{"stage": "jacobian", "checkpoint": "step59000", "completed": 86, "total": 100, "token": " Coleman", "rho": 0.9746154546737671, "alpha": 0.9746154546737671, "lyapunov_last_256": -0.025717353918533574, "normalized_frobenius": 0.6203227043151855, "seconds": 6.2870379239320755}
{"stage": "jacobian", "checkpoint": "step59000", "completed": 87, "total": 100, "token": " arriving", "rho": 0.9746115803718567, "alpha": 0.9746115803718567, "lyapunov_last_256": -0.02571733409016249, "normalized_frobenius": 0.6203227043151855, "seconds": 5.16266680136323}
{"stage": "jacobian", "checkpoint": "step59000", "completed": 88, "total": 100, "token": " Gab", "rho": 0.9746140241622925, "alpha": 0.9746140241622925, "lyapunov_last_256": -0.025717439921131128, "normalized_frobenius": 0.6203227043151855, "seconds": 6.535208251327276}
{"stage": "jacobian", "checkpoint": "step59000", "completed": 89, "total": 100, "token": " speech", "rho": 0.9746126532554626, "alpha": 0.9746126532554626, "lyapunov_last_256": -0.02571733910697821, "normalized_frobenius": 0.6203227043151855, "seconds": 5.57422112673521}
{"stage": "jacobian", "checkpoint": "step59000", "completed": 90, "total": 100, "token": " Ho", "rho": 0.974615216255188, "alpha": 0.974615216255188, "lyapunov_last_256": -0.025717376135870534, "normalized_frobenius": 0.6203227043151855, "seconds": 6.039384055882692}
{"stage": "jacobian", "checkpoint": "step59000", "completed": 91, "total": 100, "token": " involved", "rho": 0.974614679813385, "alpha": 0.974614679813385, "lyapunov_last_256": -0.02571740862573954, "normalized_frobenius": 0.6203226447105408, "seconds": 5.867861814796925}
{"stage": "jacobian", "checkpoint": "step59000", "completed": 92, "total": 100, "token": " entered", "rho": 0.9746136665344238, "alpha": 0.9746136665344238, "lyapunov_last_256": -0.025717427020740397, "normalized_frobenius": 0.6203227043151855, "seconds": 5.653725262731314}
{"stage": "jacobian", "checkpoint": "step59000", "completed": 93, "total": 100, "token": " track", "rho": 0.9746121764183044, "alpha": 0.9746121764183044, "lyapunov_last_256": -0.02571740002548258, "normalized_frobenius": 0.6203227043151855, "seconds": 6.265801142901182}
{"stage": "jacobian", "checkpoint": "step59000", "completed": 94, "total": 100, "token": " 1", "rho": 0.9746122360229492, "alpha": 0.9746122360229492, "lyapunov_last_256": -0.025717390230740374, "normalized_frobenius": 0.6203226447105408, "seconds": 6.420713659375906}
{"stage": "jacobian", "checkpoint": "step59000", "completed": 95, "total": 100, "token": " use", "rho": 0.9746146202087402, "alpha": 0.9746146202087402, "lyapunov_last_256": -0.025717360607624765, "normalized_frobenius": 0.6203227043151855, "seconds": 5.831360906362534}
{"stage": "jacobian", "checkpoint": "step59000", "completed": 96, "total": 100, "token": " million", "rho": 0.9746124148368835, "alpha": 0.9746124148368835, "lyapunov_last_256": -0.025717327401068392, "normalized_frobenius": 0.6203227043151855, "seconds": 5.47776996716857}
{"stage": "jacobian", "checkpoint": "step59000", "completed": 97, "total": 100, "token": " Civil", "rho": 0.9746125936508179, "alpha": 0.9746125936508179, "lyapunov_last_256": -0.02571740528119513, "normalized_frobenius": 0.6203226447105408, "seconds": 5.148701213300228}
{"stage": "jacobian", "checkpoint": "step59000", "completed": 98, "total": 100, "token": " bass", "rho": 0.9746111035346985, "alpha": 0.9746111035346985, "lyapunov_last_256": -0.025717404564507364, "normalized_frobenius": 0.6203226447105408, "seconds": 4.5881141275167465}
{"stage": "jacobian", "checkpoint": "step59000", "completed": 99, "total": 100, "token": "ium", "rho": 0.9746120572090149, "alpha": 0.9746120572090149, "lyapunov_last_256": -0.025717508006524843, "normalized_frobenius": 0.6203226447105408, "seconds": 4.4116136357188225}
{"stage": "jacobian", "checkpoint": "step59000", "completed": 100, "total": 100, "token": " roles", "rho": 0.9746123552322388, "alpha": 0.9746123552322388, "lyapunov_last_256": -0.02571733552353603, "normalized_frobenius": 0.6203227043151855, "seconds": 2.152775350958109}
