{"stage": "dynamics_lyapunov", "dynamic_step": 256}
{"stage": "dynamics_lyapunov", "dynamic_step": 512}
{"stage": "dynamics_lyapunov", "dynamic_step": 768}
{"stage": "dynamics_lyapunov", "dynamic_step": 1024}
{"stage": "jacobian", "checkpoint": "step28000", "completed": 1, "total": 100, "token": "locations", "rho": 0.9856026768684387, "alpha": 0.957217812538147, "lyapunov_last_256": -0.014629886712450375, "normalized_frobenius": 0.6684108376502991, "seconds": 18.027034025639296}
{"stage": "jacobian", "checkpoint": "step28000", "completed": 2, "total": 100, "token": " 449", "rho": 0.9855992794036865, "alpha": 0.95721435546875, "lyapunov_last_256": -0.014712328080947102, "normalized_frobenius": 0.6684108376502991, "seconds": 16.30106621608138}
{"stage": "jacobian", "checkpoint": "step28000", "completed": 3, "total": 100, "token": "completion", "rho": 0.9855988025665283, "alpha": 0.9572139382362366, "lyapunov_last_256": -0.01449091826502454, "normalized_frobenius": 0.6684108376502991, "seconds": 16.496437530964613}
{"stage": "jacobian", "checkpoint": "step28000", "completed": 4, "total": 100, "token": "Py", "rho": 0.9856023788452148, "alpha": 0.9572173357009888, "lyapunov_last_256": -0.014615333766734913, "normalized_frobenius": 0.6684108376502991, "seconds": 17.77440332993865}
{"stage": "jacobian", "checkpoint": "step28000", "completed": 5, "total": 100, "token": " circumference", "rho": 0.9856013059616089, "alpha": 0.9572163820266724, "lyapunov_last_256": -0.014292246649226393, "normalized_frobenius": 0.6684107780456543, "seconds": 17.562148220837116}
{"stage": "jacobian", "checkpoint": "step28000", "completed": 6, "total": 100, "token": " involuntary", "rho": 0.9856030344963074, "alpha": 0.9572178721427917, "lyapunov_last_256": -0.014599606923198876, "normalized_frobenius": 0.6684108376502991, "seconds": 16.777299232780933}
{"stage": "jacobian", "checkpoint": "step28000", "completed": 7, "total": 100, "token": "立", "rho": 0.9855994582176208, "alpha": 0.9572144746780396, "lyapunov_last_256": -0.014292893167667487, "normalized_frobenius": 0.6684108376502991, "seconds": 16.4260985404253}
{"stage": "jacobian", "checkpoint": "step28000", "completed": 8, "total": 100, "token": " CAD", "rho": 0.9855989217758179, "alpha": 0.9572139978408813, "lyapunov_last_256": -0.014581147439708883, "normalized_frobenius": 0.6684108972549438, "seconds": 16.07575548812747}
{"stage": "jacobian", "checkpoint": "step28000", "completed": 9, "total": 100, "token": "alen", "rho": 0.9855985641479492, "alpha": 0.9572135210037231, "lyapunov_last_256": -0.01470110617231707, "normalized_frobenius": 0.6684108376502991, "seconds": 15.292326871305704}
{"stage": "jacobian", "checkpoint": "step28000", "completed": 10, "total": 100, "token": " Nokia", "rho": 0.985598623752594, "alpha": 0.9572136402130127, "lyapunov_last_256": -0.01446996088841295, "normalized_frobenius": 0.6684109568595886, "seconds": 17.551468398422003}
{"stage": "jacobian", "checkpoint": "step28000", "completed": 11, "total": 100, "token": "sidered", "rho": 0.9856021404266357, "alpha": 0.9572170972824097, "lyapunov_last_256": -0.01470436113152909, "normalized_frobenius": 0.6684108376502991, "seconds": 16.532445173710585}
{"stage": "jacobian", "checkpoint": "step28000", "completed": 12, "total": 100, "token": "second", "rho": 0.9856010675430298, "alpha": 0.9572161436080933, "lyapunov_last_256": -0.014708512447075165, "normalized_frobenius": 0.6684108376502991, "seconds": 15.132721096277237}
{"stage": "jacobian", "checkpoint": "step28000", "completed": 13, "total": 100, "token": " diagrams", "rho": 0.9856013655662537, "alpha": 0.9572163820266724, "lyapunov_last_256": -0.014313050425295095, "normalized_frobenius": 0.6684108376502991, "seconds": 18.10142970830202}
{"stage": "jacobian", "checkpoint": "step28000", "completed": 14, "total": 100, "token": " permeability", "rho": 0.9856010675430298, "alpha": 0.9572161436080933, "lyapunov_last_256": -0.014676169545856366, "normalized_frobenius": 0.6684108376502991, "seconds": 17.278282664716244}
{"stage": "jacobian", "checkpoint": "step28000", "completed": 15, "total": 100, "token": " LE", "rho": 0.9855996966362, "alpha": 0.9572147130966187, "lyapunov_last_256": -0.014533206556200353, "normalized_frobenius": 0.6684108376502991, "seconds": 17.705256022512913}
{"stage": "jacobian", "checkpoint": "step28000", "completed": 16, "total": 100, "token": "urdy", "rho": 0.9855993986129761, "alpha": 0.9572144746780396, "lyapunov_last_256": -0.014306575137353034, "normalized_frobenius": 0.6684108376502991, "seconds": 14.230386029928923}
{"stage": "jacobian", "checkpoint": "step28000", "completed": 17, "total": 100, "token": " 510", "rho": 0.9856014847755432, "alpha": 0.9572165012359619, "lyapunov_last_256": -0.014720109135271265, "normalized_frobenius": 0.6684108972549438, "seconds": 14.908619444817305}
{"stage": "jacobian", "checkpoint": "step28000", "completed": 18, "total": 100, "token": "ochem", "rho": 0.9855982065200806, "alpha": 0.9572131633758545, "lyapunov_last_256": -0.01442575082434214, "normalized_frobenius": 0.6684108376502991, "seconds": 13.66508036851883}
{"stage": "jacobian", "checkpoint": "step28000", "completed": 19, "total": 100, "token": " phyt", "rho": 0.9855988025665283, "alpha": 0.9572139978408813, "lyapunov_last_256": -0.014636351950502325, "normalized_frobenius": 0.6684108376502991, "seconds": 11.049013681709766}
{"stage": "jacobian", "checkpoint": "step28000", "completed": 20, "total": 100, "token": " filings", "rho": 0.985599160194397, "alpha": 0.9572142362594604, "lyapunov_last_256": -0.01443191416860304, "normalized_frobenius": 0.6684109568595886, "seconds": 11.167473420500755}
{"stage": "jacobian", "checkpoint": "step28000", "completed": 21, "total": 100, "token": " helical", "rho": 0.9856043457984924, "alpha": 0.9572194814682007, "lyapunov_last_256": -0.014393345987555232, "normalized_frobenius": 0.6684108376502991, "seconds": 16.13015504553914}
{"stage": "jacobian", "checkpoint": "step28000", "completed": 22, "total": 100, "token": " interplay", "rho": 0.9855992197990417, "alpha": 0.9572142362594604, "lyapunov_last_256": -0.01468924833056818, "normalized_frobenius": 0.6684108376502991, "seconds": 16.782060783356428}
{"stage": "jacobian", "checkpoint": "step28000", "completed": 23, "total": 100, "token": "cies", "rho": 0.9855994582176208, "alpha": 0.9572144746780396, "lyapunov_last_256": -0.01465321056791345, "normalized_frobenius": 0.6684108376502991, "seconds": 13.614765897393227}
{"stage": "jacobian", "checkpoint": "step28000", "completed": 24, "total": 100, "token": " harmonic", "rho": 0.9856023788452148, "alpha": 0.9572174549102783, "lyapunov_last_256": -0.014694771514569485, "normalized_frobenius": 0.6684108376502991, "seconds": 12.208526823669672}
{"stage": "jacobian", "checkpoint": "step28000", "completed": 25, "total": 100, "token": " inactivated", "rho": 0.985600471496582, "alpha": 0.9572154879570007, "lyapunov_last_256": -0.014595730603540512, "normalized_frobenius": 0.6684108972549438, "seconds": 12.953538876026869}
{"stage": "jacobian", "checkpoint": "step28000", "completed": 26, "total": 100, "token": " Maintenance", "rho": 0.9856020212173462, "alpha": 0.9572170972824097, "lyapunov_last_256": -0.014624905498414399, "normalized_frobenius": 0.6684108376502991, "seconds": 16.021576069295406}
{"stage": "jacobian", "checkpoint": "step28000", "completed": 27, "total": 100, "token": " pend", "rho": 0.9856001138687134, "alpha": 0.9572150707244873, "lyapunov_last_256": -0.014323575361116246, "normalized_frobenius": 0.6684108376502991, "seconds": 14.788116928189993}
{"stage": "jacobian", "checkpoint": "step28000", "completed": 28, "total": 100, "token": " Pretty", "rho": 0.9856019616127014, "alpha": 0.9572170376777649, "lyapunov_last_256": -0.014363223229199402, "normalized_frobenius": 0.6684108376502991, "seconds": 15.786686088889837}
{"stage": "jacobian", "checkpoint": "step28000", "completed": 29, "total": 100, "token": " 580", "rho": 0.9855993986129761, "alpha": 0.9572144746780396, "lyapunov_last_256": -0.014635903138582373, "normalized_frobenius": 0.6684108376502991, "seconds": 15.716772831976414}
{"stage": "jacobian", "checkpoint": "step28000", "completed": 30, "total": 100, "token": "CH", "rho": 0.9855979681015015, "alpha": 0.9572129249572754, "lyapunov_last_256": -0.014427823003934878, "normalized_frobenius": 0.6684108376502991, "seconds": 14.254460647702217}
{"stage": "jacobian", "checkpoint": "step28000", "completed": 31, "total": 100, "token": "PI", "rho": 0.9856007099151611, "alpha": 0.9572159051895142, "lyapunov_last_256": -0.014648862351524171, "normalized_frobenius": 0.6684109568595886, "seconds": 16.720513995736837}
{"stage": "jacobian", "checkpoint": "step28000", "completed": 32, "total": 100, "token": " shaping", "rho": 0.9856003522872925, "alpha": 0.9572153091430664, "lyapunov_last_256": -0.01452288148810325, "normalized_frobenius": 0.6684108376502991, "seconds": 16.510156385600567}
{"stage": "jacobian", "checkpoint": "step28000", "completed": 33, "total": 100, "token": " exams", "rho": 0.985601544380188, "alpha": 0.9572165012359619, "lyapunov_last_256": -0.01466951301363714, "normalized_frobenius": 0.6684108376502991, "seconds": 16.86494355648756}
{"stage": "jacobian", "checkpoint": "step28000", "completed": 34, "total": 100, "token": "ilipp", "rho": 0.9855996370315552, "alpha": 0.9572144746780396, "lyapunov_last_256": -0.014312806905327751, "normalized_frobenius": 0.6684108376502991, "seconds": 15.00652826577425}
{"stage": "jacobian", "checkpoint": "step28000", "completed": 35, "total": 100, "token": "essential", "rho": 0.9855999946594238, "alpha": 0.9572149515151978, "lyapunov_last_256": -0.014290103746620757, "normalized_frobenius": 0.6684108376502991, "seconds": 15.04229186847806}
{"stage": "jacobian", "checkpoint": "step28000", "completed": 36, "total": 100, "token": " Manufact", "rho": 0.9856005311012268, "alpha": 0.9572156667709351, "lyapunov_last_256": -0.014627639395146046, "normalized_frobenius": 0.6684108376502991, "seconds": 17.72282561287284}
{"stage": "jacobian", "checkpoint": "step28000", "completed": 37, "total": 100, "token": "christ", "rho": 0.9856004118919373, "alpha": 0.9572151899337769, "lyapunov_last_256": -0.014539957182279593, "normalized_frobenius": 0.6684109568595886, "seconds": 17.96761915460229}
{"stage": "jacobian", "checkpoint": "step28000", "completed": 38, "total": 100, "token": "omed", "rho": 0.9855997562408447, "alpha": 0.9572148323059082, "lyapunov_last_256": -0.014313858025076502, "normalized_frobenius": 0.6684109568595886, "seconds": 16.66047314181924}
{"stage": "jacobian", "checkpoint": "step28000", "completed": 39, "total": 100, "token": "umu", "rho": 0.9856004118919373, "alpha": 0.9572154879570007, "lyapunov_last_256": -0.014369958029111826, "normalized_frobenius": 0.6684108972549438, "seconds": 15.251635257154703}
{"stage": "jacobian", "checkpoint": "step28000", "completed": 40, "total": 100, "token": " tonight", "rho": 0.985601544380188, "alpha": 0.9572165012359619, "lyapunov_last_256": -0.014583680324201638, "normalized_frobenius": 0.6684108376502991, "seconds": 15.515203718096018}
{"stage": "jacobian", "checkpoint": "step28000", "completed": 41, "total": 100, "token": " geared", "rho": 0.9855995178222656, "alpha": 0.9572145938873291, "lyapunov_last_256": -0.014595632381890274, "normalized_frobenius": 0.6684108972549438, "seconds": 16.370374634861946}
{"stage": "jacobian", "checkpoint": "step28000", "completed": 42, "total": 100, "token": " trump", "rho": 0.9856006503105164, "alpha": 0.9572157859802246, "lyapunov_last_256": -0.01440302954070619, "normalized_frobenius": 0.6684108376502991, "seconds": 16.44181240350008}
{"stage": "jacobian", "checkpoint": "step28000", "completed": 43, "total": 100, "token": "leman", "rho": 0.9856006503105164, "alpha": 0.9572156667709351, "lyapunov_last_256": -0.014290531055457679, "normalized_frobenius": 0.6684109568595886, "seconds": 16.930406238883734}
{"stage": "jacobian", "checkpoint": "step28000", "completed": 44, "total": 100, "token": " assortment", "rho": 0.9855997562408447, "alpha": 0.9572147130966187, "lyapunov_last_256": -0.014515467858351198, "normalized_frobenius": 0.6684109568595886, "seconds": 16.636261899024248}
{"stage": "jacobian", "checkpoint": "step28000", "completed": 45, "total": 100, "token": " Sew", "rho": 0.9856001734733582, "alpha": 0.9572150707244873, "lyapunov_last_256": -0.014701481379759592, "normalized_frobenius": 0.6684108376502991, "seconds": 18.043001357465982}
{"stage": "jacobian", "checkpoint": "step28000", "completed": 46, "total": 100, "token": " arresting", "rho": 0.9856007099151611, "alpha": 0.9572157859802246, "lyapunov_last_256": -0.014388316568512792, "normalized_frobenius": 0.6684108972549438, "seconds": 17.127246093004942}
{"stage": "jacobian", "checkpoint": "step28000", "completed": 47, "total": 100, "token": " assertion", "rho": 0.9856000542640686, "alpha": 0.9572151899337769, "lyapunov_last_256": -0.014721085043717384, "normalized_frobenius": 0.6684109568595886, "seconds": 16.350237391889095}
{"stage": "jacobian", "checkpoint": "step28000", "completed": 48, "total": 100, "token": " unemployed", "rho": 0.9856005907058716, "alpha": 0.9572155475616455, "lyapunov_last_256": -0.014512156941887809, "normalized_frobenius": 0.6684108376502991, "seconds": 15.030267164111137}
{"stage": "jacobian", "checkpoint": "step28000", "completed": 49, "total": 100, "token": " outgoing", "rho": 0.9856023788452148, "alpha": 0.9572173357009888, "lyapunov_last_256": -0.014444366770496968, "normalized_frobenius": 0.6684109568595886, "seconds": 16.307254370301962}
{"stage": "jacobian", "checkpoint": "step28000", "completed": 50, "total": 100, "token": " floated", "rho": 0.9856018424034119, "alpha": 0.9572167992591858, "lyapunov_last_256": -0.01430371372025125, "normalized_frobenius": 0.6684108972549438, "seconds": 15.985635552555323}
{"stage": "jacobian", "checkpoint": "step28000", "completed": 51, "total": 100, "token": " portable", "rho": 0.9856007099151611, "alpha": 0.9572159051895142, "lyapunov_last_256": -0.014687395993306271, "normalized_frobenius": 0.6684108376502991, "seconds": 15.899980086833239}
{"stage": "jacobian", "checkpoint": "step28000", "completed": 52, "total": 100, "token": "olev", "rho": 0.9855966567993164, "alpha": 0.9572118520736694, "lyapunov_last_256": -0.014718681282202179, "normalized_frobenius": 0.6684108376502991, "seconds": 16.94941307231784}
{"stage": "jacobian", "checkpoint": "step28000", "completed": 53, "total": 100, "token": " Bread", "rho": 0.9856007695198059, "alpha": 0.9572156667709351, "lyapunov_last_256": -0.01464369099125818, "normalized_frobenius": 0.6684108376502991, "seconds": 16.257507987320423}
{"stage": "jacobian", "checkpoint": "step28000", "completed": 54, "total": 100, "token": " Alban", "rho": 0.9855994582176208, "alpha": 0.9572145342826843, "lyapunov_last_256": -0.014601793555927863, "normalized_frobenius": 0.6684108376502991, "seconds": 15.727791767567396}
{"stage": "jacobian", "checkpoint": "step28000", "completed": 55, "total": 100, "token": "gae", "rho": 0.9855995178222656, "alpha": 0.9572145938873291, "lyapunov_last_256": -0.014298281777977971, "normalized_frobenius": 0.6684108376502991, "seconds": 13.79333083704114}
{"stage": "jacobian", "checkpoint": "step28000", "completed": 56, "total": 100, "token": " thorough", "rho": 0.9856011867523193, "alpha": 0.9572162628173828, "lyapunov_last_256": -0.014310026593125481, "normalized_frobenius": 0.6684108972549438, "seconds": 16.97159695625305}
{"stage": "jacobian", "checkpoint": "step28000", "completed": 57, "total": 100, "token": " integration", "rho": 0.9856014251708984, "alpha": 0.9572165012359619, "lyapunov_last_256": -0.014550891809291993, "normalized_frobenius": 0.6684108972549438, "seconds": 16.641457222402096}
{"stage": "jacobian", "checkpoint": "step28000", "completed": 58, "total": 100, "token": " sits", "rho": 0.9856004118919373, "alpha": 0.9572154879570007, "lyapunov_last_256": -0.014550663693973169, "normalized_frobenius": 0.6684108376502991, "seconds": 19.030704334378242}
{"stage": "jacobian", "checkpoint": "step28000", "completed": 59, "total": 100, "token": " nit", "rho": 0.9855989217758179, "alpha": 0.9572139978408813, "lyapunov_last_256": -0.014422554628966425, "normalized_frobenius": 0.6684108376502991, "seconds": 15.607741132378578}
{"stage": "jacobian", "checkpoint": "step28000", "completed": 60, "total": 100, "token": " drifting", "rho": 0.9855997562408447, "alpha": 0.9572148323059082, "lyapunov_last_256": -0.014695959192585524, "normalized_frobenius": 0.6684108376502991, "seconds": 15.34892961755395}
{"stage": "jacobian", "checkpoint": "step28000", "completed": 61, "total": 100, "token": " 1864", "rho": 0.9856005907058716, "alpha": 0.9572156667709351, "lyapunov_last_256": -0.014544579565747276, "normalized_frobenius": 0.6684108376502991, "seconds": 15.34599295258522}
{"stage": "jacobian", "checkpoint": "step28000", "completed": 62, "total": 100, "token": "othe", "rho": 0.9855992794036865, "alpha": 0.9572144746780396, "lyapunov_last_256": -0.014308087040804721, "normalized_frobenius": 0.6684108972549438, "seconds": 17.203687731176615}
{"stage": "jacobian", "checkpoint": "step28000", "completed": 63, "total": 100, "token": " notion", "rho": 0.9856027960777283, "alpha": 0.9572176933288574, "lyapunov_last_256": -0.014593844175756824, "normalized_frobenius": 0.6684108972549438, "seconds": 13.378224559128284}
{"stage": "jacobian", "checkpoint": "step28000", "completed": 64, "total": 100, "token": " publicity", "rho": 0.9855981469154358, "alpha": 0.9572131633758545, "lyapunov_last_256": -0.014316959697084424, "normalized_frobenius": 0.6684108376502991, "seconds": 16.304194174706936}
{"stage": "jacobian", "checkpoint": "step28000", "completed": 65, "total": 100, "token": " disguised", "rho": 0.9855976104736328, "alpha": 0.9572127461433411, "lyapunov_last_256": -0.014339419871877038, "normalized_frobenius": 0.6684108376502991, "seconds": 16.785577945411205}
{"stage": "jacobian", "checkpoint": "step28000", "completed": 66, "total": 100, "token": " routine", "rho": 0.9855988025665283, "alpha": 0.9572137594223022, "lyapunov_last_256": -0.014329710046822031, "normalized_frobenius": 0.6684108376502991, "seconds": 17.044493731111288}
{"stage": "jacobian", "checkpoint": "step28000", "completed": 67, "total": 100, "token": " Panama", "rho": 0.9855991005897522, "alpha": 0.9572141766548157, "lyapunov_last_256": -0.01439152816095943, "normalized_frobenius": 0.6684108972549438, "seconds": 14.534371085464954}
{"stage": "jacobian", "checkpoint": "step28000", "completed": 68, "total": 100, "token": " happening", "rho": 0.9856006503105164, "alpha": 0.9572155475616455, "lyapunov_last_256": -0.014705505383900797, "normalized_frobenius": 0.6684108376502991, "seconds": 15.159959338605404}
{"stage": "jacobian", "checkpoint": "step28000", "completed": 69, "total": 100, "token": "ending", "rho": 0.9856001138687134, "alpha": 0.9572151899337769, "lyapunov_last_256": -0.014704455081531034, "normalized_frobenius": 0.6684108376502991, "seconds": 13.861199203878641}
{"stage": "jacobian", "checkpoint": "step28000", "completed": 70, "total": 100, "token": " paved", "rho": 0.9856012463569641, "alpha": 0.9572163820266724, "lyapunov_last_256": -0.014379245358163999, "normalized_frobenius": 0.6684108376502991, "seconds": 17.295195624232292}
{"stage": "jacobian", "checkpoint": "step28000", "completed": 71, "total": 100, "token": " bu", "rho": 0.9856033325195312, "alpha": 0.9572181105613708, "lyapunov_last_256": -0.01448631506935195, "normalized_frobenius": 0.6684108376502991, "seconds": 17.764996346086264}
{"stage": "jacobian", "checkpoint": "step28000", "completed": 72, "total": 100, "token": " crucial", "rho": 0.9856000542640686, "alpha": 0.9572150707244873, "lyapunov_last_256": -0.01472106950671814, "normalized_frobenius": 0.6684108376502991, "seconds": 16.505736455321312}
{"stage": "jacobian", "checkpoint": "step28000", "completed": 73, "total": 100, "token": "ographical", "rho": 0.9856003522872925, "alpha": 0.9572153091430664, "lyapunov_last_256": -0.014290813724672528, "normalized_frobenius": 0.6684108376502991, "seconds": 19.277568444609642}
{"stage": "jacobian", "checkpoint": "step28000", "completed": 74, "total": 100, "token": " Hunter", "rho": 0.9855983853340149, "alpha": 0.9572134017944336, "lyapunov_last_256": -0.014330969730726608, "normalized_frobenius": 0.6684107780456543, "seconds": 17.09510564804077}
{"stage": "jacobian", "checkpoint": "step28000", "completed": 75, "total": 100, "token": " Thailand", "rho": 0.9855982661247253, "alpha": 0.9572131633758545, "lyapunov_last_256": -0.014678764611604453, "normalized_frobenius": 0.6684109568595886, "seconds": 17.133896704763174}
{"stage": "jacobian", "checkpoint": "step28000", "completed": 76, "total": 100, "token": " options", "rho": 0.9856023788452148, "alpha": 0.9572173357009888, "lyapunov_last_256": -0.014343951945413292, "normalized_frobenius": 0.6684108376502991, "seconds": 18.552203483879566}
{"stage": "jacobian", "checkpoint": "step28000", "completed": 77, "total": 100, "token": " thereby", "rho": 0.9856029152870178, "alpha": 0.957217812538147, "lyapunov_last_256": -0.014333982817819026, "normalized_frobenius": 0.6684108376502991, "seconds": 17.78935718163848}
{"stage": "jacobian", "checkpoint": "step28000", "completed": 78, "total": 100, "token": " Å", "rho": 0.985602080821991, "alpha": 0.9572169780731201, "lyapunov_last_256": -0.014493029915189172, "normalized_frobenius": 0.6684108972549438, "seconds": 20.545913964509964}
{"stage": "jacobian", "checkpoint": "step28000", "completed": 79, "total": 100, "token": " supports", "rho": 0.9855993986129761, "alpha": 0.95721435546875, "lyapunov_last_256": -0.014524728608408623, "normalized_frobenius": 0.6684108376502991, "seconds": 16.768124014139175}
{"stage": "jacobian", "checkpoint": "step28000", "completed": 80, "total": 100, "token": " knows", "rho": 0.9855998754501343, "alpha": 0.9572148323059082, "lyapunov_last_256": -0.014356613175612626, "normalized_frobenius": 0.6684108376502991, "seconds": 20.270325515419245}
{"stage": "jacobian", "checkpoint": "step28000", "completed": 81, "total": 100, "token": "rum", "rho": 0.9855999946594238, "alpha": 0.9572149515151978, "lyapunov_last_256": -0.014721221638264413, "normalized_frobenius": 0.6684108972549438, "seconds": 17.54357823356986}
{"stage": "jacobian", "checkpoint": "step28000", "completed": 82, "total": 100, "token": " Son", "rho": 0.985602080821991, "alpha": 0.9572171568870544, "lyapunov_last_256": -0.014689755013386258, "normalized_frobenius": 0.6684109568595886, "seconds": 17.025002859532833}
{"stage": "jacobian", "checkpoint": "step28000", "completed": 83, "total": 100, "token": " impressed", "rho": 0.9856001734733582, "alpha": 0.9572153091430664, "lyapunov_last_256": -0.014420247759943773, "normalized_frobenius": 0.6684108972549438, "seconds": 17.558830067515373}
{"stage": "jacobian", "checkpoint": "step28000", "completed": 84, "total": 100, "token": " smooth", "rho": 0.9855993986129761, "alpha": 0.9572141766548157, "lyapunov_last_256": -0.014660358977275743, "normalized_frobenius": 0.6684108972549438, "seconds": 18.34325720742345}
{"stage": "jacobian", "checkpoint": "step28000", "completed": 85, "total": 100, "token": "igo", "rho": 0.985598087310791, "alpha": 0.9572131633758545, "lyapunov_last_256": -0.014628907976427578, "normalized_frobenius": 0.6684107780456543, "seconds": 16.53684614598751}
{"stage": "jacobian", "checkpoint": "step28000", "completed": 86, "total": 100, "token": " Coleman", "rho": 0.9855991005897522, "alpha": 0.9572142362594604, "lyapunov_last_256": -0.014713822041842285, "normalized_frobenius": 0.6684109568595886, "seconds": 16.158850602805614}
{"stage": "jacobian", "checkpoint": "step28000", "completed": 87, "total": 100, "token": " arriving", "rho": 0.9856024384498596, "alpha": 0.9572176337242126, "lyapunov_last_256": -0.014718492276309657, "normalized_frobenius": 0.6684108972549438, "seconds": 17.56899692490697}
{"stage": "jacobian", "checkpoint": "step28000", "completed": 88, "total": 100, "token": " Gab", "rho": 0.9856014847755432, "alpha": 0.9572165012359619, "lyapunov_last_256": -0.014396376277174123, "normalized_frobenius": 0.6684108376502991, "seconds": 16.720474425703287}
{"stage": "jacobian", "checkpoint": "step28000", "completed": 89, "total": 100, "token": " speech", "rho": 0.9855988025665283, "alpha": 0.9572137594223022, "lyapunov_last_256": -0.014373958320954843, "normalized_frobenius": 0.6684109568595886, "seconds": 16.689151868224144}
{"stage": "jacobian", "checkpoint": "step28000", "completed": 90, "total": 100, "token": " Ho", "rho": 0.9856040477752686, "alpha": 0.9572190642356873, "lyapunov_last_256": -0.014720811426556393, "normalized_frobenius": 0.6684109568595886, "seconds": 16.54489593207836}
{"stage": "jacobian", "checkpoint": "step28000", "completed": 91, "total": 100, "token": " involved", "rho": 0.985601007938385, "alpha": 0.9572160243988037, "lyapunov_last_256": -0.014452267359213608, "normalized_frobenius": 0.6684108376502991, "seconds": 16.777197524905205}
{"stage": "jacobian", "checkpoint": "step28000", "completed": 92, "total": 100, "token": " entered", "rho": 0.9855999946594238, "alpha": 0.9572150707244873, "lyapunov_last_256": -0.01448799859496404, "normalized_frobenius": 0.6684108376502991, "seconds": 17.937075190246105}
{"stage": "jacobian", "checkpoint": "step28000", "completed": 93, "total": 100, "token": " track", "rho": 0.9855998158454895, "alpha": 0.9572149515151978, "lyapunov_last_256": -0.014297038808452846, "normalized_frobenius": 0.6684108972549438, "seconds": 17.90669470652938}
{"stage": "jacobian", "checkpoint": "step28000", "completed": 94, "total": 100, "token": " 1", "rho": 0.9855997562408447, "alpha": 0.9572148323059082, "lyapunov_last_256": -0.014683635189823435, "normalized_frobenius": 0.6684108376502991, "seconds": 16.83521941304207}
{"stage": "jacobian", "checkpoint": "step28000", "completed": 95, "total": 100, "token": " use", "rho": 0.9855995178222656, "alpha": 0.9572144746780396, "lyapunov_last_256": -0.01471977104766069, "normalized_frobenius": 0.6684107780456543, "seconds": 17.101457435637712}
{"stage": "jacobian", "checkpoint": "step28000", "completed": 96, "total": 100, "token": " million", "rho": 0.9855986833572388, "alpha": 0.9572136998176575, "lyapunov_last_256": -0.014536886107836412, "normalized_frobenius": 0.6684108376502991, "seconds": 16.806465309113264}
{"stage": "jacobian", "checkpoint": "step28000", "completed": 97, "total": 100, "token": " Civil", "rho": 0.9856020212173462, "alpha": 0.9572170972824097, "lyapunov_last_256": -0.01431674761415292, "normalized_frobenius": 0.6684108376502991, "seconds": 19.3007743768394}
{"stage": "jacobian", "checkpoint": "step28000", "completed": 98, "total": 100, "token": " bass", "rho": 0.9856013059616089, "alpha": 0.9572163820266724, "lyapunov_last_256": -0.014720772838013312, "normalized_frobenius": 0.6684108376502991, "seconds": 17.790489595383406}
{"stage": "jacobian", "checkpoint": "step28000", "completed": 99, "total": 100, "token": "ium", "rho": 0.9856001734733582, "alpha": 0.9572151303291321, "lyapunov_last_256": -0.014705590036464685, "normalized_frobenius": 0.6684108376502991, "seconds": 18.819836474955082}
{"stage": "jacobian", "checkpoint": "step28000", "completed": 100, "total": 100, "token": " roles", "rho": 0.9856002330780029, "alpha": 0.9572150707244873, "lyapunov_last_256": -0.014597684925964112, "normalized_frobenius": 0.6684108376502991, "seconds": 15.15909542888403}
