{"stage": "dynamics_lyapunov", "dynamic_step": 256}
{"stage": "dynamics_lyapunov", "dynamic_step": 512}
{"stage": "dynamics_lyapunov", "dynamic_step": 768}
{"stage": "dynamics_lyapunov", "dynamic_step": 1024}
{"stage": "jacobian", "checkpoint": "step40000", "completed": 1, "total": 100, "token": "locations", "rho": 1.0106136798858643, "alpha": 1.0106136798858643, "lyapunov_last_256": -3.320454369913983e-05, "normalized_frobenius": 0.6650773286819458, "seconds": 12.29390225186944}
{"stage": "jacobian", "checkpoint": "step40000", "completed": 2, "total": 100, "token": " 449", "rho": 1.012074589729309, "alpha": 1.012074589729309, "lyapunov_last_256": 0.0001435623331459935, "normalized_frobenius": 0.6876557469367981, "seconds": 10.742023807018995}
{"stage": "jacobian", "checkpoint": "step40000", "completed": 3, "total": 100, "token": "completion", "rho": 1.0494807958602905, "alpha": 1.0414541959762573, "lyapunov_last_256": -0.00014534516244092097, "normalized_frobenius": 0.705242931842804, "seconds": 12.780099377036095}
{"stage": "jacobian", "checkpoint": "step40000", "completed": 4, "total": 100, "token": "Py", "rho": 0.9878559708595276, "alpha": 0.987169623374939, "lyapunov_last_256": -7.81131046663692e-06, "normalized_frobenius": 0.6813938021659851, "seconds": 15.553794607520103}
{"stage": "jacobian", "checkpoint": "step40000", "completed": 5, "total": 100, "token": " circumference", "rho": 1.027750849723816, "alpha": 1.027750849723816, "lyapunov_last_256": 0.00016517136346795862, "normalized_frobenius": 0.6888107657432556, "seconds": 11.394854661077261}
{"stage": "jacobian", "checkpoint": "step40000", "completed": 6, "total": 100, "token": " involuntary", "rho": 1.0263241529464722, "alpha": 1.0254374742507935, "lyapunov_last_256": -8.022051953090393e-05, "normalized_frobenius": 0.6692329049110413, "seconds": 13.581927794963121}
{"stage": "jacobian", "checkpoint": "step40000", "completed": 7, "total": 100, "token": "立", "rho": 1.0336357355117798, "alpha": 1.0192461013793945, "lyapunov_last_256": 0.0003373441069727497, "normalized_frobenius": 0.6895129680633545, "seconds": 12.643228184431791}
{"stage": "jacobian", "checkpoint": "step40000", "completed": 8, "total": 100, "token": " CAD", "rho": 1.0462590456008911, "alpha": 1.04268479347229, "lyapunov_last_256": 4.024999117429466e-05, "normalized_frobenius": 0.7030404806137085, "seconds": 13.84209218248725}
{"stage": "jacobian", "checkpoint": "step40000", "completed": 9, "total": 100, "token": "alen", "rho": 0.9901807904243469, "alpha": 0.9895079135894775, "lyapunov_last_256": -9.349037378321434e-07, "normalized_frobenius": 0.6821231245994568, "seconds": 13.183550454676151}
{"stage": "jacobian", "checkpoint": "step40000", "completed": 10, "total": 100, "token": " Nokia", "rho": 1.0355920791625977, "alpha": 1.0355920791625977, "lyapunov_last_256": -0.0004037533479574968, "normalized_frobenius": 0.6798197031021118, "seconds": 14.498202785849571}
{"stage": "jacobian", "checkpoint": "step40000", "completed": 11, "total": 100, "token": "sidered", "rho": 1.0692118406295776, "alpha": 1.0692118406295776, "lyapunov_last_256": -0.0005723625877636894, "normalized_frobenius": 0.6966263055801392, "seconds": 14.109867952764034}
{"stage": "jacobian", "checkpoint": "step40000", "completed": 12, "total": 100, "token": "second", "rho": 1.0419135093688965, "alpha": 1.0419135093688965, "lyapunov_last_256": 4.884339883525591e-05, "normalized_frobenius": 0.703953742980957, "seconds": 13.544156692922115}
{"stage": "jacobian", "checkpoint": "step40000", "completed": 13, "total": 100, "token": " diagrams", "rho": 1.0320020914077759, "alpha": 1.0209167003631592, "lyapunov_last_256": 9.787734094646964e-05, "normalized_frobenius": 0.6990413665771484, "seconds": 14.14269895106554}
{"stage": "jacobian", "checkpoint": "step40000", "completed": 14, "total": 100, "token": " permeability", "rho": 1.005253553390503, "alpha": 1.005253553390503, "lyapunov_last_256": -2.9922543011171634e-05, "normalized_frobenius": 0.6645172834396362, "seconds": 14.682425759732723}
{"stage": "jacobian", "checkpoint": "step40000", "completed": 15, "total": 100, "token": " LE", "rho": 1.052869200706482, "alpha": 1.052869200706482, "lyapunov_last_256": -0.00011351499734966303, "normalized_frobenius": 0.6699984073638916, "seconds": 16.706499807536602}
{"stage": "jacobian", "checkpoint": "step40000", "completed": 16, "total": 100, "token": "urdy", "rho": 1.0331860780715942, "alpha": 1.0186634063720703, "lyapunov_last_256": 0.0003469056602963753, "normalized_frobenius": 0.6889854073524475, "seconds": 15.36690116673708}
{"stage": "jacobian", "checkpoint": "step40000", "completed": 17, "total": 100, "token": " 510", "rho": 1.0104154348373413, "alpha": 1.0104154348373413, "lyapunov_last_256": 0.00048269199099562274, "normalized_frobenius": 0.6908536553382874, "seconds": 14.46663834899664}
{"stage": "jacobian", "checkpoint": "step40000", "completed": 18, "total": 100, "token": "ochem", "rho": 1.066175937652588, "alpha": 1.066175937652588, "lyapunov_last_256": 0.00031538243838907863, "normalized_frobenius": 0.68596351146698, "seconds": 14.103429302573204}
{"stage": "jacobian", "checkpoint": "step40000", "completed": 19, "total": 100, "token": " phyt", "rho": 1.0023936033248901, "alpha": 1.0016772747039795, "lyapunov_last_256": -0.00016149083747527416, "normalized_frobenius": 0.6748804450035095, "seconds": 14.545086953788996}
{"stage": "jacobian", "checkpoint": "step40000", "completed": 20, "total": 100, "token": " filings", "rho": 1.0251234769821167, "alpha": 1.0215370655059814, "lyapunov_last_256": -0.00015096249494061858, "normalized_frobenius": 0.7029308676719666, "seconds": 14.912114758044481}
{"stage": "jacobian", "checkpoint": "step40000", "completed": 21, "total": 100, "token": " helical", "rho": 1.0632867813110352, "alpha": 1.0632867813110352, "lyapunov_last_256": 4.233909406449899e-05, "normalized_frobenius": 0.6951117515563965, "seconds": 15.200970601290464}
{"stage": "jacobian", "checkpoint": "step40000", "completed": 22, "total": 100, "token": " interplay", "rho": 1.0632174015045166, "alpha": 1.0576505661010742, "lyapunov_last_256": -6.13061063479739e-05, "normalized_frobenius": 0.7053583264350891, "seconds": 15.97798327356577}
{"stage": "jacobian", "checkpoint": "step40000", "completed": 23, "total": 100, "token": "cies", "rho": 0.9972047805786133, "alpha": 0.995864748954773, "lyapunov_last_256": 0.0009315009739954372, "normalized_frobenius": 0.6737200617790222, "seconds": 16.662069488316774}
{"stage": "jacobian", "checkpoint": "step40000", "completed": 24, "total": 100, "token": " harmonic", "rho": 1.0162218809127808, "alpha": 1.0128743648529053, "lyapunov_last_256": 3.620834996061195e-05, "normalized_frobenius": 0.7008638381958008, "seconds": 23.014112524688244}
{"stage": "jacobian", "checkpoint": "step40000", "completed": 25, "total": 100, "token": " inactivated", "rho": 1.040808916091919, "alpha": 1.040808916091919, "lyapunov_last_256": 0.00037705718069521495, "normalized_frobenius": 0.6867793202400208, "seconds": 20.896563559770584}
{"stage": "jacobian", "checkpoint": "step40000", "completed": 26, "total": 100, "token": " Maintenance", "rho": 1.0245877504348755, "alpha": 1.0237551927566528, "lyapunov_last_256": -0.000302591007971018, "normalized_frobenius": 0.6771376132965088, "seconds": 14.579656526446342}
{"stage": "jacobian", "checkpoint": "step40000", "completed": 27, "total": 100, "token": " pend", "rho": 1.0420907735824585, "alpha": 1.0420907735824585, "lyapunov_last_256": -0.00011955158831549823, "normalized_frobenius": 0.7044456601142883, "seconds": 19.731788273900747}
{"stage": "jacobian", "checkpoint": "step40000", "completed": 28, "total": 100, "token": " Pretty", "rho": 1.0275365114212036, "alpha": 1.0275365114212036, "lyapunov_last_256": 0.00016211587682042963, "normalized_frobenius": 0.6887930035591125, "seconds": 22.348860394209623}
{"stage": "jacobian", "checkpoint": "step40000", "completed": 29, "total": 100, "token": " 580", "rho": 1.0553340911865234, "alpha": 1.0553340911865234, "lyapunov_last_256": 0.0001057478184219719, "normalized_frobenius": 0.6915015578269958, "seconds": 23.57237821817398}
{"stage": "jacobian", "checkpoint": "step40000", "completed": 30, "total": 100, "token": "CH", "rho": 1.0656688213348389, "alpha": 1.0656688213348389, "lyapunov_last_256": -0.0005493885056048532, "normalized_frobenius": 0.698276937007904, "seconds": 22.490399308502674}
{"stage": "jacobian", "checkpoint": "step40000", "completed": 31, "total": 100, "token": "PI", "rho": 1.0698091983795166, "alpha": 1.0698091983795166, "lyapunov_last_256": -0.0005606822314129553, "normalized_frobenius": 0.6957982182502747, "seconds": 23.469535756856203}
{"stage": "jacobian", "checkpoint": "step40000", "completed": 32, "total": 100, "token": " shaping", "rho": 0.9977720379829407, "alpha": 0.997421145439148, "lyapunov_last_256": 0.00010950331469287999, "normalized_frobenius": 0.6858965158462524, "seconds": 20.084143064916134}
{"stage": "jacobian", "checkpoint": "step40000", "completed": 33, "total": 100, "token": " exams", "rho": 1.0624412298202515, "alpha": 1.0624412298202515, "lyapunov_last_256": 0.0001203811166557156, "normalized_frobenius": 0.68568354845047, "seconds": 23.20693862438202}
{"stage": "jacobian", "checkpoint": "step40000", "completed": 34, "total": 100, "token": "ilipp", "rho": 0.9991253614425659, "alpha": 0.998616099357605, "lyapunov_last_256": 0.0007629565168636699, "normalized_frobenius": 0.6817151308059692, "seconds": 21.992809489369392}
{"stage": "jacobian", "checkpoint": "step40000", "completed": 35, "total": 100, "token": "essential", "rho": 0.9991087317466736, "alpha": 0.9985824227333069, "lyapunov_last_256": 0.0007951034555042015, "normalized_frobenius": 0.6815199851989746, "seconds": 20.446223746985197}
{"stage": "jacobian", "checkpoint": "step40000", "completed": 36, "total": 100, "token": " Manufact", "rho": 1.0058863162994385, "alpha": 1.0048046112060547, "lyapunov_last_256": -3.344648685731983e-05, "normalized_frobenius": 0.6650434732437134, "seconds": 24.594313602894545}
{"stage": "jacobian", "checkpoint": "step40000", "completed": 37, "total": 100, "token": "christ", "rho": 1.0498422384262085, "alpha": 1.0498422384262085, "lyapunov_last_256": -0.0002760692215640904, "normalized_frobenius": 0.6712172627449036, "seconds": 24.705612756311893}
{"stage": "jacobian", "checkpoint": "step40000", "completed": 38, "total": 100, "token": "omed", "rho": 0.9842203259468079, "alpha": 0.9841762781143188, "lyapunov_last_256": 0.000476435212063546, "normalized_frobenius": 0.6654837131500244, "seconds": 24.861557263880968}
{"stage": "jacobian", "checkpoint": "step40000", "completed": 39, "total": 100, "token": "umu", "rho": 0.985211968421936, "alpha": 0.9844915866851807, "lyapunov_last_256": -7.695000044012027e-05, "normalized_frobenius": 0.6796531081199646, "seconds": 23.419548749923706}
{"stage": "jacobian", "checkpoint": "step40000", "completed": 40, "total": 100, "token": " tonight", "rho": 1.0536543130874634, "alpha": 1.0536543130874634, "lyapunov_last_256": -0.00029858076765142073, "normalized_frobenius": 0.6712729930877686, "seconds": 25.130146645009518}
{"stage": "jacobian", "checkpoint": "step40000", "completed": 41, "total": 100, "token": " geared", "rho": 1.002691388130188, "alpha": 1.0019958019256592, "lyapunov_last_256": -0.0001562209080952239, "normalized_frobenius": 0.6747480630874634, "seconds": 23.418096289038658}
{"stage": "jacobian", "checkpoint": "step40000", "completed": 42, "total": 100, "token": " trump", "rho": 1.035893201828003, "alpha": 1.035893201828003, "lyapunov_last_256": 4.826298571476984e-05, "normalized_frobenius": 0.7021925449371338, "seconds": 22.892103850841522}
{"stage": "jacobian", "checkpoint": "step40000", "completed": 43, "total": 100, "token": "leman", "rho": 1.0411614179611206, "alpha": 1.0378897190093994, "lyapunov_last_256": 7.70614060447825e-05, "normalized_frobenius": 0.7026464343070984, "seconds": 22.96026575192809}
{"stage": "jacobian", "checkpoint": "step40000", "completed": 44, "total": 100, "token": " assortment", "rho": 1.0332697629928589, "alpha": 1.0187668800354004, "lyapunov_last_256": 0.00033984544713441133, "normalized_frobenius": 0.689052164554596, "seconds": 24.890069026499987}
{"stage": "jacobian", "checkpoint": "step40000", "completed": 45, "total": 100, "token": " Sew", "rho": 1.0395228862762451, "alpha": 1.0395228862762451, "lyapunov_last_256": -0.0004361055108864905, "normalized_frobenius": 0.6815102696418762, "seconds": 23.433008898049593}
{"stage": "jacobian", "checkpoint": "step40000", "completed": 46, "total": 100, "token": " arresting", "rho": 1.0631530284881592, "alpha": 1.0631530284881592, "lyapunov_last_256": 0.003121742157620621, "normalized_frobenius": 0.6941192150115967, "seconds": 24.689222864806652}
{"stage": "jacobian", "checkpoint": "step40000", "completed": 47, "total": 100, "token": " assertion", "rho": 1.0518922805786133, "alpha": 1.0518922805786133, "lyapunov_last_256": -0.00028805569877521874, "normalized_frobenius": 0.6712416410446167, "seconds": 25.4574195407331}
{"stage": "jacobian", "checkpoint": "step40000", "completed": 48, "total": 100, "token": " unemployed", "rho": 0.9924167394638062, "alpha": 0.991775631904602, "lyapunov_last_256": 2.037308026027647e-05, "normalized_frobenius": 0.6827854514122009, "seconds": 22.51655226200819}
{"stage": "jacobian", "checkpoint": "step40000", "completed": 49, "total": 100, "token": " outgoing", "rho": 1.0060524940490723, "alpha": 1.0059257745742798, "lyapunov_last_256": -0.0001778857243608697, "normalized_frobenius": 0.6723623871803284, "seconds": 21.418316084891558}
{"stage": "jacobian", "checkpoint": "step40000", "completed": 50, "total": 100, "token": " floated", "rho": 1.0227839946746826, "alpha": 1.0192790031433105, "lyapunov_last_256": -0.00010538941798189823, "normalized_frobenius": 0.7024341821670532, "seconds": 22.52693687006831}
{"stage": "jacobian", "checkpoint": "step40000", "completed": 51, "total": 100, "token": " portable", "rho": 1.0330069065093994, "alpha": 1.0186972618103027, "lyapunov_last_256": 0.00031585434773167973, "normalized_frobenius": 0.6906799674034119, "seconds": 26.18415354192257}
{"stage": "jacobian", "checkpoint": "step40000", "completed": 52, "total": 100, "token": "olev", "rho": 0.9953266382217407, "alpha": 0.9933333992958069, "lyapunov_last_256": 0.0010089127144781928, "normalized_frobenius": 0.6690759658813477, "seconds": 23.458328988403082}
{"stage": "jacobian", "checkpoint": "step40000", "completed": 53, "total": 100, "token": " Bread", "rho": 0.9988769888877869, "alpha": 0.9858648180961609, "lyapunov_last_256": -3.722585292751903e-05, "normalized_frobenius": 0.6642667651176453, "seconds": 23.238073732703924}
{"stage": "jacobian", "checkpoint": "step40000", "completed": 54, "total": 100, "token": " Alban", "rho": 1.0152252912521362, "alpha": 1.0152252912521362, "lyapunov_last_256": -0.0001823065132716252, "normalized_frobenius": 0.6719684600830078, "seconds": 24.50925038009882}
{"stage": "jacobian", "checkpoint": "step40000", "completed": 55, "total": 100, "token": "gae", "rho": 1.027299404144287, "alpha": 1.0264421701431274, "lyapunov_last_256": -8.960324719745413e-05, "normalized_frobenius": 0.6701316833496094, "seconds": 22.9742990732193}
{"stage": "jacobian", "checkpoint": "step40000", "completed": 56, "total": 100, "token": " thorough", "rho": 1.0643863677978516, "alpha": 1.0643863677978516, "lyapunov_last_256": -0.0005515094005856402, "normalized_frobenius": 0.6907755136489868, "seconds": 19.671357411891222}
{"stage": "jacobian", "checkpoint": "step40000", "completed": 57, "total": 100, "token": " integration", "rho": 1.05579674243927, "alpha": 1.05579674243927, "lyapunov_last_256": 9.153683472743813e-05, "normalized_frobenius": 0.6915761828422546, "seconds": 23.070795357227325}
{"stage": "jacobian", "checkpoint": "step40000", "completed": 58, "total": 100, "token": " sits", "rho": 0.9921589493751526, "alpha": 0.9911656975746155, "lyapunov_last_256": -0.00012429574038253974, "normalized_frobenius": 0.677609920501709, "seconds": 22.274301432073116}
{"stage": "jacobian", "checkpoint": "step40000", "completed": 59, "total": 100, "token": " nit", "rho": 0.985901415348053, "alpha": 0.9852116107940674, "lyapunov_last_256": -5.19140976118649e-05, "normalized_frobenius": 0.6804723739624023, "seconds": 22.85798168927431}
{"stage": "jacobian", "checkpoint": "step40000", "completed": 60, "total": 100, "token": " drifting", "rho": 1.053350806236267, "alpha": 1.053350806236267, "lyapunov_last_256": 0.00017203234020863592, "normalized_frobenius": 0.6912165880203247, "seconds": 22.069696556776762}
{"stage": "jacobian", "checkpoint": "step40000", "completed": 61, "total": 100, "token": " 1864", "rho": 1.0589739084243774, "alpha": 1.0589739084243774, "lyapunov_last_256": 8.092863197518038e-05, "normalized_frobenius": 0.6922134757041931, "seconds": 22.499809432774782}
{"stage": "jacobian", "checkpoint": "step40000", "completed": 62, "total": 100, "token": "othe", "rho": 0.9933988451957703, "alpha": 0.9908702969551086, "lyapunov_last_256": 0.0009170985890378791, "normalized_frobenius": 0.6629425287246704, "seconds": 20.175069015473127}
{"stage": "jacobian", "checkpoint": "step40000", "completed": 63, "total": 100, "token": " notion", "rho": 0.9980462193489075, "alpha": 0.9971424341201782, "lyapunov_last_256": -0.00014570675681352808, "normalized_frobenius": 0.6763626933097839, "seconds": 19.121904715895653}
{"stage": "jacobian", "checkpoint": "step40000", "completed": 64, "total": 100, "token": " publicity", "rho": 1.0576672554016113, "alpha": 1.0576672554016113, "lyapunov_last_256": -0.0003020607105729306, "normalized_frobenius": 0.671285092830658, "seconds": 18.56860902160406}
{"stage": "jacobian", "checkpoint": "step40000", "completed": 65, "total": 100, "token": " disguised", "rho": 1.0279474258422852, "alpha": 1.0242187976837158, "lyapunov_last_256": -0.00025453135869098545, "normalized_frobenius": 0.7034912705421448, "seconds": 20.045062761753798}
{"stage": "jacobian", "checkpoint": "step40000", "completed": 66, "total": 100, "token": " routine", "rho": 1.0159728527069092, "alpha": 1.0159728527069092, "lyapunov_last_256": 0.00036668876010811024, "normalized_frobenius": 0.6664108037948608, "seconds": 20.939629308879375}
{"stage": "jacobian", "checkpoint": "step40000", "completed": 67, "total": 100, "token": " Panama", "rho": 0.9936259388923645, "alpha": 0.9930100440979004, "lyapunov_last_256": 3.24467260687405e-05, "normalized_frobenius": 0.6831671595573425, "seconds": 23.857422422617674}
{"stage": "jacobian", "checkpoint": "step40000", "completed": 68, "total": 100, "token": " happening", "rho": 1.0101476907730103, "alpha": 1.0101476907730103, "lyapunov_last_256": -5.0994928497350654e-05, "normalized_frobenius": 0.6650059223175049, "seconds": 22.18439842760563}
{"stage": "jacobian", "checkpoint": "step40000", "completed": 69, "total": 100, "token": "ending", "rho": 1.0615551471710205, "alpha": 1.0615551471710205, "lyapunov_last_256": 0.0003664340770736401, "normalized_frobenius": 0.6862183213233948, "seconds": 18.156983077526093}
{"stage": "jacobian", "checkpoint": "step40000", "completed": 70, "total": 100, "token": " paved", "rho": 1.0418915748596191, "alpha": 1.0418915748596191, "lyapunov_last_256": 8.68415469855462e-05, "normalized_frobenius": 0.6685152053833008, "seconds": 20.349680844694376}
{"stage": "jacobian", "checkpoint": "step40000", "completed": 71, "total": 100, "token": " bu", "rho": 1.0277127027511597, "alpha": 1.0238460302352905, "lyapunov_last_256": -0.0003377174302574906, "normalized_frobenius": 0.7034264802932739, "seconds": 21.531900372356176}
{"stage": "jacobian", "checkpoint": "step40000", "completed": 72, "total": 100, "token": " crucial", "rho": 1.0619981288909912, "alpha": 1.0569095611572266, "lyapunov_last_256": -4.014304112201256e-05, "normalized_frobenius": 0.7049777507781982, "seconds": 20.91977120935917}
{"stage": "jacobian", "checkpoint": "step40000", "completed": 73, "total": 100, "token": "ographical", "rho": 1.0487595796585083, "alpha": 1.0415585041046143, "lyapunov_last_256": -0.00013833754795373088, "normalized_frobenius": 0.7051854729652405, "seconds": 22.41399396583438}
{"stage": "jacobian", "checkpoint": "step40000", "completed": 74, "total": 100, "token": " Hunter", "rho": 1.0255489349365234, "alpha": 1.0219457149505615, "lyapunov_last_256": -0.00015988841125861956, "normalized_frobenius": 0.7030184268951416, "seconds": 23.208369679749012}
{"stage": "jacobian", "checkpoint": "step40000", "completed": 75, "total": 100, "token": " Thailand", "rho": 1.0213934183120728, "alpha": 1.0213934183120728, "lyapunov_last_256": -0.00012771728790730993, "normalized_frobenius": 0.6697768568992615, "seconds": 22.364139281213284}
{"stage": "jacobian", "checkpoint": "step40000", "completed": 76, "total": 100, "token": " options", "rho": 1.0603086948394775, "alpha": 1.0603086948394775, "lyapunov_last_256": -0.0005408746301384202, "normalized_frobenius": 0.689037024974823, "seconds": 20.980596039444208}
{"stage": "jacobian", "checkpoint": "step40000", "completed": 77, "total": 100, "token": " thereby", "rho": 1.021252155303955, "alpha": 1.021252155303955, "lyapunov_last_256": -0.00013326056610110743, "normalized_frobenius": 0.6696641445159912, "seconds": 19.70136497914791}
{"stage": "jacobian", "checkpoint": "step40000", "completed": 78, "total": 100, "token": " Å", "rho": 0.9945672750473022, "alpha": 0.9920593500137329, "lyapunov_last_256": 0.0010360636595443434, "normalized_frobenius": 0.6659637689590454, "seconds": 23.72481305524707}
{"stage": "jacobian", "checkpoint": "step40000", "completed": 79, "total": 100, "token": " supports", "rho": 1.0507688522338867, "alpha": 1.0469133853912354, "lyapunov_last_256": -0.001440958307260498, "normalized_frobenius": 0.7034444212913513, "seconds": 23.326366685330868}
{"stage": "jacobian", "checkpoint": "step40000", "completed": 80, "total": 100, "token": " knows", "rho": 1.0697886943817139, "alpha": 1.0697886943817139, "lyapunov_last_256": -0.0005588675169576449, "normalized_frobenius": 0.6958514451980591, "seconds": 21.311843026429415}
{"stage": "jacobian", "checkpoint": "step40000", "completed": 81, "total": 100, "token": "rum", "rho": 1.057844877243042, "alpha": 1.057844877243042, "lyapunov_last_256": -0.00030542482993780706, "normalized_frobenius": 0.6712597012519836, "seconds": 21.925193566828966}
{"stage": "jacobian", "checkpoint": "step40000", "completed": 82, "total": 100, "token": " Son", "rho": 0.989842414855957, "alpha": 0.9880648255348206, "lyapunov_last_256": 0.000788776901020318, "normalized_frobenius": 0.6635335683822632, "seconds": 23.954827912151814}
{"stage": "jacobian", "checkpoint": "step40000", "completed": 83, "total": 100, "token": " impressed", "rho": 1.028076171875, "alpha": 1.028076171875, "lyapunov_last_256": -0.00028612641192608454, "normalized_frobenius": 0.6754734516143799, "seconds": 16.78987618535757}
{"stage": "jacobian", "checkpoint": "step40000", "completed": 84, "total": 100, "token": " smooth", "rho": 0.9925018548965454, "alpha": 0.9922620058059692, "lyapunov_last_256": 0.0014495333725524301, "normalized_frobenius": 0.6868418455123901, "seconds": 5.853536237031221}
{"stage": "jacobian", "checkpoint": "step40000", "completed": 85, "total": 100, "token": "igo", "rho": 0.9986127018928528, "alpha": 0.9977794289588928, "lyapunov_last_256": 0.0008362714070118005, "normalized_frobenius": 0.6782558560371399, "seconds": 4.806286718696356}
{"stage": "jacobian", "checkpoint": "step40000", "completed": 86, "total": 100, "token": " Coleman", "rho": 1.0692929029464722, "alpha": 1.0692929029464722, "lyapunov_last_256": -0.0005592265016936013, "normalized_frobenius": 0.6965543031692505, "seconds": 5.556052032858133}
{"stage": "jacobian", "checkpoint": "step40000", "completed": 87, "total": 100, "token": " arriving", "rho": 1.057418704032898, "alpha": 1.049674391746521, "lyapunov_last_256": -0.00013778837411992576, "normalized_frobenius": 0.7057286500930786, "seconds": 6.274736106395721}
{"stage": "jacobian", "checkpoint": "step40000", "completed": 88, "total": 100, "token": " Gab", "rho": 1.0419645309448242, "alpha": 1.0419645309448242, "lyapunov_last_256": 0.0001484409531130283, "normalized_frobenius": 0.6900482773780823, "seconds": 4.880638442933559}
{"stage": "jacobian", "checkpoint": "step40000", "completed": 89, "total": 100, "token": " speech", "rho": 0.9977157115936279, "alpha": 0.9972702264785767, "lyapunov_last_256": 8.51368230914782e-05, "normalized_frobenius": 0.6850773096084595, "seconds": 6.260364919900894}
{"stage": "jacobian", "checkpoint": "step40000", "completed": 90, "total": 100, "token": " Ho", "rho": 1.0558444261550903, "alpha": 1.0558444261550903, "lyapunov_last_256": 0.00010410643567634404, "normalized_frobenius": 0.6915832757949829, "seconds": 5.675598654896021}
{"stage": "jacobian", "checkpoint": "step40000", "completed": 91, "total": 100, "token": " involved", "rho": 1.0442025661468506, "alpha": 1.0440421104431152, "lyapunov_last_256": -4.360482453853178e-05, "normalized_frobenius": 0.6856271028518677, "seconds": 6.088342629373074}
{"stage": "jacobian", "checkpoint": "step40000", "completed": 92, "total": 100, "token": " entered", "rho": 1.0501878261566162, "alpha": 1.0413390398025513, "lyapunov_last_256": -0.00014493558144000634, "normalized_frobenius": 0.7052965760231018, "seconds": 4.913820449262857}
{"stage": "jacobian", "checkpoint": "step40000", "completed": 93, "total": 100, "token": " track", "rho": 1.0051072835922241, "alpha": 1.0051072835922241, "lyapunov_last_256": 0.000519974559839558, "normalized_frobenius": 0.6895892024040222, "seconds": 5.84978361800313}
{"stage": "jacobian", "checkpoint": "step40000", "completed": 94, "total": 100, "token": " 1", "rho": 0.9933450818061829, "alpha": 0.9908292293548584, "lyapunov_last_256": 0.0009142298171668589, "normalized_frobenius": 0.6629436016082764, "seconds": 6.163602136075497}
{"stage": "jacobian", "checkpoint": "step40000", "completed": 95, "total": 100, "token": " use", "rho": 1.0574249029159546, "alpha": 1.053020715713501, "lyapunov_last_256": 6.434554405251159e-06, "normalized_frobenius": 0.7042053937911987, "seconds": 5.760159406810999}
{"stage": "jacobian", "checkpoint": "step40000", "completed": 96, "total": 100, "token": " million", "rho": 1.0655473470687866, "alpha": 1.0655473470687866, "lyapunov_last_256": 0.00018633402136405627, "normalized_frobenius": 0.6857399940490723, "seconds": 5.3276630491018295}
{"stage": "jacobian", "checkpoint": "step40000", "completed": 97, "total": 100, "token": " Civil", "rho": 1.0574203729629517, "alpha": 1.0574203729629517, "lyapunov_last_256": 8.213327990513949e-05, "normalized_frobenius": 0.6918688416481018, "seconds": 4.626703437417746}
{"stage": "jacobian", "checkpoint": "step40000", "completed": 98, "total": 100, "token": " bass", "rho": 1.052725911140442, "alpha": 1.052725911140442, "lyapunov_last_256": 0.00037478605391034114, "normalized_frobenius": 0.6865167021751404, "seconds": 5.135762546211481}
{"stage": "jacobian", "checkpoint": "step40000", "completed": 99, "total": 100, "token": "ium", "rho": 1.0219666957855225, "alpha": 1.0219666957855225, "lyapunov_last_256": -0.0001418978105008652, "normalized_frobenius": 0.6702622771263123, "seconds": 3.3135065846145153}
{"stage": "jacobian", "checkpoint": "step40000", "completed": 100, "total": 100, "token": " roles", "rho": 1.0168954133987427, "alpha": 1.0168954133987427, "lyapunov_last_256": -0.0001843213011152606, "normalized_frobenius": 0.6719349026679993, "seconds": 1.8067669309675694}
