{"stage": "dynamics_lyapunov", "dynamic_step": 256}
{"stage": "dynamics_lyapunov", "dynamic_step": 512}
{"stage": "dynamics_lyapunov", "dynamic_step": 768}
{"stage": "dynamics_lyapunov", "dynamic_step": 1024}
{"stage": "jacobian", "checkpoint": "step2000", "completed": 14, "total": 100, "token": " permeability", "rho": 0.9856065511703491, "alpha": 0.9856065511703491, "lyapunov_last_256": -0.014498509675147583, "normalized_frobenius": 0.6436906456947327, "seconds": 0.14517847076058388}
{"stage": "jacobian", "checkpoint": "step2000", "completed": 15, "total": 100, "token": " LE", "rho": 0.985603928565979, "alpha": 0.985603928565979, "lyapunov_last_256": -0.014498366991680183, "normalized_frobenius": 0.6436906456947327, "seconds": 0.13806986063718796}
{"stage": "jacobian", "checkpoint": "step2000", "completed": 16, "total": 100, "token": "urdy", "rho": 0.9856106638908386, "alpha": 0.9856106638908386, "lyapunov_last_256": -0.014498490067980959, "normalized_frobenius": 0.6436906456947327, "seconds": 0.13518425822257996}
{"stage": "jacobian", "checkpoint": "step2000", "completed": 17, "total": 100, "token": " 510", "rho": 0.9856076240539551, "alpha": 0.9856076240539551, "lyapunov_last_256": -0.014498426285631402, "normalized_frobenius": 0.6436906456947327, "seconds": 0.15324260666966438}
{"stage": "jacobian", "checkpoint": "step2000", "completed": 18, "total": 100, "token": "ochem", "rho": 0.9856117367744446, "alpha": 0.9856117367744446, "lyapunov_last_256": -0.014498261160259308, "normalized_frobenius": 0.6436906456947327, "seconds": 0.12825213372707367}
{"stage": "jacobian", "checkpoint": "step2000", "completed": 19, "total": 100, "token": " phyt", "rho": 0.985611617565155, "alpha": 0.985611617565155, "lyapunov_last_256": -0.014498348329439519, "normalized_frobenius": 0.6436907052993774, "seconds": 0.14734213799238205}
{"stage": "jacobian", "checkpoint": "step2000", "completed": 20, "total": 100, "token": " filings", "rho": 0.9856133460998535, "alpha": 0.9856133460998535, "lyapunov_last_256": -0.014498310768733981, "normalized_frobenius": 0.6436907052993774, "seconds": 0.14092326909303665}
{"stage": "jacobian", "checkpoint": "step2000", "completed": 21, "total": 100, "token": " helical", "rho": 0.9856104254722595, "alpha": 0.9856104254722595, "lyapunov_last_256": -0.01449818391278616, "normalized_frobenius": 0.6436906456947327, "seconds": 0.140467569231987}
{"stage": "jacobian", "checkpoint": "step2000", "completed": 22, "total": 100, "token": " interplay", "rho": 0.9856106042861938, "alpha": 0.9856106042861938, "lyapunov_last_256": -0.014498565425653046, "normalized_frobenius": 0.6436906456947327, "seconds": 0.1404014565050602}
{"stage": "jacobian", "checkpoint": "step2000", "completed": 23, "total": 100, "token": "cies", "rho": 0.9856091141700745, "alpha": 0.9856091141700745, "lyapunov_last_256": -0.014498318564352275, "normalized_frobenius": 0.6436906456947327, "seconds": 0.12900486961007118}
{"stage": "jacobian", "checkpoint": "step2000", "completed": 24, "total": 100, "token": " harmonic", "rho": 0.9856034517288208, "alpha": 0.9856034517288208, "lyapunov_last_256": -0.014498325651277915, "normalized_frobenius": 0.6436906456947327, "seconds": 0.13318053260445595}
{"stage": "jacobian", "checkpoint": "step2000", "completed": 25, "total": 100, "token": " inactivated", "rho": 0.9856069087982178, "alpha": 0.9856069087982178, "lyapunov_last_256": -0.014498363211984838, "normalized_frobenius": 0.6436905860900879, "seconds": 0.13517802208662033}
{"stage": "jacobian", "checkpoint": "step2000", "completed": 26, "total": 100, "token": " Maintenance", "rho": 0.9856086373329163, "alpha": 0.9856086373329163, "lyapunov_last_256": -0.014498257144334835, "normalized_frobenius": 0.6436906456947327, "seconds": 0.14636408165097237}
{"stage": "jacobian", "checkpoint": "step2000", "completed": 27, "total": 100, "token": " pend", "rho": 0.9856109023094177, "alpha": 0.9856109023094177, "lyapunov_last_256": -0.014498368172835703, "normalized_frobenius": 0.6436906456947327, "seconds": 0.13304846733808517}
{"stage": "jacobian", "checkpoint": "step2000", "completed": 28, "total": 100, "token": " Pretty", "rho": 0.9856114983558655, "alpha": 0.9856114983558655, "lyapunov_last_256": -0.014498413529164178, "normalized_frobenius": 0.6436906456947327, "seconds": 0.13517796620726585}
{"stage": "jacobian", "checkpoint": "step2000", "completed": 29, "total": 100, "token": " 580", "rho": 0.9856092929840088, "alpha": 0.9856092929840088, "lyapunov_last_256": -0.014498537786632116, "normalized_frobenius": 0.6436906456947327, "seconds": 0.1511707939207554}
{"stage": "jacobian", "checkpoint": "step2000", "completed": 30, "total": 100, "token": "CH", "rho": 0.9856094121932983, "alpha": 0.9856094121932983, "lyapunov_last_256": -0.014498435262405806, "normalized_frobenius": 0.6436906456947327, "seconds": 0.14213278889656067}
{"stage": "jacobian", "checkpoint": "step2000", "completed": 31, "total": 100, "token": "PI", "rho": 0.9856112599372864, "alpha": 0.9856112599372864, "lyapunov_last_256": -0.014498555740182183, "normalized_frobenius": 0.6436907052993774, "seconds": 0.13160373270511627}
{"stage": "jacobian", "checkpoint": "step2000", "completed": 32, "total": 100, "token": " shaping", "rho": 0.9856078028678894, "alpha": 0.9856078028678894, "lyapunov_last_256": -0.014498231158944892, "normalized_frobenius": 0.6436907052993774, "seconds": 0.11776242032647133}
{"stage": "jacobian", "checkpoint": "step2000", "completed": 33, "total": 100, "token": " exams", "rho": 0.9856069684028625, "alpha": 0.9856069684028625, "lyapunov_last_256": -0.014498267066028296, "normalized_frobenius": 0.6436907052993774, "seconds": 0.1379762664437294}
{"stage": "jacobian", "checkpoint": "step2000", "completed": 34, "total": 100, "token": "ilipp", "rho": 0.9856106638908386, "alpha": 0.9856106638908386, "lyapunov_last_256": -0.014498212260481862, "normalized_frobenius": 0.6436907052993774, "seconds": 0.14149676635861397}
{"stage": "jacobian", "checkpoint": "step2000", "completed": 35, "total": 100, "token": "essential", "rho": 0.9856088161468506, "alpha": 0.9856088161468506, "lyapunov_last_256": -0.014498472586891274, "normalized_frobenius": 0.6436906456947327, "seconds": 0.1376798041164875}
{"stage": "jacobian", "checkpoint": "step2000", "completed": 36, "total": 100, "token": " Manufact", "rho": 0.9856092929840088, "alpha": 0.9856092929840088, "lyapunov_last_256": -0.014498423450860339, "normalized_frobenius": 0.6436906456947327, "seconds": 0.1416538693010807}
{"stage": "jacobian", "checkpoint": "step2000", "completed": 37, "total": 100, "token": "christ", "rho": 0.985609233379364, "alpha": 0.985609233379364, "lyapunov_last_256": -0.014498306989039122, "normalized_frobenius": 0.6436906456947327, "seconds": 0.15913134440779686}
{"stage": "jacobian", "checkpoint": "step2000", "completed": 38, "total": 100, "token": "omed", "rho": 0.9856075644493103, "alpha": 0.9856075644493103, "lyapunov_last_256": -0.014498273208030415, "normalized_frobenius": 0.6436906456947327, "seconds": 0.1335422471165657}
{"stage": "jacobian", "checkpoint": "step2000", "completed": 39, "total": 100, "token": "umu", "rho": 0.9856078624725342, "alpha": 0.9856078624725342, "lyapunov_last_256": -0.014498301319499259, "normalized_frobenius": 0.6436906456947327, "seconds": 0.14843541011214256}
{"stage": "jacobian", "checkpoint": "step2000", "completed": 40, "total": 100, "token": " tonight", "rho": 0.9856076836585999, "alpha": 0.9856076836585999, "lyapunov_last_256": -0.014498454397110894, "normalized_frobenius": 0.6436906456947327, "seconds": 0.12426742538809776}
{"stage": "jacobian", "checkpoint": "step2000", "completed": 41, "total": 100, "token": " geared", "rho": 0.985608696937561, "alpha": 0.985608696937561, "lyapunov_last_256": -0.014498517943231846, "normalized_frobenius": 0.6436906456947327, "seconds": 0.13784488663077354}
{"stage": "jacobian", "checkpoint": "step2000", "completed": 42, "total": 100, "token": " trump", "rho": 0.9856065511703491, "alpha": 0.9856065511703491, "lyapunov_last_256": -0.01449844754641468, "normalized_frobenius": 0.6436906456947327, "seconds": 0.15017984807491302}
{"stage": "jacobian", "checkpoint": "step2000", "completed": 43, "total": 100, "token": "leman", "rho": 0.9856074452400208, "alpha": 0.9856074452400208, "lyapunov_last_256": -0.01449842368709127, "normalized_frobenius": 0.6436907052993774, "seconds": 0.1427370235323906}
{"stage": "jacobian", "checkpoint": "step2000", "completed": 44, "total": 100, "token": " assortment", "rho": 0.9856088757514954, "alpha": 0.9856088757514954, "lyapunov_last_256": -0.01449853613301551, "normalized_frobenius": 0.6436907052993774, "seconds": 0.12645789980888367}
{"stage": "jacobian", "checkpoint": "step2000", "completed": 45, "total": 100, "token": " Sew", "rho": 0.9856075048446655, "alpha": 0.9856075048446655, "lyapunov_last_256": -0.014498360377215056, "normalized_frobenius": 0.6436906456947327, "seconds": 0.1507546231150627}
{"stage": "jacobian", "checkpoint": "step2000", "completed": 46, "total": 100, "token": " arresting", "rho": 0.9856076240539551, "alpha": 0.9856076240539551, "lyapunov_last_256": -0.014498216276404163, "normalized_frobenius": 0.6436907052993774, "seconds": 0.1271645836532116}
{"stage": "jacobian", "checkpoint": "step2000", "completed": 47, "total": 100, "token": " assertion", "rho": 0.9856069684028625, "alpha": 0.9856069684028625, "lyapunov_last_256": -0.01449843006532708, "normalized_frobenius": 0.6436906456947327, "seconds": 0.17008092999458313}
{"stage": "jacobian", "checkpoint": "step2000", "completed": 48, "total": 100, "token": " unemployed", "rho": 0.9856055378913879, "alpha": 0.9856055378913879, "lyapunov_last_256": -0.01449840644223701, "normalized_frobenius": 0.6436906456947327, "seconds": 0.13000231981277466}
{"stage": "jacobian", "checkpoint": "step2000", "completed": 49, "total": 100, "token": " outgoing", "rho": 0.9856119155883789, "alpha": 0.9856119155883789, "lyapunov_last_256": -0.01449852810116212, "normalized_frobenius": 0.6436907052993774, "seconds": 0.13899533078074455}
{"stage": "jacobian", "checkpoint": "step2000", "completed": 50, "total": 100, "token": " floated", "rho": 0.9856052994728088, "alpha": 0.9856052994728088, "lyapunov_last_256": -0.014498462428962171, "normalized_frobenius": 0.6436906456947327, "seconds": 0.13455792888998985}
{"stage": "jacobian", "checkpoint": "step2000", "completed": 51, "total": 100, "token": " portable", "rho": 0.9856063723564148, "alpha": 0.9856063723564148, "lyapunov_last_256": -0.014498523612775252, "normalized_frobenius": 0.6436906456947327, "seconds": 0.1584266871213913}
{"stage": "jacobian", "checkpoint": "step2000", "completed": 52, "total": 100, "token": "olev", "rho": 0.985606849193573, "alpha": 0.985606849193573, "lyapunov_last_256": -0.01449826423125839, "normalized_frobenius": 0.6436907052993774, "seconds": 0.13425930216908455}
{"stage": "jacobian", "checkpoint": "step2000", "completed": 53, "total": 100, "token": " Bread", "rho": 0.9856076240539551, "alpha": 0.9856076240539551, "lyapunov_last_256": -0.014498291870267075, "normalized_frobenius": 0.6436906456947327, "seconds": 0.18856298178434372}
{"stage": "jacobian", "checkpoint": "step2000", "completed": 54, "total": 100, "token": " Alban", "rho": 0.9856085181236267, "alpha": 0.9856085181236267, "lyapunov_last_256": -0.014498451326109298, "normalized_frobenius": 0.6436906456947327, "seconds": 0.1465335562825203}
{"stage": "jacobian", "checkpoint": "step2000", "completed": 55, "total": 100, "token": "gae", "rho": 0.9856053590774536, "alpha": 0.9856053590774536, "lyapunov_last_256": -0.014498538731557821, "normalized_frobenius": 0.6436907052993774, "seconds": 0.13365279510617256}
{"stage": "jacobian", "checkpoint": "step2000", "completed": 56, "total": 100, "token": " thorough", "rho": 0.9856064915657043, "alpha": 0.9856064915657043, "lyapunov_last_256": -0.01449815887232278, "normalized_frobenius": 0.6436906456947327, "seconds": 0.17316357046365738}
{"stage": "jacobian", "checkpoint": "step2000", "completed": 57, "total": 100, "token": " integration", "rho": 0.9856091737747192, "alpha": 0.9856091737747192, "lyapunov_last_256": -0.014498557393802012, "normalized_frobenius": 0.6436907052993774, "seconds": 0.17364462092518806}
{"stage": "jacobian", "checkpoint": "step2000", "completed": 58, "total": 100, "token": " sits", "rho": 0.9856052994728088, "alpha": 0.9856052994728088, "lyapunov_last_256": -0.014498290452880458, "normalized_frobenius": 0.6436907052993774, "seconds": 0.16681255400180817}
{"stage": "jacobian", "checkpoint": "step2000", "completed": 59, "total": 100, "token": " nit", "rho": 0.9856081008911133, "alpha": 0.9856081008911133, "lyapunov_last_256": -0.01449835210913478, "normalized_frobenius": 0.6436907052993774, "seconds": 0.15671948716044426}
{"stage": "jacobian", "checkpoint": "step2000", "completed": 60, "total": 100, "token": " drifting", "rho": 0.9856081008911133, "alpha": 0.9856081008911133, "lyapunov_last_256": -0.014498345022210155, "normalized_frobenius": 0.6436907052993774, "seconds": 0.14613305777311325}
{"stage": "jacobian", "checkpoint": "step2000", "completed": 61, "total": 100, "token": " 1864", "rho": 0.9856069684028625, "alpha": 0.9856069684028625, "lyapunov_last_256": -0.01449833722659141, "normalized_frobenius": 0.6436906456947327, "seconds": 0.13232990354299545}
{"stage": "jacobian", "checkpoint": "step2000", "completed": 62, "total": 100, "token": "othe", "rho": 0.9856091737747192, "alpha": 0.9856091737747192, "lyapunov_last_256": -0.0144979876050464, "normalized_frobenius": 0.6436906456947327, "seconds": 0.13391944766044617}
{"stage": "jacobian", "checkpoint": "step2000", "completed": 63, "total": 100, "token": " notion", "rho": 0.9856058359146118, "alpha": 0.9856058359146118, "lyapunov_last_256": -0.014498498099831832, "normalized_frobenius": 0.6436906456947327, "seconds": 0.1486019231379032}
{"stage": "jacobian", "checkpoint": "step2000", "completed": 64, "total": 100, "token": " publicity", "rho": 0.9856107234954834, "alpha": 0.9856107234954834, "lyapunov_last_256": -0.014498470460813215, "normalized_frobenius": 0.6436905860900879, "seconds": 0.15260984003543854}
{"stage": "jacobian", "checkpoint": "step2000", "completed": 65, "total": 100, "token": " disguised", "rho": 0.9856087565422058, "alpha": 0.9856087565422058, "lyapunov_last_256": -0.014498526447545604, "normalized_frobenius": 0.6436907052993774, "seconds": 0.1324855238199234}
{"stage": "jacobian", "checkpoint": "step2000", "completed": 66, "total": 100, "token": " routine", "rho": 0.9856078028678894, "alpha": 0.9856078028678894, "lyapunov_last_256": -0.01449833675412917, "normalized_frobenius": 0.6436906456947327, "seconds": 0.12808832898736}
{"stage": "jacobian", "checkpoint": "step2000", "completed": 67, "total": 100, "token": " Panama", "rho": 0.9856064915657043, "alpha": 0.9856064915657043, "lyapunov_last_256": -0.014498513927307017, "normalized_frobenius": 0.6436907052993774, "seconds": 0.13834692910313606}
{"stage": "jacobian", "checkpoint": "step2000", "completed": 68, "total": 100, "token": " happening", "rho": 0.985609233379364, "alpha": 0.985609233379364, "lyapunov_last_256": -0.014498156510017056, "normalized_frobenius": 0.6436906456947327, "seconds": 0.15422698855400085}
{"stage": "jacobian", "checkpoint": "step2000", "completed": 69, "total": 100, "token": "ending", "rho": 0.9856076836585999, "alpha": 0.9856076836585999, "lyapunov_last_256": -0.014498278877568778, "normalized_frobenius": 0.6436906456947327, "seconds": 0.1486649252474308}
{"stage": "jacobian", "checkpoint": "step2000", "completed": 70, "total": 100, "token": " paved", "rho": 0.9856077432632446, "alpha": 0.9856077432632446, "lyapunov_last_256": -0.014498485815824285, "normalized_frobenius": 0.6436906456947327, "seconds": 0.13071278110146523}
{"stage": "jacobian", "checkpoint": "step2000", "completed": 71, "total": 100, "token": " bu", "rho": 0.985607922077179, "alpha": 0.985607922077179, "lyapunov_last_256": -0.014498325651278624, "normalized_frobenius": 0.6436906456947327, "seconds": 0.1332646906375885}
{"stage": "jacobian", "checkpoint": "step2000", "completed": 72, "total": 100, "token": " crucial", "rho": 0.9856042861938477, "alpha": 0.9856042861938477, "lyapunov_last_256": -0.01449827769641634, "normalized_frobenius": 0.6436906456947327, "seconds": 0.15429090335965157}
{"stage": "jacobian", "checkpoint": "step2000", "completed": 73, "total": 100, "token": "ographical", "rho": 0.9856076240539551, "alpha": 0.9856076240539551, "lyapunov_last_256": -0.014498505659222912, "normalized_frobenius": 0.6436906456947327, "seconds": 0.14547349140048027}
{"stage": "jacobian", "checkpoint": "step2000", "completed": 74, "total": 100, "token": " Hunter", "rho": 0.9856060147285461, "alpha": 0.9856060147285461, "lyapunov_last_256": -0.014498244151641394, "normalized_frobenius": 0.6436907052993774, "seconds": 0.1298820897936821}
{"stage": "jacobian", "checkpoint": "step2000", "completed": 75, "total": 100, "token": " Thailand", "rho": 0.9856094717979431, "alpha": 0.9856094717979431, "lyapunov_last_256": -0.014498497391141481, "normalized_frobenius": 0.6436907052993774, "seconds": 0.13139167428016663}
{"stage": "jacobian", "checkpoint": "step2000", "completed": 76, "total": 100, "token": " options", "rho": 0.9856105446815491, "alpha": 0.9856105446815491, "lyapunov_last_256": -0.014498529518551056, "normalized_frobenius": 0.6436907052993774, "seconds": 0.14313775673508644}
{"stage": "jacobian", "checkpoint": "step2000", "completed": 77, "total": 100, "token": " thereby", "rho": 0.985609233379364, "alpha": 0.985609233379364, "lyapunov_last_256": -0.014498495501293179, "normalized_frobenius": 0.6436907052993774, "seconds": 0.1382155679166317}
{"stage": "jacobian", "checkpoint": "step2000", "completed": 78, "total": 100, "token": " Å", "rho": 0.9856066107749939, "alpha": 0.9856066107749939, "lyapunov_last_256": -0.014498491957827517, "normalized_frobenius": 0.6436907052993774, "seconds": 0.14367790892720222}
{"stage": "jacobian", "checkpoint": "step2000", "completed": 79, "total": 100, "token": " supports", "rho": 0.9856085181236267, "alpha": 0.9856085181236267, "lyapunov_last_256": -0.01449838943361239, "normalized_frobenius": 0.6436906456947327, "seconds": 0.13774772360920906}
{"stage": "jacobian", "checkpoint": "step2000", "completed": 80, "total": 100, "token": " knows", "rho": 0.9856047034263611, "alpha": 0.9856047034263611, "lyapunov_last_256": -0.014498268483416574, "normalized_frobenius": 0.6436906456947327, "seconds": 0.148049958050251}
{"stage": "jacobian", "checkpoint": "step2000", "completed": 81, "total": 100, "token": "rum", "rho": 0.9856104850769043, "alpha": 0.9856104850769043, "lyapunov_last_256": -0.01449849337521302, "normalized_frobenius": 0.6436907052993774, "seconds": 0.1388556957244873}
{"stage": "jacobian", "checkpoint": "step2000", "completed": 82, "total": 100, "token": " Son", "rho": 0.9856074452400208, "alpha": 0.9856074452400208, "lyapunov_last_256": -0.014498296594883133, "normalized_frobenius": 0.6436907052993774, "seconds": 0.15622858330607414}
{"stage": "jacobian", "checkpoint": "step2000", "completed": 83, "total": 100, "token": " impressed", "rho": 0.9856076836585999, "alpha": 0.9856076836585999, "lyapunov_last_256": -0.014498440223255499, "normalized_frobenius": 0.6436907052993774, "seconds": 0.14656531438231468}
{"stage": "jacobian", "checkpoint": "step2000", "completed": 84, "total": 100, "token": " smooth", "rho": 0.9856103658676147, "alpha": 0.9856103658676147, "lyapunov_last_256": -0.0144984319551748, "normalized_frobenius": 0.6436907052993774, "seconds": 0.13068104535341263}
{"stage": "jacobian", "checkpoint": "step2000", "completed": 85, "total": 100, "token": "igo", "rho": 0.9856052398681641, "alpha": 0.9856052398681641, "lyapunov_last_256": -0.014498518415695516, "normalized_frobenius": 0.6436906456947327, "seconds": 0.14782529324293137}
{"stage": "jacobian", "checkpoint": "step2000", "completed": 86, "total": 100, "token": " Coleman", "rho": 0.9856050610542297, "alpha": 0.9856050610542297, "lyapunov_last_256": -0.014498183440327495, "normalized_frobenius": 0.6436907052993774, "seconds": 0.14920038357377052}
{"stage": "jacobian", "checkpoint": "step2000", "completed": 87, "total": 100, "token": " arriving", "rho": 0.9856088757514954, "alpha": 0.9856088757514954, "lyapunov_last_256": -0.01449838872492094, "normalized_frobenius": 0.6436906456947327, "seconds": 0.12663399428129196}
{"stage": "jacobian", "checkpoint": "step2000", "completed": 88, "total": 100, "token": " Gab", "rho": 0.9856085181236267, "alpha": 0.9856085181236267, "lyapunov_last_256": -0.01449852266785087, "normalized_frobenius": 0.6436907052993774, "seconds": 0.1467852108180523}
{"stage": "jacobian", "checkpoint": "step2000", "completed": 89, "total": 100, "token": " speech", "rho": 0.9856055378913879, "alpha": 0.9856055378913879, "lyapunov_last_256": -0.01449842061609143, "normalized_frobenius": 0.6436906456947327, "seconds": 0.14440138638019562}
{"stage": "jacobian", "checkpoint": "step2000", "completed": 90, "total": 100, "token": " Ho", "rho": 0.9856049418449402, "alpha": 0.9856049418449402, "lyapunov_last_256": -0.0144983511642117, "normalized_frobenius": 0.6436906456947327, "seconds": 0.1509779877960682}
{"stage": "jacobian", "checkpoint": "step2000", "completed": 91, "total": 100, "token": " involved", "rho": 0.9856102466583252, "alpha": 0.9856102466583252, "lyapunov_last_256": -0.014498247222637744, "normalized_frobenius": 0.6436907052993774, "seconds": 0.14106543362140656}
{"stage": "jacobian", "checkpoint": "step2000", "completed": 92, "total": 100, "token": " entered", "rho": 0.9856088161468506, "alpha": 0.9856088161468506, "lyapunov_last_256": -0.01449848699697795, "normalized_frobenius": 0.6436907052993774, "seconds": 0.13803080469369888}
{"stage": "jacobian", "checkpoint": "step2000", "completed": 93, "total": 100, "token": " track", "rho": 0.9856036305427551, "alpha": 0.9856036305427551, "lyapunov_last_256": -0.014498230686481595, "normalized_frobenius": 0.6436905860900879, "seconds": 0.1528317704796791}
{"stage": "jacobian", "checkpoint": "step2000", "completed": 94, "total": 100, "token": " 1", "rho": 0.9856086373329163, "alpha": 0.9856086373329163, "lyapunov_last_256": -0.014498298012267036, "normalized_frobenius": 0.6436907052993774, "seconds": 0.16579101607203484}
{"stage": "jacobian", "checkpoint": "step2000", "completed": 95, "total": 100, "token": " use", "rho": 0.9856055378913879, "alpha": 0.9856055378913879, "lyapunov_last_256": -0.014498493611444263, "normalized_frobenius": 0.6436907052993774, "seconds": 0.13747118785977364}
{"stage": "jacobian", "checkpoint": "step2000", "completed": 96, "total": 100, "token": " million", "rho": 0.9856081604957581, "alpha": 0.9856081604957581, "lyapunov_last_256": -0.014498400536465233, "normalized_frobenius": 0.6436907052993774, "seconds": 0.13044940307736397}
{"stage": "jacobian", "checkpoint": "step2000", "completed": 97, "total": 100, "token": " Civil", "rho": 0.9856042265892029, "alpha": 0.9856042265892029, "lyapunov_last_256": -0.01449843006532614, "normalized_frobenius": 0.6436905860900879, "seconds": 0.1498597450554371}
{"stage": "jacobian", "checkpoint": "step2000", "completed": 98, "total": 100, "token": " bass", "rho": 0.9856078624725342, "alpha": 0.9856078624725342, "lyapunov_last_256": -0.014498381874224055, "normalized_frobenius": 0.6436906456947327, "seconds": 0.15251079946756363}
{"stage": "jacobian", "checkpoint": "step2000", "completed": 99, "total": 100, "token": "ium", "rho": 0.9856125712394714, "alpha": 0.9856125712394714, "lyapunov_last_256": -0.014498394158230392, "normalized_frobenius": 0.6436906456947327, "seconds": 0.1467614509165287}
{"stage": "jacobian", "checkpoint": "step2000", "completed": 100, "total": 100, "token": " roles", "rho": 0.9856082201004028, "alpha": 0.9856082201004028, "lyapunov_last_256": -0.014498494320137743, "normalized_frobenius": 0.6436906456947327, "seconds": 0.14707619696855545}
{"stage": "dynamics_lyapunov", "dynamic_step": 256}
{"stage": "dynamics_lyapunov", "dynamic_step": 512}
{"stage": "dynamics_lyapunov", "dynamic_step": 768}
{"stage": "dynamics_lyapunov", "dynamic_step": 1024}
{"stage": "dynamics_lyapunov", "dynamic_step": 256}
{"stage": "dynamics_lyapunov", "dynamic_step": 512}
{"stage": "dynamics_lyapunov", "dynamic_step": 768}
{"stage": "dynamics_lyapunov", "dynamic_step": 1024}
{"stage": "jacobian", "checkpoint": "step7000", "completed": 1, "total": 100, "token": "locations", "rho": 1.0570034980773926, "alpha": 1.0565626621246338, "lyapunov_last_256": 0.016481025629193985, "normalized_frobenius": 0.7021380066871643, "seconds": 0.13992594555020332}
{"stage": "jacobian", "checkpoint": "step7000", "completed": 2, "total": 100, "token": " 449", "rho": 1.018355131149292, "alpha": 1.0167756080627441, "lyapunov_last_256": 0.016331765087292796, "normalized_frobenius": 0.7102580070495605, "seconds": 0.12050428241491318}
{"stage": "jacobian", "checkpoint": "step7000", "completed": 3, "total": 100, "token": "completion", "rho": 1.0006656646728516, "alpha": 0.9949406981468201, "lyapunov_last_256": -0.0025991540209196204, "normalized_frobenius": 0.6964784860610962, "seconds": 0.12908918783068657}
{"stage": "jacobian", "checkpoint": "step7000", "completed": 4, "total": 100, "token": "Py", "rho": 0.9925054907798767, "alpha": 0.9909448623657227, "lyapunov_last_256": -0.008323547531284793, "normalized_frobenius": 0.690509557723999, "seconds": 0.12639465183019638}
{"stage": "jacobian", "checkpoint": "step7000", "completed": 5, "total": 100, "token": " circumference", "rho": 0.9988806247711182, "alpha": 0.9988806247711182, "lyapunov_last_256": 0.012800198122315372, "normalized_frobenius": 0.6713298559188843, "seconds": 0.12562180683016777}
{"stage": "jacobian", "checkpoint": "step7000", "completed": 6, "total": 100, "token": " involuntary", "rho": 1.0708726644515991, "alpha": 1.0708726644515991, "lyapunov_last_256": 0.02283082341955837, "normalized_frobenius": 0.7030712962150574, "seconds": 0.1250055767595768}
{"stage": "jacobian", "checkpoint": "step7000", "completed": 7, "total": 100, "token": "立", "rho": 1.0794079303741455, "alpha": 1.0785149335861206, "lyapunov_last_256": 0.018608429914207917, "normalized_frobenius": 0.7094311714172363, "seconds": 0.13040290772914886}
{"stage": "jacobian", "checkpoint": "step7000", "completed": 8, "total": 100, "token": " CAD", "rho": 1.0733036994934082, "alpha": 1.0727696418762207, "lyapunov_last_256": 0.004879854009226322, "normalized_frobenius": 0.7133792042732239, "seconds": 0.1284525915980339}
{"stage": "jacobian", "checkpoint": "step7000", "completed": 9, "total": 100, "token": "alen", "rho": 1.0309405326843262, "alpha": 1.0111490488052368, "lyapunov_last_256": 0.03300787656705163, "normalized_frobenius": 0.7000616788864136, "seconds": 0.1367809772491455}
{"stage": "jacobian", "checkpoint": "step7000", "completed": 10, "total": 100, "token": " Nokia", "rho": 1.0798007249832153, "alpha": 1.0798007249832153, "lyapunov_last_256": 0.015012886423153899, "normalized_frobenius": 0.7170729041099548, "seconds": 0.12363613396883011}
{"stage": "jacobian", "checkpoint": "step7000", "completed": 11, "total": 100, "token": "sidered", "rho": 1.0568503141403198, "alpha": 1.0568503141403198, "lyapunov_last_256": 0.0004046172899002886, "normalized_frobenius": 0.6984012126922607, "seconds": 0.13394428044557571}
{"stage": "jacobian", "checkpoint": "step7000", "completed": 12, "total": 100, "token": "second", "rho": 1.0355920791625977, "alpha": 1.0231122970581055, "lyapunov_last_256": 0.01987626368661924, "normalized_frobenius": 0.7178358435630798, "seconds": 0.11298079416155815}
{"stage": "jacobian", "checkpoint": "step7000", "completed": 13, "total": 100, "token": " diagrams", "rho": 1.0061885118484497, "alpha": 1.0061885118484497, "lyapunov_last_256": 0.00563235374561289, "normalized_frobenius": 0.6960861086845398, "seconds": 0.12640861049294472}
{"stage": "jacobian", "checkpoint": "step7000", "completed": 14, "total": 100, "token": " permeability", "rho": 0.9915705919265747, "alpha": 0.9900528192520142, "lyapunov_last_256": -0.00967774857296989, "normalized_frobenius": 0.6901538968086243, "seconds": 0.14245061948895454}
{"stage": "jacobian", "checkpoint": "step7000", "completed": 15, "total": 100, "token": " LE", "rho": 1.0126638412475586, "alpha": 1.0126638412475586, "lyapunov_last_256": 0.020272139747187817, "normalized_frobenius": 0.6940718293190002, "seconds": 0.15395445376634598}
{"stage": "jacobian", "checkpoint": "step7000", "completed": 16, "total": 100, "token": "urdy", "rho": 1.0690852403640747, "alpha": 1.0690852403640747, "lyapunov_last_256": 0.01382852389554899, "normalized_frobenius": 0.7193613052368164, "seconds": 0.14269303902983665}
{"stage": "jacobian", "checkpoint": "step7000", "completed": 17, "total": 100, "token": " 510", "rho": 0.9983967542648315, "alpha": 0.9983967542648315, "lyapunov_last_256": -0.0021669539848931164, "normalized_frobenius": 0.6958009004592896, "seconds": 0.1448626033961773}
{"stage": "jacobian", "checkpoint": "step7000", "completed": 18, "total": 100, "token": "ochem", "rho": 1.051714539527893, "alpha": 1.051714539527893, "lyapunov_last_256": 0.017428786524571242, "normalized_frobenius": 0.7214986681938171, "seconds": 0.12836433202028275}
{"stage": "jacobian", "checkpoint": "step7000", "completed": 19, "total": 100, "token": " phyt", "rho": 1.0096807479858398, "alpha": 1.0050899982452393, "lyapunov_last_256": 0.014460840620258575, "normalized_frobenius": 0.7031183838844299, "seconds": 0.1501348838210106}
{"stage": "jacobian", "checkpoint": "step7000", "completed": 20, "total": 100, "token": " filings", "rho": 0.9996254444122314, "alpha": 0.9929041862487793, "lyapunov_last_256": 0.037207122860052004, "normalized_frobenius": 0.690755307674408, "seconds": 0.14656241610646248}
{"stage": "jacobian", "checkpoint": "step7000", "completed": 21, "total": 100, "token": " helical", "rho": 1.107422947883606, "alpha": 1.1052703857421875, "lyapunov_last_256": 0.023752735279742643, "normalized_frobenius": 0.7243767976760864, "seconds": 0.11779278889298439}
{"stage": "jacobian", "checkpoint": "step7000", "completed": 22, "total": 100, "token": " interplay", "rho": 1.088568925857544, "alpha": 1.0846755504608154, "lyapunov_last_256": 0.0055471344793300926, "normalized_frobenius": 0.7361674308776855, "seconds": 0.13566388562321663}
{"stage": "jacobian", "checkpoint": "step7000", "completed": 23, "total": 100, "token": "cies", "rho": 1.0336049795150757, "alpha": 1.0310492515563965, "lyapunov_last_256": 0.0157018575349708, "normalized_frobenius": 0.703885018825531, "seconds": 0.14468354359269142}
{"stage": "jacobian", "checkpoint": "step7000", "completed": 24, "total": 100, "token": " harmonic", "rho": 1.021513819694519, "alpha": 1.021513819694519, "lyapunov_last_256": 0.015614821514400877, "normalized_frobenius": 0.6956283450126648, "seconds": 0.12791982665657997}
{"stage": "jacobian", "checkpoint": "step7000", "completed": 25, "total": 100, "token": " inactivated", "rho": 0.9992489218711853, "alpha": 0.9959051012992859, "lyapunov_last_256": -0.0027073846951449158, "normalized_frobenius": 0.6961920261383057, "seconds": 0.17425676435232162}
{"stage": "jacobian", "checkpoint": "step7000", "completed": 26, "total": 100, "token": " Maintenance", "rho": 1.0329384803771973, "alpha": 1.0329384803771973, "lyapunov_last_256": 0.005649147699276585, "normalized_frobenius": 0.6944578886032104, "seconds": 0.13289454206824303}
{"stage": "jacobian", "checkpoint": "step7000", "completed": 27, "total": 100, "token": " pend", "rho": 1.0010169744491577, "alpha": 1.0010169744491577, "lyapunov_last_256": -0.001077091348314828, "normalized_frobenius": 0.6949901580810547, "seconds": 0.14877895638346672}
{"stage": "jacobian", "checkpoint": "step7000", "completed": 28, "total": 100, "token": " Pretty", "rho": 1.0326409339904785, "alpha": 1.0326409339904785, "lyapunov_last_256": 0.028333977621845658, "normalized_frobenius": 0.6842920780181885, "seconds": 0.13758230954408646}
{"stage": "jacobian", "checkpoint": "step7000", "completed": 29, "total": 100, "token": " 580", "rho": 0.9997574687004089, "alpha": 0.9970806241035461, "lyapunov_last_256": -0.0034121742275937646, "normalized_frobenius": 0.6960863471031189, "seconds": 0.14564764872193336}
{"stage": "jacobian", "checkpoint": "step7000", "completed": 30, "total": 100, "token": "CH", "rho": 1.0418394804000854, "alpha": 1.0418394804000854, "lyapunov_last_256": 0.022056099967095146, "normalized_frobenius": 0.6968947649002075, "seconds": 0.16765392199158669}
{"stage": "jacobian", "checkpoint": "step7000", "completed": 31, "total": 100, "token": "PI", "rho": 1.0178775787353516, "alpha": 1.0169106721878052, "lyapunov_last_256": 0.02655517800510128, "normalized_frobenius": 0.6902135610580444, "seconds": 0.13147853314876556}
{"stage": "jacobian", "checkpoint": "step7000", "completed": 32, "total": 100, "token": " shaping", "rho": 1.0550377368927002, "alpha": 1.0548923015594482, "lyapunov_last_256": 0.017535861499208216, "normalized_frobenius": 0.7041213512420654, "seconds": 0.13659867644309998}
{"stage": "jacobian", "checkpoint": "step7000", "completed": 33, "total": 100, "token": " exams", "rho": 1.0258244276046753, "alpha": 1.0258244276046753, "lyapunov_last_256": 0.009015290227778965, "normalized_frobenius": 0.6991098523139954, "seconds": 0.15185660496354103}
{"stage": "jacobian", "checkpoint": "step7000", "completed": 34, "total": 100, "token": "ilipp", "rho": 0.9925169348716736, "alpha": 0.9908110499382019, "lyapunov_last_256": -0.011803597673897118, "normalized_frobenius": 0.6904991865158081, "seconds": 0.1752489097416401}
{"stage": "jacobian", "checkpoint": "step7000", "completed": 35, "total": 100, "token": "essential", "rho": 1.080539584159851, "alpha": 1.080539584159851, "lyapunov_last_256": 0.01444019202510306, "normalized_frobenius": 0.7086254954338074, "seconds": 0.16710608080029488}
{"stage": "jacobian", "checkpoint": "step7000", "completed": 36, "total": 100, "token": " Manufact", "rho": 1.0135478973388672, "alpha": 1.0135478973388672, "lyapunov_last_256": 0.012758019408359897, "normalized_frobenius": 0.6952462792396545, "seconds": 0.13021055981516838}
{"stage": "jacobian", "checkpoint": "step7000", "completed": 37, "total": 100, "token": "christ", "rho": 1.0286037921905518, "alpha": 1.0286037921905518, "lyapunov_last_256": 0.009702433776060362, "normalized_frobenius": 0.6994263529777527, "seconds": 0.129196397960186}
{"stage": "jacobian", "checkpoint": "step7000", "completed": 38, "total": 100, "token": "omed", "rho": 1.0394115447998047, "alpha": 1.0381841659545898, "lyapunov_last_256": 0.022354286205681476, "normalized_frobenius": 0.7121477127075195, "seconds": 0.1395215541124344}
{"stage": "jacobian", "checkpoint": "step7000", "completed": 39, "total": 100, "token": "umu", "rho": 1.0305198431015015, "alpha": 1.0243247747421265, "lyapunov_last_256": 0.016316227208755845, "normalized_frobenius": 0.7131341695785522, "seconds": 0.1576157733798027}
{"stage": "jacobian", "checkpoint": "step7000", "completed": 40, "total": 100, "token": " tonight", "rho": 1.0168312788009644, "alpha": 1.0122933387756348, "lyapunov_last_256": 0.008320556184744797, "normalized_frobenius": 0.6762744188308716, "seconds": 0.13348804041743279}
{"stage": "jacobian", "checkpoint": "step7000", "completed": 41, "total": 100, "token": " geared", "rho": 1.0544466972351074, "alpha": 1.053532600402832, "lyapunov_last_256": 0.0015320600736235621, "normalized_frobenius": 0.7218098640441895, "seconds": 0.16446497291326523}
{"stage": "jacobian", "checkpoint": "step7000", "completed": 42, "total": 100, "token": " trump", "rho": 1.000807285308838, "alpha": 0.9990796446800232, "lyapunov_last_256": 0.010169128078729014, "normalized_frobenius": 0.7035583853721619, "seconds": 0.1323745734989643}
{"stage": "jacobian", "checkpoint": "step7000", "completed": 43, "total": 100, "token": "leman", "rho": 1.0246371030807495, "alpha": 1.0238664150238037, "lyapunov_last_256": 0.018431869889166376, "normalized_frobenius": 0.7097745537757874, "seconds": 0.17540626972913742}
{"stage": "jacobian", "checkpoint": "step7000", "completed": 44, "total": 100, "token": " assortment", "rho": 1.0314409732818604, "alpha": 1.0201778411865234, "lyapunov_last_256": 0.018836829797502605, "normalized_frobenius": 0.6879925727844238, "seconds": 0.15905100107192993}
{"stage": "jacobian", "checkpoint": "step7000", "completed": 45, "total": 100, "token": " Sew", "rho": 1.0509945154190063, "alpha": 1.0407776832580566, "lyapunov_last_256": 0.014083935742263746, "normalized_frobenius": 0.6933068037033081, "seconds": 0.15666836872696877}
{"stage": "jacobian", "checkpoint": "step7000", "completed": 46, "total": 100, "token": " arresting", "rho": 1.0206598043441772, "alpha": 1.0206598043441772, "lyapunov_last_256": 0.006070063212231332, "normalized_frobenius": 0.7012889981269836, "seconds": 0.15398913621902466}
{"stage": "jacobian", "checkpoint": "step7000", "completed": 47, "total": 100, "token": " assertion", "rho": 1.0384818315505981, "alpha": 1.0252877473831177, "lyapunov_last_256": 0.01599891180818349, "normalized_frobenius": 0.7066417932510376, "seconds": 0.1580137498676777}
{"stage": "jacobian", "checkpoint": "step7000", "completed": 48, "total": 100, "token": " unemployed", "rho": 0.9980049133300781, "alpha": 0.997081995010376, "lyapunov_last_256": 0.020269918551944117, "normalized_frobenius": 0.6707075834274292, "seconds": 0.13413791730999947}
{"stage": "jacobian", "checkpoint": "step7000", "completed": 49, "total": 100, "token": " outgoing", "rho": 1.0502941608428955, "alpha": 1.0115759372711182, "lyapunov_last_256": 0.01754604853494833, "normalized_frobenius": 0.69710373878479, "seconds": 0.14179052039980888}
{"stage": "jacobian", "checkpoint": "step7000", "completed": 50, "total": 100, "token": " floated", "rho": 0.9925116896629333, "alpha": 0.9909531474113464, "lyapunov_last_256": -0.007453961551888429, "normalized_frobenius": 0.6905153393745422, "seconds": 0.14488332346081734}
{"stage": "jacobian", "checkpoint": "step7000", "completed": 51, "total": 100, "token": " portable", "rho": 0.9705889225006104, "alpha": 0.9667407870292664, "lyapunov_last_256": 0.0024026609255690962, "normalized_frobenius": 0.6929197311401367, "seconds": 0.15956667438149452}
{"stage": "jacobian", "checkpoint": "step7000", "completed": 52, "total": 100, "token": "olev", "rho": 1.0659825801849365, "alpha": 1.0628468990325928, "lyapunov_last_256": 0.021566667799529836, "normalized_frobenius": 0.7136257290840149, "seconds": 0.1319129876792431}
{"stage": "jacobian", "checkpoint": "step7000", "completed": 53, "total": 100, "token": " Bread", "rho": 1.0003076791763306, "alpha": 1.0003076791763306, "lyapunov_last_256": 0.000783571589400484, "normalized_frobenius": 0.6957278251647949, "seconds": 0.1524929739534855}
{"stage": "jacobian", "checkpoint": "step7000", "completed": 54, "total": 100, "token": " Alban", "rho": 1.0722637176513672, "alpha": 1.0507007837295532, "lyapunov_last_256": 0.016451932181455735, "normalized_frobenius": 0.7216528058052063, "seconds": 0.14637801423668861}
{"stage": "jacobian", "checkpoint": "step7000", "completed": 55, "total": 100, "token": "gae", "rho": 0.9932177662849426, "alpha": 0.9916606545448303, "lyapunov_last_256": -0.007964480552740117, "normalized_frobenius": 0.6908115744590759, "seconds": 0.11694691330194473}
{"stage": "jacobian", "checkpoint": "step7000", "completed": 56, "total": 100, "token": " thorough", "rho": 0.992315411567688, "alpha": 0.9907478094100952, "lyapunov_last_256": -0.008302758925347086, "normalized_frobenius": 0.6904230713844299, "seconds": 0.14517680555582047}
{"stage": "jacobian", "checkpoint": "step7000", "completed": 57, "total": 100, "token": " integration", "rho": 1.0348238945007324, "alpha": 1.034296989440918, "lyapunov_last_256": 0.020358854644215215, "normalized_frobenius": 0.7001470327377319, "seconds": 0.16718480736017227}
{"stage": "jacobian", "checkpoint": "step7000", "completed": 58, "total": 100, "token": " sits", "rho": 1.044212818145752, "alpha": 1.0317437648773193, "lyapunov_last_256": 0.024816356744182644, "normalized_frobenius": 0.7012242674827576, "seconds": 0.14941172301769257}
{"stage": "jacobian", "checkpoint": "step7000", "completed": 59, "total": 100, "token": " nit", "rho": 1.0451345443725586, "alpha": 1.0451345443725586, "lyapunov_last_256": 0.011815343279126455, "normalized_frobenius": 0.7166340351104736, "seconds": 0.12133744731545448}
{"stage": "jacobian", "checkpoint": "step7000", "completed": 60, "total": 100, "token": " drifting", "rho": 1.0433648824691772, "alpha": 1.0433648824691772, "lyapunov_last_256": 0.012274560275419137, "normalized_frobenius": 0.7022913098335266, "seconds": 0.1189756877720356}
{"stage": "jacobian", "checkpoint": "step7000", "completed": 61, "total": 100, "token": " 1864", "rho": 1.0004591941833496, "alpha": 0.9936127066612244, "lyapunov_last_256": -0.0015623285605031517, "normalized_frobenius": 0.6968185901641846, "seconds": 0.14871548488736153}
{"stage": "jacobian", "checkpoint": "step7000", "completed": 62, "total": 100, "token": "othe", "rho": 1.0071358680725098, "alpha": 1.0071358680725098, "lyapunov_last_256": -0.001577483507564627, "normalized_frobenius": 0.6914541125297546, "seconds": 0.15243873000144958}
{"stage": "jacobian", "checkpoint": "step7000", "completed": 63, "total": 100, "token": " notion", "rho": 0.9907999038696289, "alpha": 0.9891784191131592, "lyapunov_last_256": -0.008830895972069916, "normalized_frobenius": 0.6896267533302307, "seconds": 0.13433055207133293}
{"stage": "jacobian", "checkpoint": "step7000", "completed": 64, "total": 100, "token": " publicity", "rho": 1.026519536972046, "alpha": 1.0211353302001953, "lyapunov_last_256": 0.01871920714610258, "normalized_frobenius": 0.7100058197975159, "seconds": 0.14651604741811752}
{"stage": "jacobian", "checkpoint": "step7000", "completed": 65, "total": 100, "token": " disguised", "rho": 1.0412671566009521, "alpha": 1.0412671566009521, "lyapunov_last_256": 0.012938602502778698, "normalized_frobenius": 0.6888260245323181, "seconds": 0.11887340247631073}
{"stage": "jacobian", "checkpoint": "step7000", "completed": 66, "total": 100, "token": " routine", "rho": 1.0237749814987183, "alpha": 1.0237749814987183, "lyapunov_last_256": 0.014559171134814822, "normalized_frobenius": 0.6974517107009888, "seconds": 0.15193821117281914}
{"stage": "jacobian", "checkpoint": "step7000", "completed": 67, "total": 100, "token": " Panama", "rho": 1.0040874481201172, "alpha": 1.0040874481201172, "lyapunov_last_256": 0.010176049206025871, "normalized_frobenius": 0.6970034241676331, "seconds": 0.1338297612965107}
{"stage": "jacobian", "checkpoint": "step7000", "completed": 68, "total": 100, "token": " happening", "rho": 0.9949923753738403, "alpha": 0.9846031069755554, "lyapunov_last_256": 0.02000943196834991, "normalized_frobenius": 0.6901026368141174, "seconds": 0.12805846333503723}
{"stage": "jacobian", "checkpoint": "step7000", "completed": 69, "total": 100, "token": "ending", "rho": 1.084051251411438, "alpha": 1.084051251411438, "lyapunov_last_256": 0.02505872742636195, "normalized_frobenius": 0.7186250686645508, "seconds": 0.1336379311978817}
{"stage": "jacobian", "checkpoint": "step7000", "completed": 70, "total": 100, "token": " paved", "rho": 1.033206820487976, "alpha": 1.030523419380188, "lyapunov_last_256": 0.013753305510339152, "normalized_frobenius": 0.71146559715271, "seconds": 0.17620399966835976}
{"stage": "jacobian", "checkpoint": "step7000", "completed": 71, "total": 100, "token": " bu", "rho": 1.0417126417160034, "alpha": 1.039584755897522, "lyapunov_last_256": 0.014462288796361508, "normalized_frobenius": 0.7013235092163086, "seconds": 0.13867592811584473}
{"stage": "jacobian", "checkpoint": "step7000", "completed": 72, "total": 100, "token": " crucial", "rho": 0.9950218200683594, "alpha": 0.9850178360939026, "lyapunov_last_256": 0.018969040287817943, "normalized_frobenius": 0.6783319115638733, "seconds": 0.13404621556401253}
{"stage": "jacobian", "checkpoint": "step7000", "completed": 73, "total": 100, "token": "ographical", "rho": 1.062865972518921, "alpha": 1.062865972518921, "lyapunov_last_256": 0.019129517375627406, "normalized_frobenius": 0.7185668349266052, "seconds": 0.1463933326303959}
{"stage": "jacobian", "checkpoint": "step7000", "completed": 74, "total": 100, "token": " Hunter", "rho": 1.0612971782684326, "alpha": 1.057199478149414, "lyapunov_last_256": 0.02721648664250152, "normalized_frobenius": 0.7353014945983887, "seconds": 0.1721353977918625}
{"stage": "jacobian", "checkpoint": "step7000", "completed": 75, "total": 100, "token": " Thailand", "rho": 1.000545620918274, "alpha": 0.9899735450744629, "lyapunov_last_256": 0.008402399310863956, "normalized_frobenius": 0.6960688233375549, "seconds": 0.13527188822627068}
{"stage": "jacobian", "checkpoint": "step7000", "completed": 76, "total": 100, "token": " options", "rho": 0.953923225402832, "alpha": 0.9525336027145386, "lyapunov_last_256": 0.008630457526776665, "normalized_frobenius": 0.6599105000495911, "seconds": 0.14647817984223366}
{"stage": "jacobian", "checkpoint": "step7000", "completed": 77, "total": 100, "token": " thereby", "rho": 1.0555944442749023, "alpha": 1.0537848472595215, "lyapunov_last_256": 0.013523463582636834, "normalized_frobenius": 0.7202362418174744, "seconds": 0.142240721732378}
{"stage": "jacobian", "checkpoint": "step7000", "completed": 78, "total": 100, "token": " Å", "rho": 1.0391298532485962, "alpha": 1.037388801574707, "lyapunov_last_256": 0.006263822995682288, "normalized_frobenius": 0.7037855386734009, "seconds": 0.12761985510587692}
{"stage": "jacobian", "checkpoint": "step7000", "completed": 79, "total": 100, "token": " supports", "rho": 0.9992004036903381, "alpha": 0.9940359592437744, "lyapunov_last_256": 0.018291806184052274, "normalized_frobenius": 0.6896470189094543, "seconds": 0.13012854382395744}
{"stage": "jacobian", "checkpoint": "step7000", "completed": 80, "total": 100, "token": " knows", "rho": 0.9961782693862915, "alpha": 0.9961782693862915, "lyapunov_last_256": 0.0335966976920553, "normalized_frobenius": 0.6920303106307983, "seconds": 0.18245794251561165}
{"stage": "jacobian", "checkpoint": "step7000", "completed": 81, "total": 100, "token": "rum", "rho": 1.019823670387268, "alpha": 1.019823670387268, "lyapunov_last_256": -0.001611166726893383, "normalized_frobenius": 0.7007185220718384, "seconds": 0.19387007877230644}
{"stage": "jacobian", "checkpoint": "step7000", "completed": 82, "total": 100, "token": " Son", "rho": 1.024397373199463, "alpha": 1.024034023284912, "lyapunov_last_256": 0.00904664890571951, "normalized_frobenius": 0.7038761973381042, "seconds": 0.1800902709364891}
{"stage": "jacobian", "checkpoint": "step7000", "completed": 83, "total": 100, "token": " impressed", "rho": 0.9935735464096069, "alpha": 0.9920651912689209, "lyapunov_last_256": -0.007740510470449034, "normalized_frobenius": 0.6909753680229187, "seconds": 0.14300313964486122}
{"stage": "jacobian", "checkpoint": "step7000", "completed": 84, "total": 100, "token": " smooth", "rho": 0.99200838804245, "alpha": 0.9904470443725586, "lyapunov_last_256": -0.009112255572749958, "normalized_frobenius": 0.6902521848678589, "seconds": 0.1799808070063591}
{"stage": "jacobian", "checkpoint": "step7000", "completed": 85, "total": 100, "token": "igo", "rho": 1.037014365196228, "alpha": 1.026007890701294, "lyapunov_last_256": 0.01899461637232737, "normalized_frobenius": 0.7141252160072327, "seconds": 0.14924266189336777}
{"stage": "jacobian", "checkpoint": "step7000", "completed": 86, "total": 100, "token": " Coleman", "rho": 1.0783774852752686, "alpha": 1.0783774852752686, "lyapunov_last_256": 0.0037299022152537196, "normalized_frobenius": 0.7294961214065552, "seconds": 0.16504020988941193}
{"stage": "jacobian", "checkpoint": "step7000", "completed": 87, "total": 100, "token": " arriving", "rho": 0.9925192594528198, "alpha": 0.9909634590148926, "lyapunov_last_256": -0.008138426296925004, "normalized_frobenius": 0.6905227303504944, "seconds": 0.13115501403808594}
{"stage": "jacobian", "checkpoint": "step7000", "completed": 88, "total": 100, "token": " Gab", "rho": 1.0027580261230469, "alpha": 0.9943594932556152, "lyapunov_last_256": 0.020036191295672565, "normalized_frobenius": 0.698270857334137, "seconds": 0.1264384351670742}
{"stage": "jacobian", "checkpoint": "step7000", "completed": 89, "total": 100, "token": " speech", "rho": 1.0213022232055664, "alpha": 1.0213022232055664, "lyapunov_last_256": 0.01161025114311744, "normalized_frobenius": 0.7032489776611328, "seconds": 0.15943261235952377}
{"stage": "jacobian", "checkpoint": "step7000", "completed": 90, "total": 100, "token": " Ho", "rho": 1.0697835683822632, "alpha": 1.0686285495758057, "lyapunov_last_256": 0.009991690720405792, "normalized_frobenius": 0.7255606651306152, "seconds": 0.12987501174211502}
{"stage": "jacobian", "checkpoint": "step7000", "completed": 91, "total": 100, "token": " involved", "rho": 0.9993594288825989, "alpha": 0.9993594288825989, "lyapunov_last_256": -0.0033646043702666925, "normalized_frobenius": 0.6953484416007996, "seconds": 0.14917545020580292}
{"stage": "jacobian", "checkpoint": "step7000", "completed": 92, "total": 100, "token": " entered", "rho": 1.0197757482528687, "alpha": 1.0197757482528687, "lyapunov_last_256": 0.016096604429705442, "normalized_frobenius": 0.6998407244682312, "seconds": 0.19882191717624664}
{"stage": "jacobian", "checkpoint": "step7000", "completed": 93, "total": 100, "token": " track", "rho": 1.0078153610229492, "alpha": 1.0078153610229492, "lyapunov_last_256": 0.0022533851113225602, "normalized_frobenius": 0.6956011652946472, "seconds": 0.15054578334093094}
{"stage": "jacobian", "checkpoint": "step7000", "completed": 94, "total": 100, "token": " 1", "rho": 1.0424532890319824, "alpha": 1.0386461019515991, "lyapunov_last_256": 0.018884260988021487, "normalized_frobenius": 0.7097223401069641, "seconds": 0.14890338480472565}
{"stage": "jacobian", "checkpoint": "step7000", "completed": 95, "total": 100, "token": " use", "rho": 1.1043195724487305, "alpha": 1.1038355827331543, "lyapunov_last_256": 0.017100264128624244, "normalized_frobenius": 0.7180417776107788, "seconds": 0.15700001642107964}
{"stage": "jacobian", "checkpoint": "step7000", "completed": 96, "total": 100, "token": " million", "rho": 0.9933948516845703, "alpha": 0.9895561933517456, "lyapunov_last_256": 0.010609958620059775, "normalized_frobenius": 0.6883888244628906, "seconds": 0.1526682935655117}
{"stage": "jacobian", "checkpoint": "step7000", "completed": 97, "total": 100, "token": " Civil", "rho": 1.0547665357589722, "alpha": 1.0547665357589722, "lyapunov_last_256": 0.02063881301338491, "normalized_frobenius": 0.6988558769226074, "seconds": 0.12819579243659973}
{"stage": "jacobian", "checkpoint": "step7000", "completed": 98, "total": 100, "token": " bass", "rho": 1.0568633079528809, "alpha": 1.0568633079528809, "lyapunov_last_256": 0.011978576176817081, "normalized_frobenius": 0.7354817390441895, "seconds": 0.14462217316031456}
{"stage": "jacobian", "checkpoint": "step7000", "completed": 99, "total": 100, "token": "ium", "rho": 1.0370954275131226, "alpha": 1.0285921096801758, "lyapunov_last_256": 0.01307290029206892, "normalized_frobenius": 0.6995807886123657, "seconds": 0.15256648138165474}
{"stage": "jacobian", "checkpoint": "step7000", "completed": 100, "total": 100, "token": " roles", "rho": 1.0001457929611206, "alpha": 0.9997881650924683, "lyapunov_last_256": 0.004714694809948036, "normalized_frobenius": 0.6959279775619507, "seconds": 0.14501209184527397}
{"stage": "dynamics_lyapunov", "dynamic_step": 256}
{"stage": "dynamics_lyapunov", "dynamic_step": 512}
{"stage": "dynamics_lyapunov", "dynamic_step": 768}
{"stage": "dynamics_lyapunov", "dynamic_step": 1024}
{"stage": "jacobian", "checkpoint": "step37000", "completed": 1, "total": 100, "token": "locations", "rho": 1.023610234260559, "alpha": 1.023610234260559, "lyapunov_last_256": 0.0020599091844806126, "normalized_frobenius": 0.6934415102005005, "seconds": 0.15802986174821854}
{"stage": "jacobian", "checkpoint": "step37000", "completed": 2, "total": 100, "token": " 449", "rho": 1.0266417264938354, "alpha": 1.0266417264938354, "lyapunov_last_256": 0.004590261137682235, "normalized_frobenius": 0.6884495615959167, "seconds": 0.1234576404094696}
{"stage": "jacobian", "checkpoint": "step37000", "completed": 3, "total": 100, "token": "completion", "rho": 0.996482789516449, "alpha": 0.996482789516449, "lyapunov_last_256": -0.011471553951672892, "normalized_frobenius": 0.6824164390563965, "seconds": 0.11890930309891701}
{"stage": "jacobian", "checkpoint": "step37000", "completed": 4, "total": 100, "token": "Py", "rho": 1.0349823236465454, "alpha": 1.0349823236465454, "lyapunov_last_256": 0.011644796764612534, "normalized_frobenius": 0.7065008878707886, "seconds": 0.1343526691198349}
{"stage": "jacobian", "checkpoint": "step37000", "completed": 5, "total": 100, "token": " circumference", "rho": 1.0148171186447144, "alpha": 1.0148171186447144, "lyapunov_last_256": 0.01864981965024829, "normalized_frobenius": 0.6751392483711243, "seconds": 0.14489895105361938}
{"stage": "jacobian", "checkpoint": "step37000", "completed": 6, "total": 100, "token": " involuntary", "rho": 1.1018528938293457, "alpha": 1.0832209587097168, "lyapunov_last_256": 0.02332420101533573, "normalized_frobenius": 0.7453634738922119, "seconds": 0.11987953633069992}
{"stage": "jacobian", "checkpoint": "step37000", "completed": 7, "total": 100, "token": "立", "rho": 1.0423873662948608, "alpha": 1.0423873662948608, "lyapunov_last_256": 0.005617450965239353, "normalized_frobenius": 0.7059698104858398, "seconds": 0.12124735116958618}
{"stage": "jacobian", "checkpoint": "step37000", "completed": 8, "total": 100, "token": " CAD", "rho": 1.008795142173767, "alpha": 1.008795142173767, "lyapunov_last_256": 0.005976120221920402, "normalized_frobenius": 0.6808285713195801, "seconds": 0.14457719400525093}
{"stage": "jacobian", "checkpoint": "step37000", "completed": 9, "total": 100, "token": "alen", "rho": 1.0369569063186646, "alpha": 1.0369569063186646, "lyapunov_last_256": 0.009921726547516252, "normalized_frobenius": 0.6979604959487915, "seconds": 0.12888748571276665}
{"stage": "jacobian", "checkpoint": "step37000", "completed": 10, "total": 100, "token": " Nokia", "rho": 0.9920199513435364, "alpha": 0.9920199513435364, "lyapunov_last_256": -0.004967780662506583, "normalized_frobenius": 0.6796697974205017, "seconds": 0.1347932666540146}
{"stage": "jacobian", "checkpoint": "step37000", "completed": 11, "total": 100, "token": "sidered", "rho": 1.0199198722839355, "alpha": 1.0199198722839355, "lyapunov_last_256": 0.006063041031023604, "normalized_frobenius": 0.7023746967315674, "seconds": 0.11502158641815186}
{"stage": "jacobian", "checkpoint": "step37000", "completed": 12, "total": 100, "token": "second", "rho": 0.995528519153595, "alpha": 0.995528519153595, "lyapunov_last_256": 0.005689039026106702, "normalized_frobenius": 0.6820871233940125, "seconds": 0.12201734259724617}
{"stage": "jacobian", "checkpoint": "step37000", "completed": 13, "total": 100, "token": " diagrams", "rho": 1.0016440153121948, "alpha": 1.0016440153121948, "lyapunov_last_256": -0.011379514374743865, "normalized_frobenius": 0.6839864253997803, "seconds": 0.12036867067217827}
{"stage": "jacobian", "checkpoint": "step37000", "completed": 14, "total": 100, "token": " permeability", "rho": 1.0386271476745605, "alpha": 1.0386271476745605, "lyapunov_last_256": 0.004947196779871973, "normalized_frobenius": 0.7016679644584656, "seconds": 0.13512157276272774}
{"stage": "jacobian", "checkpoint": "step37000", "completed": 15, "total": 100, "token": " LE", "rho": 1.0084782838821411, "alpha": 1.0084782838821411, "lyapunov_last_256": 0.004848323289148016, "normalized_frobenius": 0.6864414811134338, "seconds": 0.12130055949091911}
{"stage": "jacobian", "checkpoint": "step37000", "completed": 16, "total": 100, "token": "urdy", "rho": 1.031295657157898, "alpha": 1.031295657157898, "lyapunov_last_256": 0.014279007044666725, "normalized_frobenius": 0.6899724006652832, "seconds": 0.12243273109197617}
{"stage": "jacobian", "checkpoint": "step37000", "completed": 17, "total": 100, "token": " 510", "rho": 1.0287621021270752, "alpha": 1.0287621021270752, "lyapunov_last_256": 0.0033400769411912655, "normalized_frobenius": 0.6951619386672974, "seconds": 0.13299671187996864}
{"stage": "jacobian", "checkpoint": "step37000", "completed": 18, "total": 100, "token": "ochem", "rho": 1.014121651649475, "alpha": 1.014121651649475, "lyapunov_last_256": 0.0073927350305053995, "normalized_frobenius": 0.6844081282615662, "seconds": 0.12184806540608406}
{"stage": "jacobian", "checkpoint": "step37000", "completed": 19, "total": 100, "token": " phyt", "rho": 1.0124660730361938, "alpha": 1.0124660730361938, "lyapunov_last_256": 0.007555646071684253, "normalized_frobenius": 0.6850078105926514, "seconds": 0.12599366903305054}
{"stage": "jacobian", "checkpoint": "step37000", "completed": 20, "total": 100, "token": " filings", "rho": 1.0330122709274292, "alpha": 1.0330122709274292, "lyapunov_last_256": 0.0015005156228278225, "normalized_frobenius": 0.6919102668762207, "seconds": 0.1453319601714611}
{"stage": "jacobian", "checkpoint": "step37000", "completed": 21, "total": 100, "token": " helical", "rho": 1.0112417936325073, "alpha": 1.0112417936325073, "lyapunov_last_256": 0.003388121182640101, "normalized_frobenius": 0.6827071905136108, "seconds": 0.15649354085326195}
{"stage": "jacobian", "checkpoint": "step37000", "completed": 22, "total": 100, "token": " interplay", "rho": 0.9848372340202332, "alpha": 0.9848372340202332, "lyapunov_last_256": 0.012220947353766727, "normalized_frobenius": 0.6793861389160156, "seconds": 0.16610299423336983}
{"stage": "jacobian", "checkpoint": "step37000", "completed": 23, "total": 100, "token": "cies", "rho": 1.0091842412948608, "alpha": 1.0091842412948608, "lyapunov_last_256": 0.004981873572460855, "normalized_frobenius": 0.682420551776886, "seconds": 0.17594770342111588}
{"stage": "jacobian", "checkpoint": "step37000", "completed": 24, "total": 100, "token": " harmonic", "rho": 1.0219124555587769, "alpha": 1.0219124555587769, "lyapunov_last_256": 0.0017034207517793822, "normalized_frobenius": 0.6929904222488403, "seconds": 0.1332015059888363}
{"stage": "jacobian", "checkpoint": "step37000", "completed": 25, "total": 100, "token": " inactivated", "rho": 1.0404722690582275, "alpha": 1.0404722690582275, "lyapunov_last_256": 0.01648097502332184, "normalized_frobenius": 0.6964933276176453, "seconds": 0.12252984568476677}
{"stage": "jacobian", "checkpoint": "step37000", "completed": 26, "total": 100, "token": " Maintenance", "rho": 0.9418238401412964, "alpha": 0.9414547681808472, "lyapunov_last_256": 0.01045171613002635, "normalized_frobenius": 0.6736117005348206, "seconds": 0.13564473763108253}
{"stage": "jacobian", "checkpoint": "step37000", "completed": 27, "total": 100, "token": " pend", "rho": 0.9933091998100281, "alpha": 0.9933091998100281, "lyapunov_last_256": 0.0025530351942685487, "normalized_frobenius": 0.6810730695724487, "seconds": 0.14598311111330986}
{"stage": "jacobian", "checkpoint": "step37000", "completed": 28, "total": 100, "token": " Pretty", "rho": 1.0211796760559082, "alpha": 1.0211796760559082, "lyapunov_last_256": 0.0016720515295881003, "normalized_frobenius": 0.6866741180419922, "seconds": 0.12089059129357338}
{"stage": "jacobian", "checkpoint": "step37000", "completed": 29, "total": 100, "token": " 580", "rho": 1.0283323526382446, "alpha": 1.0283323526382446, "lyapunov_last_256": 0.010891264962666323, "normalized_frobenius": 0.6916092038154602, "seconds": 0.13106155768036842}
{"stage": "jacobian", "checkpoint": "step37000", "completed": 30, "total": 100, "token": "CH", "rho": 1.0257434844970703, "alpha": 1.0257434844970703, "lyapunov_last_256": 0.0037909480693621386, "normalized_frobenius": 0.6965556144714355, "seconds": 0.13525262102484703}
{"stage": "jacobian", "checkpoint": "step37000", "completed": 31, "total": 100, "token": "PI", "rho": 1.023712158203125, "alpha": 1.023712158203125, "lyapunov_last_256": 0.018429544677266357, "normalized_frobenius": 0.6951262354850769, "seconds": 0.10951388254761696}
{"stage": "jacobian", "checkpoint": "step37000", "completed": 32, "total": 100, "token": " shaping", "rho": 1.0121610164642334, "alpha": 1.0121610164642334, "lyapunov_last_256": -0.0002870210698421821, "normalized_frobenius": 0.6847863793373108, "seconds": 0.11348123848438263}
{"stage": "jacobian", "checkpoint": "step37000", "completed": 33, "total": 100, "token": " exams", "rho": 0.9789060354232788, "alpha": 0.9459681510925293, "lyapunov_last_256": 0.010761384381580173, "normalized_frobenius": 0.6750901341438293, "seconds": 0.1447909027338028}
{"stage": "jacobian", "checkpoint": "step37000", "completed": 34, "total": 100, "token": "ilipp", "rho": 0.9996490478515625, "alpha": 0.9996490478515625, "lyapunov_last_256": 0.009964356909878225, "normalized_frobenius": 0.6808722615242004, "seconds": 0.1389312446117401}
{"stage": "jacobian", "checkpoint": "step37000", "completed": 35, "total": 100, "token": "essential", "rho": 1.0020209550857544, "alpha": 1.0020209550857544, "lyapunov_last_256": 0.008024391286074614, "normalized_frobenius": 0.6934628486633301, "seconds": 0.1359008029103279}
{"stage": "jacobian", "checkpoint": "step37000", "completed": 36, "total": 100, "token": " Manufact", "rho": 0.9901263117790222, "alpha": 0.9901263117790222, "lyapunov_last_256": 0.0029187910596898277, "normalized_frobenius": 0.676706075668335, "seconds": 0.13389421999454498}
{"stage": "jacobian", "checkpoint": "step37000", "completed": 37, "total": 100, "token": "christ", "rho": 1.0356284379959106, "alpha": 0.9946793913841248, "lyapunov_last_256": 0.0027076469493573074, "normalized_frobenius": 0.6993262767791748, "seconds": 0.12413722276687622}
{"stage": "jacobian", "checkpoint": "step37000", "completed": 38, "total": 100, "token": "omed", "rho": 1.0189927816390991, "alpha": 1.0189927816390991, "lyapunov_last_256": 0.008077599631630782, "normalized_frobenius": 0.687089741230011, "seconds": 0.14061689376831055}
{"stage": "jacobian", "checkpoint": "step37000", "completed": 39, "total": 100, "token": "umu", "rho": 1.0231958627700806, "alpha": 1.0231958627700806, "lyapunov_last_256": -0.0005898633631189628, "normalized_frobenius": 0.6876766681671143, "seconds": 0.13413073495030403}
{"stage": "jacobian", "checkpoint": "step37000", "completed": 40, "total": 100, "token": " tonight", "rho": 1.018595814704895, "alpha": 1.018595814704895, "lyapunov_last_256": 0.003674777618281614, "normalized_frobenius": 0.6875503659248352, "seconds": 0.1264638714492321}
{"stage": "jacobian", "checkpoint": "step37000", "completed": 41, "total": 100, "token": " geared", "rho": 0.9881470799446106, "alpha": 0.9575941562652588, "lyapunov_last_256": 0.014990649821800336, "normalized_frobenius": 0.6870007514953613, "seconds": 0.13801471889019012}
{"stage": "jacobian", "checkpoint": "step37000", "completed": 42, "total": 100, "token": " trump", "rho": 1.037148118019104, "alpha": 1.0366039276123047, "lyapunov_last_256": 0.019817716972421105, "normalized_frobenius": 0.7242274284362793, "seconds": 0.13434309139847755}
{"stage": "jacobian", "checkpoint": "step37000", "completed": 43, "total": 100, "token": "leman", "rho": 0.9831916093826294, "alpha": 0.9763860702514648, "lyapunov_last_256": -0.0024487020286210297, "normalized_frobenius": 0.6786754131317139, "seconds": 0.12899963930249214}
{"stage": "jacobian", "checkpoint": "step37000", "completed": 44, "total": 100, "token": " assortment", "rho": 1.0418516397476196, "alpha": 1.0418516397476196, "lyapunov_last_256": 0.005646470787142124, "normalized_frobenius": 0.7001954913139343, "seconds": 0.12697521969676018}
{"stage": "jacobian", "checkpoint": "step37000", "completed": 45, "total": 100, "token": " Sew", "rho": 1.0233592987060547, "alpha": 1.0233592987060547, "lyapunov_last_256": -0.005747893220904071, "normalized_frobenius": 0.6969336867332458, "seconds": 0.13240684568881989}
{"stage": "jacobian", "checkpoint": "step37000", "completed": 46, "total": 100, "token": " arresting", "rho": 1.0471136569976807, "alpha": 1.0471136569976807, "lyapunov_last_256": 0.016887777862548935, "normalized_frobenius": 0.7084873914718628, "seconds": 0.12849726155400276}
{"stage": "jacobian", "checkpoint": "step37000", "completed": 47, "total": 100, "token": " assertion", "rho": 1.0345748662948608, "alpha": 1.0345748662948608, "lyapunov_last_256": -0.0006033895297285433, "normalized_frobenius": 0.7033286690711975, "seconds": 0.14009208604693413}
{"stage": "jacobian", "checkpoint": "step37000", "completed": 48, "total": 100, "token": " unemployed", "rho": 1.01654851436615, "alpha": 1.01654851436615, "lyapunov_last_256": 0.019692454779321092, "normalized_frobenius": 0.6852948069572449, "seconds": 0.13200049847364426}
{"stage": "jacobian", "checkpoint": "step37000", "completed": 49, "total": 100, "token": " outgoing", "rho": 1.0244368314743042, "alpha": 1.0244368314743042, "lyapunov_last_256": 0.004747609973581888, "normalized_frobenius": 0.6880131363868713, "seconds": 0.12929005548357964}
{"stage": "jacobian", "checkpoint": "step37000", "completed": 50, "total": 100, "token": " floated", "rho": 1.0057674646377563, "alpha": 1.000705361366272, "lyapunov_last_256": -0.0014801459393740581, "normalized_frobenius": 0.6873255372047424, "seconds": 0.12016548961400986}
{"stage": "jacobian", "checkpoint": "step37000", "completed": 51, "total": 100, "token": " portable", "rho": 1.0078600645065308, "alpha": 1.0078600645065308, "lyapunov_last_256": 0.015619086254631152, "normalized_frobenius": 0.6838384866714478, "seconds": 0.13394314050674438}
{"stage": "jacobian", "checkpoint": "step37000", "completed": 52, "total": 100, "token": "olev", "rho": 1.0274755954742432, "alpha": 1.0274755954742432, "lyapunov_last_256": 0.0005546419178908879, "normalized_frobenius": 0.6891590356826782, "seconds": 0.12136554718017578}
{"stage": "jacobian", "checkpoint": "step37000", "completed": 53, "total": 100, "token": " Bread", "rho": 1.0079717636108398, "alpha": 1.0079717636108398, "lyapunov_last_256": -0.0020810476635931916, "normalized_frobenius": 0.7007800340652466, "seconds": 0.12257456034421921}
{"stage": "jacobian", "checkpoint": "step37000", "completed": 54, "total": 100, "token": " Alban", "rho": 1.0539209842681885, "alpha": 1.0496841669082642, "lyapunov_last_256": 0.02341857861160972, "normalized_frobenius": 0.7215028405189514, "seconds": 0.1649862639605999}
{"stage": "jacobian", "checkpoint": "step37000", "completed": 55, "total": 100, "token": "gae", "rho": 0.9898920655250549, "alpha": 0.9898920655250549, "lyapunov_last_256": 0.0018651060509212438, "normalized_frobenius": 0.6786831021308899, "seconds": 0.19285989925265312}
{"stage": "jacobian", "checkpoint": "step37000", "completed": 56, "total": 100, "token": " thorough", "rho": 1.0103596448898315, "alpha": 0.9880544543266296, "lyapunov_last_256": 0.008299857231546671, "normalized_frobenius": 0.6864935755729675, "seconds": 0.16465963050723076}
{"stage": "jacobian", "checkpoint": "step37000", "completed": 57, "total": 100, "token": " integration", "rho": 1.0341553688049316, "alpha": 1.0341553688049316, "lyapunov_last_256": 0.01308907112834016, "normalized_frobenius": 0.6934248208999634, "seconds": 0.13870099186897278}
{"stage": "jacobian", "checkpoint": "step37000", "completed": 58, "total": 100, "token": " sits", "rho": 1.0291590690612793, "alpha": 1.0291590690612793, "lyapunov_last_256": 0.011830460784634329, "normalized_frobenius": 0.6966544389724731, "seconds": 0.12256865575909615}
{"stage": "jacobian", "checkpoint": "step37000", "completed": 59, "total": 100, "token": " nit", "rho": 1.0390361547470093, "alpha": 1.0390361547470093, "lyapunov_last_256": -0.005508379507508102, "normalized_frobenius": 0.7074300646781921, "seconds": 0.1323089897632599}
{"stage": "jacobian", "checkpoint": "step37000", "completed": 60, "total": 100, "token": " drifting", "rho": 1.0230623483657837, "alpha": 1.0230623483657837, "lyapunov_last_256": -0.004624746271466237, "normalized_frobenius": 0.6924793720245361, "seconds": 0.14788775146007538}
{"stage": "jacobian", "checkpoint": "step37000", "completed": 61, "total": 100, "token": " 1864", "rho": 1.0276864767074585, "alpha": 1.0276864767074585, "lyapunov_last_256": 0.025696246087827265, "normalized_frobenius": 0.6807658076286316, "seconds": 0.1280454397201538}
{"stage": "jacobian", "checkpoint": "step37000", "completed": 62, "total": 100, "token": "othe", "rho": 1.0365465879440308, "alpha": 1.0365465879440308, "lyapunov_last_256": 0.02232761306545253, "normalized_frobenius": 0.7221007347106934, "seconds": 0.11652174219489098}
{"stage": "jacobian", "checkpoint": "step37000", "completed": 63, "total": 100, "token": " notion", "rho": 1.0435113906860352, "alpha": 1.0435113906860352, "lyapunov_last_256": 0.008537696306694004, "normalized_frobenius": 0.7092376947402954, "seconds": 0.1327093057334423}
{"stage": "jacobian", "checkpoint": "step37000", "completed": 64, "total": 100, "token": " publicity", "rho": 1.0281215906143188, "alpha": 1.0281215906143188, "lyapunov_last_256": 0.014819592428804908, "normalized_frobenius": 0.7083762884140015, "seconds": 0.12238141149282455}
{"stage": "jacobian", "checkpoint": "step37000", "completed": 65, "total": 100, "token": " disguised", "rho": 0.9658076167106628, "alpha": 0.9450039267539978, "lyapunov_last_256": 0.011174377509841219, "normalized_frobenius": 0.6776652336120605, "seconds": 0.1337822750210762}
{"stage": "jacobian", "checkpoint": "step37000", "completed": 66, "total": 100, "token": " routine", "rho": 1.0270450115203857, "alpha": 1.0270450115203857, "lyapunov_last_256": 0.005001358149270625, "normalized_frobenius": 0.6933079957962036, "seconds": 0.14481139928102493}
{"stage": "jacobian", "checkpoint": "step37000", "completed": 67, "total": 100, "token": " Panama", "rho": 0.9707159996032715, "alpha": 0.9552743434906006, "lyapunov_last_256": 0.003874412549218458, "normalized_frobenius": 0.6791404485702515, "seconds": 0.1340782307088375}
{"stage": "jacobian", "checkpoint": "step37000", "completed": 68, "total": 100, "token": " happening", "rho": 1.0448579788208008, "alpha": 1.0448579788208008, "lyapunov_last_256": 0.008264023770337858, "normalized_frobenius": 0.7164380550384521, "seconds": 0.12757352367043495}
{"stage": "jacobian", "checkpoint": "step37000", "completed": 69, "total": 100, "token": "ending", "rho": 1.0251147747039795, "alpha": 1.0251147747039795, "lyapunov_last_256": 0.008440558102228782, "normalized_frobenius": 0.697227954864502, "seconds": 0.1191016249358654}
{"stage": "jacobian", "checkpoint": "step37000", "completed": 70, "total": 100, "token": " paved", "rho": 1.01895010471344, "alpha": 1.0043480396270752, "lyapunov_last_256": 0.0015604407951411053, "normalized_frobenius": 0.6923342347145081, "seconds": 0.13130240142345428}
{"stage": "jacobian", "checkpoint": "step37000", "completed": 71, "total": 100, "token": " bu", "rho": 1.0585625171661377, "alpha": 1.0585625171661377, "lyapunov_last_256": 0.018264590812912696, "normalized_frobenius": 0.7279454469680786, "seconds": 0.18642374500632286}
{"stage": "jacobian", "checkpoint": "step37000", "completed": 72, "total": 100, "token": " crucial", "rho": 1.0210522413253784, "alpha": 1.0196934938430786, "lyapunov_last_256": 0.01335607442223715, "normalized_frobenius": 0.6831616163253784, "seconds": 0.2547348029911518}
{"stage": "jacobian", "checkpoint": "step37000", "completed": 73, "total": 100, "token": "ographical", "rho": 0.9915742874145508, "alpha": 0.9915742874145508, "lyapunov_last_256": 0.011922883239937954, "normalized_frobenius": 0.677560031414032, "seconds": 0.19852414727210999}
{"stage": "jacobian", "checkpoint": "step37000", "completed": 74, "total": 100, "token": " Hunter", "rho": 1.060064673423767, "alpha": 1.0201241970062256, "lyapunov_last_256": 0.020298904225333363, "normalized_frobenius": 0.7099013328552246, "seconds": 0.13644825294613838}
{"stage": "jacobian", "checkpoint": "step37000", "completed": 75, "total": 100, "token": " Thailand", "rho": 1.028363585472107, "alpha": 1.028363585472107, "lyapunov_last_256": 0.012222503243010104, "normalized_frobenius": 0.6905549168586731, "seconds": 0.11860092729330063}
{"stage": "jacobian", "checkpoint": "step37000", "completed": 76, "total": 100, "token": " options", "rho": 0.9891542792320251, "alpha": 0.9891542792320251, "lyapunov_last_256": -0.010129661431634025, "normalized_frobenius": 0.6789450645446777, "seconds": 0.13933506980538368}
{"stage": "jacobian", "checkpoint": "step37000", "completed": 77, "total": 100, "token": " thereby", "rho": 1.0098413228988647, "alpha": 1.0098413228988647, "lyapunov_last_256": -0.004912012407953019, "normalized_frobenius": 0.6871225833892822, "seconds": 0.13994520530104637}
{"stage": "jacobian", "checkpoint": "step37000", "completed": 78, "total": 100, "token": " Å", "rho": 1.0177241563796997, "alpha": 1.0177241563796997, "lyapunov_last_256": 0.016589948726217576, "normalized_frobenius": 0.688744843006134, "seconds": 0.11342331394553185}
{"stage": "jacobian", "checkpoint": "step37000", "completed": 79, "total": 100, "token": " supports", "rho": 1.0093597173690796, "alpha": 1.0093597173690796, "lyapunov_last_256": 0.00027209975094603846, "normalized_frobenius": 0.6914457082748413, "seconds": 0.1287177987396717}
{"stage": "jacobian", "checkpoint": "step37000", "completed": 80, "total": 100, "token": " knows", "rho": 1.0417098999023438, "alpha": 1.0417098999023438, "lyapunov_last_256": 0.006677352293513053, "normalized_frobenius": 0.6992976665496826, "seconds": 0.12567951157689095}
{"stage": "jacobian", "checkpoint": "step37000", "completed": 81, "total": 100, "token": "rum", "rho": 1.017967700958252, "alpha": 1.017967700958252, "lyapunov_last_256": 0.008047624115441167, "normalized_frobenius": 0.6900399923324585, "seconds": 0.12308802083134651}
{"stage": "jacobian", "checkpoint": "step37000", "completed": 82, "total": 100, "token": " Son", "rho": 1.0079660415649414, "alpha": 1.0079660415649414, "lyapunov_last_256": 0.012588410179054545, "normalized_frobenius": 0.6822689771652222, "seconds": 0.14752241224050522}
{"stage": "jacobian", "checkpoint": "step37000", "completed": 83, "total": 100, "token": " impressed", "rho": 1.0494786500930786, "alpha": 1.0494786500930786, "lyapunov_last_256": 0.020581935819196085, "normalized_frobenius": 0.7177723050117493, "seconds": 0.12975278869271278}
{"stage": "jacobian", "checkpoint": "step37000", "completed": 84, "total": 100, "token": " smooth", "rho": 1.0077769756317139, "alpha": 1.0077769756317139, "lyapunov_last_256": 0.0042249993677865244, "normalized_frobenius": 0.6813240051269531, "seconds": 0.12260153889656067}
{"stage": "jacobian", "checkpoint": "step37000", "completed": 85, "total": 100, "token": "igo", "rho": 1.010103464126587, "alpha": 1.0071110725402832, "lyapunov_last_256": 0.0008155314112627244, "normalized_frobenius": 0.703862726688385, "seconds": 0.11935624852776527}
{"stage": "jacobian", "checkpoint": "step37000", "completed": 86, "total": 100, "token": " Coleman", "rho": 1.0256400108337402, "alpha": 0.998033881187439, "lyapunov_last_256": 0.007800549341797237, "normalized_frobenius": 0.7061928510665894, "seconds": 0.13223682716488838}
{"stage": "jacobian", "checkpoint": "step37000", "completed": 87, "total": 100, "token": " arriving", "rho": 1.0020452737808228, "alpha": 1.0020452737808228, "lyapunov_last_256": 0.009616647346697165, "normalized_frobenius": 0.6870980858802795, "seconds": 0.12093696743249893}
{"stage": "jacobian", "checkpoint": "step37000", "completed": 88, "total": 100, "token": " Gab", "rho": 0.9976321458816528, "alpha": 0.9976321458816528, "lyapunov_last_256": 0.0198231397870171, "normalized_frobenius": 0.6961700320243835, "seconds": 0.1268145516514778}
{"stage": "jacobian", "checkpoint": "step37000", "completed": 89, "total": 100, "token": " speech", "rho": 1.028239369392395, "alpha": 1.028239369392395, "lyapunov_last_256": 0.0035802068850928582, "normalized_frobenius": 0.6940057277679443, "seconds": 0.20962167531251907}
{"stage": "jacobian", "checkpoint": "step37000", "completed": 90, "total": 100, "token": " Ho", "rho": 0.992210865020752, "alpha": 0.992210865020752, "lyapunov_last_256": 0.006495309297432248, "normalized_frobenius": 0.6803362369537354, "seconds": 0.26871282979846}
{"stage": "jacobian", "checkpoint": "step37000", "completed": 91, "total": 100, "token": " involved", "rho": 1.0375587940216064, "alpha": 1.0375587940216064, "lyapunov_last_256": 0.006531074327771701, "normalized_frobenius": 0.6937879920005798, "seconds": 0.1498299278318882}
{"stage": "jacobian", "checkpoint": "step37000", "completed": 92, "total": 100, "token": " entered", "rho": 1.0446876287460327, "alpha": 1.0446876287460327, "lyapunov_last_256": 0.011509052483270062, "normalized_frobenius": 0.7067472338676453, "seconds": 0.12355096265673637}
{"stage": "jacobian", "checkpoint": "step37000", "completed": 93, "total": 100, "token": " track", "rho": 1.0214362144470215, "alpha": 1.0214362144470215, "lyapunov_last_256": 0.007614353125339439, "normalized_frobenius": 0.6943640112876892, "seconds": 0.12324916943907738}
{"stage": "jacobian", "checkpoint": "step37000", "completed": 94, "total": 100, "token": " 1", "rho": 1.0086294412612915, "alpha": 1.0086294412612915, "lyapunov_last_256": 0.008138377017304105, "normalized_frobenius": 0.6825439929962158, "seconds": 0.14413152635097504}
{"stage": "jacobian", "checkpoint": "step37000", "completed": 95, "total": 100, "token": " use", "rho": 1.0197901725769043, "alpha": 1.016928791999817, "lyapunov_last_256": 0.016069966201853907, "normalized_frobenius": 0.6891674399375916, "seconds": 0.11489102244377136}
{"stage": "jacobian", "checkpoint": "step37000", "completed": 96, "total": 100, "token": " million", "rho": 0.9962795972824097, "alpha": 0.9962795972824097, "lyapunov_last_256": 0.005043061491782608, "normalized_frobenius": 0.680296778678894, "seconds": 0.12151261419057846}
{"stage": "jacobian", "checkpoint": "step37000", "completed": 97, "total": 100, "token": " Civil", "rho": 1.011099100112915, "alpha": 1.011099100112915, "lyapunov_last_256": 0.002491183546924922, "normalized_frobenius": 0.6836614608764648, "seconds": 0.11946332082152367}
{"stage": "jacobian", "checkpoint": "step37000", "completed": 98, "total": 100, "token": " bass", "rho": 1.025947093963623, "alpha": 1.0243202447891235, "lyapunov_last_256": 0.01749628654901894, "normalized_frobenius": 0.7025951743125916, "seconds": 0.12963969632983208}
{"stage": "jacobian", "checkpoint": "step37000", "completed": 99, "total": 100, "token": "ium", "rho": 1.023902177810669, "alpha": 1.023902177810669, "lyapunov_last_256": 0.01980898013362102, "normalized_frobenius": 0.7009593844413757, "seconds": 0.13016973063349724}
{"stage": "jacobian", "checkpoint": "step37000", "completed": 100, "total": 100, "token": " roles", "rho": 1.0010368824005127, "alpha": 1.0010368824005127, "lyapunov_last_256": 0.004585421370790866, "normalized_frobenius": 0.6804553270339966, "seconds": 0.13150454685091972}
