{"stage": "dynamics_lyapunov", "dynamic_step": 256}
{"stage": "dynamics_lyapunov", "dynamic_step": 512}
{"stage": "dynamics_lyapunov", "dynamic_step": 768}
{"stage": "dynamics_lyapunov", "dynamic_step": 1024}
{"stage": "jacobian", "checkpoint": "step0", "completed": 11, "total": 100, "token": "sidered", "rho": 1.0480493307113647, "alpha": 1.045283555984497, "lyapunov_last_256": 0.005119874722948269, "normalized_frobenius": 0.6961395144462585, "seconds": 0.1322007104754448}
{"stage": "jacobian", "checkpoint": "step0", "completed": 12, "total": 100, "token": "second", "rho": 0.9955116510391235, "alpha": 0.9954931735992432, "lyapunov_last_256": -0.000907691903845102, "normalized_frobenius": 0.6633241772651672, "seconds": 0.12326241284608841}
{"stage": "jacobian", "checkpoint": "step0", "completed": 13, "total": 100, "token": " diagrams", "rho": 1.0419857501983643, "alpha": 1.0419052839279175, "lyapunov_last_256": 0.015825026614857695, "normalized_frobenius": 0.6902141571044922, "seconds": 0.13200481235980988}
{"stage": "jacobian", "checkpoint": "step0", "completed": 14, "total": 100, "token": " permeability", "rho": 1.0063225030899048, "alpha": 1.0063225030899048, "lyapunov_last_256": 0.0006306524924843955, "normalized_frobenius": 0.6688775420188904, "seconds": 0.11793295294046402}
{"stage": "jacobian", "checkpoint": "step0", "completed": 15, "total": 100, "token": " LE", "rho": 1.030558466911316, "alpha": 1.027436375617981, "lyapunov_last_256": 0.0195248761088701, "normalized_frobenius": 0.6876673102378845, "seconds": 0.11737073212862015}
{"stage": "jacobian", "checkpoint": "step0", "completed": 16, "total": 100, "token": "urdy", "rho": 1.0132781267166138, "alpha": 1.0132781267166138, "lyapunov_last_256": 0.00829612155855664, "normalized_frobenius": 0.6748952269554138, "seconds": 0.12129915878176689}
{"stage": "jacobian", "checkpoint": "step0", "completed": 17, "total": 100, "token": " 510", "rho": 1.0092926025390625, "alpha": 1.0092926025390625, "lyapunov_last_256": 0.010166519901722052, "normalized_frobenius": 0.6719094514846802, "seconds": 0.12678179144859314}
{"stage": "jacobian", "checkpoint": "step0", "completed": 18, "total": 100, "token": "ochem", "rho": 1.0018832683563232, "alpha": 1.0016998052597046, "lyapunov_last_256": 0.009074439529195219, "normalized_frobenius": 0.6756762862205505, "seconds": 0.13484901562333107}
{"stage": "jacobian", "checkpoint": "step0", "completed": 19, "total": 100, "token": " phyt", "rho": 1.0338726043701172, "alpha": 1.0338726043701172, "lyapunov_last_256": 0.013171112299052351, "normalized_frobenius": 0.689022421836853, "seconds": 0.12612682953476906}
{"stage": "jacobian", "checkpoint": "step0", "completed": 20, "total": 100, "token": " filings", "rho": 1.0011781454086304, "alpha": 1.0011345148086548, "lyapunov_last_256": 0.0006225021325960752, "normalized_frobenius": 0.6649505496025085, "seconds": 0.13074412941932678}
{"stage": "jacobian", "checkpoint": "step0", "completed": 21, "total": 100, "token": " helical", "rho": 1.0476160049438477, "alpha": 1.0473695993423462, "lyapunov_last_256": 0.005080419118420268, "normalized_frobenius": 0.6960847973823547, "seconds": 0.13397017866373062}
{"stage": "jacobian", "checkpoint": "step0", "completed": 22, "total": 100, "token": " interplay", "rho": 0.9989768862724304, "alpha": 0.9989768862724304, "lyapunov_last_256": 0.022675588837455622, "normalized_frobenius": 0.6671428084373474, "seconds": 0.14210269972682}
{"stage": "jacobian", "checkpoint": "step0", "completed": 23, "total": 100, "token": "cies", "rho": 1.0274982452392578, "alpha": 1.0272313356399536, "lyapunov_last_256": 0.02061518308636929, "normalized_frobenius": 0.6927191615104675, "seconds": 0.11487459018826485}
{"stage": "jacobian", "checkpoint": "step0", "completed": 24, "total": 100, "token": " harmonic", "rho": 1.0282191038131714, "alpha": 1.0248234272003174, "lyapunov_last_256": -0.0023331099270979274, "normalized_frobenius": 0.6741198301315308, "seconds": 0.1321117840707302}
{"stage": "jacobian", "checkpoint": "step0", "completed": 25, "total": 100, "token": " inactivated", "rho": 1.084086298942566, "alpha": 1.0821037292480469, "lyapunov_last_256": 0.008542232497805956, "normalized_frobenius": 0.7165924310684204, "seconds": 0.12860921397805214}
{"stage": "jacobian", "checkpoint": "step0", "completed": 26, "total": 100, "token": " Maintenance", "rho": 1.025628685951233, "alpha": 1.025628685951233, "lyapunov_last_256": 0.0090041668516044, "normalized_frobenius": 0.679186224937439, "seconds": 0.1318870224058628}
{"stage": "jacobian", "checkpoint": "step0", "completed": 27, "total": 100, "token": " pend", "rho": 1.0320885181427002, "alpha": 1.0296118259429932, "lyapunov_last_256": 0.016553246245843, "normalized_frobenius": 0.687488317489624, "seconds": 0.12382235005497932}
{"stage": "jacobian", "checkpoint": "step0", "completed": 28, "total": 100, "token": " Pretty", "rho": 1.0214405059814453, "alpha": 1.019495964050293, "lyapunov_last_256": -0.0007432133456178552, "normalized_frobenius": 0.6809532642364502, "seconds": 0.13372409343719482}
{"stage": "jacobian", "checkpoint": "step0", "completed": 29, "total": 100, "token": " 580", "rho": 1.0286638736724854, "alpha": 1.0286638736724854, "lyapunov_last_256": -0.0027827766278534774, "normalized_frobenius": 0.6852502822875977, "seconds": 0.12116789445281029}
{"stage": "jacobian", "checkpoint": "step0", "completed": 30, "total": 100, "token": "CH", "rho": 1.017780065536499, "alpha": 1.0159809589385986, "lyapunov_last_256": 0.012289582267646626, "normalized_frobenius": 0.6799519658088684, "seconds": 0.13504288345575333}
{"stage": "jacobian", "checkpoint": "step0", "completed": 31, "total": 100, "token": "PI", "rho": 1.0587506294250488, "alpha": 1.0587506294250488, "lyapunov_last_256": 0.013004381786727517, "normalized_frobenius": 0.6981216073036194, "seconds": 0.13680418953299522}
{"stage": "jacobian", "checkpoint": "step0", "completed": 32, "total": 100, "token": " shaping", "rho": 1.0527918338775635, "alpha": 1.0527918338775635, "lyapunov_last_256": 0.017382022574522815, "normalized_frobenius": 0.6878358125686646, "seconds": 0.1087089255452156}
{"stage": "jacobian", "checkpoint": "step0", "completed": 33, "total": 100, "token": " exams", "rho": 1.00572669506073, "alpha": 1.0031877756118774, "lyapunov_last_256": 0.01143608640487947, "normalized_frobenius": 0.6746165156364441, "seconds": 0.12660520523786545}
{"stage": "jacobian", "checkpoint": "step0", "completed": 34, "total": 100, "token": "ilipp", "rho": 1.0245212316513062, "alpha": 1.0200135707855225, "lyapunov_last_256": 0.007513941552993987, "normalized_frobenius": 0.6897270679473877, "seconds": 0.1339588239789009}
{"stage": "jacobian", "checkpoint": "step0", "completed": 35, "total": 100, "token": "essential", "rho": 1.030758261680603, "alpha": 1.0276339054107666, "lyapunov_last_256": -0.0016912936937365502, "normalized_frobenius": 0.675155758857727, "seconds": 0.14234953373670578}
{"stage": "jacobian", "checkpoint": "step0", "completed": 36, "total": 100, "token": " Manufact", "rho": 1.0363796949386597, "alpha": 1.0363796949386597, "lyapunov_last_256": 0.010191871997029405, "normalized_frobenius": 0.6886815428733826, "seconds": 0.1234014742076397}
{"stage": "jacobian", "checkpoint": "step0", "completed": 37, "total": 100, "token": "christ", "rho": 1.033542513847351, "alpha": 1.0333248376846313, "lyapunov_last_256": 0.03239421384246665, "normalized_frobenius": 0.6937692165374756, "seconds": 0.11983403190970421}
{"stage": "jacobian", "checkpoint": "step0", "completed": 38, "total": 100, "token": "omed", "rho": 1.0813817977905273, "alpha": 1.0813817977905273, "lyapunov_last_256": 0.010739021769338202, "normalized_frobenius": 0.6970964074134827, "seconds": 0.13182320818305016}
{"stage": "jacobian", "checkpoint": "step0", "completed": 39, "total": 100, "token": "umu", "rho": 1.0174269676208496, "alpha": 1.0174269676208496, "lyapunov_last_256": 0.014700387258861946, "normalized_frobenius": 0.6795474886894226, "seconds": 0.1441235989332199}
{"stage": "jacobian", "checkpoint": "step0", "completed": 40, "total": 100, "token": " tonight", "rho": 1.0226235389709473, "alpha": 1.018857717514038, "lyapunov_last_256": 0.01268218692895177, "normalized_frobenius": 0.6812296509742737, "seconds": 0.13221146911382675}
{"stage": "jacobian", "checkpoint": "step0", "completed": 41, "total": 100, "token": " geared", "rho": 0.9887930750846863, "alpha": 0.9887930750846863, "lyapunov_last_256": 0.001094810172644837, "normalized_frobenius": 0.6616474986076355, "seconds": 0.11989432945847511}
{"stage": "jacobian", "checkpoint": "step0", "completed": 42, "total": 100, "token": " trump", "rho": 1.0323574542999268, "alpha": 1.0279130935668945, "lyapunov_last_256": 0.0034205637646533885, "normalized_frobenius": 0.6860389113426208, "seconds": 0.12653899937868118}
{"stage": "jacobian", "checkpoint": "step0", "completed": 43, "total": 100, "token": "leman", "rho": 1.0679237842559814, "alpha": 1.0679237842559814, "lyapunov_last_256": 0.010946791423261961, "normalized_frobenius": 0.6988251805305481, "seconds": 0.12662244588136673}
{"stage": "jacobian", "checkpoint": "step0", "completed": 44, "total": 100, "token": " assortment", "rho": 1.0366472005844116, "alpha": 1.0340275764465332, "lyapunov_last_256": 0.009606860100794585, "normalized_frobenius": 0.697692334651947, "seconds": 0.126902274787426}
{"stage": "jacobian", "checkpoint": "step0", "completed": 45, "total": 100, "token": " Sew", "rho": 0.9775290489196777, "alpha": 0.9775290489196777, "lyapunov_last_256": 0.011165416477868666, "normalized_frobenius": 0.6637467741966248, "seconds": 0.13149072229862213}
{"stage": "jacobian", "checkpoint": "step0", "completed": 46, "total": 100, "token": " arresting", "rho": 1.0127320289611816, "alpha": 1.007617712020874, "lyapunov_last_256": 0.012832459434172444, "normalized_frobenius": 0.6895636320114136, "seconds": 0.12546789646148682}
{"stage": "jacobian", "checkpoint": "step0", "completed": 47, "total": 100, "token": " assertion", "rho": 0.9718793034553528, "alpha": 0.9717963933944702, "lyapunov_last_256": 0.005045261895345019, "normalized_frobenius": 0.6582774519920349, "seconds": 0.12532876804471016}
{"stage": "jacobian", "checkpoint": "step0", "completed": 48, "total": 100, "token": " unemployed", "rho": 1.0200178623199463, "alpha": 1.0188872814178467, "lyapunov_last_256": 0.00502890511000811, "normalized_frobenius": 0.6855313181877136, "seconds": 0.12565210089087486}
{"stage": "jacobian", "checkpoint": "step0", "completed": 49, "total": 100, "token": " outgoing", "rho": 1.0186889171600342, "alpha": 1.0186889171600342, "lyapunov_last_256": 0.017409376499948125, "normalized_frobenius": 0.6825207471847534, "seconds": 0.13586506247520447}
{"stage": "jacobian", "checkpoint": "step0", "completed": 50, "total": 100, "token": " floated", "rho": 1.0376478433609009, "alpha": 1.0340766906738281, "lyapunov_last_256": 0.0031926146493755445, "normalized_frobenius": 0.6761696338653564, "seconds": 0.11319068819284439}
{"stage": "jacobian", "checkpoint": "step0", "completed": 51, "total": 100, "token": " portable", "rho": 1.002257227897644, "alpha": 1.0022037029266357, "lyapunov_last_256": 0.002882525827245221, "normalized_frobenius": 0.6633156538009644, "seconds": 0.13058261945843697}
{"stage": "jacobian", "checkpoint": "step0", "completed": 52, "total": 100, "token": "olev", "rho": 1.0083022117614746, "alpha": 1.0081895589828491, "lyapunov_last_256": 0.016386658657124034, "normalized_frobenius": 0.6770321726799011, "seconds": 0.1366257406771183}
{"stage": "jacobian", "checkpoint": "step0", "completed": 53, "total": 100, "token": " Bread", "rho": 1.0354549884796143, "alpha": 1.0341849327087402, "lyapunov_last_256": 0.022253237333697655, "normalized_frobenius": 0.6736729741096497, "seconds": 0.13131558522582054}
{"stage": "jacobian", "checkpoint": "step0", "completed": 54, "total": 100, "token": " Alban", "rho": 1.0574308633804321, "alpha": 1.05605149269104, "lyapunov_last_256": 0.006382235028722447, "normalized_frobenius": 0.7027085423469543, "seconds": 0.1109449453651905}
{"stage": "jacobian", "checkpoint": "step0", "completed": 55, "total": 100, "token": "gae", "rho": 1.0661383867263794, "alpha": 1.0661383867263794, "lyapunov_last_256": -0.0005513256536128618, "normalized_frobenius": 0.698785662651062, "seconds": 0.12507232651114464}
{"stage": "jacobian", "checkpoint": "step0", "completed": 56, "total": 100, "token": " thorough", "rho": 1.0213873386383057, "alpha": 1.0213873386383057, "lyapunov_last_256": 0.019230734340705016, "normalized_frobenius": 0.6740060448646545, "seconds": 0.12888894975185394}
{"stage": "jacobian", "checkpoint": "step0", "completed": 57, "total": 100, "token": " integration", "rho": 1.0048810243606567, "alpha": 1.0048810243606567, "lyapunov_last_256": 0.009000150865275253, "normalized_frobenius": 0.6697444319725037, "seconds": 0.14703919366002083}
{"stage": "jacobian", "checkpoint": "step0", "completed": 58, "total": 100, "token": " sits", "rho": 1.015389084815979, "alpha": 1.0101532936096191, "lyapunov_last_256": 0.006048345026369079, "normalized_frobenius": 0.6801228523254395, "seconds": 0.13026237860321999}
{"stage": "jacobian", "checkpoint": "step0", "completed": 59, "total": 100, "token": " nit", "rho": 1.0284289121627808, "alpha": 1.0284289121627808, "lyapunov_last_256": 0.005410216065633084, "normalized_frobenius": 0.6831887364387512, "seconds": 0.12302673608064651}
{"stage": "jacobian", "checkpoint": "step0", "completed": 60, "total": 100, "token": " drifting", "rho": 1.0371013879776, "alpha": 1.0336016416549683, "lyapunov_last_256": -0.0012077153464434603, "normalized_frobenius": 0.6760593056678772, "seconds": 0.13004686310887337}
{"stage": "jacobian", "checkpoint": "step0", "completed": 61, "total": 100, "token": " 1864", "rho": 1.0234193801879883, "alpha": 1.0230900049209595, "lyapunov_last_256": 0.014301125602168563, "normalized_frobenius": 0.6830129623413086, "seconds": 0.1344136893749237}
{"stage": "jacobian", "checkpoint": "step0", "completed": 62, "total": 100, "token": "othe", "rho": 1.0747228860855103, "alpha": 1.0747228860855103, "lyapunov_last_256": 0.023606805490283222, "normalized_frobenius": 0.6969529986381531, "seconds": 0.15409624204039574}
{"stage": "jacobian", "checkpoint": "step0", "completed": 63, "total": 100, "token": " notion", "rho": 1.045275330543518, "alpha": 1.0452492237091064, "lyapunov_last_256": 0.00879732880113588, "normalized_frobenius": 0.6943712830543518, "seconds": 0.1106015183031559}
{"stage": "jacobian", "checkpoint": "step0", "completed": 64, "total": 100, "token": " publicity", "rho": 1.030640959739685, "alpha": 1.0239369869232178, "lyapunov_last_256": 0.011549467374614543, "normalized_frobenius": 0.6852118968963623, "seconds": 0.13951406255364418}
{"stage": "jacobian", "checkpoint": "step0", "completed": 65, "total": 100, "token": " disguised", "rho": 1.0554702281951904, "alpha": 1.0554702281951904, "lyapunov_last_256": 0.018474697494649143, "normalized_frobenius": 0.6867129802703857, "seconds": 0.14301752299070358}
{"stage": "jacobian", "checkpoint": "step0", "completed": 66, "total": 100, "token": " routine", "rho": 1.0195318460464478, "alpha": 1.0195318460464478, "lyapunov_last_256": 0.02573411934935767, "normalized_frobenius": 0.6721619367599487, "seconds": 0.11850914359092712}
{"stage": "jacobian", "checkpoint": "step0", "completed": 67, "total": 100, "token": " Panama", "rho": 1.0401321649551392, "alpha": 1.0384819507598877, "lyapunov_last_256": 0.0123145871835382, "normalized_frobenius": 0.6906315684318542, "seconds": 0.1599179543554783}
{"stage": "jacobian", "checkpoint": "step0", "completed": 68, "total": 100, "token": " happening", "rho": 1.0464266538619995, "alpha": 1.0421438217163086, "lyapunov_last_256": 0.005248306545645704, "normalized_frobenius": 0.6931946277618408, "seconds": 0.1400522068142891}
{"stage": "jacobian", "checkpoint": "step0", "completed": 69, "total": 100, "token": "ending", "rho": 0.9896945953369141, "alpha": 0.9890613555908203, "lyapunov_last_256": 0.0027283922281673627, "normalized_frobenius": 0.6617274284362793, "seconds": 0.1586083509027958}
{"stage": "jacobian", "checkpoint": "step0", "completed": 70, "total": 100, "token": " paved", "rho": 1.0350315570831299, "alpha": 1.0325653553009033, "lyapunov_last_256": -0.0020462391238619516, "normalized_frobenius": 0.6943557262420654, "seconds": 0.1305680014193058}
{"stage": "jacobian", "checkpoint": "step0", "completed": 71, "total": 100, "token": " bu", "rho": 1.072306513786316, "alpha": 1.072306513786316, "lyapunov_last_256": 0.007333095416175333, "normalized_frobenius": 0.6979090571403503, "seconds": 0.12490002065896988}
{"stage": "jacobian", "checkpoint": "step0", "completed": 72, "total": 100, "token": " crucial", "rho": 0.9676522612571716, "alpha": 0.9664790630340576, "lyapunov_last_256": 0.012289415765175338, "normalized_frobenius": 0.6549301147460938, "seconds": 0.16942259296774864}
{"stage": "jacobian", "checkpoint": "step0", "completed": 73, "total": 100, "token": "ographical", "rho": 1.0131477117538452, "alpha": 1.0131477117538452, "lyapunov_last_256": 0.020151125976867863, "normalized_frobenius": 0.6754979491233826, "seconds": 0.15579703077673912}
{"stage": "jacobian", "checkpoint": "step0", "completed": 74, "total": 100, "token": " Hunter", "rho": 1.0431675910949707, "alpha": 1.0431675910949707, "lyapunov_last_256": 0.016179624537441626, "normalized_frobenius": 0.6909401416778564, "seconds": 0.1402645707130432}
{"stage": "jacobian", "checkpoint": "step0", "completed": 75, "total": 100, "token": " Thailand", "rho": 1.005975365638733, "alpha": 1.0058913230895996, "lyapunov_last_256": 0.0016984441626228296, "normalized_frobenius": 0.6643410921096802, "seconds": 0.14683014154434204}
{"stage": "jacobian", "checkpoint": "step0", "completed": 76, "total": 100, "token": " options", "rho": 1.0090277194976807, "alpha": 1.0090277194976807, "lyapunov_last_256": 0.00528656261923029, "normalized_frobenius": 0.6722383499145508, "seconds": 0.14583059772849083}
{"stage": "jacobian", "checkpoint": "step0", "completed": 77, "total": 100, "token": " thereby", "rho": 0.9704219102859497, "alpha": 0.9704219102859497, "lyapunov_last_256": 0.005271074388698243, "normalized_frobenius": 0.6547460556030273, "seconds": 0.14930963888764381}
{"stage": "jacobian", "checkpoint": "step0", "completed": 78, "total": 100, "token": " Å", "rho": 1.0344072580337524, "alpha": 1.030925989151001, "lyapunov_last_256": 0.003474837161189496, "normalized_frobenius": 0.6752591133117676, "seconds": 0.1384982205927372}
{"stage": "jacobian", "checkpoint": "step0", "completed": 79, "total": 100, "token": " supports", "rho": 1.05312979221344, "alpha": 1.052936315536499, "lyapunov_last_256": 0.0026488328979848946, "normalized_frobenius": 0.6921533346176147, "seconds": 0.10310336202383041}
{"stage": "jacobian", "checkpoint": "step0", "completed": 80, "total": 100, "token": " knows", "rho": 1.06557297706604, "alpha": 1.06557297706604, "lyapunov_last_256": 0.0117945290885129, "normalized_frobenius": 0.6935746669769287, "seconds": 0.1342666558921337}
{"stage": "jacobian", "checkpoint": "step0", "completed": 81, "total": 100, "token": "rum", "rho": 0.9967318177223206, "alpha": 0.9938818216323853, "lyapunov_last_256": 0.01840912150029463, "normalized_frobenius": 0.6688077449798584, "seconds": 0.12443240731954575}
{"stage": "jacobian", "checkpoint": "step0", "completed": 82, "total": 100, "token": " Son", "rho": 1.0039324760437012, "alpha": 1.0039324760437012, "lyapunov_last_256": -0.0020478251549740645, "normalized_frobenius": 0.6701593995094299, "seconds": 0.12730440869927406}
{"stage": "jacobian", "checkpoint": "step0", "completed": 83, "total": 100, "token": " impressed", "rho": 1.0233207941055298, "alpha": 1.020822286605835, "lyapunov_last_256": 0.003368918419704636, "normalized_frobenius": 0.681891679763794, "seconds": 0.12691250070929527}
{"stage": "jacobian", "checkpoint": "step0", "completed": 84, "total": 100, "token": " smooth", "rho": 1.0420652627944946, "alpha": 1.0415308475494385, "lyapunov_last_256": 0.011895451268895851, "normalized_frobenius": 0.687488853931427, "seconds": 0.12973317503929138}
{"stage": "jacobian", "checkpoint": "step0", "completed": 85, "total": 100, "token": "igo", "rho": 1.0102444887161255, "alpha": 1.0095301866531372, "lyapunov_last_256": 0.02792000664278162, "normalized_frobenius": 0.6840623617172241, "seconds": 0.126799538731575}
{"stage": "jacobian", "checkpoint": "step0", "completed": 86, "total": 100, "token": " Coleman", "rho": 1.0265523195266724, "alpha": 1.022544264793396, "lyapunov_last_256": 0.012466604630741122, "normalized_frobenius": 0.6899003386497498, "seconds": 0.132970679551363}
{"stage": "jacobian", "checkpoint": "step0", "completed": 87, "total": 100, "token": " arriving", "rho": 1.0404773950576782, "alpha": 1.0393520593643188, "lyapunov_last_256": 0.003225527252317519, "normalized_frobenius": 0.694027841091156, "seconds": 0.17123010754585266}
{"stage": "jacobian", "checkpoint": "step0", "completed": 88, "total": 100, "token": " Gab", "rho": 1.0493335723876953, "alpha": 1.0445291996002197, "lyapunov_last_256": 0.002976380050360354, "normalized_frobenius": 0.6955430507659912, "seconds": 0.12265606969594955}
{"stage": "jacobian", "checkpoint": "step0", "completed": 89, "total": 100, "token": " speech", "rho": 1.0343761444091797, "alpha": 1.031059980392456, "lyapunov_last_256": 0.004327453340585919, "normalized_frobenius": 0.6755658984184265, "seconds": 0.1358412764966488}
{"stage": "jacobian", "checkpoint": "step0", "completed": 90, "total": 100, "token": " Ho", "rho": 1.086743950843811, "alpha": 1.086743950843811, "lyapunov_last_256": 0.017634457029969804, "normalized_frobenius": 0.6937419772148132, "seconds": 0.13780947029590607}
{"stage": "jacobian", "checkpoint": "step0", "completed": 91, "total": 100, "token": " involved", "rho": 1.0067285299301147, "alpha": 1.0058578252792358, "lyapunov_last_256": 0.01932928186982474, "normalized_frobenius": 0.6776300072669983, "seconds": 0.1414048708975315}
{"stage": "jacobian", "checkpoint": "step0", "completed": 92, "total": 100, "token": " entered", "rho": 0.9984844923019409, "alpha": 0.9984844923019409, "lyapunov_last_256": 0.008826504281870219, "normalized_frobenius": 0.6580222249031067, "seconds": 0.14577553048729897}
{"stage": "jacobian", "checkpoint": "step0", "completed": 93, "total": 100, "token": " track", "rho": 0.9668412804603577, "alpha": 0.9668114185333252, "lyapunov_last_256": 0.014269014698052645, "normalized_frobenius": 0.6529131531715393, "seconds": 0.13572167605161667}
{"stage": "jacobian", "checkpoint": "step0", "completed": 94, "total": 100, "token": " 1", "rho": 1.037232518196106, "alpha": 1.0337532758712769, "lyapunov_last_256": -0.0014185621462344034, "normalized_frobenius": 0.6763165593147278, "seconds": 0.1274382807314396}
{"stage": "jacobian", "checkpoint": "step0", "completed": 95, "total": 100, "token": " use", "rho": 1.0064184665679932, "alpha": 1.0062978267669678, "lyapunov_last_256": 0.0008505717596064256, "normalized_frobenius": 0.667290985584259, "seconds": 0.1520496942102909}
{"stage": "jacobian", "checkpoint": "step0", "completed": 96, "total": 100, "token": " million", "rho": 1.0066947937011719, "alpha": 1.0066947937011719, "lyapunov_last_256": 0.005364166910819248, "normalized_frobenius": 0.6780462265014648, "seconds": 0.12775713577866554}
{"stage": "jacobian", "checkpoint": "step0", "completed": 97, "total": 100, "token": " Civil", "rho": 1.0031681060791016, "alpha": 1.0009765625, "lyapunov_last_256": 0.014934833604821975, "normalized_frobenius": 0.6758219003677368, "seconds": 0.11848965659737587}
{"stage": "jacobian", "checkpoint": "step0", "completed": 98, "total": 100, "token": " bass", "rho": 1.019085168838501, "alpha": 1.01551353931427, "lyapunov_last_256": 0.006461443127289919, "normalized_frobenius": 0.6859447360038757, "seconds": 0.12735162675380707}
{"stage": "jacobian", "checkpoint": "step0", "completed": 99, "total": 100, "token": "ium", "rho": 1.0267366170883179, "alpha": 1.0267366170883179, "lyapunov_last_256": 0.006673201992674284, "normalized_frobenius": 0.6787998676300049, "seconds": 0.1589234285056591}
{"stage": "jacobian", "checkpoint": "step0", "completed": 100, "total": 100, "token": " roles", "rho": 1.0044612884521484, "alpha": 1.0044612884521484, "lyapunov_last_256": 0.0026695484563808917, "normalized_frobenius": 0.6692430377006531, "seconds": 0.13641947135329247}
{"stage": "dynamics_lyapunov", "dynamic_step": 256}
{"stage": "dynamics_lyapunov", "dynamic_step": 512}
{"stage": "dynamics_lyapunov", "dynamic_step": 768}
{"stage": "dynamics_lyapunov", "dynamic_step": 1024}
{"stage": "dynamics_lyapunov", "dynamic_step": 256}
{"stage": "dynamics_lyapunov", "dynamic_step": 512}
{"stage": "dynamics_lyapunov", "dynamic_step": 768}
{"stage": "dynamics_lyapunov", "dynamic_step": 1024}
{"stage": "jacobian", "checkpoint": "step5000", "completed": 1, "total": 100, "token": "locations", "rho": 1.01332426071167, "alpha": 1.0085933208465576, "lyapunov_last_256": 0.008374550186222476, "normalized_frobenius": 0.6767207384109497, "seconds": 0.15552892163395882}
{"stage": "jacobian", "checkpoint": "step5000", "completed": 2, "total": 100, "token": " 449", "rho": 1.0024933815002441, "alpha": 0.997706413269043, "lyapunov_last_256": 0.005401588514363463, "normalized_frobenius": 0.6770250201225281, "seconds": 0.14193421974778175}
{"stage": "jacobian", "checkpoint": "step5000", "completed": 3, "total": 100, "token": "completion", "rho": 1.0068880319595337, "alpha": 0.9923640489578247, "lyapunov_last_256": 0.0040797306196382385, "normalized_frobenius": 0.6797119379043579, "seconds": 0.12326272577047348}
{"stage": "jacobian", "checkpoint": "step5000", "completed": 4, "total": 100, "token": "Py", "rho": 0.9891756772994995, "alpha": 0.9872124791145325, "lyapunov_last_256": 0.007273162147346795, "normalized_frobenius": 0.6757901310920715, "seconds": 0.13056612014770508}
{"stage": "jacobian", "checkpoint": "step5000", "completed": 5, "total": 100, "token": " circumference", "rho": 0.9910961985588074, "alpha": 0.9859911203384399, "lyapunov_last_256": 0.008260601631965321, "normalized_frobenius": 0.6767492294311523, "seconds": 0.13142948597669601}
{"stage": "jacobian", "checkpoint": "step5000", "completed": 6, "total": 100, "token": " involuntary", "rho": 1.0235164165496826, "alpha": 1.0098519325256348, "lyapunov_last_256": 0.007579186290235791, "normalized_frobenius": 0.6806129217147827, "seconds": 0.13030453771352768}
{"stage": "jacobian", "checkpoint": "step5000", "completed": 7, "total": 100, "token": "立", "rho": 1.0080307722091675, "alpha": 0.9951499700546265, "lyapunov_last_256": 0.009530369281704953, "normalized_frobenius": 0.6781358122825623, "seconds": 0.11853817105293274}
{"stage": "jacobian", "checkpoint": "step5000", "completed": 8, "total": 100, "token": " CAD", "rho": 1.0195461511611938, "alpha": 1.0056188106536865, "lyapunov_last_256": 0.0062010306816476495, "normalized_frobenius": 0.6797469854354858, "seconds": 0.12766148149967194}
{"stage": "jacobian", "checkpoint": "step5000", "completed": 9, "total": 100, "token": "alen", "rho": 1.014550805091858, "alpha": 1.0098576545715332, "lyapunov_last_256": 0.010011037887357504, "normalized_frobenius": 0.6778311729431152, "seconds": 0.14410948753356934}
{"stage": "jacobian", "checkpoint": "step5000", "completed": 10, "total": 100, "token": " Nokia", "rho": 1.0158276557922363, "alpha": 1.006027102470398, "lyapunov_last_256": 0.011435550624039814, "normalized_frobenius": 0.6784654855728149, "seconds": 0.1490117721259594}
{"stage": "jacobian", "checkpoint": "step5000", "completed": 11, "total": 100, "token": "sidered", "rho": 0.9929062724113464, "alpha": 0.9822705984115601, "lyapunov_last_256": 0.008710826332379634, "normalized_frobenius": 0.6752622723579407, "seconds": 0.15416213497519493}
{"stage": "jacobian", "checkpoint": "step5000", "completed": 12, "total": 100, "token": "second", "rho": 1.0343363285064697, "alpha": 1.0343363285064697, "lyapunov_last_256": 0.008848532183536472, "normalized_frobenius": 0.6791045665740967, "seconds": 0.13561374694108963}
{"stage": "jacobian", "checkpoint": "step5000", "completed": 13, "total": 100, "token": " diagrams", "rho": 0.9851400852203369, "alpha": 0.984795331954956, "lyapunov_last_256": 0.008615168168584594, "normalized_frobenius": 0.6748232245445251, "seconds": 0.13716313615441322}
{"stage": "jacobian", "checkpoint": "step5000", "completed": 14, "total": 100, "token": " permeability", "rho": 0.9863665699958801, "alpha": 0.985893726348877, "lyapunov_last_256": 0.0021719360712377203, "normalized_frobenius": 0.6745322346687317, "seconds": 0.17129315435886383}
{"stage": "jacobian", "checkpoint": "step5000", "completed": 15, "total": 100, "token": " LE", "rho": 1.0119001865386963, "alpha": 1.0106472969055176, "lyapunov_last_256": 0.012628794918448477, "normalized_frobenius": 0.6846760511398315, "seconds": 0.19836346432566643}
{"stage": "jacobian", "checkpoint": "step5000", "completed": 16, "total": 100, "token": "urdy", "rho": 1.0311170816421509, "alpha": 1.0146160125732422, "lyapunov_last_256": 0.009199199752273885, "normalized_frobenius": 0.6843053698539734, "seconds": 0.1607273817062378}
{"stage": "jacobian", "checkpoint": "step5000", "completed": 17, "total": 100, "token": " 510", "rho": 1.0042990446090698, "alpha": 1.0042990446090698, "lyapunov_last_256": 0.011468118616812953, "normalized_frobenius": 0.6803596019744873, "seconds": 0.13256344944238663}
{"stage": "jacobian", "checkpoint": "step5000", "completed": 18, "total": 100, "token": "ochem", "rho": 1.0192756652832031, "alpha": 1.014343023300171, "lyapunov_last_256": 0.010077064417059096, "normalized_frobenius": 0.6783286333084106, "seconds": 0.13961774855852127}
{"stage": "jacobian", "checkpoint": "step5000", "completed": 19, "total": 100, "token": " phyt", "rho": 1.003749132156372, "alpha": 0.9951267242431641, "lyapunov_last_256": 0.007595389256688409, "normalized_frobenius": 0.6774426698684692, "seconds": 0.13432222232222557}
{"stage": "jacobian", "checkpoint": "step5000", "completed": 20, "total": 100, "token": " filings", "rho": 1.0047717094421387, "alpha": 1.0003602504730225, "lyapunov_last_256": 0.00804875520297783, "normalized_frobenius": 0.6772304773330688, "seconds": 0.14514725655317307}
{"stage": "jacobian", "checkpoint": "step5000", "completed": 21, "total": 100, "token": " helical", "rho": 1.036516547203064, "alpha": 1.0331687927246094, "lyapunov_last_256": 0.00868580093846157, "normalized_frobenius": 0.6823059916496277, "seconds": 0.14391876384615898}
{"stage": "jacobian", "checkpoint": "step5000", "completed": 22, "total": 100, "token": " interplay", "rho": 0.9813852310180664, "alpha": 0.97408127784729, "lyapunov_last_256": 0.006624543169935286, "normalized_frobenius": 0.6744638085365295, "seconds": 0.15158788859844208}
{"stage": "jacobian", "checkpoint": "step5000", "completed": 23, "total": 100, "token": "cies", "rho": 1.0018396377563477, "alpha": 1.0016860961914062, "lyapunov_last_256": 0.011273653227162747, "normalized_frobenius": 0.679398238658905, "seconds": 0.1673843413591385}
{"stage": "jacobian", "checkpoint": "step5000", "completed": 24, "total": 100, "token": " harmonic", "rho": 1.0201462507247925, "alpha": 1.0148425102233887, "lyapunov_last_256": 0.010751576956145363, "normalized_frobenius": 0.6781039834022522, "seconds": 0.1321696601808071}
{"stage": "jacobian", "checkpoint": "step5000", "completed": 25, "total": 100, "token": " inactivated", "rho": 1.0107897520065308, "alpha": 1.002306580543518, "lyapunov_last_256": 0.0049099271694324625, "normalized_frobenius": 0.6788982152938843, "seconds": 0.20363285392522812}
{"stage": "jacobian", "checkpoint": "step5000", "completed": 26, "total": 100, "token": " Maintenance", "rho": 1.0083366632461548, "alpha": 1.0036027431488037, "lyapunov_last_256": 0.008538243238941378, "normalized_frobenius": 0.6764329671859741, "seconds": 0.15244967117905617}
{"stage": "jacobian", "checkpoint": "step5000", "completed": 27, "total": 100, "token": " pend", "rho": 1.0158203840255737, "alpha": 1.0023599863052368, "lyapunov_last_256": 0.005041090999639579, "normalized_frobenius": 0.6846203804016113, "seconds": 0.14108217135071754}
{"stage": "jacobian", "checkpoint": "step5000", "completed": 28, "total": 100, "token": " Pretty", "rho": 1.0118412971496582, "alpha": 0.9992847442626953, "lyapunov_last_256": 0.003271252738584866, "normalized_frobenius": 0.6794424057006836, "seconds": 0.14786988124251366}
{"stage": "jacobian", "checkpoint": "step5000", "completed": 29, "total": 100, "token": " 580", "rho": 1.022716999053955, "alpha": 1.022716999053955, "lyapunov_last_256": 0.008703301609631644, "normalized_frobenius": 0.6839694380760193, "seconds": 0.18826526403427124}
{"stage": "jacobian", "checkpoint": "step5000", "completed": 30, "total": 100, "token": "CH", "rho": 0.9984717965126038, "alpha": 0.9942288398742676, "lyapunov_last_256": 0.010872456535290054, "normalized_frobenius": 0.6778286695480347, "seconds": 0.15552128478884697}
{"stage": "jacobian", "checkpoint": "step5000", "completed": 31, "total": 100, "token": "PI", "rho": 1.0246433019638062, "alpha": 1.0206754207611084, "lyapunov_last_256": 0.014062600558383449, "normalized_frobenius": 0.6833757162094116, "seconds": 0.14288832992315292}
{"stage": "jacobian", "checkpoint": "step5000", "completed": 32, "total": 100, "token": " shaping", "rho": 1.017193078994751, "alpha": 1.017193078994751, "lyapunov_last_256": 0.009954273885932402, "normalized_frobenius": 0.6789901852607727, "seconds": 0.11861507594585419}
{"stage": "jacobian", "checkpoint": "step5000", "completed": 33, "total": 100, "token": " exams", "rho": 1.0275980234146118, "alpha": 1.0202410221099854, "lyapunov_last_256": 0.010232761172468106, "normalized_frobenius": 0.6797130107879639, "seconds": 0.12684207409620285}
{"stage": "jacobian", "checkpoint": "step5000", "completed": 34, "total": 100, "token": "ilipp", "rho": 1.0361047983169556, "alpha": 1.0361047983169556, "lyapunov_last_256": 0.00367657209610893, "normalized_frobenius": 0.680090069770813, "seconds": 0.1243271641433239}
{"stage": "jacobian", "checkpoint": "step5000", "completed": 35, "total": 100, "token": "essential", "rho": 1.014993667602539, "alpha": 1.000022053718567, "lyapunov_last_256": 0.0034129696842026143, "normalized_frobenius": 0.6819712519645691, "seconds": 0.12732036784291267}
{"stage": "jacobian", "checkpoint": "step5000", "completed": 36, "total": 100, "token": " Manufact", "rho": 1.0329973697662354, "alpha": 1.028355598449707, "lyapunov_last_256": 0.0030721973852871932, "normalized_frobenius": 0.6798256635665894, "seconds": 0.12587015703320503}
{"stage": "jacobian", "checkpoint": "step5000", "completed": 37, "total": 100, "token": "christ", "rho": 1.0055047273635864, "alpha": 1.0030975341796875, "lyapunov_last_256": 0.010941468000430169, "normalized_frobenius": 0.6785570383071899, "seconds": 0.15846998244524002}
{"stage": "jacobian", "checkpoint": "step5000", "completed": 38, "total": 100, "token": "omed", "rho": 1.0187162160873413, "alpha": 1.0048587322235107, "lyapunov_last_256": 0.008147320850182061, "normalized_frobenius": 0.6801099181175232, "seconds": 0.1692996360361576}
{"stage": "jacobian", "checkpoint": "step5000", "completed": 39, "total": 100, "token": "umu", "rho": 1.0040218830108643, "alpha": 0.9925825595855713, "lyapunov_last_256": 0.0078521627744625, "normalized_frobenius": 0.6770276427268982, "seconds": 0.16543489322066307}
{"stage": "jacobian", "checkpoint": "step5000", "completed": 40, "total": 100, "token": " tonight", "rho": 1.0058479309082031, "alpha": 0.9930278658866882, "lyapunov_last_256": 0.005537155716223744, "normalized_frobenius": 0.6815177202224731, "seconds": 0.12792804464697838}
{"stage": "jacobian", "checkpoint": "step5000", "completed": 41, "total": 100, "token": " geared", "rho": 1.0149401426315308, "alpha": 1.0100127458572388, "lyapunov_last_256": 0.010588087645392664, "normalized_frobenius": 0.6781264543533325, "seconds": 0.11483654379844666}
{"stage": "jacobian", "checkpoint": "step5000", "completed": 42, "total": 100, "token": " trump", "rho": 1.001924991607666, "alpha": 0.9982222318649292, "lyapunov_last_256": 0.001754152358607858, "normalized_frobenius": 0.6798557043075562, "seconds": 0.127552792429924}
{"stage": "jacobian", "checkpoint": "step5000", "completed": 43, "total": 100, "token": "leman", "rho": 0.9825811386108398, "alpha": 0.979947030544281, "lyapunov_last_256": 0.010040165285667037, "normalized_frobenius": 0.6737732291221619, "seconds": 0.13653422892093658}
{"stage": "jacobian", "checkpoint": "step5000", "completed": 44, "total": 100, "token": " assortment", "rho": 1.0167962312698364, "alpha": 1.0014500617980957, "lyapunov_last_256": 0.004210679578180216, "normalized_frobenius": 0.6815212965011597, "seconds": 0.149020504206419}
{"stage": "jacobian", "checkpoint": "step5000", "completed": 45, "total": 100, "token": " Sew", "rho": 1.0156197547912598, "alpha": 1.000920295715332, "lyapunov_last_256": 0.00795612586552998, "normalized_frobenius": 0.6797383427619934, "seconds": 0.12934449315071106}
{"stage": "jacobian", "checkpoint": "step5000", "completed": 46, "total": 100, "token": " arresting", "rho": 1.0077686309814453, "alpha": 0.9934312105178833, "lyapunov_last_256": 0.002849867695993063, "normalized_frobenius": 0.6794026494026184, "seconds": 0.140600997954607}
{"stage": "jacobian", "checkpoint": "step5000", "completed": 47, "total": 100, "token": " assertion", "rho": 1.0253766775131226, "alpha": 1.0253766775131226, "lyapunov_last_256": 0.007915458301100664, "normalized_frobenius": 0.683883547782898, "seconds": 0.13078538700938225}
{"stage": "jacobian", "checkpoint": "step5000", "completed": 48, "total": 100, "token": " unemployed", "rho": 1.0161728858947754, "alpha": 1.0019681453704834, "lyapunov_last_256": 0.007261288138546623, "normalized_frobenius": 0.6802420616149902, "seconds": 0.1302676945924759}
{"stage": "jacobian", "checkpoint": "step5000", "completed": 49, "total": 100, "token": " outgoing", "rho": 1.0277513265609741, "alpha": 1.0272738933563232, "lyapunov_last_256": 0.006371228889355976, "normalized_frobenius": 0.6765875816345215, "seconds": 0.13637343421578407}
{"stage": "jacobian", "checkpoint": "step5000", "completed": 50, "total": 100, "token": " floated", "rho": 1.0368045568466187, "alpha": 1.0368045568466187, "lyapunov_last_256": 0.006518742635391738, "normalized_frobenius": 0.677846372127533, "seconds": 0.14275189489126205}
{"stage": "jacobian", "checkpoint": "step5000", "completed": 51, "total": 100, "token": " portable", "rho": 1.0056378841400146, "alpha": 1.0012376308441162, "lyapunov_last_256": 0.011865520899603382, "normalized_frobenius": 0.6786154508590698, "seconds": 0.1388380005955696}
{"stage": "jacobian", "checkpoint": "step5000", "completed": 52, "total": 100, "token": "olev", "rho": 0.9929934144020081, "alpha": 0.988399863243103, "lyapunov_last_256": 0.008468788307174673, "normalized_frobenius": 0.6752461791038513, "seconds": 0.11927024647593498}
{"stage": "jacobian", "checkpoint": "step5000", "completed": 53, "total": 100, "token": " Bread", "rho": 1.0342183113098145, "alpha": 1.020156741142273, "lyapunov_last_256": 0.00940670249591489, "normalized_frobenius": 0.6841183304786682, "seconds": 0.12071102857589722}
{"stage": "jacobian", "checkpoint": "step5000", "completed": 54, "total": 100, "token": " Alban", "rho": 1.0061167478561401, "alpha": 0.9991993308067322, "lyapunov_last_256": 0.009232929243093501, "normalized_frobenius": 0.680048406124115, "seconds": 0.13227906078100204}
{"stage": "jacobian", "checkpoint": "step5000", "completed": 55, "total": 100, "token": "gae", "rho": 0.9920321702957153, "alpha": 0.9873092174530029, "lyapunov_last_256": 0.012803369568014653, "normalized_frobenius": 0.6750959157943726, "seconds": 0.15411604940891266}
{"stage": "jacobian", "checkpoint": "step5000", "completed": 56, "total": 100, "token": " thorough", "rho": 1.0226552486419678, "alpha": 1.0220372676849365, "lyapunov_last_256": 0.003347477529749469, "normalized_frobenius": 0.6798794269561768, "seconds": 0.19584529846906662}
{"stage": "jacobian", "checkpoint": "step5000", "completed": 57, "total": 100, "token": " integration", "rho": 1.0270328521728516, "alpha": 1.013677716255188, "lyapunov_last_256": 0.008219871812132521, "normalized_frobenius": 0.681390643119812, "seconds": 0.1713881753385067}
{"stage": "jacobian", "checkpoint": "step5000", "completed": 58, "total": 100, "token": " sits", "rho": 1.0292441844940186, "alpha": 1.0129780769348145, "lyapunov_last_256": 0.0019454880530133038, "normalized_frobenius": 0.6842194199562073, "seconds": 0.13666444271802902}
{"stage": "jacobian", "checkpoint": "step5000", "completed": 59, "total": 100, "token": " nit", "rho": 1.0044831037521362, "alpha": 0.995419442653656, "lyapunov_last_256": 0.011924859502056295, "normalized_frobenius": 0.6780160665512085, "seconds": 0.1290842890739441}
{"stage": "jacobian", "checkpoint": "step5000", "completed": 60, "total": 100, "token": " drifting", "rho": 1.039577603340149, "alpha": 1.0363702774047852, "lyapunov_last_256": 0.007350199553083404, "normalized_frobenius": 0.6814597249031067, "seconds": 0.13231967017054558}
{"stage": "jacobian", "checkpoint": "step5000", "completed": 61, "total": 100, "token": " 1864", "rho": 0.9734669327735901, "alpha": 0.9684309959411621, "lyapunov_last_256": 0.006854084796454972, "normalized_frobenius": 0.6729415059089661, "seconds": 0.1318483054637909}
{"stage": "jacobian", "checkpoint": "step5000", "completed": 62, "total": 100, "token": "othe", "rho": 1.0021363496780396, "alpha": 1.0013784170150757, "lyapunov_last_256": 0.008113203694321667, "normalized_frobenius": 0.6751235723495483, "seconds": 0.12474126741290092}
{"stage": "jacobian", "checkpoint": "step5000", "completed": 63, "total": 100, "token": " notion", "rho": 1.0162737369537354, "alpha": 1.0020527839660645, "lyapunov_last_256": 0.0058361984225917245, "normalized_frobenius": 0.6809797883033752, "seconds": 0.13984564691781998}
{"stage": "jacobian", "checkpoint": "step5000", "completed": 64, "total": 100, "token": " publicity", "rho": 1.027120590209961, "alpha": 1.0114710330963135, "lyapunov_last_256": 0.009599906293470403, "normalized_frobenius": 0.6827160120010376, "seconds": 0.13107695057988167}
{"stage": "jacobian", "checkpoint": "step5000", "completed": 65, "total": 100, "token": " disguised", "rho": 1.016209602355957, "alpha": 1.0018348693847656, "lyapunov_last_256": 0.004641408602835134, "normalized_frobenius": 0.6820048093795776, "seconds": 0.14805839955806732}
{"stage": "jacobian", "checkpoint": "step5000", "completed": 66, "total": 100, "token": " routine", "rho": 1.004891037940979, "alpha": 1.0006332397460938, "lyapunov_last_256": 0.008842708347556722, "normalized_frobenius": 0.6801905632019043, "seconds": 0.1635526679456234}
{"stage": "jacobian", "checkpoint": "step5000", "completed": 67, "total": 100, "token": " Panama", "rho": 1.0092737674713135, "alpha": 1.0050876140594482, "lyapunov_last_256": 0.009971484576116647, "normalized_frobenius": 0.6825827956199646, "seconds": 0.13583747670054436}
{"stage": "jacobian", "checkpoint": "step5000", "completed": 68, "total": 100, "token": " happening", "rho": 1.0001256465911865, "alpha": 0.9953398704528809, "lyapunov_last_256": 0.0008038088109362969, "normalized_frobenius": 0.6778706908226013, "seconds": 0.13633061572909355}
{"stage": "jacobian", "checkpoint": "step5000", "completed": 69, "total": 100, "token": "ending", "rho": 0.9919466376304626, "alpha": 0.9865443706512451, "lyapunov_last_256": 0.008831499555345432, "normalized_frobenius": 0.6754457354545593, "seconds": 0.13892848417162895}
{"stage": "jacobian", "checkpoint": "step5000", "completed": 70, "total": 100, "token": " paved", "rho": 1.0110124349594116, "alpha": 1.006105899810791, "lyapunov_last_256": 0.0003767247446073458, "normalized_frobenius": 0.6834596395492554, "seconds": 0.13934501633048058}
{"stage": "jacobian", "checkpoint": "step5000", "completed": 71, "total": 100, "token": " bu", "rho": 1.0330700874328613, "alpha": 1.021273136138916, "lyapunov_last_256": 0.005337794547674409, "normalized_frobenius": 0.6795241236686707, "seconds": 0.13543013483285904}
{"stage": "jacobian", "checkpoint": "step5000", "completed": 72, "total": 100, "token": " crucial", "rho": 1.027694582939148, "alpha": 1.0119273662567139, "lyapunov_last_256": 0.009752742590325405, "normalized_frobenius": 0.6832339763641357, "seconds": 0.1244865357875824}
{"stage": "jacobian", "checkpoint": "step5000", "completed": 73, "total": 100, "token": "ographical", "rho": 1.0309364795684814, "alpha": 1.0200802087783813, "lyapunov_last_256": 0.007088030675091516, "normalized_frobenius": 0.6783758997917175, "seconds": 0.17319334670901299}
{"stage": "jacobian", "checkpoint": "step5000", "completed": 74, "total": 100, "token": " Hunter", "rho": 1.0269216299057007, "alpha": 1.0115327835083008, "lyapunov_last_256": 0.008369090392552575, "normalized_frobenius": 0.6826062202453613, "seconds": 0.21764937788248062}
{"stage": "jacobian", "checkpoint": "step5000", "completed": 75, "total": 100, "token": " Thailand", "rho": 1.0316424369812012, "alpha": 1.016984462738037, "lyapunov_last_256": 0.010393168178963744, "normalized_frobenius": 0.6821466088294983, "seconds": 0.15951162949204445}
{"stage": "jacobian", "checkpoint": "step5000", "completed": 76, "total": 100, "token": " options", "rho": 1.0319429636001587, "alpha": 1.031413197517395, "lyapunov_last_256": 0.007860488273613568, "normalized_frobenius": 0.6794193983078003, "seconds": 0.14436746016144753}
{"stage": "jacobian", "checkpoint": "step5000", "completed": 77, "total": 100, "token": " thereby", "rho": 1.0222707986831665, "alpha": 1.011050820350647, "lyapunov_last_256": 0.00958847874460369, "normalized_frobenius": 0.6827173829078674, "seconds": 0.12722424417734146}
{"stage": "jacobian", "checkpoint": "step5000", "completed": 78, "total": 100, "token": " Å", "rho": 1.0149099826812744, "alpha": 1.0092813968658447, "lyapunov_last_256": 0.0068538424133598366, "normalized_frobenius": 0.675986647605896, "seconds": 0.14243438467383385}
{"stage": "jacobian", "checkpoint": "step5000", "completed": 79, "total": 100, "token": " supports", "rho": 1.024178385734558, "alpha": 1.0177299976348877, "lyapunov_last_256": 0.012359256244952205, "normalized_frobenius": 0.6835627555847168, "seconds": 0.16559472680091858}
{"stage": "jacobian", "checkpoint": "step5000", "completed": 80, "total": 100, "token": " knows", "rho": 0.9840933084487915, "alpha": 0.9786503911018372, "lyapunov_last_256": 0.00315529755310123, "normalized_frobenius": 0.6770084500312805, "seconds": 0.12656491622328758}
{"stage": "jacobian", "checkpoint": "step5000", "completed": 81, "total": 100, "token": "rum", "rho": 1.001529335975647, "alpha": 1.001529335975647, "lyapunov_last_256": 0.005216346459732191, "normalized_frobenius": 0.6803780794143677, "seconds": 0.13224338367581367}
{"stage": "jacobian", "checkpoint": "step5000", "completed": 82, "total": 100, "token": " Son", "rho": 1.0330928564071655, "alpha": 1.017470121383667, "lyapunov_last_256": 0.009120231297315878, "normalized_frobenius": 0.6846923828125, "seconds": 0.13545572385191917}
{"stage": "jacobian", "checkpoint": "step5000", "completed": 83, "total": 100, "token": " impressed", "rho": 1.0030629634857178, "alpha": 0.9984130859375, "lyapunov_last_256": 0.006910387335567597, "normalized_frobenius": 0.6767147779464722, "seconds": 0.14294153824448586}
{"stage": "jacobian", "checkpoint": "step5000", "completed": 84, "total": 100, "token": " smooth", "rho": 1.0097875595092773, "alpha": 1.0091034173965454, "lyapunov_last_256": 0.008657684699207751, "normalized_frobenius": 0.6757888793945312, "seconds": 0.14144817367196083}
{"stage": "jacobian", "checkpoint": "step5000", "completed": 85, "total": 100, "token": "igo", "rho": 1.0097006559371948, "alpha": 1.0043237209320068, "lyapunov_last_256": 0.011225759105500496, "normalized_frobenius": 0.6785667538642883, "seconds": 0.20855598896741867}
{"stage": "jacobian", "checkpoint": "step5000", "completed": 86, "total": 100, "token": " Coleman", "rho": 0.9908345937728882, "alpha": 0.9874238967895508, "lyapunov_last_256": 0.005973269996090018, "normalized_frobenius": 0.6768014430999756, "seconds": 0.18746165931224823}
{"stage": "jacobian", "checkpoint": "step5000", "completed": 87, "total": 100, "token": " arriving", "rho": 1.0123645067214966, "alpha": 0.9986532926559448, "lyapunov_last_256": 0.009683680141266493, "normalized_frobenius": 0.6784629821777344, "seconds": 0.1511112004518509}
{"stage": "jacobian", "checkpoint": "step5000", "completed": 88, "total": 100, "token": " Gab", "rho": 1.0158889293670654, "alpha": 1.0047874450683594, "lyapunov_last_256": 0.007901508188919108, "normalized_frobenius": 0.681320071220398, "seconds": 0.11776510253548622}
{"stage": "jacobian", "checkpoint": "step5000", "completed": 89, "total": 100, "token": " speech", "rho": 1.019800066947937, "alpha": 1.0056219100952148, "lyapunov_last_256": 0.004722244073493816, "normalized_frobenius": 0.6807900667190552, "seconds": 0.12298447638750076}
{"stage": "jacobian", "checkpoint": "step5000", "completed": 90, "total": 100, "token": " Ho", "rho": 1.0111846923828125, "alpha": 1.0111846923828125, "lyapunov_last_256": 0.006618621476393614, "normalized_frobenius": 0.6783179640769958, "seconds": 0.1480645127594471}
{"stage": "jacobian", "checkpoint": "step5000", "completed": 91, "total": 100, "token": " involved", "rho": 1.004648208618164, "alpha": 0.9913387298583984, "lyapunov_last_256": 0.005510488627952652, "normalized_frobenius": 0.6782770752906799, "seconds": 0.14757927507162094}
{"stage": "jacobian", "checkpoint": "step5000", "completed": 92, "total": 100, "token": " entered", "rho": 1.0238531827926636, "alpha": 1.0084967613220215, "lyapunov_last_256": 0.009772341460972358, "normalized_frobenius": 0.6826920509338379, "seconds": 0.13180245459079742}
{"stage": "jacobian", "checkpoint": "step5000", "completed": 93, "total": 100, "token": " track", "rho": 1.0225800275802612, "alpha": 1.0219652652740479, "lyapunov_last_256": 0.012839732996345238, "normalized_frobenius": 0.6820200681686401, "seconds": 0.1309964843094349}
{"stage": "jacobian", "checkpoint": "step5000", "completed": 94, "total": 100, "token": " 1", "rho": 0.9992031455039978, "alpha": 0.9982531070709229, "lyapunov_last_256": 0.0022758115401991033, "normalized_frobenius": 0.6733120083808899, "seconds": 0.11698660254478455}
{"stage": "jacobian", "checkpoint": "step5000", "completed": 95, "total": 100, "token": " use", "rho": 1.0182825326919556, "alpha": 1.004696249961853, "lyapunov_last_256": 0.002257181305912041, "normalized_frobenius": 0.6796334981918335, "seconds": 0.13988777995109558}
{"stage": "jacobian", "checkpoint": "step5000", "completed": 96, "total": 100, "token": " million", "rho": 0.9922348856925964, "alpha": 0.9882791042327881, "lyapunov_last_256": 0.00891514718326098, "normalized_frobenius": 0.6740400195121765, "seconds": 0.13311010971665382}
{"stage": "jacobian", "checkpoint": "step5000", "completed": 97, "total": 100, "token": " Civil", "rho": 0.9908438920974731, "alpha": 0.9856635332107544, "lyapunov_last_256": 0.009058728163619542, "normalized_frobenius": 0.6741503477096558, "seconds": 0.1332959681749344}
{"stage": "jacobian", "checkpoint": "step5000", "completed": 98, "total": 100, "token": " bass", "rho": 1.0143208503723145, "alpha": 0.9988871812820435, "lyapunov_last_256": 0.0065762472083949475, "normalized_frobenius": 0.6798057556152344, "seconds": 0.12118655443191528}
{"stage": "jacobian", "checkpoint": "step5000", "completed": 99, "total": 100, "token": "ium", "rho": 1.0178426504135132, "alpha": 1.013397216796875, "lyapunov_last_256": 0.006787602333804816, "normalized_frobenius": 0.6784195899963379, "seconds": 0.13048723712563515}
{"stage": "jacobian", "checkpoint": "step5000", "completed": 100, "total": 100, "token": " roles", "rho": 0.9997556209564209, "alpha": 0.9992599487304688, "lyapunov_last_256": -0.0001821888177277822, "normalized_frobenius": 0.6765915751457214, "seconds": 0.16329550370573997}
{"stage": "dynamics_lyapunov", "dynamic_step": 256}
{"stage": "dynamics_lyapunov", "dynamic_step": 512}
{"stage": "dynamics_lyapunov", "dynamic_step": 768}
{"stage": "dynamics_lyapunov", "dynamic_step": 1024}
{"stage": "jacobian", "checkpoint": "step33000", "completed": 1, "total": 100, "token": "locations", "rho": 1.0616499185562134, "alpha": 1.0614509582519531, "lyapunov_last_256": 0.012316799449791848, "normalized_frobenius": 0.715676486492157, "seconds": 0.13856009021401405}
{"stage": "jacobian", "checkpoint": "step33000", "completed": 2, "total": 100, "token": " 449", "rho": 1.0794847011566162, "alpha": 1.0643184185028076, "lyapunov_last_256": 0.010639616257509185, "normalized_frobenius": 0.7244348526000977, "seconds": 0.12804798036813736}
{"stage": "jacobian", "checkpoint": "step33000", "completed": 3, "total": 100, "token": "completion", "rho": 1.047493815422058, "alpha": 1.0368152856826782, "lyapunov_last_256": 0.013661144001668499, "normalized_frobenius": 0.7061120867729187, "seconds": 0.12666883692145348}
{"stage": "jacobian", "checkpoint": "step33000", "completed": 4, "total": 100, "token": "Py", "rho": 1.0182286500930786, "alpha": 1.0182286500930786, "lyapunov_last_256": 0.017773801630112017, "normalized_frobenius": 0.6797699928283691, "seconds": 0.12289106473326683}
{"stage": "jacobian", "checkpoint": "step33000", "completed": 5, "total": 100, "token": " circumference", "rho": 1.0566422939300537, "alpha": 1.0545533895492554, "lyapunov_last_256": 0.011263636486142783, "normalized_frobenius": 0.7105409502983093, "seconds": 0.1259014904499054}
{"stage": "jacobian", "checkpoint": "step33000", "completed": 6, "total": 100, "token": " involuntary", "rho": 1.0389143228530884, "alpha": 1.0389143228530884, "lyapunov_last_256": 0.03541752334972151, "normalized_frobenius": 0.6885788440704346, "seconds": 0.18330245837569237}
{"stage": "jacobian", "checkpoint": "step33000", "completed": 7, "total": 100, "token": "立", "rho": 1.0362919569015503, "alpha": 1.0332015752792358, "lyapunov_last_256": 0.014269383946142095, "normalized_frobenius": 0.7038364410400391, "seconds": 0.23366152495145798}
{"stage": "jacobian", "checkpoint": "step33000", "completed": 8, "total": 100, "token": " CAD", "rho": 1.0801852941513062, "alpha": 1.0716164112091064, "lyapunov_last_256": 0.009548593212994996, "normalized_frobenius": 0.7253483533859253, "seconds": 0.16527272388339043}
{"stage": "jacobian", "checkpoint": "step33000", "completed": 9, "total": 100, "token": "alen", "rho": 1.0269261598587036, "alpha": 1.0244102478027344, "lyapunov_last_256": 0.008806325532410108, "normalized_frobenius": 0.6890650391578674, "seconds": 0.12324914336204529}
{"stage": "jacobian", "checkpoint": "step33000", "completed": 10, "total": 100, "token": " Nokia", "rho": 1.0727472305297852, "alpha": 1.0622904300689697, "lyapunov_last_256": 0.020293324665853794, "normalized_frobenius": 0.7191087007522583, "seconds": 0.13907264173030853}
{"stage": "jacobian", "checkpoint": "step33000", "completed": 11, "total": 100, "token": "sidered", "rho": 1.0588358640670776, "alpha": 1.0467250347137451, "lyapunov_last_256": 0.011890677190338771, "normalized_frobenius": 0.7049886584281921, "seconds": 0.13273731246590614}
{"stage": "jacobian", "checkpoint": "step33000", "completed": 12, "total": 100, "token": "second", "rho": 1.03885018825531, "alpha": 1.0253944396972656, "lyapunov_last_256": 0.01707807884363357, "normalized_frobenius": 0.6933622360229492, "seconds": 0.1310822144150734}
{"stage": "jacobian", "checkpoint": "step33000", "completed": 13, "total": 100, "token": " diagrams", "rho": 1.02428138256073, "alpha": 1.0168800354003906, "lyapunov_last_256": 0.013284372621438924, "normalized_frobenius": 0.6761681437492371, "seconds": 0.12202605232596397}
{"stage": "jacobian", "checkpoint": "step33000", "completed": 14, "total": 100, "token": " permeability", "rho": 1.0622071027755737, "alpha": 1.0613763332366943, "lyapunov_last_256": 0.03493755181081396, "normalized_frobenius": 0.7088754773139954, "seconds": 0.10644780471920967}
{"stage": "jacobian", "checkpoint": "step33000", "completed": 15, "total": 100, "token": " LE", "rho": 1.056429386138916, "alpha": 1.056429386138916, "lyapunov_last_256": 0.009443728188118719, "normalized_frobenius": 0.7025982737541199, "seconds": 0.11447146907448769}
{"stage": "jacobian", "checkpoint": "step33000", "completed": 16, "total": 100, "token": "urdy", "rho": 1.0476901531219482, "alpha": 1.0456843376159668, "lyapunov_last_256": 0.0020555563213753877, "normalized_frobenius": 0.7020949721336365, "seconds": 0.11770874261856079}
{"stage": "jacobian", "checkpoint": "step33000", "completed": 17, "total": 100, "token": " 510", "rho": 1.0727977752685547, "alpha": 1.0631933212280273, "lyapunov_last_256": 0.007024416341493044, "normalized_frobenius": 0.694013237953186, "seconds": 0.1277148500084877}
{"stage": "jacobian", "checkpoint": "step33000", "completed": 18, "total": 100, "token": "ochem", "rho": 1.06357741355896, "alpha": 1.06357741355896, "lyapunov_last_256": 0.03659006873410331, "normalized_frobenius": 0.6869931817054749, "seconds": 0.13727306202054024}
{"stage": "jacobian", "checkpoint": "step33000", "completed": 19, "total": 100, "token": " phyt", "rho": 1.0415756702423096, "alpha": 1.031359314918518, "lyapunov_last_256": 0.024859771418986282, "normalized_frobenius": 0.6993666291236877, "seconds": 0.12199963629245758}
{"stage": "jacobian", "checkpoint": "step33000", "completed": 20, "total": 100, "token": " filings", "rho": 0.9882862567901611, "alpha": 0.9882862567901611, "lyapunov_last_256": 0.004926008901426129, "normalized_frobenius": 0.6668206453323364, "seconds": 0.1415405310690403}
{"stage": "jacobian", "checkpoint": "step33000", "completed": 21, "total": 100, "token": " helical", "rho": 1.0524715185165405, "alpha": 1.0524715185165405, "lyapunov_last_256": 0.021708322392516074, "normalized_frobenius": 0.7018243074417114, "seconds": 0.13509756699204445}
{"stage": "jacobian", "checkpoint": "step33000", "completed": 22, "total": 100, "token": " interplay", "rho": 1.080717921257019, "alpha": 1.0664551258087158, "lyapunov_last_256": 0.028538981624342884, "normalized_frobenius": 0.7307100296020508, "seconds": 0.11156028509140015}
{"stage": "jacobian", "checkpoint": "step33000", "completed": 23, "total": 100, "token": "cies", "rho": 1.0570496320724487, "alpha": 1.0570496320724487, "lyapunov_last_256": 0.010154490020352267, "normalized_frobenius": 0.6813989877700806, "seconds": 0.1218617670238018}
{"stage": "jacobian", "checkpoint": "step33000", "completed": 24, "total": 100, "token": " harmonic", "rho": 1.0825109481811523, "alpha": 1.0825109481811523, "lyapunov_last_256": 0.02490560909100168, "normalized_frobenius": 0.7023515701293945, "seconds": 0.12726633250713348}
{"stage": "jacobian", "checkpoint": "step33000", "completed": 25, "total": 100, "token": " inactivated", "rho": 1.0711300373077393, "alpha": 1.0542113780975342, "lyapunov_last_256": 0.013571167594608762, "normalized_frobenius": 0.7205448746681213, "seconds": 0.13004972413182259}
{"stage": "jacobian", "checkpoint": "step33000", "completed": 26, "total": 100, "token": " Maintenance", "rho": 1.0468356609344482, "alpha": 1.0382736921310425, "lyapunov_last_256": 0.011661311329172181, "normalized_frobenius": 0.6980108618736267, "seconds": 0.1458609662950039}
{"stage": "jacobian", "checkpoint": "step33000", "completed": 27, "total": 100, "token": " pend", "rho": 1.0631506443023682, "alpha": 1.0594758987426758, "lyapunov_last_256": 0.01364789732210165, "normalized_frobenius": 0.6981909275054932, "seconds": 0.13096758350729942}
{"stage": "jacobian", "checkpoint": "step33000", "completed": 28, "total": 100, "token": " Pretty", "rho": 1.088308572769165, "alpha": 1.088308572769165, "lyapunov_last_256": 0.019799295688112346, "normalized_frobenius": 0.716694176197052, "seconds": 0.12335522472858429}
{"stage": "jacobian", "checkpoint": "step33000", "completed": 29, "total": 100, "token": " 580", "rho": 1.068630337715149, "alpha": 1.068537950515747, "lyapunov_last_256": 0.015772999188601353, "normalized_frobenius": 0.7146899104118347, "seconds": 0.135330218821764}
{"stage": "jacobian", "checkpoint": "step33000", "completed": 30, "total": 100, "token": "CH", "rho": 1.057433009147644, "alpha": 1.057433009147644, "lyapunov_last_256": 0.02497138657158053, "normalized_frobenius": 0.7324992418289185, "seconds": 0.12831510230898857}
{"stage": "jacobian", "checkpoint": "step33000", "completed": 31, "total": 100, "token": "PI", "rho": 1.0846027135849, "alpha": 1.0845332145690918, "lyapunov_last_256": 0.012067037734166468, "normalized_frobenius": 0.7163916230201721, "seconds": 0.130536999553442}
{"stage": "jacobian", "checkpoint": "step33000", "completed": 32, "total": 100, "token": " shaping", "rho": 1.047590732574463, "alpha": 1.047590732574463, "lyapunov_last_256": 0.01945939512698652, "normalized_frobenius": 0.7123103737831116, "seconds": 0.12942351028323174}
{"stage": "jacobian", "checkpoint": "step33000", "completed": 33, "total": 100, "token": " exams", "rho": 1.0182496309280396, "alpha": 1.0064010620117188, "lyapunov_last_256": 0.015379919696357554, "normalized_frobenius": 0.6947078704833984, "seconds": 0.13859349489212036}
{"stage": "jacobian", "checkpoint": "step33000", "completed": 34, "total": 100, "token": "ilipp", "rho": 1.011541485786438, "alpha": 1.0039308071136475, "lyapunov_last_256": 0.034262371392373474, "normalized_frobenius": 0.6910303831100464, "seconds": 0.13665425404906273}
{"stage": "jacobian", "checkpoint": "step33000", "completed": 35, "total": 100, "token": "essential", "rho": 1.0680186748504639, "alpha": 1.0650194883346558, "lyapunov_last_256": 0.02093535174947294, "normalized_frobenius": 0.7056455612182617, "seconds": 0.12641365453600883}
{"stage": "jacobian", "checkpoint": "step33000", "completed": 36, "total": 100, "token": " Manufact", "rho": 0.999982476234436, "alpha": 0.9997985363006592, "lyapunov_last_256": 0.019039561834544676, "normalized_frobenius": 0.6816332936286926, "seconds": 0.13474126905202866}
{"stage": "jacobian", "checkpoint": "step33000", "completed": 37, "total": 100, "token": "christ", "rho": 1.0024325847625732, "alpha": 1.0008548498153687, "lyapunov_last_256": 0.023342599934610554, "normalized_frobenius": 0.6624203324317932, "seconds": 0.12528344243764877}
{"stage": "jacobian", "checkpoint": "step33000", "completed": 38, "total": 100, "token": "omed", "rho": 1.0440305471420288, "alpha": 1.0371954441070557, "lyapunov_last_256": 0.01299537706029463, "normalized_frobenius": 0.7076302170753479, "seconds": 0.12028982117772102}
{"stage": "jacobian", "checkpoint": "step33000", "completed": 39, "total": 100, "token": "umu", "rho": 1.0606399774551392, "alpha": 1.0606399774551392, "lyapunov_last_256": 0.011394824733012968, "normalized_frobenius": 0.697898805141449, "seconds": 0.1416231170296669}
{"stage": "jacobian", "checkpoint": "step33000", "completed": 40, "total": 100, "token": " tonight", "rho": 1.0799630880355835, "alpha": 1.0783157348632812, "lyapunov_last_256": 0.00416350399164243, "normalized_frobenius": 0.7195073962211609, "seconds": 0.1257161647081375}
{"stage": "jacobian", "checkpoint": "step33000", "completed": 41, "total": 100, "token": " geared", "rho": 1.0557657480239868, "alpha": 1.0557657480239868, "lyapunov_last_256": 0.030424622128745027, "normalized_frobenius": 0.7058571577072144, "seconds": 0.15083050727844238}
{"stage": "jacobian", "checkpoint": "step33000", "completed": 42, "total": 100, "token": " trump", "rho": 1.030181646347046, "alpha": 1.02559232711792, "lyapunov_last_256": 0.02010020098243887, "normalized_frobenius": 0.6841040253639221, "seconds": 0.17290067672729492}
{"stage": "jacobian", "checkpoint": "step33000", "completed": 43, "total": 100, "token": "leman", "rho": 1.0244661569595337, "alpha": 1.0244661569595337, "lyapunov_last_256": 0.0008471937731931942, "normalized_frobenius": 0.6763783693313599, "seconds": 0.16369211301207542}
{"stage": "jacobian", "checkpoint": "step33000", "completed": 44, "total": 100, "token": " assortment", "rho": 1.0828897953033447, "alpha": 1.0640881061553955, "lyapunov_last_256": 0.013134095107507718, "normalized_frobenius": 0.7168864607810974, "seconds": 0.1796606071293354}
{"stage": "jacobian", "checkpoint": "step33000", "completed": 45, "total": 100, "token": " Sew", "rho": 1.1510552167892456, "alpha": 1.1510552167892456, "lyapunov_last_256": 0.012775071289052906, "normalized_frobenius": 0.732230007648468, "seconds": 0.12251237779855728}
{"stage": "jacobian", "checkpoint": "step33000", "completed": 46, "total": 100, "token": " arresting", "rho": 1.0587302446365356, "alpha": 1.0354243516921997, "lyapunov_last_256": 0.01698385293341035, "normalized_frobenius": 0.7315922379493713, "seconds": 0.12831711769104004}
{"stage": "jacobian", "checkpoint": "step33000", "completed": 47, "total": 100, "token": " assertion", "rho": 1.066060185432434, "alpha": 1.066060185432434, "lyapunov_last_256": 0.020416682828254543, "normalized_frobenius": 0.6989920139312744, "seconds": 0.1495627611875534}
{"stage": "jacobian", "checkpoint": "step33000", "completed": 48, "total": 100, "token": " unemployed", "rho": 1.014824390411377, "alpha": 1.0130181312561035, "lyapunov_last_256": 0.02581937471096667, "normalized_frobenius": 0.6602329611778259, "seconds": 0.13169855624437332}
{"stage": "jacobian", "checkpoint": "step33000", "completed": 49, "total": 100, "token": " outgoing", "rho": 1.0314134359359741, "alpha": 1.0314134359359741, "lyapunov_last_256": 0.01914242580719306, "normalized_frobenius": 0.6912704706192017, "seconds": 0.13426156342029572}
{"stage": "jacobian", "checkpoint": "step33000", "completed": 50, "total": 100, "token": " floated", "rho": 0.9984679222106934, "alpha": 0.9899735450744629, "lyapunov_last_256": 0.010793801459317562, "normalized_frobenius": 0.6744043827056885, "seconds": 0.1410064399242401}
{"stage": "jacobian", "checkpoint": "step33000", "completed": 51, "total": 100, "token": " portable", "rho": 1.0899121761322021, "alpha": 1.0883162021636963, "lyapunov_last_256": 0.004754030549003282, "normalized_frobenius": 0.7234504818916321, "seconds": 0.231545090675354}
{"stage": "jacobian", "checkpoint": "step33000", "completed": 52, "total": 100, "token": "olev", "rho": 1.0729790925979614, "alpha": 1.0590829849243164, "lyapunov_last_256": 0.014000585940061802, "normalized_frobenius": 0.7074447274208069, "seconds": 0.17185677587985992}
{"stage": "jacobian", "checkpoint": "step33000", "completed": 53, "total": 100, "token": " Bread", "rho": 1.0711917877197266, "alpha": 1.0549930334091187, "lyapunov_last_256": 0.007245368853401109, "normalized_frobenius": 0.7166796922683716, "seconds": 0.15071335807442665}
{"stage": "jacobian", "checkpoint": "step33000", "completed": 54, "total": 100, "token": " Alban", "rho": 1.0808120965957642, "alpha": 1.06755793094635, "lyapunov_last_256": 0.010876108590257172, "normalized_frobenius": 0.714541494846344, "seconds": 0.13020559772849083}
{"stage": "jacobian", "checkpoint": "step33000", "completed": 55, "total": 100, "token": "gae", "rho": 0.9867042303085327, "alpha": 0.9828181862831116, "lyapunov_last_256": 0.020721910340711257, "normalized_frobenius": 0.6816089153289795, "seconds": 0.13655416667461395}
{"stage": "jacobian", "checkpoint": "step33000", "completed": 56, "total": 100, "token": " thorough", "rho": 1.010543704032898, "alpha": 1.0066680908203125, "lyapunov_last_256": 0.01488827941165016, "normalized_frobenius": 0.6721619963645935, "seconds": 0.1531345099210739}
{"stage": "jacobian", "checkpoint": "step33000", "completed": 57, "total": 100, "token": " integration", "rho": 1.0807327032089233, "alpha": 1.078303337097168, "lyapunov_last_256": 0.020347282643965712, "normalized_frobenius": 0.7013018727302551, "seconds": 0.13467461988329887}
{"stage": "jacobian", "checkpoint": "step33000", "completed": 58, "total": 100, "token": " sits", "rho": 1.0511672496795654, "alpha": 1.0511672496795654, "lyapunov_last_256": 0.010446170095833667, "normalized_frobenius": 0.6932990550994873, "seconds": 0.12584369257092476}
{"stage": "jacobian", "checkpoint": "step33000", "completed": 59, "total": 100, "token": " nit", "rho": 0.9947944283485413, "alpha": 0.9947944283485413, "lyapunov_last_256": 0.03607164220043971, "normalized_frobenius": 0.6824870109558105, "seconds": 0.12914219498634338}
{"stage": "jacobian", "checkpoint": "step33000", "completed": 60, "total": 100, "token": " drifting", "rho": 1.2926061153411865, "alpha": 1.2926061153411865, "lyapunov_last_256": 0.015065556643345128, "normalized_frobenius": 0.7771964073181152, "seconds": 0.12057320028543472}
{"stage": "jacobian", "checkpoint": "step33000", "completed": 61, "total": 100, "token": " 1864", "rho": 1.0809904336929321, "alpha": 1.0767029523849487, "lyapunov_last_256": 0.02343812302568235, "normalized_frobenius": 0.7238991856575012, "seconds": 0.11251772195100784}
{"stage": "jacobian", "checkpoint": "step33000", "completed": 62, "total": 100, "token": "othe", "rho": 1.0896245241165161, "alpha": 1.0896245241165161, "lyapunov_last_256": 0.013793992958296322, "normalized_frobenius": 0.7355268001556396, "seconds": 0.1331990361213684}
{"stage": "jacobian", "checkpoint": "step33000", "completed": 63, "total": 100, "token": " notion", "rho": 1.0200515985488892, "alpha": 1.0200515985488892, "lyapunov_last_256": 0.02045814235558579, "normalized_frobenius": 0.7024865746498108, "seconds": 0.15471285581588745}
{"stage": "jacobian", "checkpoint": "step33000", "completed": 64, "total": 100, "token": " publicity", "rho": 1.0138682126998901, "alpha": 1.013480305671692, "lyapunov_last_256": 0.016803925525334603, "normalized_frobenius": 0.6945092678070068, "seconds": 0.13303818553686142}
{"stage": "jacobian", "checkpoint": "step33000", "completed": 65, "total": 100, "token": " disguised", "rho": 1.0884478092193604, "alpha": 1.0884478092193604, "lyapunov_last_256": 0.010940452708343878, "normalized_frobenius": 0.7100410461425781, "seconds": 0.1377473622560501}
{"stage": "jacobian", "checkpoint": "step33000", "completed": 66, "total": 100, "token": " routine", "rho": 1.039808988571167, "alpha": 1.0349658727645874, "lyapunov_last_256": 0.02286515308168901, "normalized_frobenius": 0.7105772495269775, "seconds": 0.12526294961571693}
{"stage": "jacobian", "checkpoint": "step33000", "completed": 67, "total": 100, "token": " Panama", "rho": 1.0023928880691528, "alpha": 1.0023928880691528, "lyapunov_last_256": 0.014185107886248388, "normalized_frobenius": 0.6751342415809631, "seconds": 0.12462307140231133}
{"stage": "jacobian", "checkpoint": "step33000", "completed": 68, "total": 100, "token": " happening", "rho": 1.06793212890625, "alpha": 1.06793212890625, "lyapunov_last_256": 0.019442756864414084, "normalized_frobenius": 0.6944222450256348, "seconds": 0.1229797899723053}
{"stage": "jacobian", "checkpoint": "step33000", "completed": 69, "total": 100, "token": "ending", "rho": 0.9862608909606934, "alpha": 0.9862608909606934, "lyapunov_last_256": 0.014910088597343095, "normalized_frobenius": 0.6883605122566223, "seconds": 0.11710173264145851}
{"stage": "jacobian", "checkpoint": "step33000", "completed": 70, "total": 100, "token": " paved", "rho": 1.0911675691604614, "alpha": 1.0911675691604614, "lyapunov_last_256": 0.023802815206861873, "normalized_frobenius": 0.7261672616004944, "seconds": 0.1400260515511036}
{"stage": "jacobian", "checkpoint": "step33000", "completed": 71, "total": 100, "token": " bu", "rho": 1.0608879327774048, "alpha": 1.0608879327774048, "lyapunov_last_256": 0.020114380837545902, "normalized_frobenius": 0.7086535692214966, "seconds": 0.1450168490409851}
{"stage": "jacobian", "checkpoint": "step33000", "completed": 72, "total": 100, "token": " crucial", "rho": 1.037845253944397, "alpha": 1.037845253944397, "lyapunov_last_256": 0.01118112769653707, "normalized_frobenius": 0.6862428188323975, "seconds": 0.11401460692286491}
{"stage": "jacobian", "checkpoint": "step33000", "completed": 73, "total": 100, "token": "ographical", "rho": 1.0271741151809692, "alpha": 1.0271741151809692, "lyapunov_last_256": 0.005410212827372136, "normalized_frobenius": 0.6754530668258667, "seconds": 0.122569739818573}
{"stage": "jacobian", "checkpoint": "step33000", "completed": 74, "total": 100, "token": " Hunter", "rho": 1.066152572631836, "alpha": 1.0648341178894043, "lyapunov_last_256": 0.001414888363535289, "normalized_frobenius": 0.7078399658203125, "seconds": 0.11748014017939568}
{"stage": "jacobian", "checkpoint": "step33000", "completed": 75, "total": 100, "token": " Thailand", "rho": 1.0249364376068115, "alpha": 1.0212551355361938, "lyapunov_last_256": 0.012595161383802633, "normalized_frobenius": 0.6923189163208008, "seconds": 0.13674786314368248}
{"stage": "jacobian", "checkpoint": "step33000", "completed": 76, "total": 100, "token": " options", "rho": 1.060315489768982, "alpha": 1.060315489768982, "lyapunov_last_256": 0.01911074754324243, "normalized_frobenius": 0.7048540115356445, "seconds": 0.1456371173262596}
{"stage": "jacobian", "checkpoint": "step33000", "completed": 77, "total": 100, "token": " thereby", "rho": 1.108333706855774, "alpha": 1.1064075231552124, "lyapunov_last_256": 0.022307579452028624, "normalized_frobenius": 0.7291526198387146, "seconds": 0.13776247203350067}
{"stage": "jacobian", "checkpoint": "step33000", "completed": 78, "total": 100, "token": " Å", "rho": 1.035456657409668, "alpha": 1.035456657409668, "lyapunov_last_256": -0.007066578407429448, "normalized_frobenius": 0.6747890114784241, "seconds": 0.11975027620792389}
{"stage": "jacobian", "checkpoint": "step33000", "completed": 79, "total": 100, "token": " supports", "rho": 0.9989306330680847, "alpha": 0.9879748821258545, "lyapunov_last_256": 0.014666577741245551, "normalized_frobenius": 0.6885375380516052, "seconds": 0.11424608528614044}
{"stage": "jacobian", "checkpoint": "step33000", "completed": 80, "total": 100, "token": " knows", "rho": 0.9915664196014404, "alpha": 0.9915664196014404, "lyapunov_last_256": 0.01872952415401184, "normalized_frobenius": 0.6682342886924744, "seconds": 0.12329824641346931}
{"stage": "jacobian", "checkpoint": "step33000", "completed": 81, "total": 100, "token": "rum", "rho": 1.0415360927581787, "alpha": 1.0415360927581787, "lyapunov_last_256": 0.025021149966208682, "normalized_frobenius": 0.679628849029541, "seconds": 0.13207243755459785}
{"stage": "jacobian", "checkpoint": "step33000", "completed": 82, "total": 100, "token": " Son", "rho": 1.0728402137756348, "alpha": 1.0689198970794678, "lyapunov_last_256": 0.011701107168657009, "normalized_frobenius": 0.7117640972137451, "seconds": 0.12170291319489479}
{"stage": "jacobian", "checkpoint": "step33000", "completed": 83, "total": 100, "token": " impressed", "rho": 1.0509122610092163, "alpha": 1.0509122610092163, "lyapunov_last_256": 0.013186956405053936, "normalized_frobenius": 0.7063018679618835, "seconds": 0.14232145249843597}
{"stage": "jacobian", "checkpoint": "step33000", "completed": 84, "total": 100, "token": " smooth", "rho": 1.0657422542572021, "alpha": 1.0657422542572021, "lyapunov_last_256": 0.02235080330890878, "normalized_frobenius": 0.6913660764694214, "seconds": 0.17768830060958862}
{"stage": "jacobian", "checkpoint": "step33000", "completed": 85, "total": 100, "token": "igo", "rho": 1.0670738220214844, "alpha": 1.0630700588226318, "lyapunov_last_256": 0.027120782402227664, "normalized_frobenius": 0.7101994752883911, "seconds": 0.1633090004324913}
{"stage": "jacobian", "checkpoint": "step33000", "completed": 86, "total": 100, "token": " Coleman", "rho": 1.0583031177520752, "alpha": 1.0583031177520752, "lyapunov_last_256": 0.011328003675269763, "normalized_frobenius": 0.7101401686668396, "seconds": 0.15889041498303413}
{"stage": "jacobian", "checkpoint": "step33000", "completed": 87, "total": 100, "token": " arriving", "rho": 1.0774122476577759, "alpha": 1.0774122476577759, "lyapunov_last_256": 0.014737586488583589, "normalized_frobenius": 0.6783788204193115, "seconds": 0.12952440604567528}
{"stage": "jacobian", "checkpoint": "step33000", "completed": 88, "total": 100, "token": " Gab", "rho": 0.9896629452705383, "alpha": 0.9883630275726318, "lyapunov_last_256": 0.0231962859051166, "normalized_frobenius": 0.6757986545562744, "seconds": 0.11523215472698212}
{"stage": "jacobian", "checkpoint": "step33000", "completed": 89, "total": 100, "token": " speech", "rho": 1.039376139640808, "alpha": 1.0361047983169556, "lyapunov_last_256": 0.024300188431586676, "normalized_frobenius": 0.6975813508033752, "seconds": 0.1346755102276802}
{"stage": "jacobian", "checkpoint": "step33000", "completed": 90, "total": 100, "token": " Ho", "rho": 1.0754210948944092, "alpha": 1.0754210948944092, "lyapunov_last_256": 0.012087796666038955, "normalized_frobenius": 0.6873242259025574, "seconds": 0.14693155884742737}
{"stage": "jacobian", "checkpoint": "step33000", "completed": 91, "total": 100, "token": " involved", "rho": 1.0236239433288574, "alpha": 1.0098356008529663, "lyapunov_last_256": 0.007144254656308155, "normalized_frobenius": 0.6855347156524658, "seconds": 0.11235014721751213}
{"stage": "jacobian", "checkpoint": "step33000", "completed": 92, "total": 100, "token": " entered", "rho": 1.0579440593719482, "alpha": 1.0579440593719482, "lyapunov_last_256": 0.021648147083268773, "normalized_frobenius": 0.7020058035850525, "seconds": 0.12037840858101845}
{"stage": "jacobian", "checkpoint": "step33000", "completed": 93, "total": 100, "token": " track", "rho": 1.0484501123428345, "alpha": 1.0334210395812988, "lyapunov_last_256": 0.00414350745160409, "normalized_frobenius": 0.7282509803771973, "seconds": 0.12138357385993004}
{"stage": "jacobian", "checkpoint": "step33000", "completed": 94, "total": 100, "token": " 1", "rho": 1.1267169713974, "alpha": 1.1239678859710693, "lyapunov_last_256": 0.013200004108013525, "normalized_frobenius": 0.7314028143882751, "seconds": 0.12603270262479782}
{"stage": "jacobian", "checkpoint": "step33000", "completed": 95, "total": 100, "token": " use", "rho": 1.0091097354888916, "alpha": 1.0084128379821777, "lyapunov_last_256": 0.006882300345386905, "normalized_frobenius": 0.6822057962417603, "seconds": 0.16386858373880386}
{"stage": "jacobian", "checkpoint": "step33000", "completed": 96, "total": 100, "token": " million", "rho": 1.013926386833191, "alpha": 1.0138682126998901, "lyapunov_last_256": 0.014505839645498703, "normalized_frobenius": 0.6802095770835876, "seconds": 0.193977490067482}
{"stage": "jacobian", "checkpoint": "step33000", "completed": 97, "total": 100, "token": " Civil", "rho": 1.02506422996521, "alpha": 1.020979881286621, "lyapunov_last_256": 0.02613357610931146, "normalized_frobenius": 0.7023071050643921, "seconds": 0.12132155895233154}
{"stage": "jacobian", "checkpoint": "step33000", "completed": 98, "total": 100, "token": " bass", "rho": 1.0404205322265625, "alpha": 1.0288338661193848, "lyapunov_last_256": 0.02429655857919316, "normalized_frobenius": 0.6999632120132446, "seconds": 0.11422570794820786}
{"stage": "jacobian", "checkpoint": "step33000", "completed": 99, "total": 100, "token": "ium", "rho": 1.0650111436843872, "alpha": 1.0626087188720703, "lyapunov_last_256": 0.012273648173812508, "normalized_frobenius": 0.7121521830558777, "seconds": 0.11964454129338264}
{"stage": "jacobian", "checkpoint": "step33000", "completed": 100, "total": 100, "token": " roles", "rho": 1.0745750665664673, "alpha": 1.0563464164733887, "lyapunov_last_256": 0.013484938317462378, "normalized_frobenius": 0.729448139667511, "seconds": 0.13616972416639328}
