{"stage": "dynamics_lyapunov", "dynamic_step": 256}
{"stage": "dynamics_lyapunov", "dynamic_step": 512}
{"stage": "dynamics_lyapunov", "dynamic_step": 768}
{"stage": "dynamics_lyapunov", "dynamic_step": 1024}
{"stage": "jacobian", "checkpoint": "step3000", "completed": 14, "total": 100, "token": " permeability", "rho": 0.9579540491104126, "alpha": 0.9579540491104126, "lyapunov_last_256": -0.04295888950515416, "normalized_frobenius": 0.6283428072929382, "seconds": 0.1744559109210968}
{"stage": "jacobian", "checkpoint": "step3000", "completed": 15, "total": 100, "token": " LE", "rho": 0.9579508900642395, "alpha": 0.9579508900642395, "lyapunov_last_256": -0.04295887856787086, "normalized_frobenius": 0.6283428072929382, "seconds": 0.12428709492087364}
{"stage": "jacobian", "checkpoint": "step3000", "completed": 16, "total": 100, "token": "urdy", "rho": 0.9579524397850037, "alpha": 0.9579524397850037, "lyapunov_last_256": -0.04295886933194352, "normalized_frobenius": 0.628342866897583, "seconds": 0.15329401567578316}
{"stage": "jacobian", "checkpoint": "step3000", "completed": 17, "total": 100, "token": " 510", "rho": 0.9579519033432007, "alpha": 0.9579519033432007, "lyapunov_last_256": -0.04295888197058105, "normalized_frobenius": 0.628342866897583, "seconds": 0.11898387596011162}
{"stage": "jacobian", "checkpoint": "step3000", "completed": 18, "total": 100, "token": "ochem", "rho": 0.9579497575759888, "alpha": 0.9579497575759888, "lyapunov_last_256": -0.04295889728277798, "normalized_frobenius": 0.6283427476882935, "seconds": 0.12088332325220108}
{"stage": "jacobian", "checkpoint": "step3000", "completed": 19, "total": 100, "token": " phyt", "rho": 0.9579519629478455, "alpha": 0.9579519629478455, "lyapunov_last_256": -0.04295886763058712, "normalized_frobenius": 0.6283429265022278, "seconds": 0.13468721508979797}
{"stage": "jacobian", "checkpoint": "step3000", "completed": 20, "total": 100, "token": " filings", "rho": 0.9579519033432007, "alpha": 0.9579519033432007, "lyapunov_last_256": -0.04295888853295125, "normalized_frobenius": 0.6283427476882935, "seconds": 0.12096351757645607}
{"stage": "jacobian", "checkpoint": "step3000", "completed": 21, "total": 100, "token": " helical", "rho": 0.9579514265060425, "alpha": 0.9579514265060425, "lyapunov_last_256": -0.04295889169261116, "normalized_frobenius": 0.6283427476882935, "seconds": 0.11710644140839577}
{"stage": "jacobian", "checkpoint": "step3000", "completed": 22, "total": 100, "token": " interplay", "rho": 0.9579505324363708, "alpha": 0.9579505324363708, "lyapunov_last_256": -0.042958875408210605, "normalized_frobenius": 0.6283428072929382, "seconds": 0.14433765783905983}
{"stage": "jacobian", "checkpoint": "step3000", "completed": 23, "total": 100, "token": "cies", "rho": 0.9579549431800842, "alpha": 0.9579549431800842, "lyapunov_last_256": -0.0429588824566815, "normalized_frobenius": 0.6283428072929382, "seconds": 0.13831479102373123}
{"stage": "jacobian", "checkpoint": "step3000", "completed": 24, "total": 100, "token": " harmonic", "rho": 0.957952618598938, "alpha": 0.957952618598938, "lyapunov_last_256": -0.04295890992141667, "normalized_frobenius": 0.628342866897583, "seconds": 0.13321416079998016}
{"stage": "jacobian", "checkpoint": "step3000", "completed": 25, "total": 100, "token": " inactivated", "rho": 0.9579522609710693, "alpha": 0.9579522609710693, "lyapunov_last_256": -0.0429588861024435, "normalized_frobenius": 0.6283429265022278, "seconds": 0.12861845642328262}
{"stage": "jacobian", "checkpoint": "step3000", "completed": 26, "total": 100, "token": " Maintenance", "rho": 0.9579528570175171, "alpha": 0.9579528570175171, "lyapunov_last_256": -0.04295889023430598, "normalized_frobenius": 0.6283428072929382, "seconds": 0.12256017327308655}
{"stage": "jacobian", "checkpoint": "step3000", "completed": 27, "total": 100, "token": " pend", "rho": 0.9579504132270813, "alpha": 0.9579504132270813, "lyapunov_last_256": -0.042958886102443, "normalized_frobenius": 0.628342866897583, "seconds": 0.13206326961517334}
{"stage": "jacobian", "checkpoint": "step3000", "completed": 28, "total": 100, "token": " Pretty", "rho": 0.9579500555992126, "alpha": 0.9579500555992126, "lyapunov_last_256": -0.04295888731769766, "normalized_frobenius": 0.6283428072929382, "seconds": 0.14113276451826096}
{"stage": "jacobian", "checkpoint": "step3000", "completed": 29, "total": 100, "token": " 580", "rho": 0.9579521417617798, "alpha": 0.9579521417617798, "lyapunov_last_256": -0.04295888148447949, "normalized_frobenius": 0.6283427476882935, "seconds": 0.12259593978524208}
{"stage": "jacobian", "checkpoint": "step3000", "completed": 30, "total": 100, "token": "CH", "rho": 0.957952082157135, "alpha": 0.957952082157135, "lyapunov_last_256": -0.04295888804684972, "normalized_frobenius": 0.6283428072929382, "seconds": 0.12660624086856842}
{"stage": "jacobian", "checkpoint": "step3000", "completed": 31, "total": 100, "token": "PI", "rho": 0.9579492807388306, "alpha": 0.9579492807388306, "lyapunov_last_256": -0.042958867144486476, "normalized_frobenius": 0.6283429265022278, "seconds": 0.13664568215608597}
{"stage": "jacobian", "checkpoint": "step3000", "completed": 32, "total": 100, "token": " shaping", "rho": 0.9579533934593201, "alpha": 0.9579533934593201, "lyapunov_last_256": -0.04295886884584091, "normalized_frobenius": 0.6283429265022278, "seconds": 0.1397867240011692}
{"stage": "jacobian", "checkpoint": "step3000", "completed": 33, "total": 100, "token": " exams", "rho": 0.9579523205757141, "alpha": 0.9579523205757141, "lyapunov_last_256": -0.0429588768665156, "normalized_frobenius": 0.6283428072929382, "seconds": 0.1406535618007183}
{"stage": "jacobian", "checkpoint": "step3000", "completed": 34, "total": 100, "token": "ilipp", "rho": 0.9579529166221619, "alpha": 0.9579529166221619, "lyapunov_last_256": -0.042958876866515915, "normalized_frobenius": 0.6283429265022278, "seconds": 0.1401563659310341}
{"stage": "jacobian", "checkpoint": "step3000", "completed": 35, "total": 100, "token": "essential", "rho": 0.9579505920410156, "alpha": 0.9579505920410156, "lyapunov_last_256": -0.042958882213632525, "normalized_frobenius": 0.6283427476882935, "seconds": 0.13044744357466698}
{"stage": "jacobian", "checkpoint": "step3000", "completed": 36, "total": 100, "token": " Manufact", "rho": 0.9579514265060425, "alpha": 0.9579514265060425, "lyapunov_last_256": -0.042958877352617254, "normalized_frobenius": 0.6283429265022278, "seconds": 0.14623721316456795}
{"stage": "jacobian", "checkpoint": "step3000", "completed": 37, "total": 100, "token": "christ", "rho": 0.9579491019248962, "alpha": 0.9579491019248962, "lyapunov_last_256": -0.04295889679667606, "normalized_frobenius": 0.6283427476882935, "seconds": 0.13482079654932022}
{"stage": "jacobian", "checkpoint": "step3000", "completed": 38, "total": 100, "token": "omed", "rho": 0.9579519629478455, "alpha": 0.9579519629478455, "lyapunov_last_256": -0.04295888853295091, "normalized_frobenius": 0.628342866897583, "seconds": 0.1211736910045147}
{"stage": "jacobian", "checkpoint": "step3000", "completed": 39, "total": 100, "token": "umu", "rho": 0.9579485654830933, "alpha": 0.9579485654830933, "lyapunov_last_256": -0.04295887978312511, "normalized_frobenius": 0.6283427476882935, "seconds": 0.13962142914533615}
{"stage": "jacobian", "checkpoint": "step3000", "completed": 40, "total": 100, "token": " tonight", "rho": 0.9579507112503052, "alpha": 0.9579507112503052, "lyapunov_last_256": -0.042958888532951114, "normalized_frobenius": 0.6283429265022278, "seconds": 0.12640580162405968}
{"stage": "jacobian", "checkpoint": "step3000", "completed": 41, "total": 100, "token": " geared", "rho": 0.9579501152038574, "alpha": 0.9579501152038574, "lyapunov_last_256": -0.042958895095320714, "normalized_frobenius": 0.6283428072929382, "seconds": 0.13753005117177963}
{"stage": "jacobian", "checkpoint": "step3000", "completed": 42, "total": 100, "token": " trump", "rho": 0.9579539895057678, "alpha": 0.9579539895057678, "lyapunov_last_256": -0.04295887030414607, "normalized_frobenius": 0.628342866897583, "seconds": 0.1320459507405758}
{"stage": "jacobian", "checkpoint": "step3000", "completed": 43, "total": 100, "token": "leman", "rho": 0.957951009273529, "alpha": 0.957951009273529, "lyapunov_last_256": -0.04295887370685655, "normalized_frobenius": 0.6283429265022278, "seconds": 0.13047657534480095}
{"stage": "jacobian", "checkpoint": "step3000", "completed": 44, "total": 100, "token": " assortment", "rho": 0.9579511880874634, "alpha": 0.9579511880874634, "lyapunov_last_256": -0.04295886592923229, "normalized_frobenius": 0.6283427476882935, "seconds": 0.13525515422224998}
{"stage": "jacobian", "checkpoint": "step3000", "completed": 45, "total": 100, "token": " Sew", "rho": 0.9579532742500305, "alpha": 0.9579532742500305, "lyapunov_last_256": -0.04295888342888565, "normalized_frobenius": 0.628342866897583, "seconds": 0.14455777779221535}
{"stage": "jacobian", "checkpoint": "step3000", "completed": 46, "total": 100, "token": " arresting", "rho": 0.9579519033432007, "alpha": 0.9579519033432007, "lyapunov_last_256": -0.0429588771095667, "normalized_frobenius": 0.6283429265022278, "seconds": 0.11757117509841919}
{"stage": "jacobian", "checkpoint": "step3000", "completed": 47, "total": 100, "token": " assertion", "rho": 0.9579523205757141, "alpha": 0.9579523205757141, "lyapunov_last_256": -0.042958889262104276, "normalized_frobenius": 0.6283428072929382, "seconds": 0.13698283955454826}
{"stage": "jacobian", "checkpoint": "step3000", "completed": 48, "total": 100, "token": " unemployed", "rho": 0.9579511284828186, "alpha": 0.9579511284828186, "lyapunov_last_256": -0.042958889748204485, "normalized_frobenius": 0.6283427476882935, "seconds": 0.1357932984828949}
{"stage": "jacobian", "checkpoint": "step3000", "completed": 49, "total": 100, "token": " outgoing", "rho": 0.9579528570175171, "alpha": 0.9579528570175171, "lyapunov_last_256": -0.0429588676305876, "normalized_frobenius": 0.628342866897583, "seconds": 0.1439693719148636}
{"stage": "jacobian", "checkpoint": "step3000", "completed": 50, "total": 100, "token": " floated", "rho": 0.957953929901123, "alpha": 0.957953929901123, "lyapunov_last_256": -0.04295888537329158, "normalized_frobenius": 0.6283429265022278, "seconds": 0.14610585570335388}
{"stage": "jacobian", "checkpoint": "step3000", "completed": 51, "total": 100, "token": " portable", "rho": 0.95795077085495, "alpha": 0.95795077085495, "lyapunov_last_256": -0.04295888926210278, "normalized_frobenius": 0.6283428072929382, "seconds": 0.13351692631840706}
{"stage": "jacobian", "checkpoint": "step3000", "completed": 52, "total": 100, "token": "olev", "rho": 0.9579517245292664, "alpha": 0.9579517245292664, "lyapunov_last_256": -0.0429588819705811, "normalized_frobenius": 0.628342866897583, "seconds": 0.14734353497624397}
{"stage": "jacobian", "checkpoint": "step3000", "completed": 53, "total": 100, "token": " Bread", "rho": 0.9579536318778992, "alpha": 0.9579536318778992, "lyapunov_last_256": -0.042958886831596065, "normalized_frobenius": 0.6283427476882935, "seconds": 0.1455046832561493}
{"stage": "jacobian", "checkpoint": "step3000", "completed": 54, "total": 100, "token": " Alban", "rho": 0.9579524397850037, "alpha": 0.9579524397850037, "lyapunov_last_256": -0.042958880755327486, "normalized_frobenius": 0.6283429265022278, "seconds": 0.13921602442860603}
{"stage": "jacobian", "checkpoint": "step3000", "completed": 55, "total": 100, "token": "gae", "rho": 0.9579533338546753, "alpha": 0.9579533338546753, "lyapunov_last_256": -0.042958886831595336, "normalized_frobenius": 0.6283428072929382, "seconds": 0.13778392225503922}
{"stage": "jacobian", "checkpoint": "step3000", "completed": 56, "total": 100, "token": " thorough", "rho": 0.9579501748085022, "alpha": 0.9579501748085022, "lyapunov_last_256": -0.04295888585939279, "normalized_frobenius": 0.6283427476882935, "seconds": 0.1372941955924034}
{"stage": "jacobian", "checkpoint": "step3000", "completed": 57, "total": 100, "token": " integration", "rho": 0.9579519629478455, "alpha": 0.9579519629478455, "lyapunov_last_256": -0.042958878810922495, "normalized_frobenius": 0.628342866897583, "seconds": 0.1426895186305046}
{"stage": "jacobian", "checkpoint": "step3000", "completed": 58, "total": 100, "token": " sits", "rho": 0.9579489827156067, "alpha": 0.9579489827156067, "lyapunov_last_256": -0.04295888002617533, "normalized_frobenius": 0.6283429265022278, "seconds": 0.14305313676595688}
{"stage": "jacobian", "checkpoint": "step3000", "completed": 59, "total": 100, "token": " nit", "rho": 0.9579490423202515, "alpha": 0.9579490423202515, "lyapunov_last_256": -0.04295886908889178, "normalized_frobenius": 0.628342866897583, "seconds": 0.1334952600300312}
{"stage": "jacobian", "checkpoint": "step3000", "completed": 60, "total": 100, "token": " drifting", "rho": 0.9579537510871887, "alpha": 0.9579537510871887, "lyapunov_last_256": -0.042958881727530554, "normalized_frobenius": 0.628342866897583, "seconds": 0.1476496048271656}
{"stage": "jacobian", "checkpoint": "step3000", "completed": 61, "total": 100, "token": " 1864", "rho": 0.9579529166221619, "alpha": 0.9579529166221619, "lyapunov_last_256": -0.042958879783124126, "normalized_frobenius": 0.6283428072929382, "seconds": 0.14172338321805}
{"stage": "jacobian", "checkpoint": "step3000", "completed": 62, "total": 100, "token": "othe", "rho": 0.9579495191574097, "alpha": 0.9579495191574097, "lyapunov_last_256": -0.04295887030414614, "normalized_frobenius": 0.6283428072929382, "seconds": 0.14301183819770813}
{"stage": "jacobian", "checkpoint": "step3000", "completed": 63, "total": 100, "token": " notion", "rho": 0.9579511880874634, "alpha": 0.9579511880874634, "lyapunov_last_256": -0.042958884887189915, "normalized_frobenius": 0.6283427476882935, "seconds": 0.13341901078820229}
{"stage": "jacobian", "checkpoint": "step3000", "completed": 64, "total": 100, "token": " publicity", "rho": 0.9579510688781738, "alpha": 0.9579510688781738, "lyapunov_last_256": -0.0429588788109217, "normalized_frobenius": 0.6283428072929382, "seconds": 0.13500618934631348}
{"stage": "jacobian", "checkpoint": "step3000", "completed": 65, "total": 100, "token": " disguised", "rho": 0.9579524397850037, "alpha": 0.9579524397850037, "lyapunov_last_256": -0.04295887954007341, "normalized_frobenius": 0.628342866897583, "seconds": 0.15073135495185852}
{"stage": "jacobian", "checkpoint": "step3000", "completed": 66, "total": 100, "token": " routine", "rho": 0.95795077085495, "alpha": 0.95795077085495, "lyapunov_last_256": -0.04295890117158959, "normalized_frobenius": 0.6283429265022278, "seconds": 0.14254307746887207}
{"stage": "jacobian", "checkpoint": "step3000", "completed": 67, "total": 100, "token": " Panama", "rho": 0.9579483866691589, "alpha": 0.9579483866691589, "lyapunov_last_256": -0.042958874679058914, "normalized_frobenius": 0.6283427476882935, "seconds": 0.123682901263237}
{"stage": "jacobian", "checkpoint": "step3000", "completed": 68, "total": 100, "token": " happening", "rho": 0.9579522013664246, "alpha": 0.9579522013664246, "lyapunov_last_256": -0.042958885616341806, "normalized_frobenius": 0.6283429265022278, "seconds": 0.1483992226421833}
{"stage": "jacobian", "checkpoint": "step3000", "completed": 69, "total": 100, "token": "ending", "rho": 0.9579514861106873, "alpha": 0.9579514861106873, "lyapunov_last_256": -0.04295887224855134, "normalized_frobenius": 0.6283428072929382, "seconds": 0.1449417695403099}
{"stage": "jacobian", "checkpoint": "step3000", "completed": 70, "total": 100, "token": " paved", "rho": 0.9579522609710693, "alpha": 0.9579522609710693, "lyapunov_last_256": -0.04295888342888494, "normalized_frobenius": 0.6283428072929382, "seconds": 0.14222979545593262}
{"stage": "jacobian", "checkpoint": "step3000", "completed": 71, "total": 100, "token": " bu", "rho": 0.9579522013664246, "alpha": 0.9579522013664246, "lyapunov_last_256": -0.04295889752582787, "normalized_frobenius": 0.6283428072929382, "seconds": 0.13718630373477936}
{"stage": "jacobian", "checkpoint": "step3000", "completed": 72, "total": 100, "token": " crucial", "rho": 0.9579564929008484, "alpha": 0.9579564929008484, "lyapunov_last_256": -0.04295888828989977, "normalized_frobenius": 0.6283429265022278, "seconds": 0.121615469455719}
{"stage": "jacobian", "checkpoint": "step3000", "completed": 73, "total": 100, "token": "ographical", "rho": 0.9579530954360962, "alpha": 0.9579530954360962, "lyapunov_last_256": -0.0429588929078651, "normalized_frobenius": 0.6283428072929382, "seconds": 0.15406951680779457}
{"stage": "jacobian", "checkpoint": "step3000", "completed": 74, "total": 100, "token": " Hunter", "rho": 0.9579498767852783, "alpha": 0.9579498767852783, "lyapunov_last_256": -0.04295888707464622, "normalized_frobenius": 0.6283429265022278, "seconds": 0.13425788283348083}
{"stage": "jacobian", "checkpoint": "step3000", "completed": 75, "total": 100, "token": " Thailand", "rho": 0.9579498767852783, "alpha": 0.9579498767852783, "lyapunov_last_256": -0.04295886763058684, "normalized_frobenius": 0.628342866897583, "seconds": 0.11922364681959152}
{"stage": "jacobian", "checkpoint": "step3000", "completed": 76, "total": 100, "token": " options", "rho": 0.9579511880874634, "alpha": 0.9579511880874634, "lyapunov_last_256": -0.04295887783871858, "normalized_frobenius": 0.628342866897583, "seconds": 0.1448865421116352}
{"stage": "jacobian", "checkpoint": "step3000", "completed": 77, "total": 100, "token": " thereby", "rho": 0.9579543471336365, "alpha": 0.9579543471336365, "lyapunov_last_256": -0.04295888148447886, "normalized_frobenius": 0.628342866897583, "seconds": 0.1520025171339512}
{"stage": "jacobian", "checkpoint": "step3000", "completed": 78, "total": 100, "token": " Å", "rho": 0.9579518437385559, "alpha": 0.9579518437385559, "lyapunov_last_256": -0.04295887710956709, "normalized_frobenius": 0.628342866897583, "seconds": 0.13713067024946213}
{"stage": "jacobian", "checkpoint": "step3000", "completed": 79, "total": 100, "token": " supports", "rho": 0.9579504132270813, "alpha": 0.9579504132270813, "lyapunov_last_256": -0.04295888683159616, "normalized_frobenius": 0.6283427476882935, "seconds": 0.1416948437690735}
{"stage": "jacobian", "checkpoint": "step3000", "completed": 80, "total": 100, "token": " knows", "rho": 0.9579504132270813, "alpha": 0.9579504132270813, "lyapunov_last_256": -0.042958868359739756, "normalized_frobenius": 0.6283428072929382, "seconds": 0.13313961029052734}
{"stage": "jacobian", "checkpoint": "step3000", "completed": 81, "total": 100, "token": "rum", "rho": 0.9579509496688843, "alpha": 0.9579509496688843, "lyapunov_last_256": -0.04295889217871223, "normalized_frobenius": 0.6283428072929382, "seconds": 0.13796230033040047}
{"stage": "jacobian", "checkpoint": "step3000", "completed": 82, "total": 100, "token": " Son", "rho": 0.957953155040741, "alpha": 0.957953155040741, "lyapunov_last_256": -0.04295889460921981, "normalized_frobenius": 0.6283428072929382, "seconds": 0.1590193621814251}
{"stage": "jacobian", "checkpoint": "step3000", "completed": 83, "total": 100, "token": " impressed", "rho": 0.9579519033432007, "alpha": 0.9579519033432007, "lyapunov_last_256": -0.04295889144955993, "normalized_frobenius": 0.6283428072929382, "seconds": 0.12833423912525177}
{"stage": "jacobian", "checkpoint": "step3000", "completed": 84, "total": 100, "token": " smooth", "rho": 0.9579547643661499, "alpha": 0.9579547643661499, "lyapunov_last_256": -0.04295888950515388, "normalized_frobenius": 0.6283429265022278, "seconds": 0.13825739175081253}
{"stage": "jacobian", "checkpoint": "step3000", "completed": 85, "total": 100, "token": "igo", "rho": 0.9579495787620544, "alpha": 0.9579495787620544, "lyapunov_last_256": -0.042958889262103846, "normalized_frobenius": 0.6283428072929382, "seconds": 0.14715314656496048}
{"stage": "jacobian", "checkpoint": "step3000", "completed": 86, "total": 100, "token": " Coleman", "rho": 0.9579505920410156, "alpha": 0.9579505920410156, "lyapunov_last_256": -0.04295887613736283, "normalized_frobenius": 0.628342866897583, "seconds": 0.13766766712069511}
{"stage": "jacobian", "checkpoint": "step3000", "completed": 87, "total": 100, "token": " arriving", "rho": 0.9579527378082275, "alpha": 0.9579527378082275, "lyapunov_last_256": -0.04295888828990027, "normalized_frobenius": 0.6283429265022278, "seconds": 0.1492856927216053}
{"stage": "jacobian", "checkpoint": "step3000", "completed": 88, "total": 100, "token": " Gab", "rho": 0.9579523801803589, "alpha": 0.9579523801803589, "lyapunov_last_256": -0.04295886884584152, "normalized_frobenius": 0.6283428072929382, "seconds": 0.14222998544573784}
{"stage": "jacobian", "checkpoint": "step3000", "completed": 89, "total": 100, "token": " speech", "rho": 0.9579502940177917, "alpha": 0.9579502940177917, "lyapunov_last_256": -0.04295887954007382, "normalized_frobenius": 0.6283429265022278, "seconds": 0.14148036390542984}
{"stage": "jacobian", "checkpoint": "step3000", "completed": 90, "total": 100, "token": " Ho", "rho": 0.9579523801803589, "alpha": 0.9579523801803589, "lyapunov_last_256": -0.04295888488718957, "normalized_frobenius": 0.6283428072929382, "seconds": 0.1729702204465866}
{"stage": "jacobian", "checkpoint": "step3000", "completed": 91, "total": 100, "token": " involved", "rho": 0.9579504728317261, "alpha": 0.9579504728317261, "lyapunov_last_256": -0.0429588819705811, "normalized_frobenius": 0.6283427476882935, "seconds": 0.136905699968338}
{"stage": "jacobian", "checkpoint": "step3000", "completed": 92, "total": 100, "token": " entered", "rho": 0.9579522013664246, "alpha": 0.9579522013664246, "lyapunov_last_256": -0.042958885373291227, "normalized_frobenius": 0.6283428072929382, "seconds": 0.1370263621211052}
{"stage": "jacobian", "checkpoint": "step3000", "completed": 93, "total": 100, "token": " track", "rho": 0.9579483270645142, "alpha": 0.9579483270645142, "lyapunov_last_256": -0.042958888532950476, "normalized_frobenius": 0.6283427476882935, "seconds": 0.14651403948664665}
{"stage": "jacobian", "checkpoint": "step3000", "completed": 94, "total": 100, "token": " 1", "rho": 0.9579487442970276, "alpha": 0.9579487442970276, "lyapunov_last_256": -0.042958886831595995, "normalized_frobenius": 0.6283428072929382, "seconds": 0.16546491906046867}
{"stage": "jacobian", "checkpoint": "step3000", "completed": 95, "total": 100, "token": " use", "rho": 0.957951545715332, "alpha": 0.957951545715332, "lyapunov_last_256": -0.04295889072040789, "normalized_frobenius": 0.6283428072929382, "seconds": 0.15292545408010483}
{"stage": "jacobian", "checkpoint": "step3000", "completed": 96, "total": 100, "token": " million", "rho": 0.957951545715332, "alpha": 0.957951545715332, "lyapunov_last_256": -0.04295888707464634, "normalized_frobenius": 0.6283428072929382, "seconds": 0.14908480271697044}
{"stage": "jacobian", "checkpoint": "step3000", "completed": 97, "total": 100, "token": " Civil", "rho": 0.9579505324363708, "alpha": 0.9579505324363708, "lyapunov_last_256": -0.04295888342888615, "normalized_frobenius": 0.6283428072929382, "seconds": 0.1439938247203827}
{"stage": "jacobian", "checkpoint": "step3000", "completed": 98, "total": 100, "token": " bass", "rho": 0.9579518437385559, "alpha": 0.9579518437385559, "lyapunov_last_256": -0.042958871762450675, "normalized_frobenius": 0.6283428072929382, "seconds": 0.15388350933790207}
{"stage": "jacobian", "checkpoint": "step3000", "completed": 99, "total": 100, "token": "ium", "rho": 0.9579492211341858, "alpha": 0.9579492211341858, "lyapunov_last_256": -0.04295887808176953, "normalized_frobenius": 0.6283428072929382, "seconds": 0.14536263793706894}
{"stage": "jacobian", "checkpoint": "step3000", "completed": 100, "total": 100, "token": " roles", "rho": 0.9579527974128723, "alpha": 0.9579527974128723, "lyapunov_last_256": -0.042958887803798786, "normalized_frobenius": 0.628342866897583, "seconds": 0.13463731855154037}
{"stage": "dynamics_lyapunov", "dynamic_step": 256}
{"stage": "dynamics_lyapunov", "dynamic_step": 512}
{"stage": "dynamics_lyapunov", "dynamic_step": 768}
{"stage": "dynamics_lyapunov", "dynamic_step": 1024}
{"stage": "dynamics_lyapunov", "dynamic_step": 256}
{"stage": "dynamics_lyapunov", "dynamic_step": 512}
{"stage": "dynamics_lyapunov", "dynamic_step": 768}
{"stage": "dynamics_lyapunov", "dynamic_step": 1024}
{"stage": "jacobian", "checkpoint": "step8000", "completed": 1, "total": 100, "token": "locations", "rho": 1.0278199911117554, "alpha": 1.0278199911117554, "lyapunov_last_256": 0.02112519772470369, "normalized_frobenius": 0.6993910074234009, "seconds": 0.16781044378876686}
{"stage": "jacobian", "checkpoint": "step8000", "completed": 2, "total": 100, "token": " 449", "rho": 0.987186849117279, "alpha": 0.9793734550476074, "lyapunov_last_256": 0.006113763979967462, "normalized_frobenius": 0.6774964928627014, "seconds": 0.1556970737874508}
{"stage": "jacobian", "checkpoint": "step8000", "completed": 3, "total": 100, "token": "completion", "rho": 0.9983553886413574, "alpha": 0.9861595630645752, "lyapunov_last_256": 0.01870619358865345, "normalized_frobenius": 0.6901862621307373, "seconds": 0.1809215396642685}
{"stage": "jacobian", "checkpoint": "step8000", "completed": 4, "total": 100, "token": "Py", "rho": 0.9942800402641296, "alpha": 0.9874384999275208, "lyapunov_last_256": 0.008821749717044598, "normalized_frobenius": 0.6918459534645081, "seconds": 0.1830163523554802}
{"stage": "jacobian", "checkpoint": "step8000", "completed": 5, "total": 100, "token": " circumference", "rho": 1.0179203748703003, "alpha": 1.0179203748703003, "lyapunov_last_256": 0.01645094951238649, "normalized_frobenius": 0.6809550523757935, "seconds": 0.16245900467038155}
{"stage": "jacobian", "checkpoint": "step8000", "completed": 6, "total": 100, "token": " involuntary", "rho": 1.1009950637817383, "alpha": 1.1009892225265503, "lyapunov_last_256": 0.012797782863980305, "normalized_frobenius": 0.759296715259552, "seconds": 0.13637081906199455}
{"stage": "jacobian", "checkpoint": "step8000", "completed": 7, "total": 100, "token": "立", "rho": 1.0089291334152222, "alpha": 0.997324526309967, "lyapunov_last_256": 0.0028315652345776957, "normalized_frobenius": 0.6947416663169861, "seconds": 0.1343548446893692}
{"stage": "jacobian", "checkpoint": "step8000", "completed": 8, "total": 100, "token": " CAD", "rho": 1.0893532037734985, "alpha": 1.0893532037734985, "lyapunov_last_256": 0.02444918495506113, "normalized_frobenius": 0.751290500164032, "seconds": 0.12096789851784706}
{"stage": "jacobian", "checkpoint": "step8000", "completed": 9, "total": 100, "token": "alen", "rho": 1.0536298751831055, "alpha": 1.0536298751831055, "lyapunov_last_256": 0.00670413540814542, "normalized_frobenius": 0.7049071192741394, "seconds": 0.12415250390768051}
{"stage": "jacobian", "checkpoint": "step8000", "completed": 10, "total": 100, "token": " Nokia", "rho": 0.9883669018745422, "alpha": 0.97361159324646, "lyapunov_last_256": 0.01997337840496437, "normalized_frobenius": 0.6844373941421509, "seconds": 0.11478140577673912}
{"stage": "jacobian", "checkpoint": "step8000", "completed": 11, "total": 100, "token": "sidered", "rho": 1.04997980594635, "alpha": 1.031183123588562, "lyapunov_last_256": 0.025564586144260142, "normalized_frobenius": 0.7095493674278259, "seconds": 0.10372646525502205}
{"stage": "jacobian", "checkpoint": "step8000", "completed": 12, "total": 100, "token": "second", "rho": 1.0023900270462036, "alpha": 0.9942426681518555, "lyapunov_last_256": 0.014563892637173595, "normalized_frobenius": 0.691892683506012, "seconds": 0.11439931392669678}
{"stage": "jacobian", "checkpoint": "step8000", "completed": 13, "total": 100, "token": " diagrams", "rho": 1.0223596096038818, "alpha": 1.0223596096038818, "lyapunov_last_256": 0.00828462716656898, "normalized_frobenius": 0.6954660415649414, "seconds": 0.12403693795204163}
{"stage": "jacobian", "checkpoint": "step8000", "completed": 14, "total": 100, "token": " permeability", "rho": 1.0076576471328735, "alpha": 0.9993911385536194, "lyapunov_last_256": 0.004433718369881297, "normalized_frobenius": 0.6788731813430786, "seconds": 0.12590692564845085}
{"stage": "jacobian", "checkpoint": "step8000", "completed": 15, "total": 100, "token": " LE", "rho": 1.0032694339752197, "alpha": 1.0032694339752197, "lyapunov_last_256": 0.010793628693279567, "normalized_frobenius": 0.6875571012496948, "seconds": 0.12743591517210007}
{"stage": "jacobian", "checkpoint": "step8000", "completed": 16, "total": 100, "token": "urdy", "rho": 1.0018843412399292, "alpha": 0.9851279258728027, "lyapunov_last_256": -0.0003867952971017335, "normalized_frobenius": 0.6821158528327942, "seconds": 0.12052404507994652}
{"stage": "jacobian", "checkpoint": "step8000", "completed": 17, "total": 100, "token": " 510", "rho": 1.0813556909561157, "alpha": 1.0700854063034058, "lyapunov_last_256": 0.028272967758404557, "normalized_frobenius": 0.7465613484382629, "seconds": 0.12448678910732269}
{"stage": "jacobian", "checkpoint": "step8000", "completed": 18, "total": 100, "token": "ochem", "rho": 1.0643658638000488, "alpha": 1.0643658638000488, "lyapunov_last_256": 0.016045307820252857, "normalized_frobenius": 0.7138497829437256, "seconds": 0.13476647809147835}
{"stage": "jacobian", "checkpoint": "step8000", "completed": 19, "total": 100, "token": " phyt", "rho": 1.010385513305664, "alpha": 1.0012953281402588, "lyapunov_last_256": 0.01824838286746076, "normalized_frobenius": 0.6951825022697449, "seconds": 0.11834458634257317}
{"stage": "jacobian", "checkpoint": "step8000", "completed": 20, "total": 100, "token": " filings", "rho": 1.064119815826416, "alpha": 1.064119815826416, "lyapunov_last_256": -0.0018675436725903794, "normalized_frobenius": 0.7110669612884521, "seconds": 0.13240360096096992}
{"stage": "jacobian", "checkpoint": "step8000", "completed": 21, "total": 100, "token": " helical", "rho": 0.998715877532959, "alpha": 0.994287371635437, "lyapunov_last_256": 0.010433203466024204, "normalized_frobenius": 0.6866598725318909, "seconds": 0.1312074027955532}
{"stage": "jacobian", "checkpoint": "step8000", "completed": 22, "total": 100, "token": " interplay", "rho": 0.979411780834198, "alpha": 0.9696747660636902, "lyapunov_last_256": 0.004851961834234104, "normalized_frobenius": 0.6798697710037231, "seconds": 0.12497209385037422}
{"stage": "jacobian", "checkpoint": "step8000", "completed": 23, "total": 100, "token": "cies", "rho": 1.000696063041687, "alpha": 0.9942919015884399, "lyapunov_last_256": 0.021142086798850806, "normalized_frobenius": 0.6898384094238281, "seconds": 0.12090347707271576}
{"stage": "jacobian", "checkpoint": "step8000", "completed": 24, "total": 100, "token": " harmonic", "rho": 1.04976224899292, "alpha": 1.0414655208587646, "lyapunov_last_256": 0.011095341924347543, "normalized_frobenius": 0.709227442741394, "seconds": 0.11779854446649551}
{"stage": "jacobian", "checkpoint": "step8000", "completed": 25, "total": 100, "token": " inactivated", "rho": 0.9942724704742432, "alpha": 0.9860731363296509, "lyapunov_last_256": 0.011375425810646229, "normalized_frobenius": 0.6916887164115906, "seconds": 0.13357311114668846}
{"stage": "jacobian", "checkpoint": "step8000", "completed": 26, "total": 100, "token": " Maintenance", "rho": 1.0045510530471802, "alpha": 0.9927489161491394, "lyapunov_last_256": 0.01629346180206936, "normalized_frobenius": 0.6990198493003845, "seconds": 0.13856595382094383}
{"stage": "jacobian", "checkpoint": "step8000", "completed": 27, "total": 100, "token": " pend", "rho": 1.0699806213378906, "alpha": 1.0699806213378906, "lyapunov_last_256": 0.016808275974289796, "normalized_frobenius": 0.7159410715103149, "seconds": 0.1481872908771038}
{"stage": "jacobian", "checkpoint": "step8000", "completed": 28, "total": 100, "token": " Pretty", "rho": 0.9860579371452332, "alpha": 0.9763864278793335, "lyapunov_last_256": 0.011452135784049237, "normalized_frobenius": 0.6871277689933777, "seconds": 0.11213847622275352}
{"stage": "jacobian", "checkpoint": "step8000", "completed": 29, "total": 100, "token": " 580", "rho": 1.0230728387832642, "alpha": 1.0230728387832642, "lyapunov_last_256": 0.014772191169189939, "normalized_frobenius": 0.6911400556564331, "seconds": 0.129799734801054}
{"stage": "jacobian", "checkpoint": "step8000", "completed": 30, "total": 100, "token": "CH", "rho": 1.0103814601898193, "alpha": 1.0097366571426392, "lyapunov_last_256": 0.0063043863140291485, "normalized_frobenius": 0.7027660012245178, "seconds": 0.12752558663487434}
{"stage": "jacobian", "checkpoint": "step8000", "completed": 31, "total": 100, "token": "PI", "rho": 1.006790041923523, "alpha": 1.0042288303375244, "lyapunov_last_256": 0.008324243389783232, "normalized_frobenius": 0.6754776239395142, "seconds": 0.15446023270487785}
{"stage": "jacobian", "checkpoint": "step8000", "completed": 32, "total": 100, "token": " shaping", "rho": 1.0486619472503662, "alpha": 1.0365793704986572, "lyapunov_last_256": 0.0224068410324614, "normalized_frobenius": 0.7430674433708191, "seconds": 0.13334189727902412}
{"stage": "jacobian", "checkpoint": "step8000", "completed": 33, "total": 100, "token": " exams", "rho": 0.9984854459762573, "alpha": 0.9984580278396606, "lyapunov_last_256": 0.007527291465990958, "normalized_frobenius": 0.6930302381515503, "seconds": 0.12859075888991356}
{"stage": "jacobian", "checkpoint": "step8000", "completed": 34, "total": 100, "token": "ilipp", "rho": 1.0760493278503418, "alpha": 1.0760493278503418, "lyapunov_last_256": 0.007376954944545841, "normalized_frobenius": 0.7286359667778015, "seconds": 0.1565961129963398}
{"stage": "jacobian", "checkpoint": "step8000", "completed": 35, "total": 100, "token": "essential", "rho": 1.1199049949645996, "alpha": 1.1195623874664307, "lyapunov_last_256": 0.015919536102062815, "normalized_frobenius": 0.7699421644210815, "seconds": 0.1554868146777153}
{"stage": "jacobian", "checkpoint": "step8000", "completed": 36, "total": 100, "token": " Manufact", "rho": 1.0742430686950684, "alpha": 1.0742430686950684, "lyapunov_last_256": 0.014462889264019854, "normalized_frobenius": 0.7438434958457947, "seconds": 0.140760637819767}
{"stage": "jacobian", "checkpoint": "step8000", "completed": 37, "total": 100, "token": "christ", "rho": 0.9454658031463623, "alpha": 0.9364079833030701, "lyapunov_last_256": 0.008181641901444048, "normalized_frobenius": 0.667613685131073, "seconds": 0.1387745700776577}
{"stage": "jacobian", "checkpoint": "step8000", "completed": 38, "total": 100, "token": "omed", "rho": 1.0355814695358276, "alpha": 1.02672278881073, "lyapunov_last_256": 0.00046416094803123763, "normalized_frobenius": 0.7353991270065308, "seconds": 0.12591145560145378}
{"stage": "jacobian", "checkpoint": "step8000", "completed": 39, "total": 100, "token": "umu", "rho": 1.0192995071411133, "alpha": 1.0192995071411133, "lyapunov_last_256": -0.0005517991424636298, "normalized_frobenius": 0.7031019330024719, "seconds": 0.14555959030985832}
{"stage": "jacobian", "checkpoint": "step8000", "completed": 40, "total": 100, "token": " tonight", "rho": 1.0608539581298828, "alpha": 1.0608539581298828, "lyapunov_last_256": -0.00028680470526988447, "normalized_frobenius": 0.7043575644493103, "seconds": 0.1368861384689808}
{"stage": "jacobian", "checkpoint": "step8000", "completed": 41, "total": 100, "token": " geared", "rho": 1.004783034324646, "alpha": 1.0025904178619385, "lyapunov_last_256": 0.006228594692887095, "normalized_frobenius": 0.6957882642745972, "seconds": 0.15124309808015823}
{"stage": "jacobian", "checkpoint": "step8000", "completed": 42, "total": 100, "token": " trump", "rho": 1.0453591346740723, "alpha": 1.0417224168777466, "lyapunov_last_256": 0.006601548645764707, "normalized_frobenius": 0.6908794045448303, "seconds": 0.1430644728243351}
{"stage": "jacobian", "checkpoint": "step8000", "completed": 43, "total": 100, "token": "leman", "rho": 1.0067846775054932, "alpha": 1.0067846775054932, "lyapunov_last_256": -0.0011890354646153878, "normalized_frobenius": 0.6945112943649292, "seconds": 0.1263267993927002}
{"stage": "jacobian", "checkpoint": "step8000", "completed": 44, "total": 100, "token": " assortment", "rho": 1.0532050132751465, "alpha": 1.0532050132751465, "lyapunov_last_256": 0.014975354627404574, "normalized_frobenius": 0.7159768342971802, "seconds": 0.1294602006673813}
{"stage": "jacobian", "checkpoint": "step8000", "completed": 45, "total": 100, "token": " Sew", "rho": 1.005275011062622, "alpha": 0.9985737204551697, "lyapunov_last_256": 0.013669445035490519, "normalized_frobenius": 0.6993288397789001, "seconds": 0.14154542610049248}
{"stage": "jacobian", "checkpoint": "step8000", "completed": 46, "total": 100, "token": " arresting", "rho": 1.0104769468307495, "alpha": 1.010054349899292, "lyapunov_last_256": 0.024563652243058336, "normalized_frobenius": 0.7123884558677673, "seconds": 0.19882645457983017}
{"stage": "jacobian", "checkpoint": "step8000", "completed": 47, "total": 100, "token": " assertion", "rho": 0.9642127752304077, "alpha": 0.9527184963226318, "lyapunov_last_256": 0.007405234227187489, "normalized_frobenius": 0.6694517731666565, "seconds": 0.18457937240600586}
{"stage": "jacobian", "checkpoint": "step8000", "completed": 48, "total": 100, "token": " unemployed", "rho": 0.9923290610313416, "alpha": 0.9923290610313416, "lyapunov_last_256": 0.027976427557783005, "normalized_frobenius": 0.6717639565467834, "seconds": 0.13118644058704376}
{"stage": "jacobian", "checkpoint": "step8000", "completed": 49, "total": 100, "token": " outgoing", "rho": 1.0532820224761963, "alpha": 1.0373539924621582, "lyapunov_last_256": 0.009597542034302908, "normalized_frobenius": 0.7149121165275574, "seconds": 0.12172532081604004}
{"stage": "jacobian", "checkpoint": "step8000", "completed": 50, "total": 100, "token": " floated", "rho": 1.0518656969070435, "alpha": 1.0518656969070435, "lyapunov_last_256": 0.01680055236263894, "normalized_frobenius": 0.7120093703269958, "seconds": 0.13849367946386337}
{"stage": "jacobian", "checkpoint": "step8000", "completed": 51, "total": 100, "token": " portable", "rho": 1.098382592201233, "alpha": 1.0751550197601318, "lyapunov_last_256": 0.02179117718236305, "normalized_frobenius": 0.7455918192863464, "seconds": 0.14523907005786896}
{"stage": "jacobian", "checkpoint": "step8000", "completed": 52, "total": 100, "token": "olev", "rho": 1.0045136213302612, "alpha": 1.001230001449585, "lyapunov_last_256": 0.012782223328560448, "normalized_frobenius": 0.6999099254608154, "seconds": 0.14205360785126686}
{"stage": "jacobian", "checkpoint": "step8000", "completed": 53, "total": 100, "token": " Bread", "rho": 1.0755162239074707, "alpha": 1.0755162239074707, "lyapunov_last_256": 0.008723213512174068, "normalized_frobenius": 0.7125892043113708, "seconds": 0.1278255246579647}
{"stage": "jacobian", "checkpoint": "step8000", "completed": 54, "total": 100, "token": " Alban", "rho": 0.9804343581199646, "alpha": 0.9562778472900391, "lyapunov_last_256": -0.001557167308290992, "normalized_frobenius": 0.6736687421798706, "seconds": 0.11533921584486961}
{"stage": "jacobian", "checkpoint": "step8000", "completed": 55, "total": 100, "token": "gae", "rho": 0.9891759753227234, "alpha": 0.9889712333679199, "lyapunov_last_256": 0.0013165591888355313, "normalized_frobenius": 0.6894607543945312, "seconds": 0.14797435700893402}
{"stage": "jacobian", "checkpoint": "step8000", "completed": 56, "total": 100, "token": " thorough", "rho": 1.0610524415969849, "alpha": 1.041522741317749, "lyapunov_last_256": 0.00553409972167409, "normalized_frobenius": 0.716358482837677, "seconds": 0.1731593757867813}
{"stage": "jacobian", "checkpoint": "step8000", "completed": 57, "total": 100, "token": " integration", "rho": 1.0451586246490479, "alpha": 1.0362107753753662, "lyapunov_last_256": 0.008132862697652975, "normalized_frobenius": 0.7078858017921448, "seconds": 0.15655028447508812}
{"stage": "jacobian", "checkpoint": "step8000", "completed": 58, "total": 100, "token": " sits", "rho": 0.9955183267593384, "alpha": 0.9752703309059143, "lyapunov_last_256": 0.004185268786053653, "normalized_frobenius": 0.6933609843254089, "seconds": 0.1423737369477749}
{"stage": "jacobian", "checkpoint": "step8000", "completed": 59, "total": 100, "token": " nit", "rho": 0.9813129305839539, "alpha": 0.967850923538208, "lyapunov_last_256": 0.01651500488734734, "normalized_frobenius": 0.699623703956604, "seconds": 0.14287301898002625}
{"stage": "jacobian", "checkpoint": "step8000", "completed": 60, "total": 100, "token": " drifting", "rho": 1.0415873527526855, "alpha": 1.0382604598999023, "lyapunov_last_256": 0.003903790197678836, "normalized_frobenius": 0.7021450400352478, "seconds": 0.13993055373430252}
{"stage": "jacobian", "checkpoint": "step8000", "completed": 61, "total": 100, "token": " 1864", "rho": 1.0992157459259033, "alpha": 1.0992157459259033, "lyapunov_last_256": 0.008426408480617239, "normalized_frobenius": 0.7430531978607178, "seconds": 0.13589713722467422}
{"stage": "jacobian", "checkpoint": "step8000", "completed": 62, "total": 100, "token": "othe", "rho": 1.028781533241272, "alpha": 1.028398036956787, "lyapunov_last_256": 0.002576514766136082, "normalized_frobenius": 0.7076873779296875, "seconds": 0.11822954937815666}
{"stage": "jacobian", "checkpoint": "step8000", "completed": 63, "total": 100, "token": " notion", "rho": 1.0461817979812622, "alpha": 1.0425782203674316, "lyapunov_last_256": 0.022138433622993746, "normalized_frobenius": 0.7087036967277527, "seconds": 0.14949195459485054}
{"stage": "jacobian", "checkpoint": "step8000", "completed": 64, "total": 100, "token": " publicity", "rho": 0.9919170141220093, "alpha": 0.9873098134994507, "lyapunov_last_256": 0.016004281150387597, "normalized_frobenius": 0.6901987195014954, "seconds": 0.14795775711536407}
{"stage": "jacobian", "checkpoint": "step8000", "completed": 65, "total": 100, "token": " disguised", "rho": 0.984717845916748, "alpha": 0.9824068546295166, "lyapunov_last_256": 0.02085047856736154, "normalized_frobenius": 0.6924277544021606, "seconds": 0.12675734236836433}
{"stage": "jacobian", "checkpoint": "step8000", "completed": 66, "total": 100, "token": " routine", "rho": 1.0152946710586548, "alpha": 1.0152946710586548, "lyapunov_last_256": 0.00783803635738856, "normalized_frobenius": 0.7057275772094727, "seconds": 0.14371738210320473}
{"stage": "jacobian", "checkpoint": "step8000", "completed": 67, "total": 100, "token": " Panama", "rho": 1.039359450340271, "alpha": 1.037145972251892, "lyapunov_last_256": 0.007268522880572736, "normalized_frobenius": 0.7087444067001343, "seconds": 0.14189201220870018}
{"stage": "jacobian", "checkpoint": "step8000", "completed": 68, "total": 100, "token": " happening", "rho": 1.0336376428604126, "alpha": 1.0163977146148682, "lyapunov_last_256": 0.02004769812739197, "normalized_frobenius": 0.7108909487724304, "seconds": 0.12164309248328209}
{"stage": "jacobian", "checkpoint": "step8000", "completed": 69, "total": 100, "token": "ending", "rho": 0.9916406869888306, "alpha": 0.9814135432243347, "lyapunov_last_256": 0.011875660482616016, "normalized_frobenius": 0.6935153603553772, "seconds": 0.1292574591934681}
{"stage": "jacobian", "checkpoint": "step8000", "completed": 70, "total": 100, "token": " paved", "rho": 1.0241460800170898, "alpha": 1.0124977827072144, "lyapunov_last_256": 0.009659364355788937, "normalized_frobenius": 0.7176727056503296, "seconds": 0.13315404579043388}
{"stage": "jacobian", "checkpoint": "step8000", "completed": 71, "total": 100, "token": " bu", "rho": 1.0214495658874512, "alpha": 1.0172011852264404, "lyapunov_last_256": 0.013316200939574255, "normalized_frobenius": 0.7069022059440613, "seconds": 0.1419641710817814}
{"stage": "jacobian", "checkpoint": "step8000", "completed": 72, "total": 100, "token": " crucial", "rho": 1.0599173307418823, "alpha": 1.0502960681915283, "lyapunov_last_256": 0.012351768819915676, "normalized_frobenius": 0.7135573625564575, "seconds": 0.13255398347973824}
{"stage": "jacobian", "checkpoint": "step8000", "completed": 73, "total": 100, "token": "ographical", "rho": 1.0916498899459839, "alpha": 1.0916498899459839, "lyapunov_last_256": 0.003935911203945312, "normalized_frobenius": 0.7441990971565247, "seconds": 0.11471814662218094}
{"stage": "jacobian", "checkpoint": "step8000", "completed": 74, "total": 100, "token": " Hunter", "rho": 1.004576563835144, "alpha": 1.004416823387146, "lyapunov_last_256": 0.010635296664881715, "normalized_frobenius": 0.6993440985679626, "seconds": 0.13681457564234734}
{"stage": "jacobian", "checkpoint": "step8000", "completed": 75, "total": 100, "token": " Thailand", "rho": 1.002645492553711, "alpha": 1.0023384094238281, "lyapunov_last_256": 0.010986714989035577, "normalized_frobenius": 0.6888055801391602, "seconds": 0.14851774647831917}
{"stage": "jacobian", "checkpoint": "step8000", "completed": 76, "total": 100, "token": " options", "rho": 1.0119024515151978, "alpha": 0.9992780089378357, "lyapunov_last_256": 0.013864315012672868, "normalized_frobenius": 0.6938461065292358, "seconds": 0.12899228185415268}
{"stage": "jacobian", "checkpoint": "step8000", "completed": 77, "total": 100, "token": " thereby", "rho": 0.9721983075141907, "alpha": 0.962116003036499, "lyapunov_last_256": 0.005429350578337926, "normalized_frobenius": 0.67167067527771, "seconds": 0.14634139090776443}
{"stage": "jacobian", "checkpoint": "step8000", "completed": 78, "total": 100, "token": " Å", "rho": 1.0474640130996704, "alpha": 1.0474640130996704, "lyapunov_last_256": 0.01658885983128116, "normalized_frobenius": 0.6992976069450378, "seconds": 0.13464420288801193}
{"stage": "jacobian", "checkpoint": "step8000", "completed": 79, "total": 100, "token": " supports", "rho": 1.1206104755401611, "alpha": 1.0938441753387451, "lyapunov_last_256": 0.010463096647530935, "normalized_frobenius": 0.755470335483551, "seconds": 0.14645209163427353}
{"stage": "jacobian", "checkpoint": "step8000", "completed": 80, "total": 100, "token": " knows", "rho": 1.0707228183746338, "alpha": 1.0707228183746338, "lyapunov_last_256": -0.0006163105608112526, "normalized_frobenius": 0.766023576259613, "seconds": 0.12406377121806145}
{"stage": "jacobian", "checkpoint": "step8000", "completed": 81, "total": 100, "token": "rum", "rho": 1.1130133867263794, "alpha": 1.1130133867263794, "lyapunov_last_256": 0.008544187005362382, "normalized_frobenius": 0.7468799948692322, "seconds": 0.12813632935285568}
{"stage": "jacobian", "checkpoint": "step8000", "completed": 82, "total": 100, "token": " Son", "rho": 1.0542995929718018, "alpha": 1.0174167156219482, "lyapunov_last_256": 0.0030759484503372044, "normalized_frobenius": 0.7273654341697693, "seconds": 0.12885244563221931}
{"stage": "jacobian", "checkpoint": "step8000", "completed": 83, "total": 100, "token": " impressed", "rho": 1.046589970588684, "alpha": 1.046589970588684, "lyapunov_last_256": 0.010285702466604, "normalized_frobenius": 0.710187554359436, "seconds": 0.146309033036232}
{"stage": "jacobian", "checkpoint": "step8000", "completed": 84, "total": 100, "token": " smooth", "rho": 1.0592293739318848, "alpha": 1.0592293739318848, "lyapunov_last_256": 0.002125209606152134, "normalized_frobenius": 0.7278510332107544, "seconds": 0.13365819305181503}
{"stage": "jacobian", "checkpoint": "step8000", "completed": 85, "total": 100, "token": "igo", "rho": 1.0836509466171265, "alpha": 1.0836509466171265, "lyapunov_last_256": 0.01708150311545253, "normalized_frobenius": 0.7185739278793335, "seconds": 0.12422169744968414}
{"stage": "jacobian", "checkpoint": "step8000", "completed": 86, "total": 100, "token": " Coleman", "rho": 1.0035350322723389, "alpha": 0.9917728900909424, "lyapunov_last_256": 0.006612359140088739, "normalized_frobenius": 0.6959087252616882, "seconds": 0.12958591058850288}
{"stage": "jacobian", "checkpoint": "step8000", "completed": 87, "total": 100, "token": " arriving", "rho": 1.0370235443115234, "alpha": 1.0370235443115234, "lyapunov_last_256": 0.030118582528513686, "normalized_frobenius": 0.6860887408256531, "seconds": 0.153037641197443}
{"stage": "jacobian", "checkpoint": "step8000", "completed": 88, "total": 100, "token": " Gab", "rho": 1.023569107055664, "alpha": 1.023569107055664, "lyapunov_last_256": 0.01365529715262867, "normalized_frobenius": 0.6952842473983765, "seconds": 0.14632853865623474}
{"stage": "jacobian", "checkpoint": "step8000", "completed": 89, "total": 100, "token": " speech", "rho": 1.0384852886199951, "alpha": 1.0325758457183838, "lyapunov_last_256": 0.010204869408863735, "normalized_frobenius": 0.7290938496589661, "seconds": 0.12205076962709427}
{"stage": "jacobian", "checkpoint": "step8000", "completed": 90, "total": 100, "token": " Ho", "rho": 1.0163772106170654, "alpha": 0.9929347038269043, "lyapunov_last_256": 0.01912050371602504, "normalized_frobenius": 0.7008140683174133, "seconds": 0.1317763663828373}
{"stage": "jacobian", "checkpoint": "step8000", "completed": 91, "total": 100, "token": " involved", "rho": 0.9714746475219727, "alpha": 0.9562949538230896, "lyapunov_last_256": 0.01155824590047267, "normalized_frobenius": 0.6715760827064514, "seconds": 0.1399681717157364}
{"stage": "jacobian", "checkpoint": "step8000", "completed": 92, "total": 100, "token": " entered", "rho": 1.0181218385696411, "alpha": 1.0069444179534912, "lyapunov_last_256": 0.011332054623905269, "normalized_frobenius": 0.7018319368362427, "seconds": 0.13599548488855362}
{"stage": "jacobian", "checkpoint": "step8000", "completed": 93, "total": 100, "token": " track", "rho": 1.0355134010314941, "alpha": 1.0355134010314941, "lyapunov_last_256": 0.007407656576071844, "normalized_frobenius": 0.7001258730888367, "seconds": 0.1272338293492794}
{"stage": "jacobian", "checkpoint": "step8000", "completed": 94, "total": 100, "token": " 1", "rho": 0.9877761006355286, "alpha": 0.9805034399032593, "lyapunov_last_256": 0.016136981148058813, "normalized_frobenius": 0.6866908073425293, "seconds": 0.12911288812756538}
{"stage": "jacobian", "checkpoint": "step8000", "completed": 95, "total": 100, "token": " use", "rho": 1.022130012512207, "alpha": 1.022130012512207, "lyapunov_last_256": 0.010351383531015532, "normalized_frobenius": 0.6833951473236084, "seconds": 0.15805506333708763}
{"stage": "jacobian", "checkpoint": "step8000", "completed": 96, "total": 100, "token": " million", "rho": 1.0088613033294678, "alpha": 0.9875079393386841, "lyapunov_last_256": 0.011372213110787755, "normalized_frobenius": 0.6973472237586975, "seconds": 0.21532738953828812}
{"stage": "jacobian", "checkpoint": "step8000", "completed": 97, "total": 100, "token": " Civil", "rho": 1.0907745361328125, "alpha": 1.0854201316833496, "lyapunov_last_256": 0.007109913398779424, "normalized_frobenius": 0.73685222864151, "seconds": 0.1368844360113144}
{"stage": "jacobian", "checkpoint": "step8000", "completed": 98, "total": 100, "token": " bass", "rho": 0.9883378148078918, "alpha": 0.9794646501541138, "lyapunov_last_256": 0.013659135660325476, "normalized_frobenius": 0.681651771068573, "seconds": 0.1363915205001831}
{"stage": "jacobian", "checkpoint": "step8000", "completed": 99, "total": 100, "token": "ium", "rho": 1.0763258934020996, "alpha": 1.0763258934020996, "lyapunov_last_256": 0.01270877640032431, "normalized_frobenius": 0.7153671979904175, "seconds": 0.1437772661447525}
{"stage": "jacobian", "checkpoint": "step8000", "completed": 100, "total": 100, "token": " roles", "rho": 1.0100255012512207, "alpha": 1.0100255012512207, "lyapunov_last_256": 0.002596303677245903, "normalized_frobenius": 0.6946256160736084, "seconds": 0.1318592019379139}
{"stage": "dynamics_lyapunov", "dynamic_step": 256}
{"stage": "dynamics_lyapunov", "dynamic_step": 512}
{"stage": "dynamics_lyapunov", "dynamic_step": 768}
{"stage": "dynamics_lyapunov", "dynamic_step": 1024}
{"stage": "jacobian", "checkpoint": "step29000", "completed": 1, "total": 100, "token": "locations", "rho": 1.0326570272445679, "alpha": 1.0188795328140259, "lyapunov_last_256": -0.0009775206397439383, "normalized_frobenius": 0.6953360438346863, "seconds": 0.14534851908683777}
{"stage": "jacobian", "checkpoint": "step29000", "completed": 2, "total": 100, "token": " 449", "rho": 1.0349019765853882, "alpha": 1.0207772254943848, "lyapunov_last_256": -0.0007226542285225972, "normalized_frobenius": 0.695264995098114, "seconds": 0.11111358180642128}
{"stage": "jacobian", "checkpoint": "step29000", "completed": 3, "total": 100, "token": "completion", "rho": 0.9398745894432068, "alpha": 0.9304877519607544, "lyapunov_last_256": 0.0011243229061779247, "normalized_frobenius": 0.6553931832313538, "seconds": 0.14094625413417816}
{"stage": "jacobian", "checkpoint": "step29000", "completed": 4, "total": 100, "token": "Py", "rho": 1.0319688320159912, "alpha": 1.0268317461013794, "lyapunov_last_256": 0.001075830728968631, "normalized_frobenius": 0.6857949495315552, "seconds": 0.14345608279109}
{"stage": "jacobian", "checkpoint": "step29000", "completed": 5, "total": 100, "token": " circumference", "rho": 0.9864460229873657, "alpha": 0.9698628187179565, "lyapunov_last_256": -0.0006800046903700711, "normalized_frobenius": 0.6827651858329773, "seconds": 0.14246879890561104}
{"stage": "jacobian", "checkpoint": "step29000", "completed": 6, "total": 100, "token": " involuntary", "rho": 0.9912998676300049, "alpha": 0.9705443978309631, "lyapunov_last_256": -0.00048563477335009813, "normalized_frobenius": 0.6745521426200867, "seconds": 0.1291610151529312}
{"stage": "jacobian", "checkpoint": "step29000", "completed": 7, "total": 100, "token": "立", "rho": 1.040774941444397, "alpha": 1.030745267868042, "lyapunov_last_256": 0.0007424268264592947, "normalized_frobenius": 0.6886823177337646, "seconds": 0.10718405246734619}
{"stage": "jacobian", "checkpoint": "step29000", "completed": 8, "total": 100, "token": " CAD", "rho": 1.0330064296722412, "alpha": 1.019222617149353, "lyapunov_last_256": -0.000943922393365436, "normalized_frobenius": 0.6953425407409668, "seconds": 0.11330833658576012}
{"stage": "jacobian", "checkpoint": "step29000", "completed": 9, "total": 100, "token": "alen", "rho": 1.0260812044143677, "alpha": 1.0115212202072144, "lyapunov_last_256": -0.001441262238052546, "normalized_frobenius": 0.6946320533752441, "seconds": 0.10962217301130295}
{"stage": "jacobian", "checkpoint": "step29000", "completed": 10, "total": 100, "token": " Nokia", "rho": 1.0414700508117676, "alpha": 1.0263032913208008, "lyapunov_last_256": -0.00034250497014199895, "normalized_frobenius": 0.6942430138587952, "seconds": 0.12149161845445633}
{"stage": "jacobian", "checkpoint": "step29000", "completed": 11, "total": 100, "token": "sidered", "rho": 1.0226026773452759, "alpha": 1.0076398849487305, "lyapunov_last_256": -0.0014822315097257014, "normalized_frobenius": 0.6934309005737305, "seconds": 0.1635739430785179}
{"stage": "jacobian", "checkpoint": "step29000", "completed": 12, "total": 100, "token": "second", "rho": 1.0145913362503052, "alpha": 0.9995436668395996, "lyapunov_last_256": -0.0012311315016426902, "normalized_frobenius": 0.6903953552246094, "seconds": 0.1256081536412239}
{"stage": "jacobian", "checkpoint": "step29000", "completed": 13, "total": 100, "token": " diagrams", "rho": 1.025578260421753, "alpha": 1.0109314918518066, "lyapunov_last_256": -0.0014614717885691084, "normalized_frobenius": 0.6944934725761414, "seconds": 0.13514481112360954}
{"stage": "jacobian", "checkpoint": "step29000", "completed": 14, "total": 100, "token": " permeability", "rho": 0.9387297034263611, "alpha": 0.9372121691703796, "lyapunov_last_256": 0.0010675334828074072, "normalized_frobenius": 0.6541706919670105, "seconds": 0.12782826274633408}
{"stage": "jacobian", "checkpoint": "step29000", "completed": 15, "total": 100, "token": " LE", "rho": 0.9455273747444153, "alpha": 0.9432340860366821, "lyapunov_last_256": 0.0011822694618341526, "normalized_frobenius": 0.6577196717262268, "seconds": 0.1136399433016777}
{"stage": "jacobian", "checkpoint": "step29000", "completed": 16, "total": 100, "token": "urdy", "rho": 1.014743447303772, "alpha": 0.999695897102356, "lyapunov_last_256": -0.0012363980697438744, "normalized_frobenius": 0.6904495358467102, "seconds": 0.13282860815525055}
{"stage": "jacobian", "checkpoint": "step29000", "completed": 17, "total": 100, "token": " 510", "rho": 1.0345163345336914, "alpha": 1.0205217599868774, "lyapunov_last_256": -0.0007711626557886863, "normalized_frobenius": 0.6953067779541016, "seconds": 0.14679217711091042}
{"stage": "jacobian", "checkpoint": "step29000", "completed": 18, "total": 100, "token": "ochem", "rho": 0.9878249764442444, "alpha": 0.9674872159957886, "lyapunov_last_256": -0.0006492713324354718, "normalized_frobenius": 0.6819400191307068, "seconds": 0.18896572664380074}
{"stage": "jacobian", "checkpoint": "step29000", "completed": 19, "total": 100, "token": " phyt", "rho": 1.0051710605621338, "alpha": 0.990035891532898, "lyapunov_last_256": -0.0009507786384112344, "normalized_frobenius": 0.687302827835083, "seconds": 0.12291017919778824}
{"stage": "jacobian", "checkpoint": "step29000", "completed": 20, "total": 100, "token": " filings", "rho": 1.006291389465332, "alpha": 0.9911766052246094, "lyapunov_last_256": -0.0009783568664875233, "normalized_frobenius": 0.687640905380249, "seconds": 0.12705326825380325}
{"stage": "jacobian", "checkpoint": "step29000", "completed": 21, "total": 100, "token": " helical", "rho": 0.9867392182350159, "alpha": 0.9684566259384155, "lyapunov_last_256": -0.0006714899926903372, "normalized_frobenius": 0.6825474500656128, "seconds": 0.12259125337004662}
{"stage": "jacobian", "checkpoint": "step29000", "completed": 22, "total": 100, "token": " interplay", "rho": 0.9919103980064392, "alpha": 0.9714676141738892, "lyapunov_last_256": -0.0005689624551294581, "normalized_frobenius": 0.6788161993026733, "seconds": 0.11856016144156456}
{"stage": "jacobian", "checkpoint": "step29000", "completed": 23, "total": 100, "token": "cies", "rho": 0.9911045432090759, "alpha": 0.9707871675491333, "lyapunov_last_256": -0.0005932972419531194, "normalized_frobenius": 0.6799454689025879, "seconds": 0.1484297588467598}
{"stage": "jacobian", "checkpoint": "step29000", "completed": 24, "total": 100, "token": " harmonic", "rho": 1.0453425645828247, "alpha": 1.030629277229309, "lyapunov_last_256": 8.228023585774935e-05, "normalized_frobenius": 0.6924853324890137, "seconds": 0.1355472467839718}
{"stage": "jacobian", "checkpoint": "step29000", "completed": 25, "total": 100, "token": " inactivated", "rho": 1.0365391969680786, "alpha": 1.0218889713287354, "lyapunov_last_256": -0.0005859449209094111, "normalized_frobenius": 0.6950237154960632, "seconds": 0.1268133819103241}
{"stage": "jacobian", "checkpoint": "step29000", "completed": 26, "total": 100, "token": " Maintenance", "rho": 0.9911931157112122, "alpha": 0.9704340696334839, "lyapunov_last_256": -0.0004817421705317006, "normalized_frobenius": 0.6743816137313843, "seconds": 0.1257137469947338}
{"stage": "jacobian", "checkpoint": "step29000", "completed": 27, "total": 100, "token": " pend", "rho": 1.045327067375183, "alpha": 1.0311756134033203, "lyapunov_last_256": 0.00024216043602297635, "normalized_frobenius": 0.6917104125022888, "seconds": 0.11531349271535873}
{"stage": "jacobian", "checkpoint": "step29000", "completed": 28, "total": 100, "token": " Pretty", "rho": 1.0288488864898682, "alpha": 1.0147664546966553, "lyapunov_last_256": -0.0012749404420216714, "normalized_frobenius": 0.6951072216033936, "seconds": 0.12726804241538048}
{"stage": "jacobian", "checkpoint": "step29000", "completed": 29, "total": 100, "token": " 580", "rho": 1.045336127281189, "alpha": 1.0311638116836548, "lyapunov_last_256": 0.00023923111167037077, "normalized_frobenius": 0.6917251348495483, "seconds": 0.13353987038135529}
{"stage": "jacobian", "checkpoint": "step29000", "completed": 30, "total": 100, "token": "CH", "rho": 1.013934850692749, "alpha": 0.9988864660263062, "lyapunov_last_256": -0.0012084655627123391, "normalized_frobenius": 0.6901616454124451, "seconds": 0.11818574368953705}
{"stage": "jacobian", "checkpoint": "step29000", "completed": 31, "total": 100, "token": "PI", "rho": 0.9863733649253845, "alpha": 0.9702541828155518, "lyapunov_last_256": -0.0006825228207176048, "normalized_frobenius": 0.6828277111053467, "seconds": 0.12432263791561127}
{"stage": "jacobian", "checkpoint": "step29000", "completed": 32, "total": 100, "token": " shaping", "rho": 1.026482343673706, "alpha": 1.0119953155517578, "lyapunov_last_256": -0.0014219734665987136, "normalized_frobenius": 0.6947302222251892, "seconds": 0.14084094017744064}
{"stage": "jacobian", "checkpoint": "step29000", "completed": 33, "total": 100, "token": " exams", "rho": 1.030516505241394, "alpha": 1.0166327953338623, "lyapunov_last_256": -0.0011551683493680935, "normalized_frobenius": 0.6952433586120605, "seconds": 0.12779804319143295}
{"stage": "jacobian", "checkpoint": "step29000", "completed": 34, "total": 100, "token": "ilipp", "rho": 0.9416094422340393, "alpha": 0.9369562864303589, "lyapunov_last_256": 0.0007153475346867502, "normalized_frobenius": 0.6538081765174866, "seconds": 0.1641489788889885}
{"stage": "jacobian", "checkpoint": "step29000", "completed": 35, "total": 100, "token": "essential", "rho": 1.0169906616210938, "alpha": 1.0019426345825195, "lyapunov_last_256": -0.001315393810037135, "normalized_frobenius": 0.691268801689148, "seconds": 0.14506929740309715}
{"stage": "jacobian", "checkpoint": "step29000", "completed": 36, "total": 100, "token": " Manufact", "rho": 1.0306552648544312, "alpha": 1.0167840719223022, "lyapunov_last_256": -0.0011446851150960862, "normalized_frobenius": 0.6952517628669739, "seconds": 0.16286136582493782}
{"stage": "jacobian", "checkpoint": "step29000", "completed": 37, "total": 100, "token": "christ", "rho": 1.0071043968200684, "alpha": 0.9920031428337097, "lyapunov_last_256": -0.0009995432474900622, "normalized_frobenius": 0.687893271446228, "seconds": 0.1703890711069107}
{"stage": "jacobian", "checkpoint": "step29000", "completed": 38, "total": 100, "token": "omed", "rho": 1.0103129148483276, "alpha": 0.9952488541603088, "lyapunov_last_256": -0.0010909944799121156, "normalized_frobenius": 0.6889238357543945, "seconds": 0.12669453024864197}
{"stage": "jacobian", "checkpoint": "step29000", "completed": 39, "total": 100, "token": "umu", "rho": 0.975469172000885, "alpha": 0.9557803869247437, "lyapunov_last_256": -5.735349514323046e-05, "normalized_frobenius": 0.6638712882995605, "seconds": 0.12031370401382446}
{"stage": "jacobian", "checkpoint": "step29000", "completed": 40, "total": 100, "token": " tonight", "rho": 1.012943983078003, "alpha": 1.0108938217163086, "lyapunov_last_256": 0.0014817411373125814, "normalized_frobenius": 0.6793212890625, "seconds": 0.14416014775633812}
{"stage": "jacobian", "checkpoint": "step29000", "completed": 41, "total": 100, "token": " geared", "rho": 1.032112956047058, "alpha": 1.0183290243148804, "lyapunov_last_256": -0.0010264966211551184, "normalized_frobenius": 0.6953204274177551, "seconds": 0.12138912826776505}
{"stage": "jacobian", "checkpoint": "step29000", "completed": 42, "total": 100, "token": " trump", "rho": 1.030977725982666, "alpha": 1.0171329975128174, "lyapunov_last_256": -0.0011196556715258488, "normalized_frobenius": 0.6952703595161438, "seconds": 0.12415977939963341}
{"stage": "jacobian", "checkpoint": "step29000", "completed": 43, "total": 100, "token": "leman", "rho": 1.0247910022735596, "alpha": 1.0100257396697998, "lyapunov_last_256": -0.0014828730466470326, "normalized_frobenius": 0.6942447423934937, "seconds": 0.13496680930256844}
{"stage": "jacobian", "checkpoint": "step29000", "completed": 44, "total": 100, "token": " assortment", "rho": 1.0284712314605713, "alpha": 1.014331579208374, "lyapunov_last_256": -0.0013009624763704003, "normalized_frobenius": 0.6950645446777344, "seconds": 0.1559702605009079}
{"stage": "jacobian", "checkpoint": "step29000", "completed": 45, "total": 100, "token": " Sew", "rho": 0.9883626699447632, "alpha": 0.9680765271186829, "lyapunov_last_256": -0.0006408840770298449, "normalized_frobenius": 0.6816779971122742, "seconds": 0.1657775342464447}
{"stage": "jacobian", "checkpoint": "step29000", "completed": 46, "total": 100, "token": " arresting", "rho": 1.0284124612808228, "alpha": 1.0142638683319092, "lyapunov_last_256": -0.0013048569016757025, "normalized_frobenius": 0.69505774974823, "seconds": 0.15106051415205002}
{"stage": "jacobian", "checkpoint": "step29000", "completed": 47, "total": 100, "token": " assertion", "rho": 0.991340696811676, "alpha": 0.9705867767333984, "lyapunov_last_256": -0.000487197796389715, "normalized_frobenius": 0.674621045589447, "seconds": 0.13786830753087997}
{"stage": "jacobian", "checkpoint": "step29000", "completed": 48, "total": 100, "token": " unemployed", "rho": 0.9887012839317322, "alpha": 0.9684364199638367, "lyapunov_last_256": -0.0006355772838178119, "normalized_frobenius": 0.681511402130127, "seconds": 0.1270456463098526}
{"stage": "jacobian", "checkpoint": "step29000", "completed": 49, "total": 100, "token": " outgoing", "rho": 1.0334465503692627, "alpha": 1.0196387767791748, "lyapunov_last_256": -0.0008985104985433037, "normalized_frobenius": 0.6953455209732056, "seconds": 0.12785154953598976}
{"stage": "jacobian", "checkpoint": "step29000", "completed": 50, "total": 100, "token": " floated", "rho": 1.0438989400863647, "alpha": 1.0315998792648315, "lyapunov_last_256": 0.0005005961904679642, "normalized_frobenius": 0.6902827620506287, "seconds": 0.14060458913445473}
{"stage": "jacobian", "checkpoint": "step29000", "completed": 51, "total": 100, "token": " portable", "rho": 1.0303521156311035, "alpha": 1.0164527893066406, "lyapunov_last_256": -0.0011673250464690824, "normalized_frobenius": 0.6952329277992249, "seconds": 0.13394898548722267}
{"stage": "jacobian", "checkpoint": "step29000", "completed": 52, "total": 100, "token": "olev", "rho": 1.0196495056152344, "alpha": 1.0046100616455078, "lyapunov_last_256": -0.001406251232041072, "normalized_frobenius": 0.6922764778137207, "seconds": 0.11818497255444527}
{"stage": "jacobian", "checkpoint": "step29000", "completed": 53, "total": 100, "token": " Bread", "rho": 1.0271735191345215, "alpha": 1.012812614440918, "lyapunov_last_256": -0.0013838993296769228, "normalized_frobenius": 0.6948714256286621, "seconds": 0.12559852749109268}
{"stage": "jacobian", "checkpoint": "step29000", "completed": 54, "total": 100, "token": " Alban", "rho": 1.0451849699020386, "alpha": 1.0313599109649658, "lyapunov_last_256": 0.0002935850634390411, "normalized_frobenius": 0.6914451122283936, "seconds": 0.10828471183776855}
{"stage": "jacobian", "checkpoint": "step29000", "completed": 55, "total": 100, "token": "gae", "rho": 1.0268440246582031, "alpha": 1.012422800064087, "lyapunov_last_256": -0.0014028228181732429, "normalized_frobenius": 0.6948077082633972, "seconds": 0.10829005390405655}
{"stage": "jacobian", "checkpoint": "step29000", "completed": 56, "total": 100, "token": " thorough", "rho": 0.9918741583824158, "alpha": 0.9711616039276123, "lyapunov_last_256": -0.0005099097413794867, "normalized_frobenius": 0.6756990551948547, "seconds": 0.13370991498231888}
{"stage": "jacobian", "checkpoint": "step29000", "completed": 57, "total": 100, "token": " integration", "rho": 1.0087289810180664, "alpha": 0.9936495423316956, "lyapunov_last_256": -0.0010442493628284102, "normalized_frobenius": 0.688407301902771, "seconds": 0.1570395492017269}
{"stage": "jacobian", "checkpoint": "step29000", "completed": 58, "total": 100, "token": " sits", "rho": 1.0253357887268066, "alpha": 1.0106496810913086, "lyapunov_last_256": -0.0014694991446768347, "normalized_frobenius": 0.6944202780723572, "seconds": 0.12070257589221}
{"stage": "jacobian", "checkpoint": "step29000", "completed": 59, "total": 100, "token": " nit", "rho": 0.9727558493614197, "alpha": 0.9532942175865173, "lyapunov_last_256": 6.121941751292283e-06, "normalized_frobenius": 0.6627280116081238, "seconds": 0.1452576480805874}
{"stage": "jacobian", "checkpoint": "step29000", "completed": 60, "total": 100, "token": " drifting", "rho": 1.0323821306228638, "alpha": 1.0186035633087158, "lyapunov_last_256": -0.001002646126208479, "normalized_frobenius": 0.6953288912773132, "seconds": 0.12477542087435722}
{"stage": "jacobian", "checkpoint": "step29000", "completed": 61, "total": 100, "token": " 1864", "rho": 0.9964725375175476, "alpha": 0.994939923286438, "lyapunov_last_256": 0.0015661734682987333, "normalized_frobenius": 0.6746971011161804, "seconds": 0.13195205479860306}
{"stage": "jacobian", "checkpoint": "step29000", "completed": 62, "total": 100, "token": "othe", "rho": 1.0223947763442993, "alpha": 1.0074217319488525, "lyapunov_last_256": -0.001478775138178025, "normalized_frobenius": 0.6933497190475464, "seconds": 0.1399128958582878}
{"stage": "jacobian", "checkpoint": "step29000", "completed": 63, "total": 100, "token": " notion", "rho": 1.0063761472702026, "alpha": 0.9912629127502441, "lyapunov_last_256": -0.0009805685879080445, "normalized_frobenius": 0.6876677870750427, "seconds": 0.118222426623106}
{"stage": "jacobian", "checkpoint": "step29000", "completed": 64, "total": 100, "token": " publicity", "rho": 1.0239814519882202, "alpha": 1.0091211795806885, "lyapunov_last_256": -0.001491758002441451, "normalized_frobenius": 0.6939569711685181, "seconds": 0.1326029896736145}
{"stage": "jacobian", "checkpoint": "step29000", "completed": 65, "total": 100, "token": " disguised", "rho": 1.0079604387283325, "alpha": 0.9928713440895081, "lyapunov_last_256": -0.0010227222148171753, "normalized_frobenius": 0.6881624460220337, "seconds": 0.14253762364387512}
{"stage": "jacobian", "checkpoint": "step29000", "completed": 66, "total": 100, "token": " routine", "rho": 1.0104857683181763, "alpha": 0.9954227805137634, "lyapunov_last_256": -0.0010962725129300937, "normalized_frobenius": 0.688981294631958, "seconds": 0.10959811136126518}
{"stage": "jacobian", "checkpoint": "step29000", "completed": 67, "total": 100, "token": " Panama", "rho": 1.0390952825546265, "alpha": 1.0240495204925537, "lyapunov_last_256": -0.00046110429045629936, "normalized_frobenius": 0.6946573257446289, "seconds": 0.12075690180063248}
{"stage": "jacobian", "checkpoint": "step29000", "completed": 68, "total": 100, "token": " happening", "rho": 1.0159571170806885, "alpha": 1.0009093284606934, "lyapunov_last_256": -0.0012789517740453985, "normalized_frobenius": 0.6908887028694153, "seconds": 0.11640511825680733}
{"stage": "jacobian", "checkpoint": "step29000", "completed": 69, "total": 100, "token": "ending", "rho": 0.984484076499939, "alpha": 0.964052677154541, "lyapunov_last_256": -0.0002862880249271632, "normalized_frobenius": 0.6684977412223816, "seconds": 0.1311211660504341}
{"stage": "jacobian", "checkpoint": "step29000", "completed": 70, "total": 100, "token": " paved", "rho": 1.017687439918518, "alpha": 1.0026397705078125, "lyapunov_last_256": -0.0013398495198437995, "normalized_frobenius": 0.6915290355682373, "seconds": 0.13800452649593353}
{"stage": "jacobian", "checkpoint": "step29000", "completed": 71, "total": 100, "token": " bu", "rho": 1.0043498277664185, "alpha": 0.9891974329948425, "lyapunov_last_256": -0.0009314270209826483, "normalized_frobenius": 0.68705815076828, "seconds": 0.12490997835993767}
{"stage": "jacobian", "checkpoint": "step29000", "completed": 72, "total": 100, "token": " crucial", "rho": 1.027423620223999, "alpha": 1.013108491897583, "lyapunov_last_256": -0.001368592809143549, "normalized_frobenius": 0.6949161887168884, "seconds": 0.11242206767201424}
{"stage": "jacobian", "checkpoint": "step29000", "completed": 73, "total": 100, "token": "ographical", "rho": 1.0292245149612427, "alpha": 1.015194058418274, "lyapunov_last_256": -0.0012490858914052097, "normalized_frobenius": 0.69514399766922, "seconds": 0.10812747478485107}
{"stage": "jacobian", "checkpoint": "step29000", "completed": 74, "total": 100, "token": " Hunter", "rho": 1.0359872579574585, "alpha": 1.0214836597442627, "lyapunov_last_256": -0.0006213572273092356, "normalized_frobenius": 0.6951050758361816, "seconds": 0.12516208365559578}
{"stage": "jacobian", "checkpoint": "step29000", "completed": 75, "total": 100, "token": " Thailand", "rho": 1.018884539604187, "alpha": 1.0166597366333008, "lyapunov_last_256": 0.0013980625345748374, "normalized_frobenius": 0.6813039779663086, "seconds": 0.13232164457440376}
{"stage": "jacobian", "checkpoint": "step29000", "completed": 76, "total": 100, "token": " options", "rho": 0.9903092980384827, "alpha": 0.9700486063957214, "lyapunov_last_256": -0.0006093968500732107, "normalized_frobenius": 0.6805959343910217, "seconds": 0.1257309392094612}
{"stage": "jacobian", "checkpoint": "step29000", "completed": 77, "total": 100, "token": " thereby", "rho": 1.02413809299469, "alpha": 1.021773099899292, "lyapunov_last_256": 0.0012776602617004362, "normalized_frobenius": 0.6833319067955017, "seconds": 0.13535332679748535}
{"stage": "jacobian", "checkpoint": "step29000", "completed": 78, "total": 100, "token": " Å", "rho": 1.0301403999328613, "alpha": 1.0162197351455688, "lyapunov_last_256": -0.0011830856150441835, "normalized_frobenius": 0.695218563079834, "seconds": 0.16035505011677742}
{"stage": "jacobian", "checkpoint": "step29000", "completed": 79, "total": 100, "token": " supports", "rho": 0.9891085028648376, "alpha": 0.9683829545974731, "lyapunov_last_256": -0.00041593322597198207, "normalized_frobenius": 0.671948254108429, "seconds": 0.15674154460430145}
{"stage": "jacobian", "checkpoint": "step29000", "completed": 80, "total": 100, "token": " knows", "rho": 1.029321551322937, "alpha": 1.0153043270111084, "lyapunov_last_256": -0.0012420165696688757, "normalized_frobenius": 0.6951531767845154, "seconds": 0.18002544716000557}
{"stage": "jacobian", "checkpoint": "step29000", "completed": 81, "total": 100, "token": "rum", "rho": 0.9688137173652649, "alpha": 0.9598726034164429, "lyapunov_last_256": 0.0013919173100098417, "normalized_frobenius": 0.6655033230781555, "seconds": 0.14384103193879128}
{"stage": "jacobian", "checkpoint": "step29000", "completed": 82, "total": 100, "token": " Son", "rho": 1.0239448547363281, "alpha": 1.0090808868408203, "lyapunov_last_256": -0.0014918508832069428, "normalized_frobenius": 0.693943202495575, "seconds": 0.12321173772215843}
{"stage": "jacobian", "checkpoint": "step29000", "completed": 83, "total": 100, "token": " impressed", "rho": 1.0135546922683716, "alpha": 0.9985058307647705, "lyapunov_last_256": -0.001195529121511615, "normalized_frobenius": 0.6900279521942139, "seconds": 0.14709248393774033}
{"stage": "jacobian", "checkpoint": "step29000", "completed": 84, "total": 100, "token": " smooth", "rho": 1.0221126079559326, "alpha": 1.0071269273757935, "lyapunov_last_256": -0.001473461217380346, "normalized_frobenius": 0.6932389736175537, "seconds": 0.13810816779732704}
{"stage": "jacobian", "checkpoint": "step29000", "completed": 85, "total": 100, "token": "igo", "rho": 1.0286872386932373, "alpha": 1.0145812034606934, "lyapunov_last_256": -0.0012860014519133981, "normalized_frobenius": 0.6950898766517639, "seconds": 0.12021288275718689}
{"stage": "jacobian", "checkpoint": "step29000", "completed": 86, "total": 100, "token": " Coleman", "rho": 1.012500524520874, "alpha": 0.9974488019943237, "lyapunov_last_256": -0.0011603601988076442, "normalized_frobenius": 0.6896621584892273, "seconds": 0.1250135563313961}
{"stage": "jacobian", "checkpoint": "step29000", "completed": 87, "total": 100, "token": " arriving", "rho": 1.0041775703430176, "alpha": 0.9890214204788208, "lyapunov_last_256": -0.0009274275867671596, "normalized_frobenius": 0.6870068907737732, "seconds": 0.145863875746727}
{"stage": "jacobian", "checkpoint": "step29000", "completed": 88, "total": 100, "token": " Gab", "rho": 1.0136396884918213, "alpha": 0.9985910654067993, "lyapunov_last_256": -0.001198450643269142, "normalized_frobenius": 0.6900582909584045, "seconds": 0.14927053451538086}
{"stage": "jacobian", "checkpoint": "step29000", "completed": 89, "total": 100, "token": " speech", "rho": 1.0329874753952026, "alpha": 1.0192042589187622, "lyapunov_last_256": -0.0009457793435875664, "normalized_frobenius": 0.6953422427177429, "seconds": 0.16685103625059128}
{"stage": "jacobian", "checkpoint": "step29000", "completed": 90, "total": 100, "token": " Ho", "rho": 1.0257878303527832, "alpha": 1.011176347732544, "lyapunov_last_256": -0.001453692263457972, "normalized_frobenius": 0.6945531368255615, "seconds": 0.13191543519496918}
{"stage": "jacobian", "checkpoint": "step29000", "completed": 91, "total": 100, "token": " involved", "rho": 1.0250877141952515, "alpha": 1.0103636980056763, "lyapunov_last_256": -0.001476408841974328, "normalized_frobenius": 0.694341778755188, "seconds": 0.14693034440279007}
{"stage": "jacobian", "checkpoint": "step29000", "completed": 92, "total": 100, "token": " entered", "rho": 0.9903076887130737, "alpha": 0.9746881723403931, "lyapunov_last_256": -0.0007159614713174328, "normalized_frobenius": 0.6835967302322388, "seconds": 0.12048210948705673}
{"stage": "jacobian", "checkpoint": "step29000", "completed": 93, "total": 100, "token": " track", "rho": 1.023284912109375, "alpha": 1.0083646774291992, "lyapunov_last_256": -0.0014901951077280016, "normalized_frobenius": 0.693694531917572, "seconds": 0.12084917724132538}
{"stage": "jacobian", "checkpoint": "step29000", "completed": 94, "total": 100, "token": " 1", "rho": 1.0337297916412354, "alpha": 1.0198934078216553, "lyapunov_last_256": -0.0008669980173573981, "normalized_frobenius": 0.6953430771827698, "seconds": 0.1300196647644043}
{"stage": "jacobian", "checkpoint": "step29000", "completed": 95, "total": 100, "token": " use", "rho": 1.0210680961608887, "alpha": 1.0060501098632812, "lyapunov_last_256": -0.0014485567740467327, "normalized_frobenius": 0.6928281188011169, "seconds": 0.16044022515416145}
{"stage": "jacobian", "checkpoint": "step29000", "completed": 96, "total": 100, "token": " million", "rho": 1.0142213106155396, "alpha": 0.9991734027862549, "lyapunov_last_256": -0.0012183710895500668, "normalized_frobenius": 0.6902639865875244, "seconds": 0.22566697001457214}
{"stage": "jacobian", "checkpoint": "step29000", "completed": 97, "total": 100, "token": " Civil", "rho": 1.0265858173370361, "alpha": 1.0121173858642578, "lyapunov_last_256": -0.0014167280492004973, "normalized_frobenius": 0.6947528719902039, "seconds": 0.16343297809362411}
{"stage": "jacobian", "checkpoint": "step29000", "completed": 98, "total": 100, "token": " bass", "rho": 1.041893482208252, "alpha": 1.0311321020126343, "lyapunov_last_256": 0.0006723130929030699, "normalized_frobenius": 0.6891788244247437, "seconds": 0.10991393029689789}
{"stage": "jacobian", "checkpoint": "step29000", "completed": 99, "total": 100, "token": "ium", "rho": 1.0339596271514893, "alpha": 1.0277737379074097, "lyapunov_last_256": 0.0010206275918650933, "normalized_frobenius": 0.6863500475883484, "seconds": 0.12371581420302391}
{"stage": "jacobian", "checkpoint": "step29000", "completed": 100, "total": 100, "token": " roles", "rho": 1.0274226665496826, "alpha": 1.0131072998046875, "lyapunov_last_256": -0.0013686434789376642, "normalized_frobenius": 0.6949160099029541, "seconds": 0.1195569820702076}
