{"stage": "dynamics_lyapunov", "dynamic_step": 256}
{"stage": "dynamics_lyapunov", "dynamic_step": 512}
{"stage": "dynamics_lyapunov", "dynamic_step": 768}
{"stage": "dynamics_lyapunov", "dynamic_step": 1024}
{"stage": "jacobian", "checkpoint": "step4000", "completed": 12, "total": 100, "token": "second", "rho": 0.9933151006698608, "alpha": 0.9899788498878479, "lyapunov_last_256": -0.006895590388280499, "normalized_frobenius": 0.6653698682785034, "seconds": 0.14688903465867043}
{"stage": "jacobian", "checkpoint": "step4000", "completed": 13, "total": 100, "token": " diagrams", "rho": 0.993349015712738, "alpha": 0.9900169372558594, "lyapunov_last_256": -0.007062008265150955, "normalized_frobenius": 0.665397047996521, "seconds": 0.13165875151753426}
{"stage": "jacobian", "checkpoint": "step4000", "completed": 14, "total": 100, "token": " permeability", "rho": 0.9934169054031372, "alpha": 0.9900860786437988, "lyapunov_last_256": -0.0068849600581311, "normalized_frobenius": 0.6654434204101562, "seconds": 0.11287636682391167}
{"stage": "jacobian", "checkpoint": "step4000", "completed": 15, "total": 100, "token": " LE", "rho": 0.9933211803436279, "alpha": 0.9899868965148926, "lyapunov_last_256": -0.006910034290684086, "normalized_frobenius": 0.6653764843940735, "seconds": 0.1252300702035427}
{"stage": "jacobian", "checkpoint": "step4000", "completed": 16, "total": 100, "token": "urdy", "rho": 0.974649965763092, "alpha": 0.9586312770843506, "lyapunov_last_256": -0.02596976937353835, "normalized_frobenius": 0.6573609113693237, "seconds": 0.13516860455274582}
{"stage": "jacobian", "checkpoint": "step4000", "completed": 17, "total": 100, "token": " 510", "rho": 0.9933406710624695, "alpha": 0.9900084733963013, "lyapunov_last_256": -0.0070906444906743546, "normalized_frobenius": 0.6653923988342285, "seconds": 0.14837558194994926}
{"stage": "jacobian", "checkpoint": "step4000", "completed": 18, "total": 100, "token": "ochem", "rho": 0.9933170080184937, "alpha": 0.9899877905845642, "lyapunov_last_256": -0.006905688980481155, "normalized_frobenius": 0.6653772592544556, "seconds": 0.13054832071065903}
{"stage": "jacobian", "checkpoint": "step4000", "completed": 19, "total": 100, "token": " phyt", "rho": 0.9933843612670898, "alpha": 0.9900482892990112, "lyapunov_last_256": -0.006684468304564362, "normalized_frobenius": 0.6654166579246521, "seconds": 0.12977979704737663}
{"stage": "jacobian", "checkpoint": "step4000", "completed": 20, "total": 100, "token": " filings", "rho": 0.9933431148529053, "alpha": 0.9900166988372803, "lyapunov_last_256": -0.006648529366410565, "normalized_frobenius": 0.665398359298706, "seconds": 0.1285947449505329}
{"stage": "jacobian", "checkpoint": "step4000", "completed": 21, "total": 100, "token": " helical", "rho": 0.993342936038971, "alpha": 0.9900152683258057, "lyapunov_last_256": -0.0068253346360868, "normalized_frobenius": 0.6653971672058105, "seconds": 0.1341438591480255}
{"stage": "jacobian", "checkpoint": "step4000", "completed": 22, "total": 100, "token": " interplay", "rho": 0.9933534860610962, "alpha": 0.9900225400924683, "lyapunov_last_256": -0.006779000693202858, "normalized_frobenius": 0.6654022336006165, "seconds": 0.14970576390624046}
{"stage": "jacobian", "checkpoint": "step4000", "completed": 23, "total": 100, "token": "cies", "rho": 0.9933654069900513, "alpha": 0.9900285005569458, "lyapunov_last_256": -0.006687740776101525, "normalized_frobenius": 0.665402889251709, "seconds": 0.11986816674470901}
{"stage": "jacobian", "checkpoint": "step4000", "completed": 24, "total": 100, "token": " harmonic", "rho": 0.9933324456214905, "alpha": 0.9900044202804565, "lyapunov_last_256": -0.007041505441018762, "normalized_frobenius": 0.6653906106948853, "seconds": 0.11143328994512558}
{"stage": "jacobian", "checkpoint": "step4000", "completed": 25, "total": 100, "token": " inactivated", "rho": 0.9746495485305786, "alpha": 0.9586308002471924, "lyapunov_last_256": -0.025742226263795968, "normalized_frobenius": 0.6573609709739685, "seconds": 0.13048655912280083}
{"stage": "jacobian", "checkpoint": "step4000", "completed": 26, "total": 100, "token": " Maintenance", "rho": 0.9934513568878174, "alpha": 0.9901126623153687, "lyapunov_last_256": -0.006680426618003789, "normalized_frobenius": 0.6654576659202576, "seconds": 0.14026684686541557}
{"stage": "jacobian", "checkpoint": "step4000", "completed": 27, "total": 100, "token": " pend", "rho": 0.9933122992515564, "alpha": 0.989976167678833, "lyapunov_last_256": -0.006790531686787822, "normalized_frobenius": 0.6653707027435303, "seconds": 0.12061450257897377}
{"stage": "jacobian", "checkpoint": "step4000", "completed": 28, "total": 100, "token": " Pretty", "rho": 0.993385910987854, "alpha": 0.9900614023208618, "lyapunov_last_256": -0.006650024438067078, "normalized_frobenius": 0.6654295325279236, "seconds": 0.12626899778842926}
{"stage": "jacobian", "checkpoint": "step4000", "completed": 29, "total": 100, "token": " 580", "rho": 0.9933323264122009, "alpha": 0.9899936318397522, "lyapunov_last_256": -0.0065855974652503394, "normalized_frobenius": 0.6653797626495361, "seconds": 0.13030001148581505}
{"stage": "jacobian", "checkpoint": "step4000", "completed": 30, "total": 100, "token": "CH", "rho": 0.9746492505073547, "alpha": 0.9586305618286133, "lyapunov_last_256": -0.02551531082055474, "normalized_frobenius": 0.6573609113693237, "seconds": 0.12825720384716988}
{"stage": "jacobian", "checkpoint": "step4000", "completed": 31, "total": 100, "token": "PI", "rho": 0.9933419227600098, "alpha": 0.9900071620941162, "lyapunov_last_256": -0.006697045322745018, "normalized_frobenius": 0.6653895378112793, "seconds": 0.12861399352550507}
{"stage": "jacobian", "checkpoint": "step4000", "completed": 32, "total": 100, "token": " shaping", "rho": 0.993367612361908, "alpha": 0.9900396466255188, "lyapunov_last_256": -0.006254747953945545, "normalized_frobenius": 0.6654143333435059, "seconds": 0.12519583478569984}
{"stage": "jacobian", "checkpoint": "step4000", "completed": 33, "total": 100, "token": " exams", "rho": 0.9933717250823975, "alpha": 0.990037202835083, "lyapunov_last_256": -0.0063685260894862416, "normalized_frobenius": 0.6654084324836731, "seconds": 0.11078093200922012}
{"stage": "jacobian", "checkpoint": "step4000", "completed": 34, "total": 100, "token": "ilipp", "rho": 0.9746500253677368, "alpha": 0.9586313962936401, "lyapunov_last_256": -0.025392750048044536, "normalized_frobenius": 0.6573609709739685, "seconds": 0.12203232571482658}
{"stage": "jacobian", "checkpoint": "step4000", "completed": 35, "total": 100, "token": "essential", "rho": 0.9933080673217773, "alpha": 0.9899830222129822, "lyapunov_last_256": -0.006639852310567349, "normalized_frobenius": 0.6653776168823242, "seconds": 0.1280650831758976}
{"stage": "jacobian", "checkpoint": "step4000", "completed": 36, "total": 100, "token": " Manufact", "rho": 0.993350625038147, "alpha": 0.9900103807449341, "lyapunov_last_256": -0.006410327568562977, "normalized_frobenius": 0.665389895439148, "seconds": 0.12885747477412224}
{"stage": "jacobian", "checkpoint": "step4000", "completed": 37, "total": 100, "token": "christ", "rho": 0.9746478199958801, "alpha": 0.9586290121078491, "lyapunov_last_256": -0.02538381605419489, "normalized_frobenius": 0.6573609113693237, "seconds": 0.12933330982923508}
{"stage": "jacobian", "checkpoint": "step4000", "completed": 38, "total": 100, "token": "omed", "rho": 0.9934563040733337, "alpha": 0.9901279211044312, "lyapunov_last_256": -0.0070721839892119425, "normalized_frobenius": 0.6654718518257141, "seconds": 0.13268359377980232}
{"stage": "jacobian", "checkpoint": "step4000", "completed": 39, "total": 100, "token": "umu", "rho": 0.9933332204818726, "alpha": 0.9900023341178894, "lyapunov_last_256": -0.007087766234681103, "normalized_frobenius": 0.6653875708580017, "seconds": 0.1360848844051361}
{"stage": "jacobian", "checkpoint": "step4000", "completed": 40, "total": 100, "token": " tonight", "rho": 0.9933515191078186, "alpha": 0.9900227785110474, "lyapunov_last_256": -0.007062263834899724, "normalized_frobenius": 0.6653996109962463, "seconds": 0.12702126801013947}
{"stage": "jacobian", "checkpoint": "step4000", "completed": 41, "total": 100, "token": " geared", "rho": 0.993347704410553, "alpha": 0.9900141954421997, "lyapunov_last_256": -0.006226616519509196, "normalized_frobenius": 0.6653940081596375, "seconds": 0.12550761923193932}
{"stage": "jacobian", "checkpoint": "step4000", "completed": 42, "total": 100, "token": " trump", "rho": 0.9934497475624084, "alpha": 0.9901117086410522, "lyapunov_last_256": -0.0067238798405475, "normalized_frobenius": 0.665457546710968, "seconds": 0.11648346483707428}
{"stage": "jacobian", "checkpoint": "step4000", "completed": 43, "total": 100, "token": "leman", "rho": 0.9746496081352234, "alpha": 0.9586308002471924, "lyapunov_last_256": -0.025958472575292754, "normalized_frobenius": 0.6573609113693237, "seconds": 0.11729256063699722}
{"stage": "jacobian", "checkpoint": "step4000", "completed": 44, "total": 100, "token": " assortment", "rho": 0.9746503829956055, "alpha": 0.9586316347122192, "lyapunov_last_256": -0.025492795838368686, "normalized_frobenius": 0.6573609709739685, "seconds": 0.1360330730676651}
{"stage": "jacobian", "checkpoint": "step4000", "completed": 45, "total": 100, "token": " Sew", "rho": 0.9746475219726562, "alpha": 0.9586288928985596, "lyapunov_last_256": -0.025462083749338654, "normalized_frobenius": 0.6573609113693237, "seconds": 0.13243557140231133}
{"stage": "jacobian", "checkpoint": "step4000", "completed": 46, "total": 100, "token": " arresting", "rho": 0.9746489524841309, "alpha": 0.9586302042007446, "lyapunov_last_256": -0.025694220352557706, "normalized_frobenius": 0.6573609709739685, "seconds": 0.11713087931275368}
{"stage": "jacobian", "checkpoint": "step4000", "completed": 47, "total": 100, "token": " assertion", "rho": 0.993364155292511, "alpha": 0.9900423288345337, "lyapunov_last_256": -0.006247572936204505, "normalized_frobenius": 0.6654172539710999, "seconds": 0.1318460963666439}
{"stage": "jacobian", "checkpoint": "step4000", "completed": 48, "total": 100, "token": " unemployed", "rho": 0.9746472835540771, "alpha": 0.9586286544799805, "lyapunov_last_256": -0.025957819262566403, "normalized_frobenius": 0.6573610305786133, "seconds": 0.1331956461071968}
{"stage": "jacobian", "checkpoint": "step4000", "completed": 49, "total": 100, "token": " outgoing", "rho": 0.9934053421020508, "alpha": 0.9900635480880737, "lyapunov_last_256": -0.006220659904237895, "normalized_frobenius": 0.6654254198074341, "seconds": 0.1148948073387146}
{"stage": "jacobian", "checkpoint": "step4000", "completed": 50, "total": 100, "token": " floated", "rho": 0.9934234619140625, "alpha": 0.9900922179222107, "lyapunov_last_256": -0.007090814027078907, "normalized_frobenius": 0.6654479503631592, "seconds": 0.13595350459218025}
{"stage": "jacobian", "checkpoint": "step4000", "completed": 51, "total": 100, "token": " portable", "rho": 0.9933221340179443, "alpha": 0.9899998903274536, "lyapunov_last_256": -0.006496581264852269, "normalized_frobenius": 0.6653887033462524, "seconds": 0.12672728300094604}
{"stage": "jacobian", "checkpoint": "step4000", "completed": 52, "total": 100, "token": "olev", "rho": 0.9933217763900757, "alpha": 0.9899929761886597, "lyapunov_last_256": -0.00677877190435768, "normalized_frobenius": 0.6653825044631958, "seconds": 0.14102217555046082}
{"stage": "jacobian", "checkpoint": "step4000", "completed": 53, "total": 100, "token": " Bread", "rho": 0.9746473431587219, "alpha": 0.95862877368927, "lyapunov_last_256": -0.0254032644705673, "normalized_frobenius": 0.657360851764679, "seconds": 0.1488516516983509}
{"stage": "jacobian", "checkpoint": "step4000", "completed": 54, "total": 100, "token": " Alban", "rho": 0.974649965763092, "alpha": 0.9586310386657715, "lyapunov_last_256": -0.025398630088478973, "normalized_frobenius": 0.6573609113693237, "seconds": 0.16495733335614204}
{"stage": "jacobian", "checkpoint": "step4000", "completed": 55, "total": 100, "token": "gae", "rho": 0.9933075904846191, "alpha": 0.9899754524230957, "lyapunov_last_256": -0.0070625699628027545, "normalized_frobenius": 0.6653698682785034, "seconds": 0.12200930342078209}
{"stage": "jacobian", "checkpoint": "step4000", "completed": 56, "total": 100, "token": " thorough", "rho": 0.9933449029922485, "alpha": 0.9900102615356445, "lyapunov_last_256": -0.007089419566916728, "normalized_frobenius": 0.6653913855552673, "seconds": 0.13748999312520027}
{"stage": "jacobian", "checkpoint": "step4000", "completed": 57, "total": 100, "token": " integration", "rho": 0.9933887124061584, "alpha": 0.9900544881820679, "lyapunov_last_256": -0.006442114220455316, "normalized_frobenius": 0.6654204726219177, "seconds": 0.1198473684489727}
{"stage": "jacobian", "checkpoint": "step4000", "completed": 58, "total": 100, "token": " sits", "rho": 0.9746478796005249, "alpha": 0.9586291313171387, "lyapunov_last_256": -0.02597303630829445, "normalized_frobenius": 0.6573609709739685, "seconds": 0.13049998506903648}
{"stage": "jacobian", "checkpoint": "step4000", "completed": 59, "total": 100, "token": " nit", "rho": 0.9933530688285828, "alpha": 0.9900182485580444, "lyapunov_last_256": -0.006653103826710766, "normalized_frobenius": 0.6653972268104553, "seconds": 0.13218366354703903}
{"stage": "jacobian", "checkpoint": "step4000", "completed": 60, "total": 100, "token": " drifting", "rho": 0.9934087991714478, "alpha": 0.9900761246681213, "lyapunov_last_256": -0.006900530506154191, "normalized_frobenius": 0.6654377579689026, "seconds": 0.1284724920988083}
{"stage": "jacobian", "checkpoint": "step4000", "completed": 61, "total": 100, "token": " 1864", "rho": 0.9934022426605225, "alpha": 0.9900773763656616, "lyapunov_last_256": -0.006806461473384128, "normalized_frobenius": 0.6654385924339294, "seconds": 0.11851517483592033}
{"stage": "jacobian", "checkpoint": "step4000", "completed": 62, "total": 100, "token": "othe", "rho": 0.993395209312439, "alpha": 0.9900766611099243, "lyapunov_last_256": -0.006480007064761877, "normalized_frobenius": 0.6654420495033264, "seconds": 0.1078684963285923}
{"stage": "jacobian", "checkpoint": "step4000", "completed": 63, "total": 100, "token": " notion", "rho": 0.974647581577301, "alpha": 0.9586290121078491, "lyapunov_last_256": -0.025811742680808932, "normalized_frobenius": 0.657360851764679, "seconds": 0.12143406271934509}
{"stage": "jacobian", "checkpoint": "step4000", "completed": 64, "total": 100, "token": " publicity", "rho": 0.9746497869491577, "alpha": 0.9586310386657715, "lyapunov_last_256": -0.02592203002627922, "normalized_frobenius": 0.6573609113693237, "seconds": 0.1337999291718006}
{"stage": "jacobian", "checkpoint": "step4000", "completed": 65, "total": 100, "token": " disguised", "rho": 0.9746459126472473, "alpha": 0.9586272239685059, "lyapunov_last_256": -0.025367413475119876, "normalized_frobenius": 0.6573609709739685, "seconds": 0.13395392149686813}
{"stage": "jacobian", "checkpoint": "step4000", "completed": 66, "total": 100, "token": " routine", "rho": 0.9934401512145996, "alpha": 0.990115225315094, "lyapunov_last_256": -0.006977898553073588, "normalized_frobenius": 0.6654671430587769, "seconds": 0.12376134470105171}
{"stage": "jacobian", "checkpoint": "step4000", "completed": 67, "total": 100, "token": " Panama", "rho": 0.974648118019104, "alpha": 0.9586293697357178, "lyapunov_last_256": -0.025566305232171828, "normalized_frobenius": 0.6573609113693237, "seconds": 0.1386115662753582}
{"stage": "jacobian", "checkpoint": "step4000", "completed": 68, "total": 100, "token": " happening", "rho": 0.9934307932853699, "alpha": 0.990090012550354, "lyapunov_last_256": -0.006464481171747575, "normalized_frobenius": 0.6654447913169861, "seconds": 0.12952183187007904}
{"stage": "jacobian", "checkpoint": "step4000", "completed": 69, "total": 100, "token": "ending", "rho": 0.9932968020439148, "alpha": 0.9899697303771973, "lyapunov_last_256": -0.006966412211978896, "normalized_frobenius": 0.6653668880462646, "seconds": 0.13700537383556366}
{"stage": "jacobian", "checkpoint": "step4000", "completed": 70, "total": 100, "token": " paved", "rho": 0.974649965763092, "alpha": 0.9586312174797058, "lyapunov_last_256": -0.025377836381188783, "normalized_frobenius": 0.6573609113693237, "seconds": 0.13473384454846382}
{"stage": "jacobian", "checkpoint": "step4000", "completed": 71, "total": 100, "token": " bu", "rho": 0.9933109283447266, "alpha": 0.9899789094924927, "lyapunov_last_256": -0.006614007726482953, "normalized_frobenius": 0.6653724908828735, "seconds": 0.11300541833043098}
{"stage": "jacobian", "checkpoint": "step4000", "completed": 72, "total": 100, "token": " crucial", "rho": 0.9933673739433289, "alpha": 0.9900404214859009, "lyapunov_last_256": -0.007075782946868336, "normalized_frobenius": 0.6654130220413208, "seconds": 0.1256214864552021}
{"stage": "jacobian", "checkpoint": "step4000", "completed": 73, "total": 100, "token": "ographical", "rho": 0.9933544993400574, "alpha": 0.9900277853012085, "lyapunov_last_256": -0.006449365269676149, "normalized_frobenius": 0.6654049754142761, "seconds": 0.139032494276762}
{"stage": "jacobian", "checkpoint": "step4000", "completed": 74, "total": 100, "token": " Hunter", "rho": 0.993353545665741, "alpha": 0.9900249242782593, "lyapunov_last_256": -0.0067951434539457916, "normalized_frobenius": 0.6654026508331299, "seconds": 0.1412588283419609}
{"stage": "jacobian", "checkpoint": "step4000", "completed": 75, "total": 100, "token": " Thailand", "rho": 0.9934062361717224, "alpha": 0.9900718927383423, "lyapunov_last_256": -0.007060961841214042, "normalized_frobenius": 0.6654336452484131, "seconds": 0.12572575733065605}
{"stage": "jacobian", "checkpoint": "step4000", "completed": 76, "total": 100, "token": " options", "rho": 0.9746500849723816, "alpha": 0.9586313962936401, "lyapunov_last_256": -0.02574186138565964, "normalized_frobenius": 0.6573609709739685, "seconds": 0.13209375739097595}
{"stage": "jacobian", "checkpoint": "step4000", "completed": 77, "total": 100, "token": " thereby", "rho": 0.9934082627296448, "alpha": 0.9900884628295898, "lyapunov_last_256": -0.006622843670886643, "normalized_frobenius": 0.6654494404792786, "seconds": 0.13308162614703178}
{"stage": "jacobian", "checkpoint": "step4000", "completed": 78, "total": 100, "token": " Å", "rho": 0.9933735132217407, "alpha": 0.9900474548339844, "lyapunov_last_256": -0.006649613549258316, "normalized_frobenius": 0.6654185056686401, "seconds": 0.13339605182409286}
{"stage": "jacobian", "checkpoint": "step4000", "completed": 79, "total": 100, "token": " supports", "rho": 0.9933269023895264, "alpha": 0.9899992942810059, "lyapunov_last_256": -0.006574812527584744, "normalized_frobenius": 0.665388286113739, "seconds": 0.13727786019444466}
{"stage": "jacobian", "checkpoint": "step4000", "completed": 80, "total": 100, "token": " knows", "rho": 0.9933512806892395, "alpha": 0.9900236129760742, "lyapunov_last_256": -0.006785508513248794, "normalized_frobenius": 0.6654031872749329, "seconds": 0.11892573535442352}
{"stage": "jacobian", "checkpoint": "step4000", "completed": 81, "total": 100, "token": "rum", "rho": 0.9933750629425049, "alpha": 0.990038275718689, "lyapunov_last_256": -0.006227312076623361, "normalized_frobenius": 0.6654084324836731, "seconds": 0.1231202557682991}
{"stage": "jacobian", "checkpoint": "step4000", "completed": 82, "total": 100, "token": " Son", "rho": 0.993340790271759, "alpha": 0.9900119304656982, "lyapunov_last_256": -0.006261602830824285, "normalized_frobenius": 0.6653944253921509, "seconds": 0.12909457087516785}
{"stage": "jacobian", "checkpoint": "step4000", "completed": 83, "total": 100, "token": " impressed", "rho": 0.9933595061302185, "alpha": 0.9900299310684204, "lyapunov_last_256": -0.007063750346300468, "normalized_frobenius": 0.6654067635536194, "seconds": 0.135144405066967}
{"stage": "jacobian", "checkpoint": "step4000", "completed": 84, "total": 100, "token": " smooth", "rho": 0.9746475219726562, "alpha": 0.9586288928985596, "lyapunov_last_256": -0.025725455323936646, "normalized_frobenius": 0.6573609709739685, "seconds": 0.13699835166335106}
{"stage": "jacobian", "checkpoint": "step4000", "completed": 85, "total": 100, "token": "igo", "rho": 0.9933258295059204, "alpha": 0.9899901151657104, "lyapunov_last_256": -0.0068200143040550425, "normalized_frobenius": 0.6653786301612854, "seconds": 0.12916166335344315}
{"stage": "jacobian", "checkpoint": "step4000", "completed": 86, "total": 100, "token": " Coleman", "rho": 0.9746485948562622, "alpha": 0.9586299657821655, "lyapunov_last_256": -0.025509923869596277, "normalized_frobenius": 0.6573609113693237, "seconds": 0.1354110762476921}
{"stage": "jacobian", "checkpoint": "step4000", "completed": 87, "total": 100, "token": " arriving", "rho": 0.9933156371116638, "alpha": 0.9899866580963135, "lyapunov_last_256": -0.007027876745909242, "normalized_frobenius": 0.6653780341148376, "seconds": 0.14304154366254807}
{"stage": "jacobian", "checkpoint": "step4000", "completed": 88, "total": 100, "token": " Gab", "rho": 0.9933609962463379, "alpha": 0.9900246858596802, "lyapunov_last_256": -0.006278725391680583, "normalized_frobenius": 0.6654002666473389, "seconds": 0.13184359669685364}
{"stage": "jacobian", "checkpoint": "step4000", "completed": 89, "total": 100, "token": " speech", "rho": 0.9746504426002502, "alpha": 0.9586318135261536, "lyapunov_last_256": -0.025907040075042145, "normalized_frobenius": 0.6573609709739685, "seconds": 0.12661448866128922}
{"stage": "jacobian", "checkpoint": "step4000", "completed": 90, "total": 100, "token": " Ho", "rho": 0.9933348894119263, "alpha": 0.990000307559967, "lyapunov_last_256": -0.006653388722889051, "normalized_frobenius": 0.6653851270675659, "seconds": 0.12522729858756065}
{"stage": "jacobian", "checkpoint": "step4000", "completed": 91, "total": 100, "token": " involved", "rho": 0.9933395981788635, "alpha": 0.990010142326355, "lyapunov_last_256": -0.007032443631002972, "normalized_frobenius": 0.6653934717178345, "seconds": 0.13355334475636482}
{"stage": "jacobian", "checkpoint": "step4000", "completed": 92, "total": 100, "token": " entered", "rho": 0.993384599685669, "alpha": 0.990053653717041, "lyapunov_last_256": -0.006691180199932512, "normalized_frobenius": 0.6654229760169983, "seconds": 0.15208099782466888}
{"stage": "jacobian", "checkpoint": "step4000", "completed": 93, "total": 100, "token": " track", "rho": 0.9933116436004639, "alpha": 0.9899827241897583, "lyapunov_last_256": -0.006694654268155841, "normalized_frobenius": 0.6653760075569153, "seconds": 0.1268005035817623}
{"stage": "jacobian", "checkpoint": "step4000", "completed": 94, "total": 100, "token": " 1", "rho": 0.9933148622512817, "alpha": 0.9899856448173523, "lyapunov_last_256": -0.006834254626579291, "normalized_frobenius": 0.6653772592544556, "seconds": 0.12335370481014252}
{"stage": "jacobian", "checkpoint": "step4000", "completed": 95, "total": 100, "token": " use", "rho": 0.9933685660362244, "alpha": 0.990039587020874, "lyapunov_last_256": -0.006617456740053463, "normalized_frobenius": 0.6654115915298462, "seconds": 0.13809480890631676}
{"stage": "jacobian", "checkpoint": "step4000", "completed": 96, "total": 100, "token": " million", "rho": 0.993351399898529, "alpha": 0.9900292158126831, "lyapunov_last_256": -0.006253476896147711, "normalized_frobenius": 0.6654078364372253, "seconds": 0.12345694378018379}
{"stage": "jacobian", "checkpoint": "step4000", "completed": 97, "total": 100, "token": " Civil", "rho": 0.9933459758758545, "alpha": 0.9900122880935669, "lyapunov_last_256": -0.006526798472231846, "normalized_frobenius": 0.6653919219970703, "seconds": 0.12865231186151505}
{"stage": "jacobian", "checkpoint": "step4000", "completed": 98, "total": 100, "token": " bass", "rho": 0.993369996547699, "alpha": 0.9900415539741516, "lyapunov_last_256": -0.006268338750121825, "normalized_frobenius": 0.6654147505760193, "seconds": 0.15107571333646774}
{"stage": "jacobian", "checkpoint": "step4000", "completed": 99, "total": 100, "token": "ium", "rho": 0.9746480584144592, "alpha": 0.958629310131073, "lyapunov_last_256": -0.02573558603805183, "normalized_frobenius": 0.6573609113693237, "seconds": 0.12619698792696}
{"stage": "jacobian", "checkpoint": "step4000", "completed": 100, "total": 100, "token": " roles", "rho": 0.9934132099151611, "alpha": 0.9900845885276794, "lyapunov_last_256": -0.007083824768008187, "normalized_frobenius": 0.6654431223869324, "seconds": 0.13181478530168533}
{"stage": "dynamics_lyapunov", "dynamic_step": 256}
{"stage": "dynamics_lyapunov", "dynamic_step": 512}
{"stage": "dynamics_lyapunov", "dynamic_step": 768}
{"stage": "dynamics_lyapunov", "dynamic_step": 1024}
{"stage": "jacobian", "checkpoint": "step9000", "completed": 1, "total": 100, "token": "locations", "rho": 0.994485080242157, "alpha": 0.9673480987548828, "lyapunov_last_256": -0.005366364152246468, "normalized_frobenius": 0.6946725845336914, "seconds": 0.1394522599875927}
{"stage": "jacobian", "checkpoint": "step9000", "completed": 2, "total": 100, "token": " 449", "rho": 0.9945516586303711, "alpha": 0.967309832572937, "lyapunov_last_256": -0.005751069739304623, "normalized_frobenius": 0.6946812272071838, "seconds": 0.13040577620267868}
{"stage": "jacobian", "checkpoint": "step9000", "completed": 3, "total": 100, "token": "completion", "rho": 0.9945352077484131, "alpha": 0.9673543572425842, "lyapunov_last_256": -0.0054004240976753435, "normalized_frobenius": 0.6946963667869568, "seconds": 0.11333365365862846}
{"stage": "jacobian", "checkpoint": "step9000", "completed": 4, "total": 100, "token": "Py", "rho": 0.994369387626648, "alpha": 0.9673666954040527, "lyapunov_last_256": -0.005901859935155107, "normalized_frobenius": 0.6946372389793396, "seconds": 0.11556888371706009}
{"stage": "jacobian", "checkpoint": "step9000", "completed": 5, "total": 100, "token": " circumference", "rho": 0.9945282340049744, "alpha": 0.9674075245857239, "lyapunov_last_256": -0.005825181064684882, "normalized_frobenius": 0.6947197914123535, "seconds": 0.12420430034399033}
{"stage": "jacobian", "checkpoint": "step9000", "completed": 6, "total": 100, "token": " involuntary", "rho": 0.9943577647209167, "alpha": 0.9673162698745728, "lyapunov_last_256": -0.005524769156295275, "normalized_frobenius": 0.6946086287498474, "seconds": 0.11649853736162186}
{"stage": "jacobian", "checkpoint": "step9000", "completed": 7, "total": 100, "token": "立", "rho": 0.9945376515388489, "alpha": 0.9673067331314087, "lyapunov_last_256": -0.005738305072544944, "normalized_frobenius": 0.6946749091148376, "seconds": 0.11253875121474266}
{"stage": "jacobian", "checkpoint": "step9000", "completed": 8, "total": 100, "token": " CAD", "rho": 0.9944980144500732, "alpha": 0.9673486948013306, "lyapunov_last_256": -0.00543996455808233, "normalized_frobenius": 0.6946786046028137, "seconds": 0.1097724549472332}
{"stage": "jacobian", "checkpoint": "step9000", "completed": 9, "total": 100, "token": "alen", "rho": 0.9945313930511475, "alpha": 0.9674357175827026, "lyapunov_last_256": -0.005858341720318248, "normalized_frobenius": 0.6947342157363892, "seconds": 0.10500460118055344}
{"stage": "jacobian", "checkpoint": "step9000", "completed": 10, "total": 100, "token": " Nokia", "rho": 0.9943812489509583, "alpha": 0.9673285484313965, "lyapunov_last_256": -0.005326347395405967, "normalized_frobenius": 0.6946236491203308, "seconds": 0.11367964744567871}
{"stage": "jacobian", "checkpoint": "step9000", "completed": 11, "total": 100, "token": "sidered", "rho": 0.9943328499794006, "alpha": 0.9675641059875488, "lyapunov_last_256": -0.005332466363972038, "normalized_frobenius": 0.6947173476219177, "seconds": 0.11034408956766129}
{"stage": "jacobian", "checkpoint": "step9000", "completed": 12, "total": 100, "token": "second", "rho": 0.9942480325698853, "alpha": 0.9675507545471191, "lyapunov_last_256": -0.005905115953135992, "normalized_frobenius": 0.6946790814399719, "seconds": 0.11767889186739922}
{"stage": "jacobian", "checkpoint": "step9000", "completed": 13, "total": 100, "token": " diagrams", "rho": 0.9942315816879272, "alpha": 0.9674435257911682, "lyapunov_last_256": -0.005369565986773131, "normalized_frobenius": 0.6946189403533936, "seconds": 0.12315463647246361}
{"stage": "jacobian", "checkpoint": "step9000", "completed": 14, "total": 100, "token": " permeability", "rho": 0.9945793151855469, "alpha": 0.9673552513122559, "lyapunov_last_256": -0.005888324611180078, "normalized_frobenius": 0.6947124004364014, "seconds": 0.12542950734496117}
{"stage": "jacobian", "checkpoint": "step9000", "completed": 15, "total": 100, "token": " LE", "rho": 0.9944727420806885, "alpha": 0.9673455953598022, "lyapunov_last_256": -0.005600810644158451, "normalized_frobenius": 0.6946672797203064, "seconds": 0.12171778082847595}
{"stage": "jacobian", "checkpoint": "step9000", "completed": 16, "total": 100, "token": "urdy", "rho": 0.9945184588432312, "alpha": 0.9675352573394775, "lyapunov_last_256": -0.005574217200271023, "normalized_frobenius": 0.6947762370109558, "seconds": 0.11217571794986725}
{"stage": "jacobian", "checkpoint": "step9000", "completed": 17, "total": 100, "token": " 510", "rho": 0.994286298751831, "alpha": 0.9675920605659485, "lyapunov_last_256": -0.005314563521023862, "normalized_frobenius": 0.6947135329246521, "seconds": 0.118241086602211}
{"stage": "jacobian", "checkpoint": "step9000", "completed": 18, "total": 100, "token": "ochem", "rho": 0.99439936876297, "alpha": 0.9675232172012329, "lyapunov_last_256": -0.005322213022313334, "normalized_frobenius": 0.6947230696678162, "seconds": 0.12734198197722435}
{"stage": "jacobian", "checkpoint": "step9000", "completed": 19, "total": 100, "token": " phyt", "rho": 0.9944730401039124, "alpha": 0.9673502445220947, "lyapunov_last_256": -0.005531691893329483, "normalized_frobenius": 0.6946697235107422, "seconds": 0.122695442289114}
{"stage": "jacobian", "checkpoint": "step9000", "completed": 20, "total": 100, "token": " filings", "rho": 0.9943515658378601, "alpha": 0.9674689769744873, "lyapunov_last_256": -0.005531257565426695, "normalized_frobenius": 0.6946777105331421, "seconds": 0.12216587737202644}
{"stage": "jacobian", "checkpoint": "step9000", "completed": 21, "total": 100, "token": " helical", "rho": 0.9942271709442139, "alpha": 0.9674996733665466, "lyapunov_last_256": -0.0053401886630354565, "normalized_frobenius": 0.694642961025238, "seconds": 0.12000849470496178}
{"stage": "jacobian", "checkpoint": "step9000", "completed": 22, "total": 100, "token": " interplay", "rho": 0.9944080710411072, "alpha": 0.9674996137619019, "lyapunov_last_256": -0.005914780680008853, "normalized_frobenius": 0.6947166323661804, "seconds": 0.1129588782787323}
{"stage": "jacobian", "checkpoint": "step9000", "completed": 23, "total": 100, "token": "cies", "rho": 0.9945598840713501, "alpha": 0.9675470590591431, "lyapunov_last_256": -0.00569745910490703, "normalized_frobenius": 0.6947985887527466, "seconds": 0.12426669150590897}
{"stage": "jacobian", "checkpoint": "step9000", "completed": 24, "total": 100, "token": " harmonic", "rho": 0.9943196773529053, "alpha": 0.9674386382102966, "lyapunov_last_256": -0.005923697848351675, "normalized_frobenius": 0.694653332233429, "seconds": 0.12185303494334221}
{"stage": "jacobian", "checkpoint": "step9000", "completed": 25, "total": 100, "token": " inactivated", "rho": 0.9944692850112915, "alpha": 0.967409610748291, "lyapunov_last_256": -0.00580559806631168, "normalized_frobenius": 0.6946969032287598, "seconds": 0.11635302379727364}
{"stage": "jacobian", "checkpoint": "step9000", "completed": 26, "total": 100, "token": " Maintenance", "rho": 0.9942300915718079, "alpha": 0.9674551486968994, "lyapunov_last_256": -0.005927754182342747, "normalized_frobenius": 0.6946241855621338, "seconds": 0.12029626220464706}
{"stage": "jacobian", "checkpoint": "step9000", "completed": 27, "total": 100, "token": " pend", "rho": 0.9942898750305176, "alpha": 0.9674213528633118, "lyapunov_last_256": -0.005435535301620755, "normalized_frobenius": 0.6946300268173218, "seconds": 0.11730432510375977}
{"stage": "jacobian", "checkpoint": "step9000", "completed": 28, "total": 100, "token": " Pretty", "rho": 0.9945143461227417, "alpha": 0.9673490524291992, "lyapunov_last_256": -0.0058143155107934046, "normalized_frobenius": 0.6946840286254883, "seconds": 0.11733904853463173}
{"stage": "jacobian", "checkpoint": "step9000", "completed": 29, "total": 100, "token": " 580", "rho": 0.99424147605896, "alpha": 0.9675641059875488, "lyapunov_last_256": -0.005881964765910635, "normalized_frobenius": 0.6946800351142883, "seconds": 0.12522312626242638}
{"stage": "jacobian", "checkpoint": "step9000", "completed": 30, "total": 100, "token": "CH", "rho": 0.9942188858985901, "alpha": 0.9675949811935425, "lyapunov_last_256": -0.005831664303732594, "normalized_frobenius": 0.6946880221366882, "seconds": 0.12069537490606308}
{"stage": "jacobian", "checkpoint": "step9000", "completed": 31, "total": 100, "token": "PI", "rho": 0.9945913553237915, "alpha": 0.9674107432365417, "lyapunov_last_256": -0.005472161905353943, "normalized_frobenius": 0.6947441697120667, "seconds": 0.10927997529506683}
{"stage": "jacobian", "checkpoint": "step9000", "completed": 32, "total": 100, "token": " shaping", "rho": 0.9943951964378357, "alpha": 0.9675283432006836, "lyapunov_last_256": -0.005334830711538917, "normalized_frobenius": 0.6947248578071594, "seconds": 0.1093055009841919}
{"stage": "jacobian", "checkpoint": "step9000", "completed": 33, "total": 100, "token": " exams", "rho": 0.994396448135376, "alpha": 0.9673570990562439, "lyapunov_last_256": -0.005746471221453444, "normalized_frobenius": 0.6946431994438171, "seconds": 0.12016627192497253}
{"stage": "jacobian", "checkpoint": "step9000", "completed": 34, "total": 100, "token": "ilipp", "rho": 0.9943460822105408, "alpha": 0.9675246477127075, "lyapunov_last_256": -0.005365917082249697, "normalized_frobenius": 0.6947041153907776, "seconds": 0.10967306420207024}
{"stage": "jacobian", "checkpoint": "step9000", "completed": 35, "total": 100, "token": "essential", "rho": 0.9945170879364014, "alpha": 0.96750807762146, "lyapunov_last_256": -0.005524975541524599, "normalized_frobenius": 0.6947620511054993, "seconds": 0.11454368010163307}
{"stage": "jacobian", "checkpoint": "step9000", "completed": 36, "total": 100, "token": " Manufact", "rho": 0.9942546486854553, "alpha": 0.9674069881439209, "lyapunov_last_256": -0.005869582005853487, "normalized_frobenius": 0.6946088671684265, "seconds": 0.10833614319562912}
{"stage": "jacobian", "checkpoint": "step9000", "completed": 37, "total": 100, "token": "christ", "rho": 0.9945830702781677, "alpha": 0.9673280715942383, "lyapunov_last_256": -0.00592173367461722, "normalized_frobenius": 0.6947021484375, "seconds": 0.12091352045536041}
{"stage": "jacobian", "checkpoint": "step9000", "completed": 38, "total": 100, "token": "omed", "rho": 0.9942592978477478, "alpha": 0.9674633741378784, "lyapunov_last_256": -0.005448604519196523, "normalized_frobenius": 0.6946391463279724, "seconds": 0.12781421840190887}
{"stage": "jacobian", "checkpoint": "step9000", "completed": 39, "total": 100, "token": "umu", "rho": 0.9944835305213928, "alpha": 0.9673407077789307, "lyapunov_last_256": -0.005882472406506065, "normalized_frobenius": 0.6946690082550049, "seconds": 0.10687605664134026}
{"stage": "jacobian", "checkpoint": "step9000", "completed": 40, "total": 100, "token": " tonight", "rho": 0.9943022727966309, "alpha": 0.9673997163772583, "lyapunov_last_256": -0.005454747852787493, "normalized_frobenius": 0.6946260333061218, "seconds": 0.12633966654539108}
{"stage": "jacobian", "checkpoint": "step9000", "completed": 41, "total": 100, "token": " geared", "rho": 0.9942975640296936, "alpha": 0.9675281047821045, "lyapunov_last_256": -0.005900402263676236, "normalized_frobenius": 0.6946858167648315, "seconds": 0.11975924298167229}
{"stage": "jacobian", "checkpoint": "step9000", "completed": 42, "total": 100, "token": " trump", "rho": 0.9944212436676025, "alpha": 0.9675253033638, "lyapunov_last_256": -0.005394069387651778, "normalized_frobenius": 0.6947330236434937, "seconds": 0.1189044788479805}
{"stage": "jacobian", "checkpoint": "step9000", "completed": 43, "total": 100, "token": "leman", "rho": 0.9945741891860962, "alpha": 0.9673483371734619, "lyapunov_last_256": -0.005787365885406554, "normalized_frobenius": 0.6947088241577148, "seconds": 0.12809128686785698}
{"stage": "jacobian", "checkpoint": "step9000", "completed": 44, "total": 100, "token": " assortment", "rho": 0.9943665862083435, "alpha": 0.9674698114395142, "lyapunov_last_256": -0.005331729141615037, "normalized_frobenius": 0.6946855187416077, "seconds": 0.13187480717897415}
{"stage": "jacobian", "checkpoint": "step9000", "completed": 45, "total": 100, "token": " Sew", "rho": 0.9943675994873047, "alpha": 0.9673982858657837, "lyapunov_last_256": -0.005630246114609856, "normalized_frobenius": 0.6946509480476379, "seconds": 0.14307740330696106}
{"stage": "jacobian", "checkpoint": "step9000", "completed": 46, "total": 100, "token": " arresting", "rho": 0.9945105910301208, "alpha": 0.9672799110412598, "lyapunov_last_256": -0.005441178970329192, "normalized_frobenius": 0.6946513652801514, "seconds": 0.17236024886369705}
{"stage": "jacobian", "checkpoint": "step9000", "completed": 47, "total": 100, "token": " assertion", "rho": 0.9942694902420044, "alpha": 0.9674590826034546, "lyapunov_last_256": -0.005350486874438776, "normalized_frobenius": 0.6946428418159485, "seconds": 0.17442284524440765}
{"stage": "jacobian", "checkpoint": "step9000", "completed": 48, "total": 100, "token": " unemployed", "rho": 0.994523286819458, "alpha": 0.9675713181495667, "lyapunov_last_256": -0.00551584643708884, "normalized_frobenius": 0.6947943568229675, "seconds": 0.1514861062169075}
{"stage": "jacobian", "checkpoint": "step9000", "completed": 49, "total": 100, "token": " outgoing", "rho": 0.9944339394569397, "alpha": 0.9673552513122559, "lyapunov_last_256": -0.005917735472410999, "normalized_frobenius": 0.6946552991867065, "seconds": 0.12451491877436638}
{"stage": "jacobian", "checkpoint": "step9000", "completed": 50, "total": 100, "token": " floated", "rho": 0.9944220185279846, "alpha": 0.9674116373062134, "lyapunov_last_256": -0.005411891585673307, "normalized_frobenius": 0.694679319858551, "seconds": 0.13306159526109695}
{"stage": "jacobian", "checkpoint": "step9000", "completed": 51, "total": 100, "token": " portable", "rho": 0.9942648410797119, "alpha": 0.9675186276435852, "lyapunov_last_256": -0.005548814227215027, "normalized_frobenius": 0.6946684122085571, "seconds": 0.1409582458436489}
{"stage": "jacobian", "checkpoint": "step9000", "completed": 52, "total": 100, "token": "olev", "rho": 0.9941598176956177, "alpha": 0.9675694704055786, "lyapunov_last_256": -0.005583736070994384, "normalized_frobenius": 0.6946533918380737, "seconds": 0.13208746537566185}
{"stage": "jacobian", "checkpoint": "step9000", "completed": 53, "total": 100, "token": " Bread", "rho": 0.9943270683288574, "alpha": 0.9673343896865845, "lyapunov_last_256": -0.005506057120204483, "normalized_frobenius": 0.6946050524711609, "seconds": 0.11363105475902557}
{"stage": "jacobian", "checkpoint": "step9000", "completed": 54, "total": 100, "token": " Alban", "rho": 0.9942653775215149, "alpha": 0.9675832986831665, "lyapunov_last_256": -0.0058305452969077565, "normalized_frobenius": 0.6947003602981567, "seconds": 0.1350288987159729}
{"stage": "jacobian", "checkpoint": "step9000", "completed": 55, "total": 100, "token": "gae", "rho": 0.9944925308227539, "alpha": 0.9674487113952637, "lyapunov_last_256": -0.0059093621799256955, "normalized_frobenius": 0.6947251558303833, "seconds": 0.14668339863419533}
{"stage": "jacobian", "checkpoint": "step9000", "completed": 56, "total": 100, "token": " thorough", "rho": 0.9945068359375, "alpha": 0.9672859907150269, "lyapunov_last_256": -0.00532666074957617, "normalized_frobenius": 0.6946514248847961, "seconds": 0.13307711109519005}
{"stage": "jacobian", "checkpoint": "step9000", "completed": 57, "total": 100, "token": " integration", "rho": 0.9942667484283447, "alpha": 0.9673884510993958, "lyapunov_last_256": -0.005914468892441843, "normalized_frobenius": 0.694607675075531, "seconds": 0.1333242580294609}
{"stage": "jacobian", "checkpoint": "step9000", "completed": 58, "total": 100, "token": " sits", "rho": 0.9942933917045593, "alpha": 0.9674302339553833, "lyapunov_last_256": -0.005402770239462001, "normalized_frobenius": 0.6946375966072083, "seconds": 0.12812064588069916}
{"stage": "jacobian", "checkpoint": "step9000", "completed": 59, "total": 100, "token": " nit", "rho": 0.9945300221443176, "alpha": 0.9673882722854614, "lyapunov_last_256": -0.005481156702717532, "normalized_frobenius": 0.694709300994873, "seconds": 0.14410678297281265}
{"stage": "jacobian", "checkpoint": "step9000", "completed": 60, "total": 100, "token": " drifting", "rho": 0.9944882988929749, "alpha": 0.9673111438751221, "lyapunov_last_256": -0.005334714947833213, "normalized_frobenius": 0.694656252861023, "seconds": 0.13037554547190666}
{"stage": "jacobian", "checkpoint": "step9000", "completed": 61, "total": 100, "token": " 1864", "rho": 0.9942165613174438, "alpha": 0.9675933122634888, "lyapunov_last_256": -0.005923488157322893, "normalized_frobenius": 0.6946865916252136, "seconds": 0.11418915167450905}
{"stage": "jacobian", "checkpoint": "step9000", "completed": 62, "total": 100, "token": "othe", "rho": 0.99452143907547, "alpha": 0.9673272967338562, "lyapunov_last_256": -0.005880021080276894, "normalized_frobenius": 0.6946776509284973, "seconds": 0.11250024288892746}
{"stage": "jacobian", "checkpoint": "step9000", "completed": 63, "total": 100, "token": " notion", "rho": 0.9943428635597229, "alpha": 0.9673024415969849, "lyapunov_last_256": -0.005768167527691049, "normalized_frobenius": 0.6945951581001282, "seconds": 0.13384413346648216}
{"stage": "jacobian", "checkpoint": "step9000", "completed": 64, "total": 100, "token": " publicity", "rho": 0.9943687915802002, "alpha": 0.9675270318984985, "lyapunov_last_256": -0.005913777236130794, "normalized_frobenius": 0.6947142481803894, "seconds": 0.136882446706295}
{"stage": "jacobian", "checkpoint": "step9000", "completed": 65, "total": 100, "token": " disguised", "rho": 0.9943311214447021, "alpha": 0.9673409461975098, "lyapunov_last_256": -0.005847303216664308, "normalized_frobenius": 0.6946091055870056, "seconds": 0.1349859982728958}
{"stage": "jacobian", "checkpoint": "step9000", "completed": 66, "total": 100, "token": " routine", "rho": 0.9945144057273865, "alpha": 0.9672793745994568, "lyapunov_last_256": -0.005931235875648164, "normalized_frobenius": 0.6946513652801514, "seconds": 0.13865473866462708}
{"stage": "jacobian", "checkpoint": "step9000", "completed": 67, "total": 100, "token": " Panama", "rho": 0.9943679571151733, "alpha": 0.9675718545913696, "lyapunov_last_256": -0.005783914328992253, "normalized_frobenius": 0.6947360038757324, "seconds": 0.1541888527572155}
{"stage": "jacobian", "checkpoint": "step9000", "completed": 68, "total": 100, "token": " happening", "rho": 0.9942994713783264, "alpha": 0.967598557472229, "lyapunov_last_256": -0.005726677039476742, "normalized_frobenius": 0.6947217583656311, "seconds": 0.1420944146811962}
{"stage": "jacobian", "checkpoint": "step9000", "completed": 69, "total": 100, "token": "ending", "rho": 0.9945199489593506, "alpha": 0.9674652814865112, "lyapunov_last_256": -0.005312597416896802, "normalized_frobenius": 0.6947433352470398, "seconds": 0.14107104763388634}
{"stage": "jacobian", "checkpoint": "step9000", "completed": 70, "total": 100, "token": " paved", "rho": 0.9943627119064331, "alpha": 0.9673404097557068, "lyapunov_last_256": -0.005368789729203123, "normalized_frobenius": 0.6946210861206055, "seconds": 0.10811138525605202}
{"stage": "jacobian", "checkpoint": "step9000", "completed": 71, "total": 100, "token": " bu", "rho": 0.9946004152297974, "alpha": 0.9673104286193848, "lyapunov_last_256": -0.005361733121257809, "normalized_frobenius": 0.6946998834609985, "seconds": 0.11195690557360649}
{"stage": "jacobian", "checkpoint": "step9000", "completed": 72, "total": 100, "token": " crucial", "rho": 0.9943870902061462, "alpha": 0.9673970937728882, "lyapunov_last_256": -0.005323034511297992, "normalized_frobenius": 0.6946573853492737, "seconds": 0.122795220464468}
{"stage": "jacobian", "checkpoint": "step9000", "completed": 73, "total": 100, "token": "ographical", "rho": 0.9945513010025024, "alpha": 0.9673746228218079, "lyapunov_last_256": -0.005825511744558892, "normalized_frobenius": 0.6947115659713745, "seconds": 0.1306823045015335}
{"stage": "jacobian", "checkpoint": "step9000", "completed": 74, "total": 100, "token": " Hunter", "rho": 0.9944211840629578, "alpha": 0.9673300385475159, "lyapunov_last_256": -0.0058154248322794715, "normalized_frobenius": 0.6946383118629456, "seconds": 0.11302695423364639}
{"stage": "jacobian", "checkpoint": "step9000", "completed": 75, "total": 100, "token": " Thailand", "rho": 0.994377076625824, "alpha": 0.9675226211547852, "lyapunov_last_256": -0.005750387956523377, "normalized_frobenius": 0.6947146654129028, "seconds": 0.12809986993670464}
{"stage": "jacobian", "checkpoint": "step9000", "completed": 76, "total": 100, "token": " options", "rho": 0.9943077564239502, "alpha": 0.9673748016357422, "lyapunov_last_256": -0.005407837046948017, "normalized_frobenius": 0.6946172118186951, "seconds": 0.1292453408241272}
{"stage": "jacobian", "checkpoint": "step9000", "completed": 77, "total": 100, "token": " thereby", "rho": 0.9942207932472229, "alpha": 0.9673877954483032, "lyapunov_last_256": -0.0058934475732765924, "normalized_frobenius": 0.6945884227752686, "seconds": 0.1250399462878704}
{"stage": "jacobian", "checkpoint": "step9000", "completed": 78, "total": 100, "token": " Å", "rho": 0.9944388270378113, "alpha": 0.9673908352851868, "lyapunov_last_256": -0.005315450054068422, "normalized_frobenius": 0.6946747303009033, "seconds": 0.1348077468574047}
{"stage": "jacobian", "checkpoint": "step9000", "completed": 79, "total": 100, "token": " supports", "rho": 0.9942823052406311, "alpha": 0.9673984050750732, "lyapunov_last_256": -0.005330160284863334, "normalized_frobenius": 0.694617748260498, "seconds": 0.10976504907011986}
{"stage": "jacobian", "checkpoint": "step9000", "completed": 80, "total": 100, "token": " knows", "rho": 0.9946155548095703, "alpha": 0.967453122138977, "lyapunov_last_256": -0.005759431553020177, "normalized_frobenius": 0.6947735548019409, "seconds": 0.12122832238674164}
{"stage": "jacobian", "checkpoint": "step9000", "completed": 81, "total": 100, "token": "rum", "rho": 0.9942944049835205, "alpha": 0.9674581289291382, "lyapunov_last_256": -0.0057785508833907056, "normalized_frobenius": 0.6946524977684021, "seconds": 0.12361427769064903}
{"stage": "jacobian", "checkpoint": "step9000", "completed": 82, "total": 100, "token": " Son", "rho": 0.9944076538085938, "alpha": 0.9673690795898438, "lyapunov_last_256": -0.0053262890640241745, "normalized_frobenius": 0.6946517825126648, "seconds": 0.12476596608757973}
{"stage": "jacobian", "checkpoint": "step9000", "completed": 83, "total": 100, "token": " impressed", "rho": 0.9942900538444519, "alpha": 0.9675723314285278, "lyapunov_last_256": -0.005918476343603234, "normalized_frobenius": 0.6947045922279358, "seconds": 0.11857285350561142}
{"stage": "jacobian", "checkpoint": "step9000", "completed": 84, "total": 100, "token": " smooth", "rho": 0.9944391250610352, "alpha": 0.9674816727638245, "lyapunov_last_256": -0.005320362357791412, "normalized_frobenius": 0.6947190165519714, "seconds": 0.14355243742465973}
{"stage": "jacobian", "checkpoint": "step9000", "completed": 85, "total": 100, "token": "igo", "rho": 0.9945836663246155, "alpha": 0.9673607349395752, "lyapunov_last_256": -0.005870343468382183, "normalized_frobenius": 0.6947173476219177, "seconds": 0.11636515334248543}
{"stage": "jacobian", "checkpoint": "step9000", "completed": 86, "total": 100, "token": " Coleman", "rho": 0.9943503737449646, "alpha": 0.9673447012901306, "lyapunov_last_256": -0.0058065087058701585, "normalized_frobenius": 0.6946178674697876, "seconds": 0.12128234282135963}
{"stage": "jacobian", "checkpoint": "step9000", "completed": 87, "total": 100, "token": " arriving", "rho": 0.9944528341293335, "alpha": 0.9673327207565308, "lyapunov_last_256": -0.005351541088442561, "normalized_frobenius": 0.69465172290802, "seconds": 0.12935955449938774}
{"stage": "jacobian", "checkpoint": "step9000", "completed": 88, "total": 100, "token": " Gab", "rho": 0.9944698214530945, "alpha": 0.9673631191253662, "lyapunov_last_256": -0.005928487009136103, "normalized_frobenius": 0.6946746110916138, "seconds": 0.1174633614718914}
{"stage": "jacobian", "checkpoint": "step9000", "completed": 89, "total": 100, "token": " speech", "rho": 0.9945528507232666, "alpha": 0.9673293828964233, "lyapunov_last_256": -0.00544291121817793, "normalized_frobenius": 0.6946901679039001, "seconds": 0.1206379123032093}
{"stage": "jacobian", "checkpoint": "step9000", "completed": 90, "total": 100, "token": " Ho", "rho": 0.9944359660148621, "alpha": 0.967387318611145, "lyapunov_last_256": -0.005909621515534612, "normalized_frobenius": 0.694672703742981, "seconds": 0.1435743123292923}
{"stage": "jacobian", "checkpoint": "step9000", "completed": 91, "total": 100, "token": " involved", "rho": 0.9942576289176941, "alpha": 0.967528223991394, "lyapunov_last_256": -0.005921629287677179, "normalized_frobenius": 0.6946695446968079, "seconds": 0.13238757103681564}
{"stage": "jacobian", "checkpoint": "step9000", "completed": 92, "total": 100, "token": " entered", "rho": 0.9943220019340515, "alpha": 0.9675677418708801, "lyapunov_last_256": -0.005583531308890186, "normalized_frobenius": 0.6947149038314819, "seconds": 0.12595012038946152}
{"stage": "jacobian", "checkpoint": "step9000", "completed": 93, "total": 100, "token": " track", "rho": 0.9942489266395569, "alpha": 0.9674501419067383, "lyapunov_last_256": -0.0056346314830499206, "normalized_frobenius": 0.6946287751197815, "seconds": 0.13108283653855324}
{"stage": "jacobian", "checkpoint": "step9000", "completed": 94, "total": 100, "token": " 1", "rho": 0.9944581389427185, "alpha": 0.967352032661438, "lyapunov_last_256": -0.005923106424408989, "normalized_frobenius": 0.6946632266044617, "seconds": 0.1308382712304592}
{"stage": "jacobian", "checkpoint": "step9000", "completed": 95, "total": 100, "token": " use", "rho": 0.9945186972618103, "alpha": 0.9675042629241943, "lyapunov_last_256": -0.005731584306316758, "normalized_frobenius": 0.6947625279426575, "seconds": 0.12853394448757172}
{"stage": "jacobian", "checkpoint": "step9000", "completed": 96, "total": 100, "token": " million", "rho": 0.9942751526832581, "alpha": 0.9675806760787964, "lyapunov_last_256": -0.005359191568037026, "normalized_frobenius": 0.6947021484375, "seconds": 0.11274084448814392}
{"stage": "jacobian", "checkpoint": "step9000", "completed": 97, "total": 100, "token": " Civil", "rho": 0.9942345023155212, "alpha": 0.9674313068389893, "lyapunov_last_256": -0.005356355218166102, "normalized_frobenius": 0.6946150064468384, "seconds": 0.11593334376811981}
{"stage": "jacobian", "checkpoint": "step9000", "completed": 98, "total": 100, "token": " bass", "rho": 0.9944531321525574, "alpha": 0.9675571918487549, "lyapunov_last_256": -0.00544404271585909, "normalized_frobenius": 0.6947608590126038, "seconds": 0.13587863370776176}
{"stage": "jacobian", "checkpoint": "step9000", "completed": 99, "total": 100, "token": "ium", "rho": 0.9944473505020142, "alpha": 0.967397153377533, "lyapunov_last_256": -0.005731270980302192, "normalized_frobenius": 0.69468092918396, "seconds": 0.13188450783491135}
{"stage": "jacobian", "checkpoint": "step9000", "completed": 100, "total": 100, "token": " roles", "rho": 0.9943205118179321, "alpha": 0.9675369262695312, "lyapunov_last_256": -0.005445642399725063, "normalized_frobenius": 0.6946991682052612, "seconds": 0.14791260659694672}
{"stage": "dynamics_lyapunov", "dynamic_step": 256}
{"stage": "dynamics_lyapunov", "dynamic_step": 512}
{"stage": "dynamics_lyapunov", "dynamic_step": 768}
{"stage": "dynamics_lyapunov", "dynamic_step": 1024}
{"stage": "jacobian", "checkpoint": "step25000", "completed": 1, "total": 100, "token": "locations", "rho": 1.0013031959533691, "alpha": 1.0005784034729004, "lyapunov_last_256": -0.004418390057442505, "normalized_frobenius": 0.6784447431564331, "seconds": 0.14764423668384552}
{"stage": "jacobian", "checkpoint": "step25000", "completed": 2, "total": 100, "token": " 449", "rho": 1.0501008033752441, "alpha": 1.0501008033752441, "lyapunov_last_256": 0.027899367236442877, "normalized_frobenius": 0.6883012056350708, "seconds": 0.1917307935655117}
{"stage": "jacobian", "checkpoint": "step25000", "completed": 3, "total": 100, "token": "completion", "rho": 1.0546679496765137, "alpha": 1.050302267074585, "lyapunov_last_256": 0.028703886653085438, "normalized_frobenius": 0.7153210043907166, "seconds": 0.1479680873453617}
{"stage": "jacobian", "checkpoint": "step25000", "completed": 4, "total": 100, "token": "Py", "rho": 1.0262707471847534, "alpha": 1.023432731628418, "lyapunov_last_256": 0.026416522678724963, "normalized_frobenius": 0.7072539329528809, "seconds": 0.12546798959374428}
{"stage": "jacobian", "checkpoint": "step25000", "completed": 5, "total": 100, "token": " circumference", "rho": 1.0140612125396729, "alpha": 1.0140612125396729, "lyapunov_last_256": 0.004812845578242139, "normalized_frobenius": 0.6817777156829834, "seconds": 0.11375515162944794}
{"stage": "jacobian", "checkpoint": "step25000", "completed": 6, "total": 100, "token": " involuntary", "rho": 0.9967432618141174, "alpha": 0.9963890314102173, "lyapunov_last_256": 0.011277392180908624, "normalized_frobenius": 0.6670417785644531, "seconds": 0.12667754292488098}
{"stage": "jacobian", "checkpoint": "step25000", "completed": 7, "total": 100, "token": "立", "rho": 0.9940791130065918, "alpha": 0.9940791130065918, "lyapunov_last_256": -0.0009236975960533553, "normalized_frobenius": 0.6595683693885803, "seconds": 0.1268933229148388}
{"stage": "jacobian", "checkpoint": "step25000", "completed": 8, "total": 100, "token": " CAD", "rho": 1.0240541696548462, "alpha": 1.0225027799606323, "lyapunov_last_256": 0.013925540547001722, "normalized_frobenius": 0.696526825428009, "seconds": 0.12392086908221245}
{"stage": "jacobian", "checkpoint": "step25000", "completed": 9, "total": 100, "token": "alen", "rho": 1.0896481275558472, "alpha": 1.0896481275558472, "lyapunov_last_256": 0.01726736933426238, "normalized_frobenius": 0.7243269681930542, "seconds": 0.11440692842006683}
{"stage": "jacobian", "checkpoint": "step25000", "completed": 10, "total": 100, "token": " Nokia", "rho": 1.001143455505371, "alpha": 1.001143455505371, "lyapunov_last_256": 0.00935790142484142, "normalized_frobenius": 0.6623147130012512, "seconds": 0.12167635187506676}
{"stage": "jacobian", "checkpoint": "step25000", "completed": 11, "total": 100, "token": "sidered", "rho": 0.9874109029769897, "alpha": 0.9860389232635498, "lyapunov_last_256": 0.028789971567666897, "normalized_frobenius": 0.6751148104667664, "seconds": 0.13333703577518463}
{"stage": "jacobian", "checkpoint": "step25000", "completed": 12, "total": 100, "token": "second", "rho": 1.022339940071106, "alpha": 1.0169708728790283, "lyapunov_last_256": -0.0006969900010516483, "normalized_frobenius": 0.6934674382209778, "seconds": 0.15398938953876495}
{"stage": "jacobian", "checkpoint": "step25000", "completed": 13, "total": 100, "token": " diagrams", "rho": 1.029327630996704, "alpha": 1.0265827178955078, "lyapunov_last_256": 0.009497114856025592, "normalized_frobenius": 0.6700730323791504, "seconds": 0.12939364463090897}
{"stage": "jacobian", "checkpoint": "step25000", "completed": 14, "total": 100, "token": " permeability", "rho": 0.9950494170188904, "alpha": 0.9944162368774414, "lyapunov_last_256": 0.01006777185737712, "normalized_frobenius": 0.6600693464279175, "seconds": 0.12291833385825157}
{"stage": "jacobian", "checkpoint": "step25000", "completed": 15, "total": 100, "token": " LE", "rho": 1.058428406715393, "alpha": 1.058428406715393, "lyapunov_last_256": 0.014031049132476882, "normalized_frobenius": 0.6944383382797241, "seconds": 0.13382823765277863}
{"stage": "jacobian", "checkpoint": "step25000", "completed": 16, "total": 100, "token": "urdy", "rho": 0.9937295317649841, "alpha": 0.9913607835769653, "lyapunov_last_256": -0.0030437366215553766, "normalized_frobenius": 0.6756044030189514, "seconds": 0.13331611454486847}
{"stage": "jacobian", "checkpoint": "step25000", "completed": 17, "total": 100, "token": " 510", "rho": 1.0037671327590942, "alpha": 1.0005180835723877, "lyapunov_last_256": 0.012442788681481269, "normalized_frobenius": 0.6785879135131836, "seconds": 0.12734463438391685}
{"stage": "jacobian", "checkpoint": "step25000", "completed": 18, "total": 100, "token": "ochem", "rho": 1.0918667316436768, "alpha": 1.0918667316436768, "lyapunov_last_256": 0.006879250558969475, "normalized_frobenius": 0.7479285001754761, "seconds": 0.12077652290463448}
{"stage": "jacobian", "checkpoint": "step25000", "completed": 19, "total": 100, "token": " phyt", "rho": 1.0792757272720337, "alpha": 1.0567419528961182, "lyapunov_last_256": 0.03662070061202295, "normalized_frobenius": 0.7251625061035156, "seconds": 0.11357848718762398}
{"stage": "jacobian", "checkpoint": "step25000", "completed": 20, "total": 100, "token": " filings", "rho": 1.0130302906036377, "alpha": 1.009970784187317, "lyapunov_last_256": 0.0036815412157477846, "normalized_frobenius": 0.6793503165245056, "seconds": 0.11988271400332451}
{"stage": "jacobian", "checkpoint": "step25000", "completed": 21, "total": 100, "token": " helical", "rho": 0.9996081590652466, "alpha": 0.9996081590652466, "lyapunov_last_256": -0.008984327374965684, "normalized_frobenius": 0.6563667058944702, "seconds": 0.15793514251708984}
{"stage": "jacobian", "checkpoint": "step25000", "completed": 22, "total": 100, "token": " interplay", "rho": 0.9781212210655212, "alpha": 0.9778906106948853, "lyapunov_last_256": 0.009953274010367339, "normalized_frobenius": 0.6725221872329712, "seconds": 0.2490159198641777}
{"stage": "jacobian", "checkpoint": "step25000", "completed": 23, "total": 100, "token": "cies", "rho": 1.022659182548523, "alpha": 1.0177677869796753, "lyapunov_last_256": 0.02112812119527985, "normalized_frobenius": 0.7020396590232849, "seconds": 0.15724017843604088}
{"stage": "jacobian", "checkpoint": "step25000", "completed": 24, "total": 100, "token": " harmonic", "rho": 1.0202419757843018, "alpha": 1.0202419757843018, "lyapunov_last_256": 0.0061674068225850524, "normalized_frobenius": 0.6791169047355652, "seconds": 0.13030193746089935}
{"stage": "jacobian", "checkpoint": "step25000", "completed": 25, "total": 100, "token": " inactivated", "rho": 1.0112648010253906, "alpha": 1.0099430084228516, "lyapunov_last_256": 0.006710621695194908, "normalized_frobenius": 0.671489417552948, "seconds": 0.12639547139406204}
{"stage": "jacobian", "checkpoint": "step25000", "completed": 26, "total": 100, "token": " Maintenance", "rho": 1.0138545036315918, "alpha": 1.0138545036315918, "lyapunov_last_256": 0.006460205462981948, "normalized_frobenius": 0.6771268248558044, "seconds": 0.1342661902308464}
{"stage": "jacobian", "checkpoint": "step25000", "completed": 27, "total": 100, "token": " pend", "rho": 1.0159105062484741, "alpha": 1.0106791257858276, "lyapunov_last_256": 0.009553337640308277, "normalized_frobenius": 0.691245436668396, "seconds": 0.14179781451821327}
{"stage": "jacobian", "checkpoint": "step25000", "completed": 28, "total": 100, "token": " Pretty", "rho": 1.0285065174102783, "alpha": 1.0285065174102783, "lyapunov_last_256": 0.008004660925128545, "normalized_frobenius": 0.6931411027908325, "seconds": 0.11485179886221886}
{"stage": "jacobian", "checkpoint": "step25000", "completed": 29, "total": 100, "token": " 580", "rho": 1.0071969032287598, "alpha": 1.0062694549560547, "lyapunov_last_256": 0.0026974238752334317, "normalized_frobenius": 0.687751829624176, "seconds": 0.10677087679505348}
{"stage": "jacobian", "checkpoint": "step25000", "completed": 30, "total": 100, "token": "CH", "rho": 0.9813923835754395, "alpha": 0.9813923835754395, "lyapunov_last_256": -0.0053431690526312, "normalized_frobenius": 0.6537411212921143, "seconds": 0.126014593988657}
{"stage": "jacobian", "checkpoint": "step25000", "completed": 31, "total": 100, "token": "PI", "rho": 1.0083476305007935, "alpha": 1.0082067251205444, "lyapunov_last_256": 0.0029675810841923904, "normalized_frobenius": 0.6863715052604675, "seconds": 0.11229109019041061}
{"stage": "jacobian", "checkpoint": "step25000", "completed": 32, "total": 100, "token": " shaping", "rho": 0.9851689338684082, "alpha": 0.9697616100311279, "lyapunov_last_256": 0.00034585516815794, "normalized_frobenius": 0.6827824115753174, "seconds": 0.11924777925014496}
{"stage": "jacobian", "checkpoint": "step25000", "completed": 33, "total": 100, "token": " exams", "rho": 1.0120453834533691, "alpha": 1.0110708475112915, "lyapunov_last_256": 0.006449742541899181, "normalized_frobenius": 0.6882257461547852, "seconds": 0.16934961080551147}
{"stage": "jacobian", "checkpoint": "step25000", "completed": 34, "total": 100, "token": "ilipp", "rho": 1.024276852607727, "alpha": 1.024276852607727, "lyapunov_last_256": 0.010656075904258249, "normalized_frobenius": 0.6995531916618347, "seconds": 0.1873442493379116}
{"stage": "jacobian", "checkpoint": "step25000", "completed": 35, "total": 100, "token": "essential", "rho": 1.004277229309082, "alpha": 0.9959123730659485, "lyapunov_last_256": 0.021516219953842716, "normalized_frobenius": 0.6827665567398071, "seconds": 0.1386045105755329}
{"stage": "jacobian", "checkpoint": "step25000", "completed": 36, "total": 100, "token": " Manufact", "rho": 1.000489592552185, "alpha": 1.000309705734253, "lyapunov_last_256": 0.0001202372763339384, "normalized_frobenius": 0.6815131902694702, "seconds": 0.12095213681459427}
{"stage": "jacobian", "checkpoint": "step25000", "completed": 37, "total": 100, "token": "christ", "rho": 0.9980632066726685, "alpha": 0.9968904852867126, "lyapunov_last_256": 0.004587250489390927, "normalized_frobenius": 0.6744834184646606, "seconds": 0.1189756989479065}
{"stage": "jacobian", "checkpoint": "step25000", "completed": 38, "total": 100, "token": "omed", "rho": 1.0344191789627075, "alpha": 1.0336390733718872, "lyapunov_last_256": 0.0030364040661393665, "normalized_frobenius": 0.7173610925674438, "seconds": 0.11526084318757057}
{"stage": "jacobian", "checkpoint": "step25000", "completed": 39, "total": 100, "token": "umu", "rho": 1.0184766054153442, "alpha": 1.0022597312927246, "lyapunov_last_256": 0.015370543872499212, "normalized_frobenius": 0.6988198161125183, "seconds": 0.1947183981537819}
{"stage": "jacobian", "checkpoint": "step25000", "completed": 40, "total": 100, "token": " tonight", "rho": 0.9938240051269531, "alpha": 0.9937011003494263, "lyapunov_last_256": 0.0064783868727125975, "normalized_frobenius": 0.6672105193138123, "seconds": 0.16609039157629013}
{"stage": "jacobian", "checkpoint": "step25000", "completed": 41, "total": 100, "token": " geared", "rho": 1.0321656465530396, "alpha": 1.0292365550994873, "lyapunov_last_256": 0.0038017583489873253, "normalized_frobenius": 0.706089198589325, "seconds": 0.12366050481796265}
{"stage": "jacobian", "checkpoint": "step25000", "completed": 42, "total": 100, "token": " trump", "rho": 1.050431489944458, "alpha": 1.0216357707977295, "lyapunov_last_256": -0.002058813984302387, "normalized_frobenius": 0.7120932340621948, "seconds": 0.12365011870861053}
{"stage": "jacobian", "checkpoint": "step25000", "completed": 43, "total": 100, "token": "leman", "rho": 1.0370250940322876, "alpha": 1.0313286781311035, "lyapunov_last_256": 0.013397317140045962, "normalized_frobenius": 0.7014270424842834, "seconds": 0.12418641895055771}
{"stage": "jacobian", "checkpoint": "step25000", "completed": 44, "total": 100, "token": " assortment", "rho": 1.0132269859313965, "alpha": 1.0084595680236816, "lyapunov_last_256": 0.0026328644457099823, "normalized_frobenius": 0.6874521374702454, "seconds": 0.13231511041522026}
{"stage": "jacobian", "checkpoint": "step25000", "completed": 45, "total": 100, "token": " Sew", "rho": 1.0002111196517944, "alpha": 0.9986977577209473, "lyapunov_last_256": 0.002883831565089887, "normalized_frobenius": 0.664646327495575, "seconds": 0.12092943489551544}
{"stage": "jacobian", "checkpoint": "step25000", "completed": 46, "total": 100, "token": " arresting", "rho": 1.008807897567749, "alpha": 1.008807897567749, "lyapunov_last_256": 0.0368988556384924, "normalized_frobenius": 0.66865074634552, "seconds": 0.11708756163716316}
{"stage": "jacobian", "checkpoint": "step25000", "completed": 47, "total": 100, "token": " assertion", "rho": 0.9850596785545349, "alpha": 0.9814081192016602, "lyapunov_last_256": 0.010138771682704236, "normalized_frobenius": 0.6853757500648499, "seconds": 0.13610679656267166}
{"stage": "jacobian", "checkpoint": "step25000", "completed": 48, "total": 100, "token": " unemployed", "rho": 0.9850625395774841, "alpha": 0.977642834186554, "lyapunov_last_256": 0.013126818784837324, "normalized_frobenius": 0.6821079850196838, "seconds": 0.12379909679293633}
{"stage": "jacobian", "checkpoint": "step25000", "completed": 49, "total": 100, "token": " outgoing", "rho": 0.9955487847328186, "alpha": 0.9953532218933105, "lyapunov_last_256": 0.013244578702808908, "normalized_frobenius": 0.668129563331604, "seconds": 0.14202889055013657}
{"stage": "jacobian", "checkpoint": "step25000", "completed": 50, "total": 100, "token": " floated", "rho": 1.0065644979476929, "alpha": 1.0044760704040527, "lyapunov_last_256": -0.004481402631378428, "normalized_frobenius": 0.6752908825874329, "seconds": 0.13486188277602196}
{"stage": "jacobian", "checkpoint": "step25000", "completed": 51, "total": 100, "token": " portable", "rho": 1.0274572372436523, "alpha": 1.0242847204208374, "lyapunov_last_256": -0.0008538113938736211, "normalized_frobenius": 0.706745445728302, "seconds": 0.123383067548275}
{"stage": "jacobian", "checkpoint": "step25000", "completed": 52, "total": 100, "token": "olev", "rho": 1.0644484758377075, "alpha": 1.05633544921875, "lyapunov_last_256": 0.004774156413531324, "normalized_frobenius": 0.7249592542648315, "seconds": 0.1403169147670269}
{"stage": "jacobian", "checkpoint": "step25000", "completed": 53, "total": 100, "token": " Bread", "rho": 0.999569296836853, "alpha": 0.999569296836853, "lyapunov_last_256": -0.000979425693852115, "normalized_frobenius": 0.6779028177261353, "seconds": 0.14069652184844017}
{"stage": "jacobian", "checkpoint": "step25000", "completed": 54, "total": 100, "token": " Alban", "rho": 1.0029398202896118, "alpha": 1.0014723539352417, "lyapunov_last_256": 0.00639446008970324, "normalized_frobenius": 0.6745604872703552, "seconds": 0.14636021852493286}
{"stage": "jacobian", "checkpoint": "step25000", "completed": 55, "total": 100, "token": "gae", "rho": 0.9915801286697388, "alpha": 0.9915801286697388, "lyapunov_last_256": 0.005762118794500719, "normalized_frobenius": 0.6517624855041504, "seconds": 0.12868895381689072}
{"stage": "jacobian", "checkpoint": "step25000", "completed": 56, "total": 100, "token": " thorough", "rho": 0.9842893481254578, "alpha": 0.9819905161857605, "lyapunov_last_256": 0.008403236324407322, "normalized_frobenius": 0.6872590780258179, "seconds": 0.12483866885304451}
{"stage": "jacobian", "checkpoint": "step25000", "completed": 57, "total": 100, "token": " integration", "rho": 1.0062294006347656, "alpha": 1.0052893161773682, "lyapunov_last_256": 0.006892799297629356, "normalized_frobenius": 0.6769006848335266, "seconds": 0.13118788227438927}
{"stage": "jacobian", "checkpoint": "step25000", "completed": 58, "total": 100, "token": " sits", "rho": 1.0325140953063965, "alpha": 1.0151087045669556, "lyapunov_last_256": 0.00789246714577637, "normalized_frobenius": 0.7112939953804016, "seconds": 0.11971550807356834}
{"stage": "jacobian", "checkpoint": "step25000", "completed": 59, "total": 100, "token": " nit", "rho": 1.0107519626617432, "alpha": 1.0092287063598633, "lyapunov_last_256": 0.0170491564851596, "normalized_frobenius": 0.6970838904380798, "seconds": 0.11164680495858192}
{"stage": "jacobian", "checkpoint": "step25000", "completed": 60, "total": 100, "token": " drifting", "rho": 1.1136410236358643, "alpha": 1.1136410236358643, "lyapunov_last_256": 0.005637875411265384, "normalized_frobenius": 0.7551603317260742, "seconds": 0.13415398821234703}
{"stage": "jacobian", "checkpoint": "step25000", "completed": 61, "total": 100, "token": " 1864", "rho": 1.033947467803955, "alpha": 1.0153470039367676, "lyapunov_last_256": 0.012466074654622756, "normalized_frobenius": 0.7097334265708923, "seconds": 0.11953708902001381}
{"stage": "jacobian", "checkpoint": "step25000", "completed": 62, "total": 100, "token": "othe", "rho": 1.0598310232162476, "alpha": 1.0598310232162476, "lyapunov_last_256": 0.007179311199383627, "normalized_frobenius": 0.7244313359260559, "seconds": 0.11595464497804642}
{"stage": "jacobian", "checkpoint": "step25000", "completed": 63, "total": 100, "token": " notion", "rho": 1.0192224979400635, "alpha": 1.0192224979400635, "lyapunov_last_256": 0.009240403727099413, "normalized_frobenius": 0.6824275255203247, "seconds": 0.1299331672489643}
{"stage": "jacobian", "checkpoint": "step25000", "completed": 64, "total": 100, "token": " publicity", "rho": 1.0166199207305908, "alpha": 1.0166199207305908, "lyapunov_last_256": 0.005664808323195547, "normalized_frobenius": 0.6941263675689697, "seconds": 0.11819471418857574}
{"stage": "jacobian", "checkpoint": "step25000", "completed": 65, "total": 100, "token": " disguised", "rho": 1.0300183296203613, "alpha": 1.0270075798034668, "lyapunov_last_256": 0.0015080134924585222, "normalized_frobenius": 0.7046030163764954, "seconds": 0.13188983127474785}
{"stage": "jacobian", "checkpoint": "step25000", "completed": 66, "total": 100, "token": " routine", "rho": 1.0133312940597534, "alpha": 1.0086660385131836, "lyapunov_last_256": 0.003700905051160059, "normalized_frobenius": 0.6837183237075806, "seconds": 0.13479356840252876}
{"stage": "jacobian", "checkpoint": "step25000", "completed": 67, "total": 100, "token": " Panama", "rho": 1.0906436443328857, "alpha": 1.0906436443328857, "lyapunov_last_256": 0.012765826213699663, "normalized_frobenius": 0.7492460012435913, "seconds": 0.14224788919091225}
{"stage": "jacobian", "checkpoint": "step25000", "completed": 68, "total": 100, "token": " happening", "rho": 1.0003154277801514, "alpha": 1.0003154277801514, "lyapunov_last_256": -0.00044483276316010855, "normalized_frobenius": 0.6695047616958618, "seconds": 0.13907396793365479}
{"stage": "jacobian", "checkpoint": "step25000", "completed": 69, "total": 100, "token": "ending", "rho": 0.9862533211708069, "alpha": 0.9856367111206055, "lyapunov_last_256": 0.013508053922345798, "normalized_frobenius": 0.6572544574737549, "seconds": 0.111693374812603}
{"stage": "jacobian", "checkpoint": "step25000", "completed": 70, "total": 100, "token": " paved", "rho": 1.106312870979309, "alpha": 1.106312870979309, "lyapunov_last_256": 0.007699726846920064, "normalized_frobenius": 0.7326309680938721, "seconds": 0.10091205686330795}
{"stage": "jacobian", "checkpoint": "step25000", "completed": 71, "total": 100, "token": " bu", "rho": 1.0034507513046265, "alpha": 1.0034507513046265, "lyapunov_last_256": -0.002564223113453748, "normalized_frobenius": 0.6694813370704651, "seconds": 0.12020857259631157}
{"stage": "jacobian", "checkpoint": "step25000", "completed": 72, "total": 100, "token": " crucial", "rho": 0.9820740818977356, "alpha": 0.9820740818977356, "lyapunov_last_256": 0.007543104478406464, "normalized_frobenius": 0.6545060873031616, "seconds": 0.1284928061068058}
{"stage": "jacobian", "checkpoint": "step25000", "completed": 73, "total": 100, "token": "ographical", "rho": 1.0022697448730469, "alpha": 1.0022697448730469, "lyapunov_last_256": 5.092955100849134e-05, "normalized_frobenius": 0.661028265953064, "seconds": 0.17818426340818405}
{"stage": "jacobian", "checkpoint": "step25000", "completed": 74, "total": 100, "token": " Hunter", "rho": 1.0021048784255981, "alpha": 1.000640869140625, "lyapunov_last_256": -0.0029373761015971853, "normalized_frobenius": 0.6743635535240173, "seconds": 0.2283087708055973}
{"stage": "jacobian", "checkpoint": "step25000", "completed": 75, "total": 100, "token": " Thailand", "rho": 0.9936071634292603, "alpha": 0.9936071634292603, "lyapunov_last_256": 0.013324606546085815, "normalized_frobenius": 0.6745858192443848, "seconds": 0.14094489812850952}
{"stage": "jacobian", "checkpoint": "step25000", "completed": 76, "total": 100, "token": " options", "rho": 1.0069215297698975, "alpha": 1.0053234100341797, "lyapunov_last_256": 0.00763767642700101, "normalized_frobenius": 0.666425347328186, "seconds": 0.10897044092416763}
{"stage": "jacobian", "checkpoint": "step25000", "completed": 77, "total": 100, "token": " thereby", "rho": 1.005204677581787, "alpha": 1.0036942958831787, "lyapunov_last_256": 0.007884186962500326, "normalized_frobenius": 0.6637719869613647, "seconds": 0.12924625724554062}
{"stage": "jacobian", "checkpoint": "step25000", "completed": 78, "total": 100, "token": " Å", "rho": 1.0793240070343018, "alpha": 1.068305492401123, "lyapunov_last_256": 0.0067742967434941005, "normalized_frobenius": 0.739669919013977, "seconds": 0.15254826843738556}
{"stage": "jacobian", "checkpoint": "step25000", "completed": 79, "total": 100, "token": " supports", "rho": 1.0031105279922485, "alpha": 1.0022778511047363, "lyapunov_last_256": 0.010933844444941053, "normalized_frobenius": 0.6767716407775879, "seconds": 0.1510874666273594}
{"stage": "jacobian", "checkpoint": "step25000", "completed": 80, "total": 100, "token": " knows", "rho": 0.9985101819038391, "alpha": 0.9982340931892395, "lyapunov_last_256": 0.013586513165661703, "normalized_frobenius": 0.6838318705558777, "seconds": 0.11369333043694496}
{"stage": "jacobian", "checkpoint": "step25000", "completed": 81, "total": 100, "token": "rum", "rho": 1.060821533203125, "alpha": 1.0224595069885254, "lyapunov_last_256": 0.013958297857713419, "normalized_frobenius": 0.7131335735321045, "seconds": 0.11379636079072952}
{"stage": "jacobian", "checkpoint": "step25000", "completed": 82, "total": 100, "token": " Son", "rho": 1.0033901929855347, "alpha": 1.001839518547058, "lyapunov_last_256": -0.004073556953442279, "normalized_frobenius": 0.6650952100753784, "seconds": 0.12711123749613762}
{"stage": "jacobian", "checkpoint": "step25000", "completed": 83, "total": 100, "token": " impressed", "rho": 1.0077649354934692, "alpha": 1.0061516761779785, "lyapunov_last_256": 0.009240297872270408, "normalized_frobenius": 0.6747146248817444, "seconds": 0.11349824443459511}
{"stage": "jacobian", "checkpoint": "step25000", "completed": 84, "total": 100, "token": " smooth", "rho": 1.0095632076263428, "alpha": 1.0095632076263428, "lyapunov_last_256": 0.009241977932077606, "normalized_frobenius": 0.6929089426994324, "seconds": 0.09849261492490768}
{"stage": "jacobian", "checkpoint": "step25000", "completed": 85, "total": 100, "token": "igo", "rho": 1.0130351781845093, "alpha": 1.0130351781845093, "lyapunov_last_256": -0.002994031024168067, "normalized_frobenius": 0.677387535572052, "seconds": 0.1018509678542614}
{"stage": "jacobian", "checkpoint": "step25000", "completed": 86, "total": 100, "token": " Coleman", "rho": 1.0056437253952026, "alpha": 0.9914215207099915, "lyapunov_last_256": -0.0006985374155379898, "normalized_frobenius": 0.684192419052124, "seconds": 0.11335396394133568}
{"stage": "jacobian", "checkpoint": "step25000", "completed": 87, "total": 100, "token": " arriving", "rho": 1.0362530946731567, "alpha": 1.0275156497955322, "lyapunov_last_256": 0.022487080263016955, "normalized_frobenius": 0.7020851969718933, "seconds": 0.12988580390810966}
{"stage": "jacobian", "checkpoint": "step25000", "completed": 88, "total": 100, "token": " Gab", "rho": 1.0057616233825684, "alpha": 0.9915698766708374, "lyapunov_last_256": 0.005745465830447797, "normalized_frobenius": 0.6841947436332703, "seconds": 0.16921864822506905}
{"stage": "jacobian", "checkpoint": "step25000", "completed": 89, "total": 100, "token": " speech", "rho": 1.0308822393417358, "alpha": 1.0308822393417358, "lyapunov_last_256": 0.013825531186108509, "normalized_frobenius": 0.6784771084785461, "seconds": 0.17134660109877586}
{"stage": "jacobian", "checkpoint": "step25000", "completed": 90, "total": 100, "token": " Ho", "rho": 1.0096410512924194, "alpha": 1.007260799407959, "lyapunov_last_256": 0.007113394166442154, "normalized_frobenius": 0.6713526844978333, "seconds": 0.13366250321269035}
{"stage": "jacobian", "checkpoint": "step25000", "completed": 91, "total": 100, "token": " involved", "rho": 0.9806442856788635, "alpha": 0.9796421527862549, "lyapunov_last_256": 0.01632306350398391, "normalized_frobenius": 0.6803469061851501, "seconds": 0.12440537288784981}
{"stage": "jacobian", "checkpoint": "step25000", "completed": 92, "total": 100, "token": " entered", "rho": 1.0110100507736206, "alpha": 1.006577968597412, "lyapunov_last_256": 0.00403341257169159, "normalized_frobenius": 0.6823225021362305, "seconds": 0.10677193477749825}
{"stage": "jacobian", "checkpoint": "step25000", "completed": 93, "total": 100, "token": " track", "rho": 0.9944031834602356, "alpha": 0.9907717108726501, "lyapunov_last_256": -0.0024196623142945144, "normalized_frobenius": 0.6884481310844421, "seconds": 0.11611884087324142}
{"stage": "jacobian", "checkpoint": "step25000", "completed": 94, "total": 100, "token": " 1", "rho": 0.9812927842140198, "alpha": 0.9808286428451538, "lyapunov_last_256": 0.00011282665061769601, "normalized_frobenius": 0.6552745699882507, "seconds": 0.12185550853610039}
{"stage": "jacobian", "checkpoint": "step25000", "completed": 95, "total": 100, "token": " use", "rho": 1.0182567834854126, "alpha": 1.014967679977417, "lyapunov_last_256": 0.01833187826997016, "normalized_frobenius": 0.6818304657936096, "seconds": 0.1575460396707058}
{"stage": "jacobian", "checkpoint": "step25000", "completed": 96, "total": 100, "token": " million", "rho": 1.003900170326233, "alpha": 1.003900170326233, "lyapunov_last_256": 0.0062382548164932605, "normalized_frobenius": 0.6751000881195068, "seconds": 0.1228356659412384}
{"stage": "jacobian", "checkpoint": "step25000", "completed": 97, "total": 100, "token": " Civil", "rho": 1.0517334938049316, "alpha": 1.0470128059387207, "lyapunov_last_256": 0.0064637929698391945, "normalized_frobenius": 0.7099677920341492, "seconds": 0.13511455059051514}
{"stage": "jacobian", "checkpoint": "step25000", "completed": 98, "total": 100, "token": " bass", "rho": 1.0038347244262695, "alpha": 1.0001134872436523, "lyapunov_last_256": 0.016635749328164976, "normalized_frobenius": 0.6870054006576538, "seconds": 0.1262562870979309}
{"stage": "jacobian", "checkpoint": "step25000", "completed": 99, "total": 100, "token": "ium", "rho": 1.0038543939590454, "alpha": 1.0038543939590454, "lyapunov_last_256": 0.005457164359845311, "normalized_frobenius": 0.6710953712463379, "seconds": 0.1214352436363697}
{"stage": "jacobian", "checkpoint": "step25000", "completed": 100, "total": 100, "token": " roles", "rho": 1.0080028772354126, "alpha": 1.0076014995574951, "lyapunov_last_256": 0.004852708157930739, "normalized_frobenius": 0.6894384622573853, "seconds": 0.11479998752474785}
