{"stage": "dynamics_lyapunov", "dynamic_step": 256}
{"stage": "dynamics_lyapunov", "dynamic_step": 512}
{"stage": "dynamics_lyapunov", "dynamic_step": 768}
{"stage": "dynamics_lyapunov", "dynamic_step": 1024}
{"stage": "jacobian", "checkpoint": "step13000", "completed": 11, "total": 100, "token": "sidered", "rho": 0.9516435265541077, "alpha": 0.9516435265541077, "lyapunov_last_256": -0.04956595907445774, "normalized_frobenius": 0.670616865158081, "seconds": 0.13659484311938286}
{"stage": "jacobian", "checkpoint": "step13000", "completed": 12, "total": 100, "token": "second", "rho": 0.9516435861587524, "alpha": 0.9516435861587524, "lyapunov_last_256": -0.0495659671483016, "normalized_frobenius": 0.6706168055534363, "seconds": 0.1196443922817707}
{"stage": "jacobian", "checkpoint": "step13000", "completed": 13, "total": 100, "token": " diagrams", "rho": 0.9516420960426331, "alpha": 0.9516420960426331, "lyapunov_last_256": -0.04956594488407342, "normalized_frobenius": 0.670616865158081, "seconds": 0.12263606116175652}
{"stage": "jacobian", "checkpoint": "step13000", "completed": 14, "total": 100, "token": " permeability", "rho": 0.9516441226005554, "alpha": 0.9516441226005554, "lyapunov_last_256": -0.04956596421235921, "normalized_frobenius": 0.670616865158081, "seconds": 0.11096765846014023}
{"stage": "jacobian", "checkpoint": "step13000", "completed": 15, "total": 100, "token": " LE", "rho": 0.951644778251648, "alpha": 0.951644778251648, "lyapunov_last_256": -0.049565970084244064, "normalized_frobenius": 0.670616865158081, "seconds": 0.1091194786131382}
{"stage": "jacobian", "checkpoint": "step13000", "completed": 16, "total": 100, "token": "urdy", "rho": 0.9516452550888062, "alpha": 0.9516452550888062, "lyapunov_last_256": -0.049565948553995855, "normalized_frobenius": 0.670616865158081, "seconds": 0.12051037326455116}
{"stage": "jacobian", "checkpoint": "step13000", "completed": 17, "total": 100, "token": " 510", "rho": 0.9516419172286987, "alpha": 0.9516419172286987, "lyapunov_last_256": -0.04956599430577484, "normalized_frobenius": 0.6706169247627258, "seconds": 0.12576954066753387}
{"stage": "jacobian", "checkpoint": "step13000", "completed": 18, "total": 100, "token": "ochem", "rho": 0.9516421556472778, "alpha": 0.9516421556472778, "lyapunov_last_256": -0.04956596323371549, "normalized_frobenius": 0.670616865158081, "seconds": 0.1264595128595829}
{"stage": "jacobian", "checkpoint": "step13000", "completed": 19, "total": 100, "token": " phyt", "rho": 0.9516420364379883, "alpha": 0.9516420364379883, "lyapunov_last_256": -0.049565961031753605, "normalized_frobenius": 0.670616865158081, "seconds": 0.11894338950514793}
{"stage": "jacobian", "checkpoint": "step13000", "completed": 20, "total": 100, "token": " filings", "rho": 0.9516438841819763, "alpha": 0.9516438841819763, "lyapunov_last_256": -0.0495659654356681, "normalized_frobenius": 0.6706168055534363, "seconds": 0.1172974556684494}
{"stage": "jacobian", "checkpoint": "step13000", "completed": 21, "total": 100, "token": " helical", "rho": 0.9516425728797913, "alpha": 0.9516425728797913, "lyapunov_last_256": -0.04956597008424383, "normalized_frobenius": 0.6706168055534363, "seconds": 0.12132953852415085}
{"stage": "jacobian", "checkpoint": "step13000", "completed": 22, "total": 100, "token": " interplay", "rho": 0.9516412019729614, "alpha": 0.9516412019729614, "lyapunov_last_256": -0.049565986476592716, "normalized_frobenius": 0.670616865158081, "seconds": 0.1301407478749752}
{"stage": "jacobian", "checkpoint": "step13000", "completed": 23, "total": 100, "token": "cies", "rho": 0.9516406059265137, "alpha": 0.9516406059265137, "lyapunov_last_256": -0.049565962010400894, "normalized_frobenius": 0.670616865158081, "seconds": 0.13362742587924004}
{"stage": "jacobian", "checkpoint": "step13000", "completed": 24, "total": 100, "token": " harmonic", "rho": 0.9516428709030151, "alpha": 0.9516428709030151, "lyapunov_last_256": -0.04956595002196757, "normalized_frobenius": 0.6706168055534363, "seconds": 0.11299098283052444}
{"stage": "jacobian", "checkpoint": "step13000", "completed": 25, "total": 100, "token": " inactivated", "rho": 0.9516454339027405, "alpha": 0.9516454339027405, "lyapunov_last_256": -0.04956595613851452, "normalized_frobenius": 0.6706168055534363, "seconds": 0.11753926426172256}
{"stage": "jacobian", "checkpoint": "step13000", "completed": 26, "total": 100, "token": " Maintenance", "rho": 0.9516410827636719, "alpha": 0.9516410827636719, "lyapunov_last_256": -0.049565960053106206, "normalized_frobenius": 0.6706168055534363, "seconds": 0.10856590420007706}
{"stage": "jacobian", "checkpoint": "step13000", "completed": 27, "total": 100, "token": " pend", "rho": 0.951646089553833, "alpha": 0.951646089553833, "lyapunov_last_256": -0.04956595980844407, "normalized_frobenius": 0.670616865158081, "seconds": 0.12822378054261208}
{"stage": "jacobian", "checkpoint": "step13000", "completed": 28, "total": 100, "token": " Pretty", "rho": 0.9516404271125793, "alpha": 0.9516404271125793, "lyapunov_last_256": -0.04956596176573947, "normalized_frobenius": 0.670616865158081, "seconds": 0.12812284380197525}
{"stage": "jacobian", "checkpoint": "step13000", "completed": 29, "total": 100, "token": " 580", "rho": 0.9516428709030151, "alpha": 0.9516428709030151, "lyapunov_last_256": -0.0495659407248153, "normalized_frobenius": 0.6706169247627258, "seconds": 0.10959211736917496}
{"stage": "jacobian", "checkpoint": "step13000", "completed": 30, "total": 100, "token": "CH", "rho": 0.9516410231590271, "alpha": 0.9516410231590271, "lyapunov_last_256": -0.04956595589385342, "normalized_frobenius": 0.6706168055534363, "seconds": 0.12023868039250374}
{"stage": "jacobian", "checkpoint": "step13000", "completed": 31, "total": 100, "token": "PI", "rho": 0.9516440629959106, "alpha": 0.9516440629959106, "lyapunov_last_256": -0.04956593289563439, "normalized_frobenius": 0.6706168055534363, "seconds": 0.12281173467636108}
{"stage": "jacobian", "checkpoint": "step13000", "completed": 32, "total": 100, "token": " shaping", "rho": 0.9516451954841614, "alpha": 0.9516451954841614, "lyapunov_last_256": -0.04956593265097285, "normalized_frobenius": 0.6706168055534363, "seconds": 0.12086601182818413}
{"stage": "jacobian", "checkpoint": "step13000", "completed": 33, "total": 100, "token": " exams", "rho": 0.9516462087631226, "alpha": 0.9516462087631226, "lyapunov_last_256": -0.04956596641431553, "normalized_frobenius": 0.670616865158081, "seconds": 0.11856182292103767}
{"stage": "jacobian", "checkpoint": "step13000", "completed": 34, "total": 100, "token": "ilipp", "rho": 0.9516438841819763, "alpha": 0.9516438841819763, "lyapunov_last_256": -0.04956594292677215, "normalized_frobenius": 0.6706169247627258, "seconds": 0.1161249577999115}
{"stage": "jacobian", "checkpoint": "step13000", "completed": 35, "total": 100, "token": "essential", "rho": 0.9516423940658569, "alpha": 0.9516423940658569, "lyapunov_last_256": -0.04956597277552586, "normalized_frobenius": 0.670616865158081, "seconds": 0.11166013777256012}
{"stage": "jacobian", "checkpoint": "step13000", "completed": 36, "total": 100, "token": " Manufact", "rho": 0.951643168926239, "alpha": 0.951643168926239, "lyapunov_last_256": -0.04956597130755606, "normalized_frobenius": 0.670616865158081, "seconds": 0.10524716228246689}
{"stage": "jacobian", "checkpoint": "step13000", "completed": 37, "total": 100, "token": "christ", "rho": 0.9516465663909912, "alpha": 0.9516465663909912, "lyapunov_last_256": -0.049565939990829276, "normalized_frobenius": 0.6706168055534363, "seconds": 0.1238345056772232}
{"stage": "jacobian", "checkpoint": "step13000", "completed": 38, "total": 100, "token": "omed", "rho": 0.9516412019729614, "alpha": 0.9516412019729614, "lyapunov_last_256": -0.04956598207267771, "normalized_frobenius": 0.670616865158081, "seconds": 0.12167228385806084}
{"stage": "jacobian", "checkpoint": "step13000", "completed": 39, "total": 100, "token": "umu", "rho": 0.9516403079032898, "alpha": 0.9516403079032898, "lyapunov_last_256": -0.04956596127641579, "normalized_frobenius": 0.670616865158081, "seconds": 0.11101943626999855}
{"stage": "jacobian", "checkpoint": "step13000", "completed": 40, "total": 100, "token": " tonight", "rho": 0.9516435265541077, "alpha": 0.9516435265541077, "lyapunov_last_256": -0.049565969350259545, "normalized_frobenius": 0.6706168055534363, "seconds": 0.12402541935443878}
{"stage": "jacobian", "checkpoint": "step13000", "completed": 41, "total": 100, "token": " geared", "rho": 0.9516445994377136, "alpha": 0.9516445994377136, "lyapunov_last_256": -0.04956598084936864, "normalized_frobenius": 0.6706168055534363, "seconds": 0.12117539346218109}
{"stage": "jacobian", "checkpoint": "step13000", "completed": 42, "total": 100, "token": " trump", "rho": 0.9516432881355286, "alpha": 0.9516432881355286, "lyapunov_last_256": -0.04956597864741092, "normalized_frobenius": 0.6706169247627258, "seconds": 0.1300152726471424}
{"stage": "jacobian", "checkpoint": "step13000", "completed": 43, "total": 100, "token": "leman", "rho": 0.951641857624054, "alpha": 0.951641857624054, "lyapunov_last_256": -0.04956594463940543, "normalized_frobenius": 0.6706169247627258, "seconds": 0.12234291061758995}
{"stage": "jacobian", "checkpoint": "step13000", "completed": 44, "total": 100, "token": " assortment", "rho": 0.9516440033912659, "alpha": 0.9516440033912659, "lyapunov_last_256": -0.0495659715522162, "normalized_frobenius": 0.6706168055534363, "seconds": 0.11057019978761673}
{"stage": "jacobian", "checkpoint": "step13000", "completed": 45, "total": 100, "token": " Sew", "rho": 0.951644778251648, "alpha": 0.951644778251648, "lyapunov_last_256": -0.04956596470168179, "normalized_frobenius": 0.670616865158081, "seconds": 0.111041110008955}
{"stage": "jacobian", "checkpoint": "step13000", "completed": 46, "total": 100, "token": " arresting", "rho": 0.9516370296478271, "alpha": 0.9516370296478271, "lyapunov_last_256": -0.04956595515986833, "normalized_frobenius": 0.670616865158081, "seconds": 0.11191237717866898}
{"stage": "jacobian", "checkpoint": "step13000", "completed": 47, "total": 100, "token": " assertion", "rho": 0.9516425728797913, "alpha": 0.9516425728797913, "lyapunov_last_256": -0.0495659688609344, "normalized_frobenius": 0.6706168055534363, "seconds": 0.13318412005901337}
{"stage": "jacobian", "checkpoint": "step13000", "completed": 48, "total": 100, "token": " unemployed", "rho": 0.9516413807868958, "alpha": 0.9516413807868958, "lyapunov_last_256": -0.0495659791367348, "normalized_frobenius": 0.670616865158081, "seconds": 0.1379549391567707}
{"stage": "jacobian", "checkpoint": "step13000", "completed": 49, "total": 100, "token": " outgoing", "rho": 0.9516448974609375, "alpha": 0.9516448974609375, "lyapunov_last_256": -0.04956596054242961, "normalized_frobenius": 0.670616865158081, "seconds": 0.1093321405351162}
{"stage": "jacobian", "checkpoint": "step13000", "completed": 50, "total": 100, "token": " floated", "rho": 0.9516452550888062, "alpha": 0.9516452550888062, "lyapunov_last_256": -0.04956596372303424, "normalized_frobenius": 0.670616865158081, "seconds": 0.12929146364331245}
{"stage": "jacobian", "checkpoint": "step13000", "completed": 51, "total": 100, "token": " portable", "rho": 0.9516427516937256, "alpha": 0.9516427516937256, "lyapunov_last_256": -0.049565965680330386, "normalized_frobenius": 0.670616865158081, "seconds": 0.11937803402543068}
{"stage": "jacobian", "checkpoint": "step13000", "completed": 52, "total": 100, "token": "olev", "rho": 0.9516423940658569, "alpha": 0.9516423940658569, "lyapunov_last_256": -0.04956598451929681, "normalized_frobenius": 0.6706168055534363, "seconds": 0.11268245428800583}
{"stage": "jacobian", "checkpoint": "step13000", "completed": 53, "total": 100, "token": " Bread", "rho": 0.9516432285308838, "alpha": 0.9516432285308838, "lyapunov_last_256": -0.04956596054242965, "normalized_frobenius": 0.670616865158081, "seconds": 0.1246502436697483}
{"stage": "jacobian", "checkpoint": "step13000", "completed": 54, "total": 100, "token": " Alban", "rho": 0.9516425132751465, "alpha": 0.9516425132751465, "lyapunov_last_256": -0.04956591797166768, "normalized_frobenius": 0.670616865158081, "seconds": 0.1155455894768238}
{"stage": "jacobian", "checkpoint": "step13000", "completed": 55, "total": 100, "token": "gae", "rho": 0.9516420364379883, "alpha": 0.9516420364379883, "lyapunov_last_256": -0.04956596910559586, "normalized_frobenius": 0.670616865158081, "seconds": 0.10293729230761528}
{"stage": "jacobian", "checkpoint": "step13000", "completed": 56, "total": 100, "token": " thorough", "rho": 0.9516438245773315, "alpha": 0.9516438245773315, "lyapunov_last_256": -0.049565966169654446, "normalized_frobenius": 0.670616865158081, "seconds": 0.11432356014847755}
{"stage": "jacobian", "checkpoint": "step13000", "completed": 57, "total": 100, "token": " integration", "rho": 0.9516429901123047, "alpha": 0.9516429901123047, "lyapunov_last_256": -0.04956603834607431, "normalized_frobenius": 0.6706168055534363, "seconds": 0.11665493622422218}
{"stage": "jacobian", "checkpoint": "step13000", "completed": 58, "total": 100, "token": " sits", "rho": 0.9516424536705017, "alpha": 0.9516424536705017, "lyapunov_last_256": -0.049565945618054136, "normalized_frobenius": 0.6706168055534363, "seconds": 0.12204138934612274}
{"stage": "jacobian", "checkpoint": "step13000", "completed": 59, "total": 100, "token": " nit", "rho": 0.951643168926239, "alpha": 0.951643168926239, "lyapunov_last_256": -0.0495659571171642, "normalized_frobenius": 0.670616865158081, "seconds": 0.11154486611485481}
{"stage": "jacobian", "checkpoint": "step13000", "completed": 60, "total": 100, "token": " drifting", "rho": 0.9516429901123047, "alpha": 0.9516429901123047, "lyapunov_last_256": -0.04956594977730738, "normalized_frobenius": 0.6706168055534363, "seconds": 0.11890378594398499}
{"stage": "jacobian", "checkpoint": "step13000", "completed": 61, "total": 100, "token": " 1864", "rho": 0.951645016670227, "alpha": 0.951645016670227, "lyapunov_last_256": -0.049565977179664836, "normalized_frobenius": 0.6706169247627258, "seconds": 0.1279657632112503}
{"stage": "jacobian", "checkpoint": "step13000", "completed": 62, "total": 100, "token": "othe", "rho": 0.9516448378562927, "alpha": 0.9516448378562927, "lyapunov_last_256": -0.04956595564919112, "normalized_frobenius": 0.6706168055534363, "seconds": 0.11319835111498833}
{"stage": "jacobian", "checkpoint": "step13000", "completed": 63, "total": 100, "token": " notion", "rho": 0.9516441226005554, "alpha": 0.9516441226005554, "lyapunov_last_256": -0.04956595197926295, "normalized_frobenius": 0.670616865158081, "seconds": 0.13737433776259422}
{"stage": "jacobian", "checkpoint": "step13000", "completed": 64, "total": 100, "token": " publicity", "rho": 0.9516430497169495, "alpha": 0.9516430497169495, "lyapunov_last_256": -0.049565967882287475, "normalized_frobenius": 0.670616865158081, "seconds": 0.1358313038945198}
{"stage": "jacobian", "checkpoint": "step13000", "completed": 65, "total": 100, "token": " disguised", "rho": 0.951643168926239, "alpha": 0.951643168926239, "lyapunov_last_256": -0.04956596127641571, "normalized_frobenius": 0.6706169247627258, "seconds": 0.11337409913539886}
{"stage": "jacobian", "checkpoint": "step13000", "completed": 66, "total": 100, "token": " routine", "rho": 0.9516451954841614, "alpha": 0.9516451954841614, "lyapunov_last_256": -0.049565953447234065, "normalized_frobenius": 0.6706168055534363, "seconds": 0.1113477386534214}
{"stage": "jacobian", "checkpoint": "step13000", "completed": 67, "total": 100, "token": " Panama", "rho": 0.9516428709030151, "alpha": 0.9516428709030151, "lyapunov_last_256": -0.04956598329598729, "normalized_frobenius": 0.6706168055534363, "seconds": 0.10502002388238907}
{"stage": "jacobian", "checkpoint": "step13000", "completed": 68, "total": 100, "token": " happening", "rho": 0.9516437649726868, "alpha": 0.9516437649726868, "lyapunov_last_256": -0.04956595687250105, "normalized_frobenius": 0.670616865158081, "seconds": 0.11843105405569077}
{"stage": "jacobian", "checkpoint": "step13000", "completed": 69, "total": 100, "token": "ending", "rho": 0.951644778251648, "alpha": 0.951644778251648, "lyapunov_last_256": -0.04956597032890666, "normalized_frobenius": 0.670616865158081, "seconds": 0.12252028286457062}
{"stage": "jacobian", "checkpoint": "step13000", "completed": 70, "total": 100, "token": " paved", "rho": 0.9516435265541077, "alpha": 0.9516435265541077, "lyapunov_last_256": -0.049565937299548064, "normalized_frobenius": 0.6706168055534363, "seconds": 0.12137069553136826}
{"stage": "jacobian", "checkpoint": "step13000", "completed": 71, "total": 100, "token": " bu", "rho": 0.9516459107398987, "alpha": 0.9516459107398987, "lyapunov_last_256": -0.049565983785312275, "normalized_frobenius": 0.6706168055534363, "seconds": 0.1174791119992733}
{"stage": "jacobian", "checkpoint": "step13000", "completed": 72, "total": 100, "token": " crucial", "rho": 0.9516411423683167, "alpha": 0.9516411423683167, "lyapunov_last_256": -0.04956597375417217, "normalized_frobenius": 0.6706168055534363, "seconds": 0.12888390198349953}
{"stage": "jacobian", "checkpoint": "step13000", "completed": 73, "total": 100, "token": "ographical", "rho": 0.9516422152519226, "alpha": 0.9516422152519226, "lyapunov_last_256": -0.04956594586273302, "normalized_frobenius": 0.670616865158081, "seconds": 0.11067204922437668}
{"stage": "jacobian", "checkpoint": "step13000", "completed": 74, "total": 100, "token": " Hunter", "rho": 0.9516433477401733, "alpha": 0.9516433477401733, "lyapunov_last_256": -0.049565965435667984, "normalized_frobenius": 0.670616865158081, "seconds": 0.11995872110128403}
{"stage": "jacobian", "checkpoint": "step13000", "completed": 75, "total": 100, "token": " Thailand", "rho": 0.9516439437866211, "alpha": 0.9516439437866211, "lyapunov_last_256": -0.04956595613851903, "normalized_frobenius": 0.6706169247627258, "seconds": 0.13336455821990967}
{"stage": "jacobian", "checkpoint": "step13000", "completed": 76, "total": 100, "token": " options", "rho": 0.9516415596008301, "alpha": 0.9516415596008301, "lyapunov_last_256": -0.04956596665897783, "normalized_frobenius": 0.670616865158081, "seconds": 0.10641171783208847}
{"stage": "jacobian", "checkpoint": "step13000", "completed": 77, "total": 100, "token": " thereby", "rho": 0.9516425728797913, "alpha": 0.9516425728797913, "lyapunov_last_256": -0.049565934118944596, "normalized_frobenius": 0.6706168055534363, "seconds": 0.11023388057947159}
{"stage": "jacobian", "checkpoint": "step13000", "completed": 78, "total": 100, "token": " Å", "rho": 0.9516449570655823, "alpha": 0.9516449570655823, "lyapunov_last_256": -0.049565953936557855, "normalized_frobenius": 0.6706169247627258, "seconds": 0.12167609855532646}
{"stage": "jacobian", "checkpoint": "step13000", "completed": 79, "total": 100, "token": " supports", "rho": 0.9516457319259644, "alpha": 0.9516457319259644, "lyapunov_last_256": -0.04956594659670073, "normalized_frobenius": 0.6706168055534363, "seconds": 0.13357361406087875}
{"stage": "jacobian", "checkpoint": "step13000", "completed": 80, "total": 100, "token": " knows", "rho": 0.9516448974609375, "alpha": 0.9516448974609375, "lyapunov_last_256": -0.04956595613851538, "normalized_frobenius": 0.6706168055534363, "seconds": 0.13887698203325272}
{"stage": "jacobian", "checkpoint": "step13000", "completed": 81, "total": 100, "token": "rum", "rho": 0.951636016368866, "alpha": 0.951636016368866, "lyapunov_last_256": -0.04956596054242935, "normalized_frobenius": 0.6706169247627258, "seconds": 0.11294728517532349}
{"stage": "jacobian", "checkpoint": "step13000", "completed": 82, "total": 100, "token": " Son", "rho": 0.9516435265541077, "alpha": 0.9516435265541077, "lyapunov_last_256": -0.04956594904332041, "normalized_frobenius": 0.670616865158081, "seconds": 0.13045599684119225}
{"stage": "jacobian", "checkpoint": "step13000", "completed": 83, "total": 100, "token": " impressed", "rho": 0.9516399502754211, "alpha": 0.9516399502754211, "lyapunov_last_256": -0.049565962010401775, "normalized_frobenius": 0.670616865158081, "seconds": 0.11628735810518265}
{"stage": "jacobian", "checkpoint": "step13000", "completed": 84, "total": 100, "token": " smooth", "rho": 0.9516457915306091, "alpha": 0.9516457915306091, "lyapunov_last_256": -0.04956597106289212, "normalized_frobenius": 0.6706169247627258, "seconds": 0.12028639018535614}
{"stage": "jacobian", "checkpoint": "step13000", "completed": 85, "total": 100, "token": "igo", "rho": 0.9516436457633972, "alpha": 0.9516436457633972, "lyapunov_last_256": -0.04956598231733923, "normalized_frobenius": 0.670616865158081, "seconds": 0.12981919199228287}
{"stage": "jacobian", "checkpoint": "step13000", "completed": 86, "total": 100, "token": " Coleman", "rho": 0.9516429901123047, "alpha": 0.9516429901123047, "lyapunov_last_256": -0.04956595858513462, "normalized_frobenius": 0.670616865158081, "seconds": 0.1125200130045414}
{"stage": "jacobian", "checkpoint": "step13000", "completed": 87, "total": 100, "token": " arriving", "rho": 0.9516428112983704, "alpha": 0.9516428112983704, "lyapunov_last_256": -0.04956594415008126, "normalized_frobenius": 0.6706169247627258, "seconds": 0.11207327619194984}
{"stage": "jacobian", "checkpoint": "step13000", "completed": 88, "total": 100, "token": " Gab", "rho": 0.951643168926239, "alpha": 0.951643168926239, "lyapunov_last_256": -0.049565944394743856, "normalized_frobenius": 0.6706169247627258, "seconds": 0.11258174106478691}
{"stage": "jacobian", "checkpoint": "step13000", "completed": 89, "total": 100, "token": " speech", "rho": 0.9516434073448181, "alpha": 0.9516434073448181, "lyapunov_last_256": -0.04956595638317687, "normalized_frobenius": 0.670616865158081, "seconds": 0.12349550053477287}
{"stage": "jacobian", "checkpoint": "step13000", "completed": 90, "total": 100, "token": " Ho", "rho": 0.9516419768333435, "alpha": 0.9516419768333435, "lyapunov_last_256": -0.04956597057356831, "normalized_frobenius": 0.6706168055534363, "seconds": 0.13382179662585258}
{"stage": "jacobian", "checkpoint": "step13000", "completed": 91, "total": 100, "token": " involved", "rho": 0.9516434669494629, "alpha": 0.9516434669494629, "lyapunov_last_256": -0.0495659727755259, "normalized_frobenius": 0.670616865158081, "seconds": 0.10590481385588646}
{"stage": "jacobian", "checkpoint": "step13000", "completed": 92, "total": 100, "token": " entered", "rho": 0.951640248298645, "alpha": 0.951640248298645, "lyapunov_last_256": -0.04956596886093442, "normalized_frobenius": 0.6706169247627258, "seconds": 0.1224101185798645}
{"stage": "jacobian", "checkpoint": "step13000", "completed": 93, "total": 100, "token": " track", "rho": 0.9516443014144897, "alpha": 0.9516443014144897, "lyapunov_last_256": -0.04956595051129103, "normalized_frobenius": 0.6706168055534363, "seconds": 0.1353699192404747}
{"stage": "jacobian", "checkpoint": "step13000", "completed": 94, "total": 100, "token": " 1", "rho": 0.9516434073448181, "alpha": 0.9516434073448181, "lyapunov_last_256": -0.049565945128729166, "normalized_frobenius": 0.670616865158081, "seconds": 0.13054712489247322}
{"stage": "jacobian", "checkpoint": "step13000", "completed": 95, "total": 100, "token": " use", "rho": 0.9516425132751465, "alpha": 0.9516425132751465, "lyapunov_last_256": -0.049565969105596935, "normalized_frobenius": 0.670616865158081, "seconds": 0.12070348858833313}
{"stage": "jacobian", "checkpoint": "step13000", "completed": 96, "total": 100, "token": " million", "rho": 0.9516395330429077, "alpha": 0.9516395330429077, "lyapunov_last_256": -0.049565953691896564, "normalized_frobenius": 0.670616865158081, "seconds": 0.1235855296254158}
{"stage": "jacobian", "checkpoint": "step13000", "completed": 97, "total": 100, "token": " Civil", "rho": 0.9516403079032898, "alpha": 0.9516403079032898, "lyapunov_last_256": -0.049565946352039106, "normalized_frobenius": 0.670616865158081, "seconds": 0.11751871183514595}
{"stage": "jacobian", "checkpoint": "step13000", "completed": 98, "total": 100, "token": " bass", "rho": 0.9516456127166748, "alpha": 0.9516456127166748, "lyapunov_last_256": -0.04956597179687747, "normalized_frobenius": 0.6706169247627258, "seconds": 0.12848737463355064}
{"stage": "jacobian", "checkpoint": "step13000", "completed": 99, "total": 100, "token": "ium", "rho": 0.9516433477401733, "alpha": 0.9516433477401733, "lyapunov_last_256": -0.04956596714830124, "normalized_frobenius": 0.6706168055534363, "seconds": 0.12832817435264587}
{"stage": "jacobian", "checkpoint": "step13000", "completed": 100, "total": 100, "token": " roles", "rho": 0.9516406059265137, "alpha": 0.9516406059265137, "lyapunov_last_256": -0.049565951000615976, "normalized_frobenius": 0.670616865158081, "seconds": 0.12142175436019897}
{"stage": "dynamics_lyapunov", "dynamic_step": 256}
{"stage": "dynamics_lyapunov", "dynamic_step": 512}
{"stage": "dynamics_lyapunov", "dynamic_step": 768}
{"stage": "dynamics_lyapunov", "dynamic_step": 1024}
{"stage": "jacobian", "checkpoint": "step21000", "completed": 1, "total": 100, "token": "locations", "rho": 1.0157002210617065, "alpha": 1.005954623222351, "lyapunov_last_256": 0.014311138241188643, "normalized_frobenius": 0.701678454875946, "seconds": 0.19089443609118462}
{"stage": "jacobian", "checkpoint": "step21000", "completed": 2, "total": 100, "token": " 449", "rho": 1.0714688301086426, "alpha": 1.0573736429214478, "lyapunov_last_256": 0.028858771233394614, "normalized_frobenius": 0.725043535232544, "seconds": 0.18316153436899185}
{"stage": "jacobian", "checkpoint": "step21000", "completed": 3, "total": 100, "token": "completion", "rho": 1.0710574388504028, "alpha": 1.0692683458328247, "lyapunov_last_256": 0.030958637599506483, "normalized_frobenius": 0.7086033225059509, "seconds": 0.17351588979363441}
{"stage": "jacobian", "checkpoint": "step21000", "completed": 4, "total": 100, "token": "Py", "rho": 1.0606693029403687, "alpha": 1.0606693029403687, "lyapunov_last_256": 0.029782450561849035, "normalized_frobenius": 0.6897132992744446, "seconds": 0.12966306880116463}
{"stage": "jacobian", "checkpoint": "step21000", "completed": 5, "total": 100, "token": " circumference", "rho": 1.1279712915420532, "alpha": 1.1262824535369873, "lyapunov_last_256": 0.03281254346310808, "normalized_frobenius": 0.7531483173370361, "seconds": 0.12571046128869057}
{"stage": "jacobian", "checkpoint": "step21000", "completed": 6, "total": 100, "token": " involuntary", "rho": 1.0121972560882568, "alpha": 1.0048012733459473, "lyapunov_last_256": 0.028226864502646998, "normalized_frobenius": 0.6863777041435242, "seconds": 0.13920260965824127}
{"stage": "jacobian", "checkpoint": "step21000", "completed": 7, "total": 100, "token": "立", "rho": 1.093489646911621, "alpha": 1.0608088970184326, "lyapunov_last_256": 0.019345419759800815, "normalized_frobenius": 0.7220709919929504, "seconds": 0.11117203533649445}
{"stage": "jacobian", "checkpoint": "step21000", "completed": 8, "total": 100, "token": " CAD", "rho": 1.0520983934402466, "alpha": 1.0490227937698364, "lyapunov_last_256": 0.025195828764672364, "normalized_frobenius": 0.7107217311859131, "seconds": 0.11085021123290062}
{"stage": "jacobian", "checkpoint": "step21000", "completed": 9, "total": 100, "token": "alen", "rho": 1.109972596168518, "alpha": 1.109921932220459, "lyapunov_last_256": 0.012174027356910809, "normalized_frobenius": 0.7374570369720459, "seconds": 0.11264665052294731}
{"stage": "jacobian", "checkpoint": "step21000", "completed": 10, "total": 100, "token": " Nokia", "rho": 1.0307190418243408, "alpha": 1.0307190418243408, "lyapunov_last_256": 0.0287609757178302, "normalized_frobenius": 0.6980275511741638, "seconds": 0.10840808600187302}
{"stage": "jacobian", "checkpoint": "step21000", "completed": 11, "total": 100, "token": "sidered", "rho": 1.078139305114746, "alpha": 1.073808193206787, "lyapunov_last_256": 0.01870785071723834, "normalized_frobenius": 0.7037740349769592, "seconds": 0.12007085606455803}
{"stage": "jacobian", "checkpoint": "step21000", "completed": 12, "total": 100, "token": "second", "rho": 1.1027538776397705, "alpha": 1.1027538776397705, "lyapunov_last_256": 0.02121054597333007, "normalized_frobenius": 0.7420552968978882, "seconds": 0.11562185734510422}
{"stage": "jacobian", "checkpoint": "step21000", "completed": 13, "total": 100, "token": " diagrams", "rho": 1.0976077318191528, "alpha": 1.0934698581695557, "lyapunov_last_256": 0.027904614270208565, "normalized_frobenius": 0.7315732836723328, "seconds": 0.12716485187411308}
{"stage": "jacobian", "checkpoint": "step21000", "completed": 14, "total": 100, "token": " permeability", "rho": 1.0741292238235474, "alpha": 1.0741292238235474, "lyapunov_last_256": 0.03751154274008155, "normalized_frobenius": 0.7319815754890442, "seconds": 0.1364644169807434}
{"stage": "jacobian", "checkpoint": "step21000", "completed": 15, "total": 100, "token": " LE", "rho": 1.0117632150650024, "alpha": 1.0095350742340088, "lyapunov_last_256": 0.012644027194680673, "normalized_frobenius": 0.7017942070960999, "seconds": 0.11908013746142387}
{"stage": "jacobian", "checkpoint": "step21000", "completed": 16, "total": 100, "token": "urdy", "rho": 1.0429280996322632, "alpha": 1.0412280559539795, "lyapunov_last_256": 0.025440731044300977, "normalized_frobenius": 0.7103418111801147, "seconds": 0.12558536976575851}
{"stage": "jacobian", "checkpoint": "step21000", "completed": 17, "total": 100, "token": " 510", "rho": 1.0743426084518433, "alpha": 1.0743426084518433, "lyapunov_last_256": 0.023328530097057737, "normalized_frobenius": 0.7041136622428894, "seconds": 0.12213443219661713}
{"stage": "jacobian", "checkpoint": "step21000", "completed": 18, "total": 100, "token": "ochem", "rho": 1.0296244621276855, "alpha": 1.0296244621276855, "lyapunov_last_256": 0.018921283988163312, "normalized_frobenius": 0.6736666560173035, "seconds": 0.11162957921624184}
{"stage": "jacobian", "checkpoint": "step21000", "completed": 19, "total": 100, "token": " phyt", "rho": 1.0699650049209595, "alpha": 1.0699650049209595, "lyapunov_last_256": 0.026511394613970757, "normalized_frobenius": 0.7039966583251953, "seconds": 0.11072131618857384}
{"stage": "jacobian", "checkpoint": "step21000", "completed": 20, "total": 100, "token": " filings", "rho": 1.1272494792938232, "alpha": 1.1272494792938232, "lyapunov_last_256": 0.032147637114933694, "normalized_frobenius": 0.7204293608665466, "seconds": 0.11433546617627144}
{"stage": "jacobian", "checkpoint": "step21000", "completed": 21, "total": 100, "token": " helical", "rho": 1.0606061220169067, "alpha": 1.0606061220169067, "lyapunov_last_256": 0.027630515226706082, "normalized_frobenius": 0.6904884576797485, "seconds": 0.1283528134226799}
{"stage": "jacobian", "checkpoint": "step21000", "completed": 22, "total": 100, "token": " interplay", "rho": 1.0058684349060059, "alpha": 0.9995825290679932, "lyapunov_last_256": 0.0294289609996461, "normalized_frobenius": 0.6829091906547546, "seconds": 0.13014636561274529}
{"stage": "jacobian", "checkpoint": "step21000", "completed": 23, "total": 100, "token": "cies", "rho": 1.044621229171753, "alpha": 1.0430893898010254, "lyapunov_last_256": 0.024531554672560525, "normalized_frobenius": 0.723412275314331, "seconds": 0.12671344354748726}
{"stage": "jacobian", "checkpoint": "step21000", "completed": 24, "total": 100, "token": " harmonic", "rho": 1.0463073253631592, "alpha": 1.0461965799331665, "lyapunov_last_256": 0.02070727036913549, "normalized_frobenius": 0.7140234112739563, "seconds": 0.11180949211120605}
{"stage": "jacobian", "checkpoint": "step21000", "completed": 25, "total": 100, "token": " inactivated", "rho": 1.1221706867218018, "alpha": 1.1221706867218018, "lyapunov_last_256": 0.01614667896051286, "normalized_frobenius": 0.7284737825393677, "seconds": 0.10954129323363304}
{"stage": "jacobian", "checkpoint": "step21000", "completed": 26, "total": 100, "token": " Maintenance", "rho": 1.0601009130477905, "alpha": 1.016508936882019, "lyapunov_last_256": 0.023011007225795837, "normalized_frobenius": 0.7123714089393616, "seconds": 0.112661924213171}
{"stage": "jacobian", "checkpoint": "step21000", "completed": 27, "total": 100, "token": " pend", "rho": 1.0882238149642944, "alpha": 1.0840051174163818, "lyapunov_last_256": 0.021649726662451123, "normalized_frobenius": 0.7674676179885864, "seconds": 0.10771452635526657}
{"stage": "jacobian", "checkpoint": "step21000", "completed": 28, "total": 100, "token": " Pretty", "rho": 1.0397307872772217, "alpha": 1.038900375366211, "lyapunov_last_256": 0.001187513867498588, "normalized_frobenius": 0.7126948237419128, "seconds": 0.12924016267061234}
{"stage": "jacobian", "checkpoint": "step21000", "completed": 29, "total": 100, "token": " 580", "rho": 1.0309642553329468, "alpha": 1.0291848182678223, "lyapunov_last_256": 0.032015987766486696, "normalized_frobenius": 0.7121519446372986, "seconds": 0.10733389854431152}
{"stage": "jacobian", "checkpoint": "step21000", "completed": 30, "total": 100, "token": "CH", "rho": 1.0431147813796997, "alpha": 1.0431147813796997, "lyapunov_last_256": 0.03636395154568793, "normalized_frobenius": 0.699155867099762, "seconds": 0.13089214265346527}
{"stage": "jacobian", "checkpoint": "step21000", "completed": 31, "total": 100, "token": "PI", "rho": 1.001204013824463, "alpha": 0.9969158172607422, "lyapunov_last_256": 0.014554603455554354, "normalized_frobenius": 0.6800061464309692, "seconds": 0.11918837204575539}
{"stage": "jacobian", "checkpoint": "step21000", "completed": 32, "total": 100, "token": " shaping", "rho": 1.0830656290054321, "alpha": 1.0830656290054321, "lyapunov_last_256": 0.018797315713366822, "normalized_frobenius": 0.7448447942733765, "seconds": 0.11966747045516968}
{"stage": "jacobian", "checkpoint": "step21000", "completed": 33, "total": 100, "token": " exams", "rho": 1.0440737009048462, "alpha": 1.0440737009048462, "lyapunov_last_256": 0.02088403529572311, "normalized_frobenius": 0.7117490172386169, "seconds": 0.13474996015429497}
{"stage": "jacobian", "checkpoint": "step21000", "completed": 34, "total": 100, "token": "ilipp", "rho": 1.0290645360946655, "alpha": 1.0290558338165283, "lyapunov_last_256": 0.013683539340275375, "normalized_frobenius": 0.6879733204841614, "seconds": 0.12019280344247818}
{"stage": "jacobian", "checkpoint": "step21000", "completed": 35, "total": 100, "token": "essential", "rho": 1.0485211610794067, "alpha": 1.0434715747833252, "lyapunov_last_256": 0.023664686092502427, "normalized_frobenius": 0.6992388963699341, "seconds": 0.11976433172821999}
{"stage": "jacobian", "checkpoint": "step21000", "completed": 36, "total": 100, "token": " Manufact", "rho": 1.0540618896484375, "alpha": 1.0540618896484375, "lyapunov_last_256": 0.025114983179264017, "normalized_frobenius": 0.7073068022727966, "seconds": 0.11497562378644943}
{"stage": "jacobian", "checkpoint": "step21000", "completed": 37, "total": 100, "token": "christ", "rho": 1.0167511701583862, "alpha": 1.013425350189209, "lyapunov_last_256": 0.01763976262639399, "normalized_frobenius": 0.7202648520469666, "seconds": 0.11963335797190666}
{"stage": "jacobian", "checkpoint": "step21000", "completed": 38, "total": 100, "token": "omed", "rho": 1.0451478958129883, "alpha": 1.0446364879608154, "lyapunov_last_256": 0.026642931566470428, "normalized_frobenius": 0.6964208483695984, "seconds": 0.11752252280712128}
{"stage": "jacobian", "checkpoint": "step21000", "completed": 39, "total": 100, "token": "umu", "rho": 1.0189789533615112, "alpha": 1.0168464183807373, "lyapunov_last_256": 0.022464028289377005, "normalized_frobenius": 0.6935285925865173, "seconds": 0.10381411388516426}
{"stage": "jacobian", "checkpoint": "step21000", "completed": 40, "total": 100, "token": " tonight", "rho": 1.0546554327011108, "alpha": 1.0465800762176514, "lyapunov_last_256": 0.015036286422027846, "normalized_frobenius": 0.7238674759864807, "seconds": 0.12498865649104118}
{"stage": "jacobian", "checkpoint": "step21000", "completed": 41, "total": 100, "token": " geared", "rho": 1.1213176250457764, "alpha": 1.1213176250457764, "lyapunov_last_256": 0.02538847445577676, "normalized_frobenius": 0.7365984916687012, "seconds": 0.14374971762299538}
{"stage": "jacobian", "checkpoint": "step21000", "completed": 42, "total": 100, "token": " trump", "rho": 1.0223522186279297, "alpha": 1.005810260772705, "lyapunov_last_256": 0.014491417320540876, "normalized_frobenius": 0.7091460227966309, "seconds": 0.14265872538089752}
{"stage": "jacobian", "checkpoint": "step21000", "completed": 43, "total": 100, "token": "leman", "rho": 1.0120458602905273, "alpha": 1.007849931716919, "lyapunov_last_256": 0.0015996608568257856, "normalized_frobenius": 0.6837190985679626, "seconds": 0.12123459577560425}
{"stage": "jacobian", "checkpoint": "step21000", "completed": 44, "total": 100, "token": " assortment", "rho": 1.036789894104004, "alpha": 1.032900094985962, "lyapunov_last_256": 0.017833023439059764, "normalized_frobenius": 0.7091816663742065, "seconds": 0.1096237450838089}
{"stage": "jacobian", "checkpoint": "step21000", "completed": 45, "total": 100, "token": " Sew", "rho": 1.0494452714920044, "alpha": 1.0487780570983887, "lyapunov_last_256": 0.008748592749798976, "normalized_frobenius": 0.7187096476554871, "seconds": 0.11234362050890923}
{"stage": "jacobian", "checkpoint": "step21000", "completed": 46, "total": 100, "token": " arresting", "rho": 1.0469127893447876, "alpha": 1.0469127893447876, "lyapunov_last_256": 0.027843919330125658, "normalized_frobenius": 0.7119991183280945, "seconds": 0.1236257441341877}
{"stage": "jacobian", "checkpoint": "step21000", "completed": 47, "total": 100, "token": " assertion", "rho": 0.9731886982917786, "alpha": 0.9660669565200806, "lyapunov_last_256": 0.020539124371942694, "normalized_frobenius": 0.6799802780151367, "seconds": 0.13563989102840424}
{"stage": "jacobian", "checkpoint": "step21000", "completed": 48, "total": 100, "token": " unemployed", "rho": 1.0852093696594238, "alpha": 1.0802736282348633, "lyapunov_last_256": 0.021099720589625517, "normalized_frobenius": 0.747934103012085, "seconds": 0.11389109864830971}
{"stage": "jacobian", "checkpoint": "step21000", "completed": 49, "total": 100, "token": " outgoing", "rho": 1.042437195777893, "alpha": 1.042189598083496, "lyapunov_last_256": 0.008058973128094213, "normalized_frobenius": 0.6881207227706909, "seconds": 0.11430292576551437}
{"stage": "jacobian", "checkpoint": "step21000", "completed": 50, "total": 100, "token": " floated", "rho": 1.075485110282898, "alpha": 1.075485110282898, "lyapunov_last_256": 0.041318499202284184, "normalized_frobenius": 0.7230687141418457, "seconds": 0.11769091337919235}
{"stage": "jacobian", "checkpoint": "step21000", "completed": 51, "total": 100, "token": " portable", "rho": 1.0236326456069946, "alpha": 1.012702226638794, "lyapunov_last_256": 0.021878330735234274, "normalized_frobenius": 0.6903581023216248, "seconds": 0.1328856237232685}
{"stage": "jacobian", "checkpoint": "step21000", "completed": 52, "total": 100, "token": "olev", "rho": 1.1988232135772705, "alpha": 1.1988232135772705, "lyapunov_last_256": 0.023725886059075406, "normalized_frobenius": 0.7161341905593872, "seconds": 0.12380008399486542}
{"stage": "jacobian", "checkpoint": "step21000", "completed": 53, "total": 100, "token": " Bread", "rho": 1.0580084323883057, "alpha": 1.0580084323883057, "lyapunov_last_256": 0.01907096586440488, "normalized_frobenius": 0.7062193751335144, "seconds": 0.12869703024625778}
{"stage": "jacobian", "checkpoint": "step21000", "completed": 54, "total": 100, "token": " Alban", "rho": 1.0714081525802612, "alpha": 1.071237325668335, "lyapunov_last_256": 0.02667023755523408, "normalized_frobenius": 0.730810821056366, "seconds": 0.16501906886696815}
{"stage": "jacobian", "checkpoint": "step21000", "completed": 55, "total": 100, "token": "gae", "rho": 1.0288158655166626, "alpha": 1.0288158655166626, "lyapunov_last_256": 0.022270984739366298, "normalized_frobenius": 0.7233444452285767, "seconds": 0.15191515535116196}
{"stage": "jacobian", "checkpoint": "step21000", "completed": 56, "total": 100, "token": " thorough", "rho": 1.0243674516677856, "alpha": 1.015042781829834, "lyapunov_last_256": 0.019374299769658012, "normalized_frobenius": 0.7059140801429749, "seconds": 0.14648153260350227}
{"stage": "jacobian", "checkpoint": "step21000", "completed": 57, "total": 100, "token": " integration", "rho": 1.095866322517395, "alpha": 1.095866322517395, "lyapunov_last_256": 0.0331645578797269, "normalized_frobenius": 0.699506402015686, "seconds": 0.1280853971838951}
{"stage": "jacobian", "checkpoint": "step21000", "completed": 58, "total": 100, "token": " sits", "rho": 0.984151303768158, "alpha": 0.9779149889945984, "lyapunov_last_256": 0.019920654273380533, "normalized_frobenius": 0.6827326416969299, "seconds": 0.10547121986746788}
{"stage": "jacobian", "checkpoint": "step21000", "completed": 59, "total": 100, "token": " nit", "rho": 1.0956820249557495, "alpha": 1.0956820249557495, "lyapunov_last_256": 0.025871110518513225, "normalized_frobenius": 0.7377785444259644, "seconds": 0.10951941460371017}
{"stage": "jacobian", "checkpoint": "step21000", "completed": 60, "total": 100, "token": " drifting", "rho": 1.0192190408706665, "alpha": 1.0149823427200317, "lyapunov_last_256": 0.020917518021819216, "normalized_frobenius": 0.6891217827796936, "seconds": 0.11083560064435005}
{"stage": "jacobian", "checkpoint": "step21000", "completed": 61, "total": 100, "token": " 1864", "rho": 1.0927728414535522, "alpha": 1.0927728414535522, "lyapunov_last_256": 0.004859149442410335, "normalized_frobenius": 0.7237688302993774, "seconds": 0.11312127485871315}
{"stage": "jacobian", "checkpoint": "step21000", "completed": 62, "total": 100, "token": "othe", "rho": 1.0161699056625366, "alpha": 1.0161699056625366, "lyapunov_last_256": 0.015585053935963229, "normalized_frobenius": 0.6944922804832458, "seconds": 0.10909390449523926}
{"stage": "jacobian", "checkpoint": "step21000", "completed": 63, "total": 100, "token": " notion", "rho": 0.9891974925994873, "alpha": 0.9852656722068787, "lyapunov_last_256": 0.032251087079407686, "normalized_frobenius": 0.685448169708252, "seconds": 0.10898777097463608}
{"stage": "jacobian", "checkpoint": "step21000", "completed": 64, "total": 100, "token": " publicity", "rho": 1.0897862911224365, "alpha": 1.0887819528579712, "lyapunov_last_256": 0.022419092522315675, "normalized_frobenius": 0.7466682195663452, "seconds": 0.12170274555683136}
{"stage": "jacobian", "checkpoint": "step21000", "completed": 65, "total": 100, "token": " disguised", "rho": 1.0344321727752686, "alpha": 1.0328973531723022, "lyapunov_last_256": 0.02212659332792445, "normalized_frobenius": 0.7277061343193054, "seconds": 0.11844605207443237}
{"stage": "jacobian", "checkpoint": "step21000", "completed": 66, "total": 100, "token": " routine", "rho": 0.9992442727088928, "alpha": 0.9990512132644653, "lyapunov_last_256": 0.0011445468289885269, "normalized_frobenius": 0.6751965284347534, "seconds": 0.13265856727957726}
{"stage": "jacobian", "checkpoint": "step21000", "completed": 67, "total": 100, "token": " Panama", "rho": 1.0528522729873657, "alpha": 1.0528522729873657, "lyapunov_last_256": 0.0010694417746401653, "normalized_frobenius": 0.6948681473731995, "seconds": 0.1389923132956028}
{"stage": "jacobian", "checkpoint": "step21000", "completed": 68, "total": 100, "token": " happening", "rho": 1.113649606704712, "alpha": 1.1118777990341187, "lyapunov_last_256": 0.024986208415344213, "normalized_frobenius": 0.779863715171814, "seconds": 0.12199150025844574}
{"stage": "jacobian", "checkpoint": "step21000", "completed": 69, "total": 100, "token": "ending", "rho": 1.052514672279358, "alpha": 1.0474073886871338, "lyapunov_last_256": 0.020994336939991476, "normalized_frobenius": 0.7069091796875, "seconds": 0.13981689512729645}
{"stage": "jacobian", "checkpoint": "step21000", "completed": 70, "total": 100, "token": " paved", "rho": 1.0139442682266235, "alpha": 1.0139442682266235, "lyapunov_last_256": 0.019053039013412522, "normalized_frobenius": 0.681632399559021, "seconds": 0.13505448400974274}
{"stage": "jacobian", "checkpoint": "step21000", "completed": 71, "total": 100, "token": " bu", "rho": 1.0552517175674438, "alpha": 1.0552517175674438, "lyapunov_last_256": 0.0022558666271070204, "normalized_frobenius": 0.7132183313369751, "seconds": 0.1369980312883854}
{"stage": "jacobian", "checkpoint": "step21000", "completed": 72, "total": 100, "token": " crucial", "rho": 1.0801262855529785, "alpha": 1.0801262855529785, "lyapunov_last_256": 0.0018433064864675133, "normalized_frobenius": 0.7297679781913757, "seconds": 0.11462148278951645}
{"stage": "jacobian", "checkpoint": "step21000", "completed": 73, "total": 100, "token": "ographical", "rho": 1.0330381393432617, "alpha": 1.0325639247894287, "lyapunov_last_256": 0.02675263861462305, "normalized_frobenius": 0.7113564610481262, "seconds": 0.10675106197595596}
{"stage": "jacobian", "checkpoint": "step21000", "completed": 74, "total": 100, "token": " Hunter", "rho": 1.0992286205291748, "alpha": 1.0992286205291748, "lyapunov_last_256": 0.02827273897944021, "normalized_frobenius": 0.7253371477127075, "seconds": 0.13880551978945732}
{"stage": "jacobian", "checkpoint": "step21000", "completed": 75, "total": 100, "token": " Thailand", "rho": 1.0139633417129517, "alpha": 1.0065375566482544, "lyapunov_last_256": 0.027179969619001678, "normalized_frobenius": 0.6832748055458069, "seconds": 0.11423336714506149}
{"stage": "jacobian", "checkpoint": "step21000", "completed": 76, "total": 100, "token": " options", "rho": 1.0119882822036743, "alpha": 1.0116913318634033, "lyapunov_last_256": 0.015566200975493563, "normalized_frobenius": 0.7037426829338074, "seconds": 0.11359249800443649}
{"stage": "jacobian", "checkpoint": "step21000", "completed": 77, "total": 100, "token": " thereby", "rho": 1.0517934560775757, "alpha": 1.0490200519561768, "lyapunov_last_256": 0.019563778821722163, "normalized_frobenius": 0.7232814431190491, "seconds": 0.11633363366127014}
{"stage": "jacobian", "checkpoint": "step21000", "completed": 78, "total": 100, "token": " Å", "rho": 0.9878528714179993, "alpha": 0.9869667291641235, "lyapunov_last_256": 0.01657619980997968, "normalized_frobenius": 0.6760858297348022, "seconds": 0.13299350440502167}
{"stage": "jacobian", "checkpoint": "step21000", "completed": 79, "total": 100, "token": " supports", "rho": 1.0648051500320435, "alpha": 1.0626966953277588, "lyapunov_last_256": 0.03172864592398631, "normalized_frobenius": 0.7104094624519348, "seconds": 0.14478306472301483}
{"stage": "jacobian", "checkpoint": "step21000", "completed": 80, "total": 100, "token": " knows", "rho": 1.0291165113449097, "alpha": 1.0237001180648804, "lyapunov_last_256": 0.030548562155269545, "normalized_frobenius": 0.7211392521858215, "seconds": 0.12983454763889313}
{"stage": "jacobian", "checkpoint": "step21000", "completed": 81, "total": 100, "token": "rum", "rho": 1.0037639141082764, "alpha": 1.001479983329773, "lyapunov_last_256": 0.012379369062438769, "normalized_frobenius": 0.6854376792907715, "seconds": 0.10964217409491539}
{"stage": "jacobian", "checkpoint": "step21000", "completed": 82, "total": 100, "token": " Son", "rho": 1.0900158882141113, "alpha": 1.0818780660629272, "lyapunov_last_256": 0.029449144872454723, "normalized_frobenius": 0.7497745752334595, "seconds": 0.1166488416492939}
{"stage": "jacobian", "checkpoint": "step21000", "completed": 83, "total": 100, "token": " impressed", "rho": 1.0202165842056274, "alpha": 1.0198488235473633, "lyapunov_last_256": 0.022202147220371598, "normalized_frobenius": 0.6763293743133545, "seconds": 0.13125017285346985}
{"stage": "jacobian", "checkpoint": "step21000", "completed": 84, "total": 100, "token": " smooth", "rho": 1.128878116607666, "alpha": 1.128878116607666, "lyapunov_last_256": 0.02788950536954969, "normalized_frobenius": 0.7167659997940063, "seconds": 0.112386804074049}
{"stage": "jacobian", "checkpoint": "step21000", "completed": 85, "total": 100, "token": "igo", "rho": 1.0425664186477661, "alpha": 1.0425664186477661, "lyapunov_last_256": 0.02029080175376823, "normalized_frobenius": 0.6641207933425903, "seconds": 0.11278863623738289}
{"stage": "jacobian", "checkpoint": "step21000", "completed": 86, "total": 100, "token": " Coleman", "rho": 1.1600987911224365, "alpha": 1.1600987911224365, "lyapunov_last_256": 0.027449281281561023, "normalized_frobenius": 0.7192595601081848, "seconds": 0.13038641959428787}
{"stage": "jacobian", "checkpoint": "step21000", "completed": 87, "total": 100, "token": " arriving", "rho": 0.9908655285835266, "alpha": 0.9904400110244751, "lyapunov_last_256": 0.02433508147040062, "normalized_frobenius": 0.6844214797019958, "seconds": 0.12188117951154709}
{"stage": "jacobian", "checkpoint": "step21000", "completed": 88, "total": 100, "token": " Gab", "rho": 1.168452501296997, "alpha": 1.168452501296997, "lyapunov_last_256": 0.021665889358083345, "normalized_frobenius": 0.7336633205413818, "seconds": 0.20505690202116966}
{"stage": "jacobian", "checkpoint": "step21000", "completed": 89, "total": 100, "token": " speech", "rho": 1.0891157388687134, "alpha": 1.0891157388687134, "lyapunov_last_256": 0.028939094738157787, "normalized_frobenius": 0.6918168663978577, "seconds": 0.18289275467395782}
{"stage": "jacobian", "checkpoint": "step21000", "completed": 90, "total": 100, "token": " Ho", "rho": 1.0252068042755127, "alpha": 1.0236133337020874, "lyapunov_last_256": 0.016278283818559277, "normalized_frobenius": 0.6930361390113831, "seconds": 0.13189490512013435}
{"stage": "jacobian", "checkpoint": "step21000", "completed": 91, "total": 100, "token": " involved", "rho": 1.0473202466964722, "alpha": 1.0473202466964722, "lyapunov_last_256": 0.0224462141621791, "normalized_frobenius": 0.6872594952583313, "seconds": 0.13010163977742195}
{"stage": "jacobian", "checkpoint": "step21000", "completed": 92, "total": 100, "token": " entered", "rho": 1.0387731790542603, "alpha": 1.0261980295181274, "lyapunov_last_256": 0.0013910354245650043, "normalized_frobenius": 0.7251428961753845, "seconds": 0.11715799942612648}
{"stage": "jacobian", "checkpoint": "step21000", "completed": 93, "total": 100, "token": " track", "rho": 1.0537781715393066, "alpha": 1.0537781715393066, "lyapunov_last_256": 0.03475749381672596, "normalized_frobenius": 0.699751615524292, "seconds": 0.11892891675233841}
{"stage": "jacobian", "checkpoint": "step21000", "completed": 94, "total": 100, "token": " 1", "rho": 1.0243879556655884, "alpha": 1.01533842086792, "lyapunov_last_256": 0.020172884023677683, "normalized_frobenius": 0.7070344686508179, "seconds": 0.13369907066226006}
{"stage": "jacobian", "checkpoint": "step21000", "completed": 95, "total": 100, "token": " use", "rho": 1.0594508647918701, "alpha": 1.0594508647918701, "lyapunov_last_256": 0.02653089733847036, "normalized_frobenius": 0.7263293266296387, "seconds": 0.10254284739494324}
{"stage": "jacobian", "checkpoint": "step21000", "completed": 96, "total": 100, "token": " million", "rho": 0.982656717300415, "alpha": 0.9779552817344666, "lyapunov_last_256": 0.021490295967767536, "normalized_frobenius": 0.6844733953475952, "seconds": 0.12306393310427666}
{"stage": "jacobian", "checkpoint": "step21000", "completed": 97, "total": 100, "token": " Civil", "rho": 1.1162869930267334, "alpha": 1.1162869930267334, "lyapunov_last_256": 0.03644508047533128, "normalized_frobenius": 0.72115558385849, "seconds": 0.11435198038816452}
{"stage": "jacobian", "checkpoint": "step21000", "completed": 98, "total": 100, "token": " bass", "rho": 1.3045741319656372, "alpha": 1.3045741319656372, "lyapunov_last_256": 0.02097865262420137, "normalized_frobenius": 0.7172706723213196, "seconds": 0.12902500107884407}
{"stage": "jacobian", "checkpoint": "step21000", "completed": 99, "total": 100, "token": "ium", "rho": 1.0834805965423584, "alpha": 1.064640760421753, "lyapunov_last_256": 0.03269507446869232, "normalized_frobenius": 0.7349784970283508, "seconds": 0.12560123950242996}
{"stage": "jacobian", "checkpoint": "step21000", "completed": 100, "total": 100, "token": " roles", "rho": 1.035704493522644, "alpha": 1.035704493522644, "lyapunov_last_256": 0.026149237100824875, "normalized_frobenius": 0.6823895573616028, "seconds": 0.18568287044763565}
{"stage": "dynamics_lyapunov", "dynamic_step": 256}
{"stage": "dynamics_lyapunov", "dynamic_step": 512}
{"stage": "dynamics_lyapunov", "dynamic_step": 768}
{"stage": "dynamics_lyapunov", "dynamic_step": 1024}
{"stage": "jacobian", "checkpoint": "step61000", "completed": 1, "total": 100, "token": "locations", "rho": 0.8999069333076477, "alpha": 0.8999069333076477, "lyapunov_last_256": -0.10546921127812504, "normalized_frobenius": 0.5914592742919922, "seconds": 0.1458992436528206}
{"stage": "jacobian", "checkpoint": "step61000", "completed": 2, "total": 100, "token": " 449", "rho": 0.8999032378196716, "alpha": 0.8999032378196716, "lyapunov_last_256": -0.1054628070145834, "normalized_frobenius": 0.5914592742919922, "seconds": 0.14784647896885872}
{"stage": "jacobian", "checkpoint": "step61000", "completed": 3, "total": 100, "token": "completion", "rho": 0.8999056816101074, "alpha": 0.8999056816101074, "lyapunov_last_256": -0.10545606358316172, "normalized_frobenius": 0.5914592742919922, "seconds": 0.13939189910888672}
{"stage": "jacobian", "checkpoint": "step61000", "completed": 4, "total": 100, "token": "Py", "rho": 0.8999058604240417, "alpha": 0.8999058604240417, "lyapunov_last_256": -0.10546883687381028, "normalized_frobenius": 0.5914592146873474, "seconds": 0.11466635391116142}
{"stage": "jacobian", "checkpoint": "step61000", "completed": 5, "total": 100, "token": " circumference", "rho": 0.8999029397964478, "alpha": 0.8999029397964478, "lyapunov_last_256": -0.10547025239133813, "normalized_frobenius": 0.5914592742919922, "seconds": 0.12334199249744415}
{"stage": "jacobian", "checkpoint": "step61000", "completed": 6, "total": 100, "token": " involuntary", "rho": 0.8999049067497253, "alpha": 0.8999049067497253, "lyapunov_last_256": -0.10545857124570712, "normalized_frobenius": 0.5914592146873474, "seconds": 0.1300743892788887}
{"stage": "jacobian", "checkpoint": "step61000", "completed": 7, "total": 100, "token": "立", "rho": 0.8999050259590149, "alpha": 0.8999050259590149, "lyapunov_last_256": -0.10547163611600865, "normalized_frobenius": 0.5914592742919922, "seconds": 0.13032716140151024}
{"stage": "jacobian", "checkpoint": "step61000", "completed": 8, "total": 100, "token": " CAD", "rho": 0.8999059200286865, "alpha": 0.8999059200286865, "lyapunov_last_256": -0.10546456516699561, "normalized_frobenius": 0.5914592742919922, "seconds": 0.12465877830982208}
{"stage": "jacobian", "checkpoint": "step61000", "completed": 9, "total": 100, "token": "alen", "rho": 0.8999040722846985, "alpha": 0.8999040722846985, "lyapunov_last_256": -0.10546931986650362, "normalized_frobenius": 0.5914592742919922, "seconds": 0.13443796336650848}
{"stage": "jacobian", "checkpoint": "step61000", "completed": 10, "total": 100, "token": " Nokia", "rho": 0.8999037146568298, "alpha": 0.8999037146568298, "lyapunov_last_256": -0.10546992832821542, "normalized_frobenius": 0.5914592742919922, "seconds": 0.20724378526210785}
{"stage": "jacobian", "checkpoint": "step61000", "completed": 11, "total": 100, "token": "sidered", "rho": 0.8999080657958984, "alpha": 0.8999080657958984, "lyapunov_last_256": -0.10555347925972768, "normalized_frobenius": 0.5914592742919922, "seconds": 0.2209256775677204}
{"stage": "jacobian", "checkpoint": "step61000", "completed": 12, "total": 100, "token": "second", "rho": 0.8999062776565552, "alpha": 0.8999062776565552, "lyapunov_last_256": -0.10547610490339024, "normalized_frobenius": 0.5914592742919922, "seconds": 0.13378240913152695}
{"stage": "jacobian", "checkpoint": "step61000", "completed": 13, "total": 100, "token": " diagrams", "rho": 0.8999050259590149, "alpha": 0.8999050259590149, "lyapunov_last_256": -0.10547483702432504, "normalized_frobenius": 0.5914592742919922, "seconds": 0.13806059211492538}
{"stage": "jacobian", "checkpoint": "step61000", "completed": 14, "total": 100, "token": " permeability", "rho": 0.8999044299125671, "alpha": 0.8999044299125671, "lyapunov_last_256": -0.10548847392269516, "normalized_frobenius": 0.5914592742919922, "seconds": 0.13868271559476852}
{"stage": "jacobian", "checkpoint": "step61000", "completed": 15, "total": 100, "token": " LE", "rho": 0.8999077081680298, "alpha": 0.8999077081680298, "lyapunov_last_256": -0.10547709041906633, "normalized_frobenius": 0.5914592742919922, "seconds": 0.12954695895314217}
{"stage": "jacobian", "checkpoint": "step61000", "completed": 16, "total": 100, "token": "urdy", "rho": 0.8999046087265015, "alpha": 0.8999046087265015, "lyapunov_last_256": -0.10546788060039645, "normalized_frobenius": 0.5914592742919922, "seconds": 0.15669574588537216}
{"stage": "jacobian", "checkpoint": "step61000", "completed": 17, "total": 100, "token": " 510", "rho": 0.8999027013778687, "alpha": 0.8999027013778687, "lyapunov_last_256": -0.10545962116552776, "normalized_frobenius": 0.5914592742919922, "seconds": 0.1337669938802719}
{"stage": "jacobian", "checkpoint": "step61000", "completed": 18, "total": 100, "token": "ochem", "rho": 0.8999035954475403, "alpha": 0.8999035954475403, "lyapunov_last_256": -0.1054762993526772, "normalized_frobenius": 0.5914592742919922, "seconds": 0.13222257792949677}
{"stage": "jacobian", "checkpoint": "step61000", "completed": 19, "total": 100, "token": " phyt", "rho": 0.8999048471450806, "alpha": 0.8999048471450806, "lyapunov_last_256": -0.10547251703013759, "normalized_frobenius": 0.5914592742919922, "seconds": 0.13136524707078934}
{"stage": "jacobian", "checkpoint": "step61000", "completed": 20, "total": 100, "token": " filings", "rho": 0.8999056220054626, "alpha": 0.8999056220054626, "lyapunov_last_256": -0.10545326719426343, "normalized_frobenius": 0.5914592742919922, "seconds": 0.11839171126484871}
{"stage": "jacobian", "checkpoint": "step61000", "completed": 21, "total": 100, "token": " helical", "rho": 0.8999101519584656, "alpha": 0.8999101519584656, "lyapunov_last_256": -0.10549284508350538, "normalized_frobenius": 0.5914592742919922, "seconds": 0.1309572234749794}
{"stage": "jacobian", "checkpoint": "step61000", "completed": 22, "total": 100, "token": " interplay", "rho": 0.899904191493988, "alpha": 0.899904191493988, "lyapunov_last_256": -0.10546549982941116, "normalized_frobenius": 0.5914592742919922, "seconds": 0.16179221868515015}
{"stage": "jacobian", "checkpoint": "step61000", "completed": 23, "total": 100, "token": "cies", "rho": 0.8999053239822388, "alpha": 0.8999053239822388, "lyapunov_last_256": -0.10546136101528396, "normalized_frobenius": 0.5914592742919922, "seconds": 0.14184679836034775}
{"stage": "jacobian", "checkpoint": "step61000", "completed": 24, "total": 100, "token": " harmonic", "rho": 0.8999031782150269, "alpha": 0.8999031782150269, "lyapunov_last_256": -0.10546920775532044, "normalized_frobenius": 0.5914592742919922, "seconds": 0.1375473216176033}
{"stage": "jacobian", "checkpoint": "step61000", "completed": 25, "total": 100, "token": " inactivated", "rho": 0.8999068737030029, "alpha": 0.8999068737030029, "lyapunov_last_256": -0.10543853958476407, "normalized_frobenius": 0.591459333896637, "seconds": 0.14503752067685127}
{"stage": "jacobian", "checkpoint": "step61000", "completed": 26, "total": 100, "token": " Maintenance", "rho": 0.8999058604240417, "alpha": 0.8999058604240417, "lyapunov_last_256": -0.10546429955769641, "normalized_frobenius": 0.5914592742919922, "seconds": 0.14045053720474243}
{"stage": "jacobian", "checkpoint": "step61000", "completed": 27, "total": 100, "token": " pend", "rho": 0.8999021053314209, "alpha": 0.8999021053314209, "lyapunov_last_256": -0.10544961938067558, "normalized_frobenius": 0.591459333896637, "seconds": 0.14691033586859703}
{"stage": "jacobian", "checkpoint": "step61000", "completed": 28, "total": 100, "token": " Pretty", "rho": 0.8999062180519104, "alpha": 0.8999062180519104, "lyapunov_last_256": -0.1054754358186029, "normalized_frobenius": 0.5914592742919922, "seconds": 0.14556587859988213}
{"stage": "jacobian", "checkpoint": "step61000", "completed": 29, "total": 100, "token": " 580", "rho": 0.8999060988426208, "alpha": 0.8999060988426208, "lyapunov_last_256": -0.1054822338193834, "normalized_frobenius": 0.5914592146873474, "seconds": 0.16299854964017868}
{"stage": "jacobian", "checkpoint": "step61000", "completed": 30, "total": 100, "token": "CH", "rho": 0.8999057412147522, "alpha": 0.8999057412147522, "lyapunov_last_256": -0.10556446107898376, "normalized_frobenius": 0.5914592742919922, "seconds": 0.14189954847097397}
{"stage": "jacobian", "checkpoint": "step61000", "completed": 31, "total": 100, "token": "PI", "rho": 0.8999057412147522, "alpha": 0.8999057412147522, "lyapunov_last_256": -0.10544180834751968, "normalized_frobenius": 0.5914592742919922, "seconds": 0.1443115957081318}
{"stage": "jacobian", "checkpoint": "step61000", "completed": 32, "total": 100, "token": " shaping", "rho": 0.8999037146568298, "alpha": 0.8999037146568298, "lyapunov_last_256": -0.10547827747971066, "normalized_frobenius": 0.5914592742919922, "seconds": 0.12499968335032463}
{"stage": "jacobian", "checkpoint": "step61000", "completed": 33, "total": 100, "token": " exams", "rho": 0.8999046683311462, "alpha": 0.8999046683311462, "lyapunov_last_256": -0.10547402764262694, "normalized_frobenius": 0.5914592742919922, "seconds": 0.13831809908151627}
{"stage": "jacobian", "checkpoint": "step61000", "completed": 34, "total": 100, "token": "ilipp", "rho": 0.8999055027961731, "alpha": 0.8999055027961731, "lyapunov_last_256": -0.10547334245235106, "normalized_frobenius": 0.5914592742919922, "seconds": 0.13045214861631393}
{"stage": "jacobian", "checkpoint": "step61000", "completed": 35, "total": 100, "token": "essential", "rho": 0.8999041318893433, "alpha": 0.8999041318893433, "lyapunov_last_256": -0.10547413108734296, "normalized_frobenius": 0.5914592742919922, "seconds": 0.1456264592707157}
{"stage": "jacobian", "checkpoint": "step61000", "completed": 36, "total": 100, "token": " Manufact", "rho": 0.8999044895172119, "alpha": 0.8999044895172119, "lyapunov_last_256": -0.10548848316217346, "normalized_frobenius": 0.5914592742919922, "seconds": 0.12376153469085693}
{"stage": "jacobian", "checkpoint": "step61000", "completed": 37, "total": 100, "token": "christ", "rho": 0.8999069929122925, "alpha": 0.8999069929122925, "lyapunov_last_256": -0.10549401327414777, "normalized_frobenius": 0.5914592742919922, "seconds": 0.11675145849585533}
{"stage": "jacobian", "checkpoint": "step61000", "completed": 38, "total": 100, "token": "omed", "rho": 0.8999035954475403, "alpha": 0.8999035954475403, "lyapunov_last_256": -0.1054765218644953, "normalized_frobenius": 0.5914592146873474, "seconds": 0.12726546823978424}
{"stage": "jacobian", "checkpoint": "step61000", "completed": 39, "total": 100, "token": "umu", "rho": 0.8999038338661194, "alpha": 0.8999038338661194, "lyapunov_last_256": -0.1054454760786228, "normalized_frobenius": 0.5914592742919922, "seconds": 0.14184707403182983}
{"stage": "jacobian", "checkpoint": "step61000", "completed": 40, "total": 100, "token": " tonight", "rho": 0.8999042510986328, "alpha": 0.8999042510986328, "lyapunov_last_256": -0.10546056197312566, "normalized_frobenius": 0.5914592742919922, "seconds": 0.1150161400437355}
{"stage": "jacobian", "checkpoint": "step61000", "completed": 41, "total": 100, "token": " geared", "rho": 0.8999035358428955, "alpha": 0.8999035358428955, "lyapunov_last_256": -0.1054757306960523, "normalized_frobenius": 0.5914592742919922, "seconds": 0.13120541349053383}
{"stage": "jacobian", "checkpoint": "step61000", "completed": 42, "total": 100, "token": " trump", "rho": 0.8999044299125671, "alpha": 0.8999044299125671, "lyapunov_last_256": -0.10547005105207923, "normalized_frobenius": 0.5914592742919922, "seconds": 0.13171517848968506}
{"stage": "jacobian", "checkpoint": "step61000", "completed": 43, "total": 100, "token": "leman", "rho": 0.8999042510986328, "alpha": 0.8999042510986328, "lyapunov_last_256": -0.10546521813129502, "normalized_frobenius": 0.5914592742919922, "seconds": 0.13622897490859032}
{"stage": "jacobian", "checkpoint": "step61000", "completed": 44, "total": 100, "token": " assortment", "rho": 0.8999027013778687, "alpha": 0.8999027013778687, "lyapunov_last_256": -0.10546666089849598, "normalized_frobenius": 0.5914592742919922, "seconds": 0.14395511150360107}
{"stage": "jacobian", "checkpoint": "step61000", "completed": 45, "total": 100, "token": " Sew", "rho": 0.8999072909355164, "alpha": 0.8999072909355164, "lyapunov_last_256": -0.10547004175599198, "normalized_frobenius": 0.5914592742919922, "seconds": 0.13593631982803345}
{"stage": "jacobian", "checkpoint": "step61000", "completed": 46, "total": 100, "token": " arresting", "rho": 0.899903416633606, "alpha": 0.899903416633606, "lyapunov_last_256": -0.10550218315948134, "normalized_frobenius": 0.5914592742919922, "seconds": 0.15675516054034233}
{"stage": "jacobian", "checkpoint": "step61000", "completed": 47, "total": 100, "token": " assertion", "rho": 0.8999042510986328, "alpha": 0.8999042510986328, "lyapunov_last_256": -0.10546980192953788, "normalized_frobenius": 0.5914592742919922, "seconds": 0.17998608201742172}
{"stage": "jacobian", "checkpoint": "step61000", "completed": 48, "total": 100, "token": " unemployed", "rho": 0.899903416633606, "alpha": 0.899903416633606, "lyapunov_last_256": -0.10546963461476491, "normalized_frobenius": 0.5914592742919922, "seconds": 0.14953598380088806}
{"stage": "jacobian", "checkpoint": "step61000", "completed": 49, "total": 100, "token": " outgoing", "rho": 0.8999030590057373, "alpha": 0.8999030590057373, "lyapunov_last_256": -0.10542141586106257, "normalized_frobenius": 0.5914592742919922, "seconds": 0.13073864206671715}
{"stage": "jacobian", "checkpoint": "step61000", "completed": 50, "total": 100, "token": " floated", "rho": 0.8999051451683044, "alpha": 0.8999051451683044, "lyapunov_last_256": -0.10546610392053522, "normalized_frobenius": 0.5914592146873474, "seconds": 0.13809188827872276}
{"stage": "jacobian", "checkpoint": "step61000", "completed": 51, "total": 100, "token": " portable", "rho": 0.8999032378196716, "alpha": 0.8999032378196716, "lyapunov_last_256": -0.10546329922199249, "normalized_frobenius": 0.5914592742919922, "seconds": 0.1406063809990883}
{"stage": "jacobian", "checkpoint": "step61000", "completed": 52, "total": 100, "token": "olev", "rho": 0.8999030590057373, "alpha": 0.8999030590057373, "lyapunov_last_256": -0.10543638338557286, "normalized_frobenius": 0.5914592742919922, "seconds": 0.14529520273208618}
{"stage": "jacobian", "checkpoint": "step61000", "completed": 53, "total": 100, "token": " Bread", "rho": 0.8999052047729492, "alpha": 0.8999052047729492, "lyapunov_last_256": -0.10548479708671771, "normalized_frobenius": 0.5914592742919922, "seconds": 0.11269129067659378}
{"stage": "jacobian", "checkpoint": "step61000", "completed": 54, "total": 100, "token": " Alban", "rho": 0.899903416633606, "alpha": 0.899903416633606, "lyapunov_last_256": -0.10547338083887083, "normalized_frobenius": 0.5914592742919922, "seconds": 0.12059638276696205}
{"stage": "jacobian", "checkpoint": "step61000", "completed": 55, "total": 100, "token": "gae", "rho": 0.8999063372612, "alpha": 0.8999063372612, "lyapunov_last_256": -0.10547653490502738, "normalized_frobenius": 0.5914592742919922, "seconds": 0.13247069716453552}
{"stage": "jacobian", "checkpoint": "step61000", "completed": 56, "total": 100, "token": " thorough", "rho": 0.8999042510986328, "alpha": 0.8999042510986328, "lyapunov_last_256": -0.10546501641752752, "normalized_frobenius": 0.5914592742919922, "seconds": 0.12312730774283409}
{"stage": "jacobian", "checkpoint": "step61000", "completed": 57, "total": 100, "token": " integration", "rho": 0.8999043107032776, "alpha": 0.8999043107032776, "lyapunov_last_256": -0.10547196506141977, "normalized_frobenius": 0.5914592742919922, "seconds": 0.13400915265083313}
{"stage": "jacobian", "checkpoint": "step61000", "completed": 58, "total": 100, "token": " sits", "rho": 0.8999059200286865, "alpha": 0.8999059200286865, "lyapunov_last_256": -0.1054591785112336, "normalized_frobenius": 0.5914592742919922, "seconds": 0.14398138597607613}
{"stage": "jacobian", "checkpoint": "step61000", "completed": 59, "total": 100, "token": " nit", "rho": 0.8999056816101074, "alpha": 0.8999056816101074, "lyapunov_last_256": -0.10545601952372463, "normalized_frobenius": 0.5914592742919922, "seconds": 0.2164822593331337}
{"stage": "jacobian", "checkpoint": "step61000", "completed": 60, "total": 100, "token": " drifting", "rho": 0.8999036550521851, "alpha": 0.8999036550521851, "lyapunov_last_256": -0.10546363754940691, "normalized_frobenius": 0.5914592742919922, "seconds": 0.18300094828009605}
{"stage": "jacobian", "checkpoint": "step61000", "completed": 61, "total": 100, "token": " 1864", "rho": 0.8999029994010925, "alpha": 0.8999029994010925, "lyapunov_last_256": -0.1054700112359607, "normalized_frobenius": 0.5914592742919922, "seconds": 0.13895081728696823}
{"stage": "jacobian", "checkpoint": "step61000", "completed": 62, "total": 100, "token": "othe", "rho": 0.8999056220054626, "alpha": 0.8999056220054626, "lyapunov_last_256": -0.10548349066882923, "normalized_frobenius": 0.591459333896637, "seconds": 0.12352361902594566}
{"stage": "jacobian", "checkpoint": "step61000", "completed": 63, "total": 100, "token": " notion", "rho": 0.8999068737030029, "alpha": 0.8999068737030029, "lyapunov_last_256": -0.10547065786374292, "normalized_frobenius": 0.5914592742919922, "seconds": 0.13417234271764755}
{"stage": "jacobian", "checkpoint": "step61000", "completed": 64, "total": 100, "token": " publicity", "rho": 0.8999056816101074, "alpha": 0.8999056816101074, "lyapunov_last_256": -0.10538023005340313, "normalized_frobenius": 0.5914592742919922, "seconds": 0.12767432630062103}
{"stage": "jacobian", "checkpoint": "step61000", "completed": 65, "total": 100, "token": " disguised", "rho": 0.8999056816101074, "alpha": 0.8999056816101074, "lyapunov_last_256": -0.1054651456210857, "normalized_frobenius": 0.5914592742919922, "seconds": 0.18685951083898544}
{"stage": "jacobian", "checkpoint": "step61000", "completed": 66, "total": 100, "token": " routine", "rho": 0.8999060392379761, "alpha": 0.8999060392379761, "lyapunov_last_256": -0.10548499839081175, "normalized_frobenius": 0.5914592742919922, "seconds": 0.14450333639979362}
{"stage": "jacobian", "checkpoint": "step61000", "completed": 67, "total": 100, "token": " Panama", "rho": 0.8999048471450806, "alpha": 0.8999048471450806, "lyapunov_last_256": -0.1055036437640098, "normalized_frobenius": 0.5914592742919922, "seconds": 0.1322341114282608}
{"stage": "jacobian", "checkpoint": "step61000", "completed": 68, "total": 100, "token": " happening", "rho": 0.8999068140983582, "alpha": 0.8999068140983582, "lyapunov_last_256": -0.10543988340203794, "normalized_frobenius": 0.5914592742919922, "seconds": 0.11516359820961952}
{"stage": "jacobian", "checkpoint": "step61000", "completed": 69, "total": 100, "token": "ending", "rho": 0.8999061584472656, "alpha": 0.8999061584472656, "lyapunov_last_256": -0.10550278854044723, "normalized_frobenius": 0.5914592146873474, "seconds": 0.13185297697782516}
{"stage": "jacobian", "checkpoint": "step61000", "completed": 70, "total": 100, "token": " paved", "rho": 0.899905800819397, "alpha": 0.899905800819397, "lyapunov_last_256": -0.1054681086326843, "normalized_frobenius": 0.5914592742919922, "seconds": 0.1175374984741211}
{"stage": "jacobian", "checkpoint": "step61000", "completed": 71, "total": 100, "token": " bu", "rho": 0.8999060392379761, "alpha": 0.8999060392379761, "lyapunov_last_256": -0.1054722559650181, "normalized_frobenius": 0.591459333896637, "seconds": 0.1734107844531536}
{"stage": "jacobian", "checkpoint": "step61000", "completed": 72, "total": 100, "token": " crucial", "rho": 0.8999069929122925, "alpha": 0.8999069929122925, "lyapunov_last_256": -0.10547803274377617, "normalized_frobenius": 0.5914592742919922, "seconds": 0.21999791264533997}
{"stage": "jacobian", "checkpoint": "step61000", "completed": 73, "total": 100, "token": "ographical", "rho": 0.8999057412147522, "alpha": 0.8999057412147522, "lyapunov_last_256": -0.10548514213789048, "normalized_frobenius": 0.5914592742919922, "seconds": 0.1276959627866745}
{"stage": "jacobian", "checkpoint": "step61000", "completed": 74, "total": 100, "token": " Hunter", "rho": 0.8999041318893433, "alpha": 0.8999041318893433, "lyapunov_last_256": -0.10547102551185901, "normalized_frobenius": 0.5914592146873474, "seconds": 0.1391053907573223}
{"stage": "jacobian", "checkpoint": "step61000", "completed": 75, "total": 100, "token": " Thailand", "rho": 0.8999029397964478, "alpha": 0.8999029397964478, "lyapunov_last_256": -0.10545802827690891, "normalized_frobenius": 0.5914592742919922, "seconds": 0.12055396288633347}
{"stage": "jacobian", "checkpoint": "step61000", "completed": 76, "total": 100, "token": " options", "rho": 0.8999031186103821, "alpha": 0.8999031186103821, "lyapunov_last_256": -0.10547148341567979, "normalized_frobenius": 0.5914592742919922, "seconds": 0.1427711360156536}
{"stage": "jacobian", "checkpoint": "step61000", "completed": 77, "total": 100, "token": " thereby", "rho": 0.899904727935791, "alpha": 0.899904727935791, "lyapunov_last_256": -0.10547255478995286, "normalized_frobenius": 0.5914592742919922, "seconds": 0.12452620640397072}
{"stage": "jacobian", "checkpoint": "step61000", "completed": 78, "total": 100, "token": " Å", "rho": 0.8999046683311462, "alpha": 0.8999046683311462, "lyapunov_last_256": -0.10547945573619445, "normalized_frobenius": 0.5914592742919922, "seconds": 0.11746431142091751}
{"stage": "jacobian", "checkpoint": "step61000", "completed": 79, "total": 100, "token": " supports", "rho": 0.8999053239822388, "alpha": 0.8999053239822388, "lyapunov_last_256": -0.10547463372306745, "normalized_frobenius": 0.5914592742919922, "seconds": 0.1346513032913208}
{"stage": "jacobian", "checkpoint": "step61000", "completed": 80, "total": 100, "token": " knows", "rho": 0.8999065160751343, "alpha": 0.8999065160751343, "lyapunov_last_256": -0.10546677919571806, "normalized_frobenius": 0.5914592742919922, "seconds": 0.14106645435094833}
{"stage": "jacobian", "checkpoint": "step61000", "completed": 81, "total": 100, "token": "rum", "rho": 0.8999059796333313, "alpha": 0.8999059796333313, "lyapunov_last_256": -0.10547513282922215, "normalized_frobenius": 0.5914592742919922, "seconds": 0.13334741070866585}
{"stage": "jacobian", "checkpoint": "step61000", "completed": 82, "total": 100, "token": " Son", "rho": 0.8999047875404358, "alpha": 0.8999047875404358, "lyapunov_last_256": -0.10546331275317197, "normalized_frobenius": 0.5914592742919922, "seconds": 0.13374042510986328}
{"stage": "jacobian", "checkpoint": "step61000", "completed": 83, "total": 100, "token": " impressed", "rho": 0.8999055027961731, "alpha": 0.8999055027961731, "lyapunov_last_256": -0.10545471805951369, "normalized_frobenius": 0.5914592742919922, "seconds": 0.13284949958324432}
{"stage": "jacobian", "checkpoint": "step61000", "completed": 84, "total": 100, "token": " smooth", "rho": 0.899907648563385, "alpha": 0.899907648563385, "lyapunov_last_256": -0.10547502115796371, "normalized_frobenius": 0.5914592742919922, "seconds": 0.12129270285367966}
{"stage": "jacobian", "checkpoint": "step61000", "completed": 85, "total": 100, "token": "igo", "rho": 0.8999062180519104, "alpha": 0.8999062180519104, "lyapunov_last_256": -0.10547421098566889, "normalized_frobenius": 0.5914592742919922, "seconds": 0.15002337843179703}
{"stage": "jacobian", "checkpoint": "step61000", "completed": 86, "total": 100, "token": " Coleman", "rho": 0.8999066352844238, "alpha": 0.8999066352844238, "lyapunov_last_256": -0.10546913487551773, "normalized_frobenius": 0.5914592742919922, "seconds": 0.12467604130506516}
{"stage": "jacobian", "checkpoint": "step61000", "completed": 87, "total": 100, "token": " arriving", "rho": 0.8999062776565552, "alpha": 0.8999062776565552, "lyapunov_last_256": -0.10548052629321247, "normalized_frobenius": 0.5914592742919922, "seconds": 0.12491687014698982}
{"stage": "jacobian", "checkpoint": "step61000", "completed": 88, "total": 100, "token": " Gab", "rho": 0.8999074101448059, "alpha": 0.8999074101448059, "lyapunov_last_256": -0.1054739177940141, "normalized_frobenius": 0.5914592742919922, "seconds": 0.13374629244208336}
{"stage": "jacobian", "checkpoint": "step61000", "completed": 89, "total": 100, "token": " speech", "rho": 0.8999060392379761, "alpha": 0.8999060392379761, "lyapunov_last_256": -0.10546667765001386, "normalized_frobenius": 0.5914592742919922, "seconds": 0.14046120271086693}
{"stage": "jacobian", "checkpoint": "step61000", "completed": 90, "total": 100, "token": " Ho", "rho": 0.8999054431915283, "alpha": 0.8999054431915283, "lyapunov_last_256": -0.10547571029907991, "normalized_frobenius": 0.5914592742919922, "seconds": 0.12887009233236313}
{"stage": "jacobian", "checkpoint": "step61000", "completed": 91, "total": 100, "token": " involved", "rho": 0.8999040126800537, "alpha": 0.8999040126800537, "lyapunov_last_256": -0.10547831706851932, "normalized_frobenius": 0.5914592742919922, "seconds": 0.14224065095186234}
{"stage": "jacobian", "checkpoint": "step61000", "completed": 92, "total": 100, "token": " entered", "rho": 0.8999058604240417, "alpha": 0.8999058604240417, "lyapunov_last_256": -0.10547076545315659, "normalized_frobenius": 0.5914592742919922, "seconds": 0.12036434933543205}
{"stage": "jacobian", "checkpoint": "step61000", "completed": 93, "total": 100, "token": " track", "rho": 0.8999046683311462, "alpha": 0.8999046683311462, "lyapunov_last_256": -0.10546268580867255, "normalized_frobenius": 0.5914592742919922, "seconds": 0.12079373002052307}
{"stage": "jacobian", "checkpoint": "step61000", "completed": 94, "total": 100, "token": " 1", "rho": 0.8999062776565552, "alpha": 0.8999062776565552, "lyapunov_last_256": -0.10549874169910405, "normalized_frobenius": 0.5914592742919922, "seconds": 0.13576572015881538}
{"stage": "jacobian", "checkpoint": "step61000", "completed": 95, "total": 100, "token": " use", "rho": 0.8999050259590149, "alpha": 0.8999050259590149, "lyapunov_last_256": -0.10546617831577025, "normalized_frobenius": 0.5914592742919922, "seconds": 0.11833728104829788}
{"stage": "jacobian", "checkpoint": "step61000", "completed": 96, "total": 100, "token": " million", "rho": 0.8999045491218567, "alpha": 0.8999045491218567, "lyapunov_last_256": -0.10545086363092014, "normalized_frobenius": 0.5914592146873474, "seconds": 0.14585929363965988}
{"stage": "jacobian", "checkpoint": "step61000", "completed": 97, "total": 100, "token": " Civil", "rho": 0.8999039530754089, "alpha": 0.8999039530754089, "lyapunov_last_256": -0.1054621547307063, "normalized_frobenius": 0.591459333896637, "seconds": 0.15202763676643372}
{"stage": "jacobian", "checkpoint": "step61000", "completed": 98, "total": 100, "token": " bass", "rho": 0.8999071717262268, "alpha": 0.8999071717262268, "lyapunov_last_256": -0.10547581612659232, "normalized_frobenius": 0.5914592742919922, "seconds": 0.12145327776670456}
{"stage": "jacobian", "checkpoint": "step61000", "completed": 99, "total": 100, "token": "ium", "rho": 0.8998997807502747, "alpha": 0.8998997807502747, "lyapunov_last_256": -0.10546223684974543, "normalized_frobenius": 0.5914592742919922, "seconds": 0.12714266777038574}
{"stage": "jacobian", "checkpoint": "step61000", "completed": 100, "total": 100, "token": " roles", "rho": 0.8999037742614746, "alpha": 0.8999037742614746, "lyapunov_last_256": -0.10546581680694209, "normalized_frobenius": 0.5914592742919922, "seconds": 0.14124294742941856}
