{"stage": "dynamics", "dynamic_step": 256}
{"stage": "dynamics", "dynamic_step": 512}
{"stage": "dynamics", "dynamic_step": 768}
{"stage": "dynamics", "dynamic_step": 1024}
{"stage": "jacobian", "checkpoint": "step41000", "completed": 1, "total": 100, "token": "locations", "rho": 1.085466980934143, "alpha": 1.085466980934143, "norm2": 4.411777973175049, "seconds": 3.7922120578587055}
{"stage": "jacobian", "checkpoint": "step41000", "completed": 2, "total": 100, "token": " 449", "rho": 0.9754200577735901, "alpha": 0.9751020073890686, "norm2": 2.0947136878967285, "seconds": 2.154326941817999}
{"stage": "jacobian", "checkpoint": "step41000", "completed": 3, "total": 100, "token": "completion", "rho": 1.1695135831832886, "alpha": 1.1695135831832886, "norm2": 4.421379566192627, "seconds": 4.140291836112738}
{"stage": "jacobian", "checkpoint": "step41000", "completed": 4, "total": 100, "token": "Py", "rho": 0.9906944632530212, "alpha": 0.9906944632530212, "norm2": 2.0661375522613525, "seconds": 4.301820136606693}
{"stage": "jacobian", "checkpoint": "step41000", "completed": 5, "total": 100, "token": " circumference", "rho": 1.049170732498169, "alpha": 1.049170732498169, "norm2": 1.9933102130889893, "seconds": 3.6218907944858074}
{"stage": "jacobian", "checkpoint": "step41000", "completed": 6, "total": 100, "token": " involuntary", "rho": 0.9975596070289612, "alpha": 0.9975596070289612, "norm2": 2.0318603515625, "seconds": 4.136211544275284}
{"stage": "jacobian", "checkpoint": "step41000", "completed": 7, "total": 100, "token": "立", "rho": 1.0629429817199707, "alpha": 1.0629429817199707, "norm2": 2.036783218383789, "seconds": 3.2372624799609184}
{"stage": "jacobian", "checkpoint": "step41000", "completed": 8, "total": 100, "token": " CAD", "rho": 1.0046522617340088, "alpha": 0.9937809705734253, "norm2": 1.9010981321334839, "seconds": 4.804847687482834}
{"stage": "jacobian", "checkpoint": "step41000", "completed": 9, "total": 100, "token": "alen", "rho": 1.0996425151824951, "alpha": 1.0996425151824951, "norm2": 4.358049392700195, "seconds": 2.422863230109215}
{"stage": "jacobian", "checkpoint": "step41000", "completed": 10, "total": 100, "token": " Nokia", "rho": 0.9786598682403564, "alpha": 0.9770318269729614, "norm2": 2.0925512313842773, "seconds": 3.953480187803507}
{"stage": "jacobian", "checkpoint": "step41000", "completed": 11, "total": 100, "token": "sidered", "rho": 1.0000529289245605, "alpha": 1.0000529289245605, "norm2": 1.9128245115280151, "seconds": 3.917864166200161}
{"stage": "jacobian", "checkpoint": "step41000", "completed": 12, "total": 100, "token": "second", "rho": 0.9879101514816284, "alpha": 0.9879101514816284, "norm2": 2.0506701469421387, "seconds": 4.349326070398092}
{"stage": "jacobian", "checkpoint": "step41000", "completed": 13, "total": 100, "token": " diagrams", "rho": 1.1852229833602905, "alpha": 1.1852229833602905, "norm2": 4.549665451049805, "seconds": 4.960051704198122}
{"stage": "jacobian", "checkpoint": "step41000", "completed": 14, "total": 100, "token": " permeability", "rho": 1.0040926933288574, "alpha": 1.0040926933288574, "norm2": 1.975681185722351, "seconds": 4.317466840147972}
{"stage": "jacobian", "checkpoint": "step41000", "completed": 15, "total": 100, "token": " LE", "rho": 1.0955040454864502, "alpha": 1.0955040454864502, "norm2": 4.4117817878723145, "seconds": 4.5542681738734245}
{"stage": "jacobian", "checkpoint": "step41000", "completed": 16, "total": 100, "token": "urdy", "rho": 1.1702191829681396, "alpha": 1.1702191829681396, "norm2": 4.446372032165527, "seconds": 5.543924581259489}
{"stage": "jacobian", "checkpoint": "step41000", "completed": 17, "total": 100, "token": " 510", "rho": 0.9954713582992554, "alpha": 0.9857264757156372, "norm2": 1.9061130285263062, "seconds": 2.0312716402113438}
{"stage": "jacobian", "checkpoint": "step41000", "completed": 18, "total": 100, "token": "ochem", "rho": 1.0974055528640747, "alpha": 1.0974055528640747, "norm2": 4.437412738800049, "seconds": 4.832266811281443}
{"stage": "jacobian", "checkpoint": "step41000", "completed": 19, "total": 100, "token": " phyt", "rho": 0.9880216717720032, "alpha": 0.9790877103805542, "norm2": 2.157566547393799, "seconds": 2.5439561530947685}
{"stage": "jacobian", "checkpoint": "step41000", "completed": 20, "total": 100, "token": " filings", "rho": 1.1716951131820679, "alpha": 1.1716951131820679, "norm2": 4.445395469665527, "seconds": 4.9397796876728535}
{"stage": "jacobian", "checkpoint": "step41000", "completed": 21, "total": 100, "token": " helical", "rho": 1.1047310829162598, "alpha": 1.1047310829162598, "norm2": 4.446506500244141, "seconds": 3.1567421965301037}
{"stage": "jacobian", "checkpoint": "step41000", "completed": 22, "total": 100, "token": " interplay", "rho": 1.0391064882278442, "alpha": 1.0386111736297607, "norm2": 2.2248594760894775, "seconds": 4.232750259339809}
{"stage": "jacobian", "checkpoint": "step41000", "completed": 23, "total": 100, "token": "cies", "rho": 1.0033596754074097, "alpha": 0.9951400756835938, "norm2": 1.8852105140686035, "seconds": 3.613074515014887}
{"stage": "jacobian", "checkpoint": "step41000", "completed": 24, "total": 100, "token": " harmonic", "rho": 1.0070416927337646, "alpha": 0.9964005351066589, "norm2": 1.8966667652130127, "seconds": 3.2754514105618}
{"stage": "jacobian", "checkpoint": "step41000", "completed": 25, "total": 100, "token": " inactivated", "rho": 1.035213828086853, "alpha": 1.0346659421920776, "norm2": 2.1579933166503906, "seconds": 4.72196264564991}
{"stage": "jacobian", "checkpoint": "step41000", "completed": 26, "total": 100, "token": " Maintenance", "rho": 1.025769591331482, "alpha": 1.025769591331482, "norm2": 2.079313039779663, "seconds": 4.345404997467995}
{"stage": "jacobian", "checkpoint": "step41000", "completed": 27, "total": 100, "token": " pend", "rho": 1.185257911682129, "alpha": 1.185257911682129, "norm2": 4.540844440460205, "seconds": 2.616439826786518}
{"stage": "jacobian", "checkpoint": "step41000", "completed": 28, "total": 100, "token": " Pretty", "rho": 0.9962393045425415, "alpha": 0.9911260604858398, "norm2": 1.8731070756912231, "seconds": 3.649831861257553}
{"stage": "jacobian", "checkpoint": "step41000", "completed": 29, "total": 100, "token": " 580", "rho": 1.0010123252868652, "alpha": 0.994247555732727, "norm2": 1.8800431489944458, "seconds": 4.534393474459648}
{"stage": "jacobian", "checkpoint": "step41000", "completed": 30, "total": 100, "token": "CH", "rho": 0.9980983734130859, "alpha": 0.9980983734130859, "norm2": 1.9662351608276367, "seconds": 4.907111149281263}
{"stage": "jacobian", "checkpoint": "step41000", "completed": 31, "total": 100, "token": "PI", "rho": 1.0048596858978271, "alpha": 1.0048596858978271, "norm2": 1.9491548538208008, "seconds": 2.2605255618691444}
{"stage": "jacobian", "checkpoint": "step41000", "completed": 32, "total": 100, "token": " shaping", "rho": 1.193114995956421, "alpha": 1.193114995956421, "norm2": 4.972197532653809, "seconds": 3.3836367204785347}
{"stage": "jacobian", "checkpoint": "step41000", "completed": 33, "total": 100, "token": " exams", "rho": 1.1882787942886353, "alpha": 1.1882787942886353, "norm2": 4.84395694732666, "seconds": 4.45124689117074}
{"stage": "jacobian", "checkpoint": "step41000", "completed": 34, "total": 100, "token": "ilipp", "rho": 0.9981180429458618, "alpha": 0.9981180429458618, "norm2": 2.023066282272339, "seconds": 4.870995476841927}
{"stage": "jacobian", "checkpoint": "step41000", "completed": 35, "total": 100, "token": "essential", "rho": 1.1932309865951538, "alpha": 1.1932309865951538, "norm2": 4.975088119506836, "seconds": 1.0214049257338047}
{"stage": "jacobian", "checkpoint": "step41000", "completed": 36, "total": 100, "token": " Manufact", "rho": 1.0054415464401245, "alpha": 1.0054415464401245, "norm2": 1.9278644323349, "seconds": 4.814517058432102}
{"stage": "jacobian", "checkpoint": "step41000", "completed": 37, "total": 100, "token": "christ", "rho": 1.002405047416687, "alpha": 0.9971112012863159, "norm2": 2.198267936706543, "seconds": 3.748440783470869}
{"stage": "jacobian", "checkpoint": "step41000", "completed": 38, "total": 100, "token": "omed", "rho": 1.1849340200424194, "alpha": 1.1849340200424194, "norm2": 4.510455131530762, "seconds": 4.9370241984725}
{"stage": "jacobian", "checkpoint": "step41000", "completed": 39, "total": 100, "token": "umu", "rho": 1.050244927406311, "alpha": 1.049955129623413, "norm2": 2.508993625640869, "seconds": 5.280832517892122}
{"stage": "jacobian", "checkpoint": "step41000", "completed": 40, "total": 100, "token": " tonight", "rho": 1.0052642822265625, "alpha": 1.0052642822265625, "norm2": 1.933951497077942, "seconds": 2.7016973607242107}
{"stage": "jacobian", "checkpoint": "step41000", "completed": 41, "total": 100, "token": " geared", "rho": 1.0214625597000122, "alpha": 1.0214625597000122, "norm2": 2.054509162902832, "seconds": 4.8485258892178535}
{"stage": "jacobian", "checkpoint": "step41000", "completed": 42, "total": 100, "token": " trump", "rho": 0.9958289265632629, "alpha": 0.9958289265632629, "norm2": 1.977583885192871, "seconds": 3.95938965305686}
{"stage": "jacobian", "checkpoint": "step41000", "completed": 43, "total": 100, "token": "leman", "rho": 1.0054229497909546, "alpha": 1.0054229497909546, "norm2": 1.9285683631896973, "seconds": 5.937315691262484}
{"stage": "jacobian", "checkpoint": "step41000", "completed": 44, "total": 100, "token": " assortment", "rho": 1.146474838256836, "alpha": 1.146474838256836, "norm2": 4.4577555656433105, "seconds": 4.496744401752949}
{"stage": "jacobian", "checkpoint": "step41000", "completed": 45, "total": 100, "token": " Sew", "rho": 1.0390477180480957, "alpha": 1.0390477180480957, "norm2": 1.8428990840911865, "seconds": 3.5726196877658367}
{"stage": "jacobian", "checkpoint": "step41000", "completed": 46, "total": 100, "token": " arresting", "rho": 0.9934082627296448, "alpha": 0.9900400638580322, "norm2": 2.1936628818511963, "seconds": 4.203385759145021}
{"stage": "jacobian", "checkpoint": "step41000", "completed": 47, "total": 100, "token": " assertion", "rho": 1.082560658454895, "alpha": 1.082560658454895, "norm2": 4.418004989624023, "seconds": 4.865080129355192}
{"stage": "jacobian", "checkpoint": "step41000", "completed": 48, "total": 100, "token": " unemployed", "rho": 1.1639209985733032, "alpha": 1.1639209985733032, "norm2": 4.452663421630859, "seconds": 2.98074971139431}
{"stage": "jacobian", "checkpoint": "step41000", "completed": 49, "total": 100, "token": " outgoing", "rho": 0.9925874471664429, "alpha": 0.9925874471664429, "norm2": 1.90992271900177, "seconds": 2.840549197047949}
{"stage": "jacobian", "checkpoint": "step41000", "completed": 50, "total": 100, "token": " floated", "rho": 1.0261869430541992, "alpha": 1.0180377960205078, "norm2": 2.1994378566741943, "seconds": 2.616833984851837}
{"stage": "jacobian", "checkpoint": "step41000", "completed": 51, "total": 100, "token": " portable", "rho": 1.0068047046661377, "alpha": 0.996069073677063, "norm2": 1.8974946737289429, "seconds": 3.2554866448044777}
{"stage": "jacobian", "checkpoint": "step41000", "completed": 52, "total": 100, "token": "olev", "rho": 1.0704723596572876, "alpha": 1.0704723596572876, "norm2": 2.244380235671997, "seconds": 4.932008668780327}
{"stage": "jacobian", "checkpoint": "step41000", "completed": 53, "total": 100, "token": " Bread", "rho": 1.0071693658828735, "alpha": 0.9966322183609009, "norm2": 1.8959184885025024, "seconds": 4.867943491786718}
{"stage": "jacobian", "checkpoint": "step41000", "completed": 54, "total": 100, "token": " Alban", "rho": 1.1914844512939453, "alpha": 1.1914844512939453, "norm2": 4.930270671844482, "seconds": 1.5304464437067509}
{"stage": "jacobian", "checkpoint": "step41000", "completed": 55, "total": 100, "token": "gae", "rho": 1.137610912322998, "alpha": 1.137610912322998, "norm2": 4.462870121002197, "seconds": 3.6610323563218117}
{"stage": "jacobian", "checkpoint": "step41000", "completed": 56, "total": 100, "token": " thorough", "rho": 1.0331836938858032, "alpha": 1.0331836938858032, "norm2": 1.8754953145980835, "seconds": 4.714671619236469}
{"stage": "jacobian", "checkpoint": "step41000", "completed": 57, "total": 100, "token": " integration", "rho": 1.019332766532898, "alpha": 1.019332766532898, "norm2": 1.9389939308166504, "seconds": 4.75362092256546}
{"stage": "jacobian", "checkpoint": "step41000", "completed": 58, "total": 100, "token": " sits", "rho": 0.9908238053321838, "alpha": 0.9860650300979614, "norm2": 2.2030136585235596, "seconds": 2.4494731351733208}
{"stage": "jacobian", "checkpoint": "step41000", "completed": 59, "total": 100, "token": " nit", "rho": 0.9942201972007751, "alpha": 0.9942201972007751, "norm2": 1.9688504934310913, "seconds": 3.9669929817318916}
{"stage": "jacobian", "checkpoint": "step41000", "completed": 60, "total": 100, "token": " drifting", "rho": 1.0747977495193481, "alpha": 1.0747977495193481, "norm2": 2.430032253265381, "seconds": 4.1305541060864925}
{"stage": "jacobian", "checkpoint": "step41000", "completed": 61, "total": 100, "token": " 1864", "rho": 1.0058252811431885, "alpha": 0.9963753819465637, "norm2": 1.8897831439971924, "seconds": 4.906560834497213}
{"stage": "jacobian", "checkpoint": "step41000", "completed": 62, "total": 100, "token": "othe", "rho": 0.9994247555732727, "alpha": 0.9994247555732727, "norm2": 1.9666134119033813, "seconds": 3.8517100252211094}
{"stage": "jacobian", "checkpoint": "step41000", "completed": 63, "total": 100, "token": " notion", "rho": 1.0780609846115112, "alpha": 1.0780609846115112, "norm2": 2.6225717067718506, "seconds": 2.594518270343542}
{"stage": "jacobian", "checkpoint": "step41000", "completed": 64, "total": 100, "token": " publicity", "rho": 1.1457791328430176, "alpha": 1.1457791328430176, "norm2": 4.4581685066223145, "seconds": 3.872755080461502}
{"stage": "jacobian", "checkpoint": "step41000", "completed": 65, "total": 100, "token": " disguised", "rho": 1.1460764408111572, "alpha": 1.1460764408111572, "norm2": 4.458035945892334, "seconds": 3.441537771373987}
{"stage": "jacobian", "checkpoint": "step41000", "completed": 66, "total": 100, "token": " routine", "rho": 0.993011474609375, "alpha": 0.9882575273513794, "norm2": 2.2021398544311523, "seconds": 5.143695097416639}
{"stage": "jacobian", "checkpoint": "step41000", "completed": 67, "total": 100, "token": " Panama", "rho": 1.0531401634216309, "alpha": 1.0531401634216309, "norm2": 1.9985064268112183, "seconds": 3.901102837175131}
{"stage": "jacobian", "checkpoint": "step41000", "completed": 68, "total": 100, "token": " happening", "rho": 1.1851454973220825, "alpha": 1.1851454973220825, "norm2": 4.556691646575928, "seconds": 4.213922414928675}
{"stage": "jacobian", "checkpoint": "step41000", "completed": 69, "total": 100, "token": "ending", "rho": 1.008521318435669, "alpha": 1.008521318435669, "norm2": 2.011223077774048, "seconds": 4.486628457903862}
{"stage": "jacobian", "checkpoint": "step41000", "completed": 70, "total": 100, "token": " paved", "rho": 1.0332876443862915, "alpha": 1.0332876443862915, "norm2": 1.8482993841171265, "seconds": 6.097500074654818}
{"stage": "jacobian", "checkpoint": "step41000", "completed": 71, "total": 100, "token": " bu", "rho": 0.9944877028465271, "alpha": 0.9944877028465271, "norm2": 1.965912938117981, "seconds": 3.1180885173380375}
{"stage": "jacobian", "checkpoint": "step41000", "completed": 72, "total": 100, "token": " crucial", "rho": 1.126551866531372, "alpha": 1.126551866531372, "norm2": 4.462940692901611, "seconds": 3.662857089191675}
{"stage": "jacobian", "checkpoint": "step41000", "completed": 73, "total": 100, "token": "ographical", "rho": 1.1692579984664917, "alpha": 1.1692579984664917, "norm2": 4.415562629699707, "seconds": 5.027087964117527}
{"stage": "jacobian", "checkpoint": "step41000", "completed": 74, "total": 100, "token": " Hunter", "rho": 1.0051627159118652, "alpha": 1.0051627159118652, "norm2": 1.9405298233032227, "seconds": 6.088760782033205}
{"stage": "jacobian", "checkpoint": "step41000", "completed": 75, "total": 100, "token": " Thailand", "rho": 1.0012750625610352, "alpha": 1.0012750625610352, "norm2": 1.9672574996948242, "seconds": 4.4454126469790936}
{"stage": "jacobian", "checkpoint": "step41000", "completed": 76, "total": 100, "token": " options", "rho": 1.007182240486145, "alpha": 0.9968472719192505, "norm2": 1.8945209980010986, "seconds": 2.9201221838593483}
{"stage": "jacobian", "checkpoint": "step41000", "completed": 77, "total": 100, "token": " thereby", "rho": 0.9767508506774902, "alpha": 0.9687601923942566, "norm2": 2.1784651279449463, "seconds": 3.418603416532278}
{"stage": "jacobian", "checkpoint": "step41000", "completed": 78, "total": 100, "token": " Å", "rho": 1.0833901166915894, "alpha": 1.0833901166915894, "norm2": 4.418767929077148, "seconds": 3.5613825134932995}
{"stage": "jacobian", "checkpoint": "step41000", "completed": 79, "total": 100, "token": " supports", "rho": 1.0007013082504272, "alpha": 1.0007013082504272, "norm2": 1.9133429527282715, "seconds": 3.6540214978158474}
{"stage": "jacobian", "checkpoint": "step41000", "completed": 80, "total": 100, "token": " knows", "rho": 1.0981965065002441, "alpha": 1.0981965065002441, "norm2": 4.438532829284668, "seconds": 4.342533674091101}
{"stage": "jacobian", "checkpoint": "step41000", "completed": 81, "total": 100, "token": "rum", "rho": 0.9813968539237976, "alpha": 0.9813968539237976, "norm2": 2.080731153488159, "seconds": 4.188292317092419}
{"stage": "jacobian", "checkpoint": "step41000", "completed": 82, "total": 100, "token": " Son", "rho": 1.002835988998413, "alpha": 1.0018210411071777, "norm2": 1.8669546842575073, "seconds": 4.477932345122099}
{"stage": "jacobian", "checkpoint": "step41000", "completed": 83, "total": 100, "token": " impressed", "rho": 1.00619637966156, "alpha": 1.0053173303604126, "norm2": 1.865173101425171, "seconds": 3.574673403054476}
{"stage": "jacobian", "checkpoint": "step41000", "completed": 84, "total": 100, "token": " smooth", "rho": 0.9929635524749756, "alpha": 0.9917038679122925, "norm2": 2.239351272583008, "seconds": 3.5431725047528744}
{"stage": "jacobian", "checkpoint": "step41000", "completed": 85, "total": 100, "token": "igo", "rho": 1.0020272731781006, "alpha": 1.0020272731781006, "norm2": 1.9675344228744507, "seconds": 4.0187544748187065}
{"stage": "jacobian", "checkpoint": "step41000", "completed": 86, "total": 100, "token": " Coleman", "rho": 1.1828594207763672, "alpha": 1.1828594207763672, "norm2": 4.468313217163086, "seconds": 4.447451043874025}
{"stage": "jacobian", "checkpoint": "step41000", "completed": 87, "total": 100, "token": " arriving", "rho": 1.0844955444335938, "alpha": 1.0844955444335938, "norm2": 4.419831275939941, "seconds": 4.183854639530182}
{"stage": "jacobian", "checkpoint": "step41000", "completed": 88, "total": 100, "token": " Gab", "rho": 1.0513625144958496, "alpha": 1.0513625144958496, "norm2": 1.9959522485733032, "seconds": 4.084187041968107}
{"stage": "jacobian", "checkpoint": "step41000", "completed": 89, "total": 100, "token": " speech", "rho": 0.9949120879173279, "alpha": 0.9916572570800781, "norm2": 2.198850631713867, "seconds": 4.144992917776108}
{"stage": "jacobian", "checkpoint": "step41000", "completed": 90, "total": 100, "token": " Ho", "rho": 1.1607738733291626, "alpha": 1.1607738733291626, "norm2": 4.453662395477295, "seconds": 3.8007485792040825}
{"stage": "jacobian", "checkpoint": "step41000", "completed": 91, "total": 100, "token": " involved", "rho": 1.1852459907531738, "alpha": 1.1852459907531738, "norm2": 4.545842170715332, "seconds": 4.158612530678511}
{"stage": "jacobian", "checkpoint": "step41000", "completed": 92, "total": 100, "token": " entered", "rho": 0.9997897744178772, "alpha": 0.9937077760696411, "norm2": 1.8773822784423828, "seconds": 4.684730350971222}
{"stage": "jacobian", "checkpoint": "step41000", "completed": 93, "total": 100, "token": " track", "rho": 1.019683837890625, "alpha": 1.019683837890625, "norm2": 1.9745253324508667, "seconds": 4.38285405933857}
{"stage": "jacobian", "checkpoint": "step41000", "completed": 94, "total": 100, "token": " 1", "rho": 1.0995529890060425, "alpha": 1.0995529890060425, "norm2": 4.336564540863037, "seconds": 3.8414689376950264}
{"stage": "jacobian", "checkpoint": "step41000", "completed": 95, "total": 100, "token": " use", "rho": 1.0971699953079224, "alpha": 1.0971699953079224, "norm2": 4.436968803405762, "seconds": 4.47343784943223}
{"stage": "jacobian", "checkpoint": "step41000", "completed": 96, "total": 100, "token": " million", "rho": 0.9701499938964844, "alpha": 0.9699739813804626, "norm2": 2.067547559738159, "seconds": 4.876961223781109}
{"stage": "jacobian", "checkpoint": "step41000", "completed": 97, "total": 100, "token": " Civil", "rho": 1.0022227764129639, "alpha": 0.9995821714401245, "norm2": 2.222257375717163, "seconds": 4.2780447863042355}
{"stage": "jacobian", "checkpoint": "step41000", "completed": 98, "total": 100, "token": " bass", "rho": 0.9983741641044617, "alpha": 0.9983741641044617, "norm2": 2.0107476711273193, "seconds": 3.383939255028963}
{"stage": "jacobian", "checkpoint": "step41000", "completed": 99, "total": 100, "token": "ium", "rho": 1.0983067750930786, "alpha": 1.0983067750930786, "norm2": 4.3994598388671875, "seconds": 1.122147586196661}
{"stage": "jacobian", "checkpoint": "step41000", "completed": 100, "total": 100, "token": " roles", "rho": 1.0954127311706543, "alpha": 1.0954127311706543, "norm2": 4.41182804107666, "seconds": 1.8880330882966518}
