{"stage": "dynamics", "dynamic_step": 256}
{"stage": "dynamics", "dynamic_step": 512}
{"stage": "dynamics", "dynamic_step": 768}
{"stage": "dynamics", "dynamic_step": 1024}
{"stage": "jacobian", "checkpoint": "step10000", "completed": 1, "total": 100, "token": "locations", "rho": 1.0204269886016846, "alpha": 0.9875136017799377, "norm2": 1.7790935039520264, "seconds": 5.303489476442337}
{"stage": "jacobian", "checkpoint": "step10000", "completed": 2, "total": 100, "token": " 449", "rho": 0.9656665921211243, "alpha": 0.9558249711990356, "norm2": 1.782881259918213, "seconds": 3.3288328275084496}
{"stage": "jacobian", "checkpoint": "step10000", "completed": 3, "total": 100, "token": "completion", "rho": 1.0228784084320068, "alpha": 0.9890990853309631, "norm2": 1.7822566032409668, "seconds": 3.9811510778963566}
{"stage": "jacobian", "checkpoint": "step10000", "completed": 4, "total": 100, "token": "Py", "rho": 1.0299147367477417, "alpha": 0.9932177662849426, "norm2": 1.792223572731018, "seconds": 4.357060734182596}
{"stage": "jacobian", "checkpoint": "step10000", "completed": 5, "total": 100, "token": " circumference", "rho": 0.9664634466171265, "alpha": 0.956405520439148, "norm2": 1.7844023704528809, "seconds": 1.5007396899163723}
{"stage": "jacobian", "checkpoint": "step10000", "completed": 6, "total": 100, "token": " involuntary", "rho": 0.9574068188667297, "alpha": 0.9492635130882263, "norm2": 1.7674944400787354, "seconds": 3.7012806460261345}
{"stage": "jacobian", "checkpoint": "step10000", "completed": 7, "total": 100, "token": "立", "rho": 1.0292085409164429, "alpha": 0.9928344488143921, "norm2": 1.7911406755447388, "seconds": 4.709598559886217}
{"stage": "jacobian", "checkpoint": "step10000", "completed": 8, "total": 100, "token": " CAD", "rho": 0.9841030240058899, "alpha": 0.9531787633895874, "norm2": 1.7400293350219727, "seconds": 3.5647484734654427}
{"stage": "jacobian", "checkpoint": "step10000", "completed": 9, "total": 100, "token": "alen", "rho": 0.9728479385375977, "alpha": 0.9287303686141968, "norm2": 1.7329492568969727, "seconds": 4.199703253805637}
{"stage": "jacobian", "checkpoint": "step10000", "completed": 10, "total": 100, "token": " Nokia", "rho": 1.0107009410858154, "alpha": 0.9784601926803589, "norm2": 1.862420678138733, "seconds": 3.9605584777891636}
{"stage": "jacobian", "checkpoint": "step10000", "completed": 11, "total": 100, "token": "sidered", "rho": 0.9649733901023865, "alpha": 0.9247666001319885, "norm2": 1.7385581731796265, "seconds": 3.5831894762814045}
{"stage": "jacobian", "checkpoint": "step10000", "completed": 12, "total": 100, "token": "second", "rho": 0.9847279191017151, "alpha": 0.9702615737915039, "norm2": 1.818284511566162, "seconds": 4.800356939435005}
{"stage": "jacobian", "checkpoint": "step10000", "completed": 13, "total": 100, "token": " diagrams", "rho": 0.9697976112365723, "alpha": 0.9272474050521851, "norm2": 1.7332513332366943, "seconds": 5.071422301232815}
{"stage": "jacobian", "checkpoint": "step10000", "completed": 14, "total": 100, "token": " permeability", "rho": 1.012117624282837, "alpha": 0.9815691709518433, "norm2": 1.7691432237625122, "seconds": 3.257334176450968}
{"stage": "jacobian", "checkpoint": "step10000", "completed": 15, "total": 100, "token": " LE", "rho": 1.0014147758483887, "alpha": 0.9725437164306641, "norm2": 1.7572367191314697, "seconds": 4.587323620915413}
{"stage": "jacobian", "checkpoint": "step10000", "completed": 16, "total": 100, "token": "urdy", "rho": 0.9828397631645203, "alpha": 0.9687885046005249, "norm2": 1.813127875328064, "seconds": 4.440102264285088}
{"stage": "jacobian", "checkpoint": "step10000", "completed": 17, "total": 100, "token": " 510", "rho": 1.0020599365234375, "alpha": 0.976771354675293, "norm2": 1.8547985553741455, "seconds": 4.43927526473999}
{"stage": "jacobian", "checkpoint": "step10000", "completed": 18, "total": 100, "token": "ochem", "rho": 0.9617884755134583, "alpha": 0.9259417057037354, "norm2": 1.7442927360534668, "seconds": 4.120484560728073}
{"stage": "jacobian", "checkpoint": "step10000", "completed": 19, "total": 100, "token": " phyt", "rho": 1.035541296005249, "alpha": 0.9901660680770874, "norm2": 1.8580482006072998, "seconds": 2.7153871692717075}
{"stage": "jacobian", "checkpoint": "step10000", "completed": 20, "total": 100, "token": " filings", "rho": 0.9603860974311829, "alpha": 0.9517661929130554, "norm2": 1.772696614265442, "seconds": 3.251431457698345}
{"stage": "jacobian", "checkpoint": "step10000", "completed": 21, "total": 100, "token": " helical", "rho": 0.9726425409317017, "alpha": 0.9286263585090637, "norm2": 1.732926607131958, "seconds": 3.861267726868391}
{"stage": "jacobian", "checkpoint": "step10000", "completed": 22, "total": 100, "token": " interplay", "rho": 1.0163297653198242, "alpha": 0.9792577028274536, "norm2": 1.8659199476242065, "seconds": 4.325428128242493}
{"stage": "jacobian", "checkpoint": "step10000", "completed": 23, "total": 100, "token": "cies", "rho": 1.042137622833252, "alpha": 0.9975295066833496, "norm2": 1.8182798624038696, "seconds": 3.7833585143089294}
{"stage": "jacobian", "checkpoint": "step10000", "completed": 24, "total": 100, "token": " harmonic", "rho": 0.992071807384491, "alpha": 0.9749706983566284, "norm2": 1.845212459564209, "seconds": 4.14996500685811}
{"stage": "jacobian", "checkpoint": "step10000", "completed": 25, "total": 100, "token": " inactivated", "rho": 0.9858437180519104, "alpha": 0.9556336402893066, "norm2": 1.7416150569915771, "seconds": 4.716784551739693}
{"stage": "jacobian", "checkpoint": "step10000", "completed": 26, "total": 100, "token": " Maintenance", "rho": 1.0057194232940674, "alpha": 0.9763669371604919, "norm2": 1.7619072198867798, "seconds": 4.285505264997482}
{"stage": "jacobian", "checkpoint": "step10000", "completed": 27, "total": 100, "token": " pend", "rho": 0.9976328611373901, "alpha": 0.9759294986724854, "norm2": 1.8505430221557617, "seconds": 3.8061276338994503}
{"stage": "jacobian", "checkpoint": "step10000", "completed": 28, "total": 100, "token": " Pretty", "rho": 1.0370713472366333, "alpha": 0.9910109043121338, "norm2": 1.8557772636413574, "seconds": 4.358921185135841}
{"stage": "jacobian", "checkpoint": "step10000", "completed": 29, "total": 100, "token": " 580", "rho": 1.043013095855713, "alpha": 0.9935563206672668, "norm2": 1.8394747972488403, "seconds": 2.091112058609724}
{"stage": "jacobian", "checkpoint": "step10000", "completed": 30, "total": 100, "token": "CH", "rho": 0.9658427238464355, "alpha": 0.9559536576271057, "norm2": 1.7832310199737549, "seconds": 3.6460222713649273}
{"stage": "jacobian", "checkpoint": "step10000", "completed": 31, "total": 100, "token": "PI", "rho": 1.0381675958633423, "alpha": 0.9969370365142822, "norm2": 1.807180404663086, "seconds": 4.702761739492416}
{"stage": "jacobian", "checkpoint": "step10000", "completed": 32, "total": 100, "token": " shaping", "rho": 1.0424294471740723, "alpha": 0.9974570274353027, "norm2": 1.8194539546966553, "seconds": 3.8718992471694946}
{"stage": "jacobian", "checkpoint": "step10000", "completed": 33, "total": 100, "token": " exams", "rho": 1.0148732662200928, "alpha": 0.983637273311615, "norm2": 1.7723172903060913, "seconds": 2.684888057410717}
{"stage": "jacobian", "checkpoint": "step10000", "completed": 34, "total": 100, "token": "ilipp", "rho": 1.0361791849136353, "alpha": 0.9905216693878174, "norm2": 1.8571687936782837, "seconds": 3.9588226936757565}
{"stage": "jacobian", "checkpoint": "step10000", "completed": 35, "total": 100, "token": "essential", "rho": 0.9839552640914917, "alpha": 0.9529662132263184, "norm2": 1.7398866415023804, "seconds": 3.962091561406851}
{"stage": "jacobian", "checkpoint": "step10000", "completed": 36, "total": 100, "token": " Manufact", "rho": 0.9945410490036011, "alpha": 0.9658221006393433, "norm2": 1.7500931024551392, "seconds": 4.364012371748686}
{"stage": "jacobian", "checkpoint": "step10000", "completed": 37, "total": 100, "token": "christ", "rho": 0.9728604555130005, "alpha": 0.9287369251251221, "norm2": 1.7329856157302856, "seconds": 4.935184471309185}
{"stage": "jacobian", "checkpoint": "step10000", "completed": 38, "total": 100, "token": "omed", "rho": 0.9669656753540039, "alpha": 0.9567697048187256, "norm2": 1.785369873046875, "seconds": 4.71659729257226}
{"stage": "jacobian", "checkpoint": "step10000", "completed": 39, "total": 100, "token": "umu", "rho": 0.9884893298149109, "alpha": 0.9732028245925903, "norm2": 1.8340089321136475, "seconds": 3.5937185287475586}
{"stage": "jacobian", "checkpoint": "step10000", "completed": 40, "total": 100, "token": " tonight", "rho": 1.004205584526062, "alpha": 0.9750527739524841, "norm2": 1.7602512836456299, "seconds": 3.9526286721229553}
{"stage": "jacobian", "checkpoint": "step10000", "completed": 41, "total": 100, "token": " geared", "rho": 1.0318373441696167, "alpha": 0.9880455136299133, "norm2": 1.8623158931732178, "seconds": 4.852083280682564}
{"stage": "jacobian", "checkpoint": "step10000", "completed": 42, "total": 100, "token": " trump", "rho": 1.0411382913589478, "alpha": 0.9975799918174744, "norm2": 1.8148458003997803, "seconds": 6.113499823957682}
{"stage": "jacobian", "checkpoint": "step10000", "completed": 43, "total": 100, "token": "leman", "rho": 0.9675559997558594, "alpha": 0.9261646270751953, "norm2": 1.7349573373794556, "seconds": 4.305456411093473}
{"stage": "jacobian", "checkpoint": "step10000", "completed": 44, "total": 100, "token": " assortment", "rho": 0.9822778105735779, "alpha": 0.950380802154541, "norm2": 1.7384873628616333, "seconds": 3.1822132281959057}
{"stage": "jacobian", "checkpoint": "step10000", "completed": 45, "total": 100, "token": " Sew", "rho": 0.9869758486747742, "alpha": 0.9571212530136108, "norm2": 1.7426784038543701, "seconds": 2.950779613107443}
{"stage": "jacobian", "checkpoint": "step10000", "completed": 46, "total": 100, "token": " arresting", "rho": 1.0395952463150024, "alpha": 0.9973412752151489, "norm2": 1.810562014579773, "seconds": 3.7856426388025284}
{"stage": "jacobian", "checkpoint": "step10000", "completed": 47, "total": 100, "token": " assertion", "rho": 0.9764164090156555, "alpha": 0.9637736082077026, "norm2": 1.8011393547058105, "seconds": 3.118477575480938}
{"stage": "jacobian", "checkpoint": "step10000", "completed": 48, "total": 100, "token": " unemployed", "rho": 0.9715093970298767, "alpha": 0.9280676245689392, "norm2": 1.7328604459762573, "seconds": 4.1829347386956215}
{"stage": "jacobian", "checkpoint": "step10000", "completed": 49, "total": 100, "token": " outgoing", "rho": 0.9794531464576721, "alpha": 0.966133713722229, "norm2": 1.8063188791275024, "seconds": 3.6025288961827755}
{"stage": "jacobian", "checkpoint": "step10000", "completed": 50, "total": 100, "token": " floated", "rho": 1.005798578262329, "alpha": 0.9775164127349854, "norm2": 1.8582673072814941, "seconds": 2.4813819229602814}
{"stage": "jacobian", "checkpoint": "step10000", "completed": 51, "total": 100, "token": " portable", "rho": 0.960737943649292, "alpha": 0.9520511031150818, "norm2": 1.7733044624328613, "seconds": 6.0480037815868855}
{"stage": "jacobian", "checkpoint": "step10000", "completed": 52, "total": 100, "token": "olev", "rho": 0.9899564385414124, "alpha": 0.9744207859039307, "norm2": 1.8418949842453003, "seconds": 1.9682032018899918}
{"stage": "jacobian", "checkpoint": "step10000", "completed": 53, "total": 100, "token": " Bread", "rho": 1.0011035203933716, "alpha": 0.9722602367401123, "norm2": 1.7569278478622437, "seconds": 4.12460246309638}
{"stage": "jacobian", "checkpoint": "step10000", "completed": 54, "total": 100, "token": " Alban", "rho": 0.9633521437644958, "alpha": 0.9237722754478455, "norm2": 1.7414239645004272, "seconds": 3.643000964075327}
{"stage": "jacobian", "checkpoint": "step10000", "completed": 55, "total": 100, "token": "gae", "rho": 0.9695606231689453, "alpha": 0.9271355867385864, "norm2": 1.7333863973617554, "seconds": 3.4533750116825104}
{"stage": "jacobian", "checkpoint": "step10000", "completed": 56, "total": 100, "token": " thorough", "rho": 1.0173754692077637, "alpha": 0.9795478582382202, "norm2": 1.8663126230239868, "seconds": 3.3587392419576645}
{"stage": "jacobian", "checkpoint": "step10000", "completed": 57, "total": 100, "token": " integration", "rho": 1.041225790977478, "alpha": 0.9930520057678223, "norm2": 1.8465923070907593, "seconds": 4.062268164008856}
{"stage": "jacobian", "checkpoint": "step10000", "completed": 58, "total": 100, "token": " sits", "rho": 1.0115703344345093, "alpha": 0.9786117076873779, "norm2": 1.8630802631378174, "seconds": 4.9306541457772255}
{"stage": "jacobian", "checkpoint": "step10000", "completed": 59, "total": 100, "token": " nit", "rho": 1.020284652709961, "alpha": 0.9874192476272583, "norm2": 1.7789102792739868, "seconds": 3.3507902547717094}
{"stage": "jacobian", "checkpoint": "step10000", "completed": 60, "total": 100, "token": " drifting", "rho": 1.041062593460083, "alpha": 0.9975748062133789, "norm2": 1.814637303352356, "seconds": 2.0493685342371464}
{"stage": "jacobian", "checkpoint": "step10000", "completed": 61, "total": 100, "token": " 1864", "rho": 1.0265834331512451, "alpha": 0.9849913120269775, "norm2": 1.8658859729766846, "seconds": 4.306412193924189}
{"stage": "jacobian", "checkpoint": "step10000", "completed": 62, "total": 100, "token": "othe", "rho": 0.9825066328048706, "alpha": 0.9507485628128052, "norm2": 1.7386507987976074, "seconds": 4.179580729454756}
{"stage": "jacobian", "checkpoint": "step10000", "completed": 63, "total": 100, "token": " notion", "rho": 0.9532270431518555, "alpha": 0.9440836310386658, "norm2": 1.7594060897827148, "seconds": 2.4040845297276974}
{"stage": "jacobian", "checkpoint": "step10000", "completed": 64, "total": 100, "token": " publicity", "rho": 1.0411760807037354, "alpha": 0.9975823163986206, "norm2": 1.8150275945663452, "seconds": 3.7567479759454727}
{"stage": "jacobian", "checkpoint": "step10000", "completed": 65, "total": 100, "token": " disguised", "rho": 0.956517219543457, "alpha": 0.9484883546829224, "norm2": 1.766075849533081, "seconds": 3.356859151273966}
{"stage": "jacobian", "checkpoint": "step10000", "completed": 66, "total": 100, "token": " routine", "rho": 0.9891129732131958, "alpha": 0.9737114906311035, "norm2": 1.8373022079467773, "seconds": 4.707314107567072}
{"stage": "jacobian", "checkpoint": "step10000", "completed": 67, "total": 100, "token": " Panama", "rho": 0.9801491498947144, "alpha": 0.9467055797576904, "norm2": 1.7368111610412598, "seconds": 4.147317118942738}
{"stage": "jacobian", "checkpoint": "step10000", "completed": 68, "total": 100, "token": " happening", "rho": 0.9657373428344727, "alpha": 0.9252040386199951, "norm2": 1.7373521327972412, "seconds": 3.9441356994211674}
{"stage": "jacobian", "checkpoint": "step10000", "completed": 69, "total": 100, "token": "ending", "rho": 1.0410373210906982, "alpha": 0.9929764866828918, "norm2": 1.8471341133117676, "seconds": 4.096051067113876}
{"stage": "jacobian", "checkpoint": "step10000", "completed": 70, "total": 100, "token": " paved", "rho": 0.9634608030319214, "alpha": 0.9541829824447632, "norm2": 1.7785414457321167, "seconds": 4.227328561246395}
{"stage": "jacobian", "checkpoint": "step10000", "completed": 71, "total": 100, "token": " bu", "rho": 1.0281020402908325, "alpha": 0.9922194480895996, "norm2": 1.7894798517227173, "seconds": 3.9473604895174503}
{"stage": "jacobian", "checkpoint": "step10000", "completed": 72, "total": 100, "token": " crucial", "rho": 1.0297670364379883, "alpha": 0.9931385517120361, "norm2": 1.7919964790344238, "seconds": 5.224653955549002}
{"stage": "jacobian", "checkpoint": "step10000", "completed": 73, "total": 100, "token": "ographical", "rho": 1.0330023765563965, "alpha": 0.9947931170463562, "norm2": 1.7972147464752197, "seconds": 3.500214423984289}
{"stage": "jacobian", "checkpoint": "step10000", "completed": 74, "total": 100, "token": " Hunter", "rho": 1.019336462020874, "alpha": 0.9807475209236145, "norm2": 1.8668216466903687, "seconds": 2.902416218072176}
{"stage": "jacobian", "checkpoint": "step10000", "completed": 75, "total": 100, "token": " Thailand", "rho": 1.0230251550674438, "alpha": 0.9891955852508545, "norm2": 1.7824106216430664, "seconds": 4.876428313553333}
{"stage": "jacobian", "checkpoint": "step10000", "completed": 76, "total": 100, "token": " options", "rho": 0.9737348556518555, "alpha": 0.9309457540512085, "norm2": 1.7331923246383667, "seconds": 2.7380196899175644}
{"stage": "jacobian", "checkpoint": "step10000", "completed": 77, "total": 100, "token": " thereby", "rho": 0.9621677398681641, "alpha": 0.9245418906211853, "norm2": 1.743625283241272, "seconds": 3.0693732276558876}
{"stage": "jacobian", "checkpoint": "step10000", "completed": 78, "total": 100, "token": " Å", "rho": 0.9842173457145691, "alpha": 0.9698644876480103, "norm2": 1.8167266845703125, "seconds": 4.2901465855538845}
{"stage": "jacobian", "checkpoint": "step10000", "completed": 79, "total": 100, "token": " supports", "rho": 0.9578700661659241, "alpha": 0.9367051124572754, "norm2": 1.751542329788208, "seconds": 3.876084581017494}
{"stage": "jacobian", "checkpoint": "step10000", "completed": 80, "total": 100, "token": " knows", "rho": 1.0423128604888916, "alpha": 0.9974873661994934, "norm2": 1.819018840789795, "seconds": 3.2050381153821945}
{"stage": "jacobian", "checkpoint": "step10000", "completed": 81, "total": 100, "token": "rum", "rho": 0.9658017158508301, "alpha": 0.9252389073371887, "norm2": 1.7372381687164307, "seconds": 2.7352397926151752}
{"stage": "jacobian", "checkpoint": "step10000", "completed": 82, "total": 100, "token": " Son", "rho": 1.033320426940918, "alpha": 0.9949459433555603, "norm2": 1.7977510690689087, "seconds": 4.17988408729434}
{"stage": "jacobian", "checkpoint": "step10000", "completed": 83, "total": 100, "token": " impressed", "rho": 0.9736395478248596, "alpha": 0.9306464195251465, "norm2": 1.7331786155700684, "seconds": 4.42886446416378}
{"stage": "jacobian", "checkpoint": "step10000", "completed": 84, "total": 100, "token": " smooth", "rho": 1.0237406492233276, "alpha": 0.9833385944366455, "norm2": 1.866755723953247, "seconds": 2.8594733998179436}
{"stage": "jacobian", "checkpoint": "step10000", "completed": 85, "total": 100, "token": "igo", "rho": 1.0437778234481812, "alpha": 0.9954202175140381, "norm2": 1.8300573825836182, "seconds": 3.669788010418415}
{"stage": "jacobian", "checkpoint": "step10000", "completed": 86, "total": 100, "token": " Coleman", "rho": 0.9685420393943787, "alpha": 0.9266483783721924, "norm2": 1.734022617340088, "seconds": 4.647076606750488}
{"stage": "jacobian", "checkpoint": "step10000", "completed": 87, "total": 100, "token": " arriving", "rho": 0.987250804901123, "alpha": 0.9574747681617737, "norm2": 1.742868423461914, "seconds": 4.852482169866562}
{"stage": "jacobian", "checkpoint": "step10000", "completed": 88, "total": 100, "token": " Gab", "rho": 1.026696801185608, "alpha": 0.9850564002990723, "norm2": 1.8658541440963745, "seconds": 4.968089267611504}
{"stage": "jacobian", "checkpoint": "step10000", "completed": 89, "total": 100, "token": " speech", "rho": 1.0294113159179688, "alpha": 0.9929446578025818, "norm2": 1.7914446592330933, "seconds": 3.5742419436573982}
{"stage": "jacobian", "checkpoint": "step10000", "completed": 90, "total": 100, "token": " Ho", "rho": 0.966614305973053, "alpha": 0.9256793260574341, "norm2": 1.7361239194869995, "seconds": 4.477419093251228}
{"stage": "jacobian", "checkpoint": "step10000", "completed": 91, "total": 100, "token": " involved", "rho": 0.9752534627914429, "alpha": 0.9355663657188416, "norm2": 1.7337547540664673, "seconds": 4.283625550568104}
{"stage": "jacobian", "checkpoint": "step10000", "completed": 92, "total": 100, "token": " entered", "rho": 1.0176963806152344, "alpha": 0.985657274723053, "norm2": 1.7757326364517212, "seconds": 1.3957884386181831}
{"stage": "jacobian", "checkpoint": "step10000", "completed": 93, "total": 100, "token": " track", "rho": 0.9686316251754761, "alpha": 0.9266904592514038, "norm2": 1.7340033054351807, "seconds": 4.370819807052612}
{"stage": "jacobian", "checkpoint": "step10000", "completed": 94, "total": 100, "token": " 1", "rho": 0.9546448588371277, "alpha": 0.9422084093093872, "norm2": 1.7570070028305054, "seconds": 4.22043339535594}
{"stage": "jacobian", "checkpoint": "step10000", "completed": 95, "total": 100, "token": " use", "rho": 1.042869210243225, "alpha": 0.9935426712036133, "norm2": 1.8402512073516846, "seconds": 3.3897812627255917}
{"stage": "jacobian", "checkpoint": "step10000", "completed": 96, "total": 100, "token": " million", "rho": 0.9647753834724426, "alpha": 0.9551687240600586, "norm2": 1.7811026573181152, "seconds": 4.307228311896324}
{"stage": "jacobian", "checkpoint": "step10000", "completed": 97, "total": 100, "token": " Civil", "rho": 0.9842917323112488, "alpha": 0.9699223041534424, "norm2": 1.816904067993164, "seconds": 3.523514188826084}
{"stage": "jacobian", "checkpoint": "step10000", "completed": 98, "total": 100, "token": " bass", "rho": 1.0425699949264526, "alpha": 0.9934895038604736, "norm2": 1.8417073488235474, "seconds": 4.356801386922598}
{"stage": "jacobian", "checkpoint": "step10000", "completed": 99, "total": 100, "token": "ium", "rho": 0.9594594836235046, "alpha": 0.9510042071342468, "norm2": 1.7710038423538208, "seconds": 4.871946919709444}
{"stage": "jacobian", "checkpoint": "step10000", "completed": 100, "total": 100, "token": " roles", "rho": 0.9807693958282471, "alpha": 0.9478298425674438, "norm2": 1.737314224243164, "seconds": 4.323233857750893}
