{"stage": "dynamics", "dynamic_step": 256}
{"stage": "dynamics", "dynamic_step": 512}
{"stage": "dynamics", "dynamic_step": 768}
{"stage": "dynamics", "dynamic_step": 1024}
{"stage": "jacobian", "checkpoint": "step57000", "completed": 1, "total": 100, "token": "locations", "rho": 0.9334129691123962, "alpha": 0.9334129691123962, "norm2": 1.7213855981826782, "seconds": 5.3313708156347275}
{"stage": "jacobian", "checkpoint": "step57000", "completed": 2, "total": 100, "token": " 449", "rho": 0.9287493228912354, "alpha": 0.9287493228912354, "norm2": 4.748088836669922, "seconds": 2.9811442121863365}
{"stage": "jacobian", "checkpoint": "step57000", "completed": 3, "total": 100, "token": "completion", "rho": 0.9297031164169312, "alpha": 0.9297031164169312, "norm2": 1.7200216054916382, "seconds": 4.5330836325883865}
{"stage": "jacobian", "checkpoint": "step57000", "completed": 4, "total": 100, "token": "Py", "rho": 1.2719348669052124, "alpha": 1.2719348669052124, "norm2": 3.9402692317962646, "seconds": 4.726669691503048}
{"stage": "jacobian", "checkpoint": "step57000", "completed": 5, "total": 100, "token": " circumference", "rho": 0.9407874345779419, "alpha": 0.9407874345779419, "norm2": 1.731276512145996, "seconds": 4.426129750907421}
{"stage": "jacobian", "checkpoint": "step57000", "completed": 6, "total": 100, "token": " involuntary", "rho": 0.9515911340713501, "alpha": 0.9515911340713501, "norm2": 1.7538989782333374, "seconds": 2.8683071695268154}
{"stage": "jacobian", "checkpoint": "step57000", "completed": 7, "total": 100, "token": "立", "rho": 0.9678435921669006, "alpha": 0.9678435921669006, "norm2": 1.814051628112793, "seconds": 4.826816372573376}
{"stage": "jacobian", "checkpoint": "step57000", "completed": 8, "total": 100, "token": " CAD", "rho": 0.94704270362854, "alpha": 0.94704270362854, "norm2": 2.0337677001953125, "seconds": 1.923530425876379}
{"stage": "jacobian", "checkpoint": "step57000", "completed": 9, "total": 100, "token": "alen", "rho": 0.9268904328346252, "alpha": 0.9268904328346252, "norm2": 1.7161577939987183, "seconds": 3.4753571823239326}
{"stage": "jacobian", "checkpoint": "step57000", "completed": 10, "total": 100, "token": " Nokia", "rho": 1.0754985809326172, "alpha": 1.0754985809326172, "norm2": 4.54936408996582, "seconds": 5.055864084511995}
{"stage": "jacobian", "checkpoint": "step57000", "completed": 11, "total": 100, "token": "sidered", "rho": 0.9630228281021118, "alpha": 0.9630228281021118, "norm2": 1.7824339866638184, "seconds": 4.25754551962018}
{"stage": "jacobian", "checkpoint": "step57000", "completed": 12, "total": 100, "token": "second", "rho": 0.9947941303253174, "alpha": 0.9947941303253174, "norm2": 2.106252431869507, "seconds": 4.540996264666319}
{"stage": "jacobian", "checkpoint": "step57000", "completed": 13, "total": 100, "token": " diagrams", "rho": 0.9670233726501465, "alpha": 0.9670233726501465, "norm2": 1.800652027130127, "seconds": 4.919129226356745}
{"stage": "jacobian", "checkpoint": "step57000", "completed": 14, "total": 100, "token": " permeability", "rho": 1.1337263584136963, "alpha": 1.1337263584136963, "norm2": 4.6048455238342285, "seconds": 4.460754130035639}
{"stage": "jacobian", "checkpoint": "step57000", "completed": 15, "total": 100, "token": " LE", "rho": 0.9512620568275452, "alpha": 0.9512620568275452, "norm2": 1.7531068325042725, "seconds": 6.075901508331299}
{"stage": "jacobian", "checkpoint": "step57000", "completed": 16, "total": 100, "token": "urdy", "rho": 1.0152478218078613, "alpha": 1.0152478218078613, "norm2": 4.582348346710205, "seconds": 3.9985900297760963}
{"stage": "jacobian", "checkpoint": "step57000", "completed": 17, "total": 100, "token": " 510", "rho": 0.944435715675354, "alpha": 0.944435715675354, "norm2": 1.7398213148117065, "seconds": 4.62168038263917}
{"stage": "jacobian", "checkpoint": "step57000", "completed": 18, "total": 100, "token": "ochem", "rho": 0.946463942527771, "alpha": 0.946463942527771, "norm2": 1.7523083686828613, "seconds": 2.280737016350031}
{"stage": "jacobian", "checkpoint": "step57000", "completed": 19, "total": 100, "token": " phyt", "rho": 0.9660807251930237, "alpha": 0.9660807251930237, "norm2": 1.8306676149368286, "seconds": 3.3716392815113068}
{"stage": "jacobian", "checkpoint": "step57000", "completed": 20, "total": 100, "token": " filings", "rho": 0.9596897959709167, "alpha": 0.9596897959709167, "norm2": 1.7734661102294922, "seconds": 3.2357075177133083}
{"stage": "jacobian", "checkpoint": "step57000", "completed": 21, "total": 100, "token": " helical", "rho": 1.1238794326782227, "alpha": 1.1238794326782227, "norm2": 3.798452138900757, "seconds": 4.96702815592289}
{"stage": "jacobian", "checkpoint": "step57000", "completed": 22, "total": 100, "token": " interplay", "rho": 0.9286006093025208, "alpha": 0.9286006093025208, "norm2": 1.7186928987503052, "seconds": 3.081381384283304}
{"stage": "jacobian", "checkpoint": "step57000", "completed": 23, "total": 100, "token": "cies", "rho": 0.9810758233070374, "alpha": 0.9810758233070374, "norm2": 1.8997355699539185, "seconds": 4.660033658146858}
{"stage": "jacobian", "checkpoint": "step57000", "completed": 24, "total": 100, "token": " harmonic", "rho": 0.9538288712501526, "alpha": 0.9538288712501526, "norm2": 1.7597044706344604, "seconds": 4.76242570579052}
{"stage": "jacobian", "checkpoint": "step57000", "completed": 25, "total": 100, "token": " inactivated", "rho": 0.9667412042617798, "alpha": 0.9667412042617798, "norm2": 1.7981020212173462, "seconds": 4.433595713227987}
{"stage": "jacobian", "checkpoint": "step57000", "completed": 26, "total": 100, "token": " Maintenance", "rho": 0.9824905395507812, "alpha": 0.9824905395507812, "norm2": 1.9071444272994995, "seconds": 4.092657405883074}
{"stage": "jacobian", "checkpoint": "step57000", "completed": 27, "total": 100, "token": " pend", "rho": 0.9702802896499634, "alpha": 0.9702802896499634, "norm2": 1.860504150390625, "seconds": 4.727624520659447}
{"stage": "jacobian", "checkpoint": "step57000", "completed": 28, "total": 100, "token": " Pretty", "rho": 0.960820734500885, "alpha": 0.960820734500885, "norm2": 1.7766578197479248, "seconds": 5.102879602462053}
{"stage": "jacobian", "checkpoint": "step57000", "completed": 29, "total": 100, "token": " 580", "rho": 1.275848150253296, "alpha": 1.275848150253296, "norm2": 4.479601860046387, "seconds": 4.400806102901697}
{"stage": "jacobian", "checkpoint": "step57000", "completed": 30, "total": 100, "token": "CH", "rho": 0.9653308987617493, "alpha": 0.9653308987617493, "norm2": 1.7916916608810425, "seconds": 2.2176968716084957}
{"stage": "jacobian", "checkpoint": "step57000", "completed": 31, "total": 100, "token": "PI", "rho": 1.2566111087799072, "alpha": 1.2566111087799072, "norm2": 4.325157165527344, "seconds": 3.828195210546255}
{"stage": "jacobian", "checkpoint": "step57000", "completed": 32, "total": 100, "token": " shaping", "rho": 0.9672927856445312, "alpha": 0.9672927856445312, "norm2": 1.8219003677368164, "seconds": 4.9721240140497684}
{"stage": "jacobian", "checkpoint": "step57000", "completed": 33, "total": 100, "token": " exams", "rho": 0.9436067938804626, "alpha": 0.9436067938804626, "norm2": 1.7357921600341797, "seconds": 3.1283372417092323}
{"stage": "jacobian", "checkpoint": "step57000", "completed": 34, "total": 100, "token": "ilipp", "rho": 0.9742205142974854, "alpha": 0.9742205142974854, "norm2": 1.8723177909851074, "seconds": 4.870406232774258}
{"stage": "jacobian", "checkpoint": "step57000", "completed": 35, "total": 100, "token": "essential", "rho": 0.977413535118103, "alpha": 0.977413535118103, "norm2": 1.8837312459945679, "seconds": 4.275811642408371}
{"stage": "jacobian", "checkpoint": "step57000", "completed": 36, "total": 100, "token": " Manufact", "rho": 0.9396787881851196, "alpha": 0.9396787881851196, "norm2": 1.729508399963379, "seconds": 5.378172721713781}
{"stage": "jacobian", "checkpoint": "step57000", "completed": 37, "total": 100, "token": "christ", "rho": 0.9887221455574036, "alpha": 0.9887221455574036, "norm2": 2.1232829093933105, "seconds": 3.8157784938812256}
{"stage": "jacobian", "checkpoint": "step57000", "completed": 38, "total": 100, "token": "omed", "rho": 0.9965185523033142, "alpha": 0.9965185523033142, "norm2": 2.0166728496551514, "seconds": 2.9477901831269264}
{"stage": "jacobian", "checkpoint": "step57000", "completed": 39, "total": 100, "token": "umu", "rho": 0.9649796485900879, "alpha": 0.9649796485900879, "norm2": 1.79002046585083, "seconds": 6.121684428304434}
{"stage": "jacobian", "checkpoint": "step57000", "completed": 40, "total": 100, "token": " tonight", "rho": 0.9789297580718994, "alpha": 0.9789297580718994, "norm2": 1.8894917964935303, "seconds": 5.896228268742561}
{"stage": "jacobian", "checkpoint": "step57000", "completed": 41, "total": 100, "token": " geared", "rho": 0.9289947748184204, "alpha": 0.9289947748184204, "norm2": 1.7192566394805908, "seconds": 4.337255094200373}
{"stage": "jacobian", "checkpoint": "step57000", "completed": 42, "total": 100, "token": " trump", "rho": 0.9521595239639282, "alpha": 0.9521595239639282, "norm2": 1.7552666664123535, "seconds": 3.537675376981497}
{"stage": "jacobian", "checkpoint": "step57000", "completed": 43, "total": 100, "token": "leman", "rho": 0.9892063736915588, "alpha": 0.9892063736915588, "norm2": 1.9538366794586182, "seconds": 4.292031038552523}
{"stage": "jacobian", "checkpoint": "step57000", "completed": 44, "total": 100, "token": " assortment", "rho": 0.967837929725647, "alpha": 0.967837929725647, "norm2": 1.8129056692123413, "seconds": 4.907071337103844}
{"stage": "jacobian", "checkpoint": "step57000", "completed": 45, "total": 100, "token": " Sew", "rho": 0.9734185338020325, "alpha": 0.9723600149154663, "norm2": 2.2038302421569824, "seconds": 1.0979078896343708}
{"stage": "jacobian", "checkpoint": "step57000", "completed": 46, "total": 100, "token": " arresting", "rho": 0.9619444608688354, "alpha": 0.9619444608688354, "norm2": 4.6607794761657715, "seconds": 3.8127634041011333}
{"stage": "jacobian", "checkpoint": "step57000", "completed": 47, "total": 100, "token": " assertion", "rho": 0.9542364478111267, "alpha": 0.9542364478111267, "norm2": 1.7607778310775757, "seconds": 3.604542810469866}
{"stage": "jacobian", "checkpoint": "step57000", "completed": 48, "total": 100, "token": " unemployed", "rho": 1.1315314769744873, "alpha": 1.1315314769744873, "norm2": 4.602384567260742, "seconds": 4.963395152240992}
{"stage": "jacobian", "checkpoint": "step57000", "completed": 49, "total": 100, "token": " outgoing", "rho": 0.9267550706863403, "alpha": 0.9267550706863403, "norm2": 1.716025471687317, "seconds": 3.590982336550951}
{"stage": "jacobian", "checkpoint": "step57000", "completed": 50, "total": 100, "token": " floated", "rho": 0.9819194078445435, "alpha": 0.9819194078445435, "norm2": 1.9037278890609741, "seconds": 5.71760780736804}
{"stage": "jacobian", "checkpoint": "step57000", "completed": 51, "total": 100, "token": " portable", "rho": 0.9476244449615479, "alpha": 0.9476244449615479, "norm2": 2.095522165298462, "seconds": 3.9442647360265255}
{"stage": "jacobian", "checkpoint": "step57000", "completed": 52, "total": 100, "token": "olev", "rho": 0.9444226026535034, "alpha": 0.9444226026535034, "norm2": 1.7372382879257202, "seconds": 4.936730608344078}
{"stage": "jacobian", "checkpoint": "step57000", "completed": 53, "total": 100, "token": " Bread", "rho": 0.9669896364212036, "alpha": 0.9669896364212036, "norm2": 1.8260691165924072, "seconds": 5.257840808480978}
{"stage": "jacobian", "checkpoint": "step57000", "completed": 54, "total": 100, "token": " Alban", "rho": 0.9446898698806763, "alpha": 0.9446898698806763, "norm2": 1.7405949831008911, "seconds": 4.442005805671215}
{"stage": "jacobian", "checkpoint": "step57000", "completed": 55, "total": 100, "token": "gae", "rho": 1.0211659669876099, "alpha": 1.0211659669876099, "norm2": 4.574906826019287, "seconds": 3.106597948819399}
{"stage": "jacobian", "checkpoint": "step57000", "completed": 56, "total": 100, "token": " thorough", "rho": 0.9852166771888733, "alpha": 0.9852166771888733, "norm2": 1.9236717224121094, "seconds": 5.17671761661768}
{"stage": "jacobian", "checkpoint": "step57000", "completed": 57, "total": 100, "token": " integration", "rho": 0.9670669436454773, "alpha": 0.9670669436454773, "norm2": 1.8253883123397827, "seconds": 2.678032971918583}
{"stage": "jacobian", "checkpoint": "step57000", "completed": 58, "total": 100, "token": " sits", "rho": 0.9679146409034729, "alpha": 0.9679146409034729, "norm2": 1.8176156282424927, "seconds": 5.559244059026241}
{"stage": "jacobian", "checkpoint": "step57000", "completed": 59, "total": 100, "token": " nit", "rho": 0.9271745681762695, "alpha": 0.9271745681762695, "norm2": 1.716500997543335, "seconds": 4.048495128750801}
{"stage": "jacobian", "checkpoint": "step57000", "completed": 60, "total": 100, "token": " drifting", "rho": 0.9508758783340454, "alpha": 0.9508758783340454, "norm2": 4.390643119812012, "seconds": 3.4491900354623795}
{"stage": "jacobian", "checkpoint": "step57000", "completed": 61, "total": 100, "token": " 1864", "rho": 0.9436497092247009, "alpha": 0.9436497092247009, "norm2": 1.7374762296676636, "seconds": 4.1917874701321125}
{"stage": "jacobian", "checkpoint": "step57000", "completed": 62, "total": 100, "token": "othe", "rho": 1.1087080240249634, "alpha": 1.1087080240249634, "norm2": 3.771073579788208, "seconds": 4.464595809578896}
{"stage": "jacobian", "checkpoint": "step57000", "completed": 63, "total": 100, "token": " notion", "rho": 0.9679364562034607, "alpha": 0.9679364562034607, "norm2": 1.8164418935775757, "seconds": 2.4866240061819553}
{"stage": "jacobian", "checkpoint": "step57000", "completed": 64, "total": 100, "token": " publicity", "rho": 0.989761471748352, "alpha": 0.989761471748352, "norm2": 1.9574012756347656, "seconds": 5.459815055131912}
{"stage": "jacobian", "checkpoint": "step57000", "completed": 65, "total": 100, "token": " disguised", "rho": 0.9460036754608154, "alpha": 0.9460036754608154, "norm2": 1.794634461402893, "seconds": 4.575413905084133}
{"stage": "jacobian", "checkpoint": "step57000", "completed": 66, "total": 100, "token": " routine", "rho": 0.9770185947418213, "alpha": 0.9770185947418213, "norm2": 1.8822284936904907, "seconds": 4.025478113442659}
{"stage": "jacobian", "checkpoint": "step57000", "completed": 67, "total": 100, "token": " Panama", "rho": 0.9728044271469116, "alpha": 0.9728044271469116, "norm2": 4.642493724822998, "seconds": 5.613768491894007}
{"stage": "jacobian", "checkpoint": "step57000", "completed": 68, "total": 100, "token": " happening", "rho": 0.9360373020172119, "alpha": 0.9360373020172119, "norm2": 1.724319577217102, "seconds": 3.924356747418642}
{"stage": "jacobian", "checkpoint": "step57000", "completed": 69, "total": 100, "token": "ending", "rho": 0.9407637119293213, "alpha": 0.9407637119293213, "norm2": 1.7311933040618896, "seconds": 3.6459685526788235}
{"stage": "jacobian", "checkpoint": "step57000", "completed": 70, "total": 100, "token": " paved", "rho": 0.9654974937438965, "alpha": 0.9654974937438965, "norm2": 1.8357514142990112, "seconds": 3.759731665253639}
{"stage": "jacobian", "checkpoint": "step57000", "completed": 71, "total": 100, "token": " bu", "rho": 0.9653854370117188, "alpha": 0.9653854370117188, "norm2": 1.8373054265975952, "seconds": 4.720656055957079}
{"stage": "jacobian", "checkpoint": "step57000", "completed": 72, "total": 100, "token": " crucial", "rho": 0.9351648092269897, "alpha": 0.9351648092269897, "norm2": 1.723272681236267, "seconds": 4.9981306828558445}
{"stage": "jacobian", "checkpoint": "step57000", "completed": 73, "total": 100, "token": "ographical", "rho": 0.9306455254554749, "alpha": 0.9306455254554749, "norm2": 1.7193243503570557, "seconds": 4.310298856347799}
{"stage": "jacobian", "checkpoint": "step57000", "completed": 74, "total": 100, "token": " Hunter", "rho": 0.9459999799728394, "alpha": 0.9459999799728394, "norm2": 1.783024787902832, "seconds": 3.3696720004081726}
{"stage": "jacobian", "checkpoint": "step57000", "completed": 75, "total": 100, "token": " Thailand", "rho": 1.078869342803955, "alpha": 1.078869342803955, "norm2": 4.55133581161499, "seconds": 4.11618323251605}
{"stage": "jacobian", "checkpoint": "step57000", "completed": 76, "total": 100, "token": " options", "rho": 0.9667330980300903, "alpha": 0.9667330980300903, "norm2": 1.8273017406463623, "seconds": 4.303048226982355}
{"stage": "jacobian", "checkpoint": "step57000", "completed": 77, "total": 100, "token": " thereby", "rho": 0.9302479028701782, "alpha": 0.9302479028701782, "norm2": 4.875972747802734, "seconds": 4.80345956236124}
{"stage": "jacobian", "checkpoint": "step57000", "completed": 78, "total": 100, "token": " Å", "rho": 1.1800260543823242, "alpha": 1.1800260543823242, "norm2": 3.9619908332824707, "seconds": 3.7539238184690475}
{"stage": "jacobian", "checkpoint": "step57000", "completed": 79, "total": 100, "token": " supports", "rho": 0.9708217978477478, "alpha": 0.9708217978477478, "norm2": 1.86198890209198, "seconds": 4.59916365519166}
{"stage": "jacobian", "checkpoint": "step57000", "completed": 80, "total": 100, "token": " knows", "rho": 0.9660691022872925, "alpha": 0.9660691022872925, "norm2": 1.8308500051498413, "seconds": 3.767060123383999}
{"stage": "jacobian", "checkpoint": "step57000", "completed": 81, "total": 100, "token": "rum", "rho": 0.9371647834777832, "alpha": 0.9371647834777832, "norm2": 1.726021647453308, "seconds": 5.097159121185541}
{"stage": "jacobian", "checkpoint": "step57000", "completed": 82, "total": 100, "token": " Son", "rho": 0.9655394554138184, "alpha": 0.9655394554138184, "norm2": 1.8404117822647095, "seconds": 4.626962643116713}
{"stage": "jacobian", "checkpoint": "step57000", "completed": 83, "total": 100, "token": " impressed", "rho": 0.9688213467597961, "alpha": 0.9688213467597961, "norm2": 1.8559108972549438, "seconds": 4.85350900888443}
{"stage": "jacobian", "checkpoint": "step57000", "completed": 84, "total": 100, "token": " smooth", "rho": 0.9654766917228699, "alpha": 0.9654766917228699, "norm2": 1.8359194993972778, "seconds": 5.049721337854862}
{"stage": "jacobian", "checkpoint": "step57000", "completed": 85, "total": 100, "token": "igo", "rho": 0.9274966716766357, "alpha": 0.9274966716766357, "norm2": 1.716881275177002, "seconds": 3.6670947782695293}
{"stage": "jacobian", "checkpoint": "step57000", "completed": 86, "total": 100, "token": " Coleman", "rho": 0.9520951509475708, "alpha": 0.9520951509475708, "norm2": 1.755100131034851, "seconds": 5.1163434609770775}
{"stage": "jacobian", "checkpoint": "step57000", "completed": 87, "total": 100, "token": " arriving", "rho": 0.9520096778869629, "alpha": 0.9520096778869629, "norm2": 1.7549158334732056, "seconds": 3.213767174631357}
{"stage": "jacobian", "checkpoint": "step57000", "completed": 88, "total": 100, "token": " Gab", "rho": 0.9989240169525146, "alpha": 0.9989240169525146, "norm2": 2.085576057434082, "seconds": 4.466936115175486}
{"stage": "jacobian", "checkpoint": "step57000", "completed": 89, "total": 100, "token": " speech", "rho": 0.9654109477996826, "alpha": 0.9654109477996826, "norm2": 1.8365674018859863, "seconds": 2.8186412416398525}
{"stage": "jacobian", "checkpoint": "step57000", "completed": 90, "total": 100, "token": " Ho", "rho": 0.9923704862594604, "alpha": 0.9923704862594604, "norm2": 1.979185938835144, "seconds": 4.47520275041461}
{"stage": "jacobian", "checkpoint": "step57000", "completed": 91, "total": 100, "token": " involved", "rho": 0.9464737772941589, "alpha": 0.9464737772941589, "norm2": 1.749180793762207, "seconds": 3.9601071663200855}
{"stage": "jacobian", "checkpoint": "step57000", "completed": 92, "total": 100, "token": " entered", "rho": 0.9474530220031738, "alpha": 0.9474530220031738, "norm2": 1.744523048400879, "seconds": 4.499839898198843}
{"stage": "jacobian", "checkpoint": "step57000", "completed": 93, "total": 100, "token": " track", "rho": 0.9744048714637756, "alpha": 0.9744048714637756, "norm2": 1.8728593587875366, "seconds": 2.5311574190855026}
{"stage": "jacobian", "checkpoint": "step57000", "completed": 94, "total": 100, "token": " 1", "rho": 0.9268142580986023, "alpha": 0.9268142580986023, "norm2": 1.7161000967025757, "seconds": 1.0317189432680607}
{"stage": "jacobian", "checkpoint": "step57000", "completed": 95, "total": 100, "token": " use", "rho": 0.9909592866897583, "alpha": 0.9909592866897583, "norm2": 2.1178557872772217, "seconds": 1.867209654301405}
{"stage": "jacobian", "checkpoint": "step57000", "completed": 96, "total": 100, "token": " million", "rho": 0.9667084217071533, "alpha": 0.9667084217071533, "norm2": 1.8487263917922974, "seconds": 0.7443778067827225}
{"stage": "jacobian", "checkpoint": "step57000", "completed": 97, "total": 100, "token": " Civil", "rho": 0.9461374878883362, "alpha": 0.9461374878883362, "norm2": 1.7409955263137817, "seconds": 0.8091755248606205}
{"stage": "jacobian", "checkpoint": "step57000", "completed": 98, "total": 100, "token": " bass", "rho": 0.9334734082221985, "alpha": 0.9334734082221985, "norm2": 1.7226649522781372, "seconds": 0.9280787669122219}
{"stage": "jacobian", "checkpoint": "step57000", "completed": 99, "total": 100, "token": "ium", "rho": 1.129033088684082, "alpha": 1.129033088684082, "norm2": 4.599573612213135, "seconds": 0.9751049727201462}
{"stage": "jacobian", "checkpoint": "step57000", "completed": 100, "total": 100, "token": " roles", "rho": 0.958757758140564, "alpha": 0.958757758140564, "norm2": 1.7709211111068726, "seconds": 0.8978976495563984}
