{"stage": "dynamics", "dynamic_step": 256}
{"stage": "dynamics", "dynamic_step": 512}
{"stage": "dynamics", "dynamic_step": 768}
{"stage": "dynamics", "dynamic_step": 1024}
{"stage": "jacobian", "checkpoint": "step53000", "completed": 1, "total": 100, "token": "locations", "rho": 1.1296364068984985, "alpha": 1.1073893308639526, "norm2": 4.780740737915039, "seconds": 5.5285875760018826}
{"stage": "jacobian", "checkpoint": "step53000", "completed": 2, "total": 100, "token": " 449", "rho": 1.1162402629852295, "alpha": 1.1045079231262207, "norm2": 4.949909210205078, "seconds": 4.132842272520065}
{"stage": "jacobian", "checkpoint": "step53000", "completed": 3, "total": 100, "token": "completion", "rho": 1.1058506965637207, "alpha": 1.1058506965637207, "norm2": 4.794859886169434, "seconds": 3.6790654733777046}
{"stage": "jacobian", "checkpoint": "step53000", "completed": 4, "total": 100, "token": "Py", "rho": 0.9701486229896545, "alpha": 0.9701486229896545, "norm2": 2.4279565811157227, "seconds": 4.289956096559763}
{"stage": "jacobian", "checkpoint": "step53000", "completed": 5, "total": 100, "token": " circumference", "rho": 1.0823211669921875, "alpha": 1.070313811302185, "norm2": 4.368185043334961, "seconds": 4.512659665197134}
{"stage": "jacobian", "checkpoint": "step53000", "completed": 6, "total": 100, "token": " involuntary", "rho": 1.1098154783248901, "alpha": 1.105852723121643, "norm2": 4.895163536071777, "seconds": 4.302471250295639}
{"stage": "jacobian", "checkpoint": "step53000", "completed": 7, "total": 100, "token": "立", "rho": 0.9756719470024109, "alpha": 0.9714423418045044, "norm2": 4.352901935577393, "seconds": 3.887027069926262}
{"stage": "jacobian", "checkpoint": "step53000", "completed": 8, "total": 100, "token": " CAD", "rho": 1.115884780883789, "alpha": 1.105031132698059, "norm2": 4.946045398712158, "seconds": 4.168487794697285}
{"stage": "jacobian", "checkpoint": "step53000", "completed": 9, "total": 100, "token": "alen", "rho": 1.0886119604110718, "alpha": 1.0886119604110718, "norm2": 5.014638423919678, "seconds": 2.7636296823620796}
{"stage": "jacobian", "checkpoint": "step53000", "completed": 10, "total": 100, "token": " Nokia", "rho": 1.126251220703125, "alpha": 1.10981023311615, "norm2": 4.816348075866699, "seconds": 4.280505407601595}
{"stage": "jacobian", "checkpoint": "step53000", "completed": 11, "total": 100, "token": "sidered", "rho": 0.9624406099319458, "alpha": 0.9554835557937622, "norm2": 4.269200801849365, "seconds": 4.040308866649866}
{"stage": "jacobian", "checkpoint": "step53000", "completed": 12, "total": 100, "token": "second", "rho": 1.0643857717514038, "alpha": 1.040750503540039, "norm2": 3.8585562705993652, "seconds": 5.014470346271992}
{"stage": "jacobian", "checkpoint": "step53000", "completed": 13, "total": 100, "token": " diagrams", "rho": 1.0828098058700562, "alpha": 1.0704965591430664, "norm2": 4.371220111846924, "seconds": 4.066997166723013}
{"stage": "jacobian", "checkpoint": "step53000", "completed": 14, "total": 100, "token": " permeability", "rho": 1.119400978088379, "alpha": 1.1060991287231445, "norm2": 4.911132335662842, "seconds": 4.082384414970875}
{"stage": "jacobian", "checkpoint": "step53000", "completed": 15, "total": 100, "token": " LE", "rho": 1.0752583742141724, "alpha": 1.0664474964141846, "norm2": 4.380858421325684, "seconds": 5.730827499181032}
{"stage": "jacobian", "checkpoint": "step53000", "completed": 16, "total": 100, "token": "urdy", "rho": 1.108917236328125, "alpha": 1.1072087287902832, "norm2": 4.876140594482422, "seconds": 5.27136916667223}
{"stage": "jacobian", "checkpoint": "step53000", "completed": 17, "total": 100, "token": " 510", "rho": 1.1157433986663818, "alpha": 1.104581356048584, "norm2": 4.950417518615723, "seconds": 3.587462805211544}
{"stage": "jacobian", "checkpoint": "step53000", "completed": 18, "total": 100, "token": "ochem", "rho": 1.1291090250015259, "alpha": 1.1056537628173828, "norm2": 4.746925354003906, "seconds": 4.834114000201225}
{"stage": "jacobian", "checkpoint": "step53000", "completed": 19, "total": 100, "token": " phyt", "rho": 0.9774724245071411, "alpha": 0.9761197566986084, "norm2": 2.307765483856201, "seconds": 3.1866025887429714}
{"stage": "jacobian", "checkpoint": "step53000", "completed": 20, "total": 100, "token": " filings", "rho": 1.0668731927871704, "alpha": 1.0571714639663696, "norm2": 5.028051376342773, "seconds": 3.4030370824038982}
{"stage": "jacobian", "checkpoint": "step53000", "completed": 21, "total": 100, "token": " helical", "rho": 1.108779788017273, "alpha": 1.1061131954193115, "norm2": 4.878469944000244, "seconds": 4.847499545663595}
{"stage": "jacobian", "checkpoint": "step53000", "completed": 22, "total": 100, "token": " interplay", "rho": 1.0759462118148804, "alpha": 1.0671604871749878, "norm2": 4.373384475708008, "seconds": 4.465804450213909}
{"stage": "jacobian", "checkpoint": "step53000", "completed": 23, "total": 100, "token": "cies", "rho": 1.1291110515594482, "alpha": 1.1077980995178223, "norm2": 4.77850341796875, "seconds": 4.609828386455774}
{"stage": "jacobian", "checkpoint": "step53000", "completed": 24, "total": 100, "token": " harmonic", "rho": 1.079769253730774, "alpha": 1.0689294338226318, "norm2": 4.366134166717529, "seconds": 5.068257533013821}
{"stage": "jacobian", "checkpoint": "step53000", "completed": 25, "total": 100, "token": " inactivated", "rho": 0.9200179576873779, "alpha": 0.9200179576873779, "norm2": 1.715205192565918, "seconds": 4.053265612572432}
{"stage": "jacobian", "checkpoint": "step53000", "completed": 26, "total": 100, "token": " Maintenance", "rho": 0.9491152167320251, "alpha": 0.9482269883155823, "norm2": 1.7379721403121948, "seconds": 3.5403694808483124}
{"stage": "jacobian", "checkpoint": "step53000", "completed": 27, "total": 100, "token": " pend", "rho": 0.9930737018585205, "alpha": 0.9766639471054077, "norm2": 3.175510883331299, "seconds": 1.7362718991935253}
{"stage": "jacobian", "checkpoint": "step53000", "completed": 28, "total": 100, "token": " Pretty", "rho": 1.1134918928146362, "alpha": 1.1055980920791626, "norm2": 4.938351154327393, "seconds": 4.814397290349007}
{"stage": "jacobian", "checkpoint": "step53000", "completed": 29, "total": 100, "token": " 580", "rho": 1.1039553880691528, "alpha": 1.1039553880691528, "norm2": 4.798213958740234, "seconds": 4.878222048282623}
{"stage": "jacobian", "checkpoint": "step53000", "completed": 30, "total": 100, "token": "CH", "rho": 1.1048943996429443, "alpha": 1.1048943996429443, "norm2": 4.79603385925293, "seconds": 4.96298136934638}
{"stage": "jacobian", "checkpoint": "step53000", "completed": 31, "total": 100, "token": "PI", "rho": 1.1088593006134033, "alpha": 1.1069868803024292, "norm2": 4.875770092010498, "seconds": 5.226159069687128}
{"stage": "jacobian", "checkpoint": "step53000", "completed": 32, "total": 100, "token": " shaping", "rho": 1.0176315307617188, "alpha": 1.0176315307617188, "norm2": 5.634849548339844, "seconds": 2.5776145718991756}
{"stage": "jacobian", "checkpoint": "step53000", "completed": 33, "total": 100, "token": " exams", "rho": 1.0543478727340698, "alpha": 1.0483851432800293, "norm2": 4.725714683532715, "seconds": 4.220228455960751}
{"stage": "jacobian", "checkpoint": "step53000", "completed": 34, "total": 100, "token": "ilipp", "rho": 1.1193687915802002, "alpha": 1.1069835424423218, "norm2": 4.902244567871094, "seconds": 4.977228552103043}
{"stage": "jacobian", "checkpoint": "step53000", "completed": 35, "total": 100, "token": "essential", "rho": 0.9171481728553772, "alpha": 0.9171481728553772, "norm2": 1.7055968046188354, "seconds": 4.464921198785305}
{"stage": "jacobian", "checkpoint": "step53000", "completed": 36, "total": 100, "token": " Manufact", "rho": 1.0487747192382812, "alpha": 1.045508861541748, "norm2": 5.2941741943359375, "seconds": 5.268577102571726}
{"stage": "jacobian", "checkpoint": "step53000", "completed": 37, "total": 100, "token": "christ", "rho": 1.1112494468688965, "alpha": 1.0906394720077515, "norm2": 4.5037126541137695, "seconds": 2.9058870561420918}
{"stage": "jacobian", "checkpoint": "step53000", "completed": 38, "total": 100, "token": "omed", "rho": 1.082350492477417, "alpha": 1.0699878931045532, "norm2": 4.377344131469727, "seconds": 6.2974638864398}
{"stage": "jacobian", "checkpoint": "step53000", "completed": 39, "total": 100, "token": "umu", "rho": 1.1073615550994873, "alpha": 1.1073615550994873, "norm2": 4.833076477050781, "seconds": 6.166870553046465}
{"stage": "jacobian", "checkpoint": "step53000", "completed": 40, "total": 100, "token": " tonight", "rho": 0.9204211831092834, "alpha": 0.9204211831092834, "norm2": 1.742752194404602, "seconds": 4.438051130622625}
{"stage": "jacobian", "checkpoint": "step53000", "completed": 41, "total": 100, "token": " geared", "rho": 1.1272703409194946, "alpha": 1.1007229089736938, "norm2": 4.681524276733398, "seconds": 4.357279896736145}
{"stage": "jacobian", "checkpoint": "step53000", "completed": 42, "total": 100, "token": " trump", "rho": 1.1163777112960815, "alpha": 1.1045145988464355, "norm2": 4.949458599090576, "seconds": 4.647173929959536}
{"stage": "jacobian", "checkpoint": "step53000", "completed": 43, "total": 100, "token": "leman", "rho": 1.1160085201263428, "alpha": 1.1052416563034058, "norm2": 4.943794250488281, "seconds": 3.6833222545683384}
{"stage": "jacobian", "checkpoint": "step53000", "completed": 44, "total": 100, "token": " assortment", "rho": 0.9595362544059753, "alpha": 0.9595362544059753, "norm2": 1.7683730125427246, "seconds": 4.1580061092972755}
{"stage": "jacobian", "checkpoint": "step53000", "completed": 45, "total": 100, "token": " Sew", "rho": 1.0146125555038452, "alpha": 1.0146125555038452, "norm2": 1.9025713205337524, "seconds": 3.700398627668619}
{"stage": "jacobian", "checkpoint": "step53000", "completed": 46, "total": 100, "token": " arresting", "rho": 1.107207179069519, "alpha": 1.106494665145874, "norm2": 4.853428840637207, "seconds": 2.709524944424629}
{"stage": "jacobian", "checkpoint": "step53000", "completed": 47, "total": 100, "token": " assertion", "rho": 1.129453420639038, "alpha": 1.1022502183914185, "norm2": 4.7128987312316895, "seconds": 6.022739395499229}
{"stage": "jacobian", "checkpoint": "step53000", "completed": 48, "total": 100, "token": " unemployed", "rho": 1.116724967956543, "alpha": 1.1043721437454224, "norm2": 4.94954776763916, "seconds": 5.421528190374374}
{"stage": "jacobian", "checkpoint": "step53000", "completed": 49, "total": 100, "token": " outgoing", "rho": 1.0761549472808838, "alpha": 1.0669174194335938, "norm2": 4.377094268798828, "seconds": 3.541991673409939}
{"stage": "jacobian", "checkpoint": "step53000", "completed": 50, "total": 100, "token": " floated", "rho": 1.1287908554077148, "alpha": 1.108227252960205, "norm2": 4.798018932342529, "seconds": 2.424992773681879}
{"stage": "jacobian", "checkpoint": "step53000", "completed": 51, "total": 100, "token": " portable", "rho": 1.0829908847808838, "alpha": 1.0703701972961426, "norm2": 4.377992153167725, "seconds": 3.775558717548847}
{"stage": "jacobian", "checkpoint": "step53000", "completed": 52, "total": 100, "token": "olev", "rho": 1.117664098739624, "alpha": 1.1052656173706055, "norm2": 4.934909343719482, "seconds": 5.055278833955526}
{"stage": "jacobian", "checkpoint": "step53000", "completed": 53, "total": 100, "token": " Bread", "rho": 1.1248613595962524, "alpha": 1.0991015434265137, "norm2": 4.662757873535156, "seconds": 5.2570956982672215}
{"stage": "jacobian", "checkpoint": "step53000", "completed": 54, "total": 100, "token": " Alban", "rho": 1.1065683364868164, "alpha": 1.1065683364868164, "norm2": 4.7909674644470215, "seconds": 4.487565960735083}
{"stage": "jacobian", "checkpoint": "step53000", "completed": 55, "total": 100, "token": "gae", "rho": 1.1292214393615723, "alpha": 1.107207179069519, "norm2": 4.768052577972412, "seconds": 4.919363893568516}
{"stage": "jacobian", "checkpoint": "step53000", "completed": 56, "total": 100, "token": " thorough", "rho": 1.085068702697754, "alpha": 1.0711829662322998, "norm2": 4.398629188537598, "seconds": 6.117103058844805}
{"stage": "jacobian", "checkpoint": "step53000", "completed": 57, "total": 100, "token": " integration", "rho": 1.1154085397720337, "alpha": 1.1050069332122803, "norm2": 4.9470601081848145, "seconds": 3.9939723312854767}
{"stage": "jacobian", "checkpoint": "step53000", "completed": 58, "total": 100, "token": " sits", "rho": 1.0555957555770874, "alpha": 1.0530180931091309, "norm2": 5.419965744018555, "seconds": 3.2601513415575027}
{"stage": "jacobian", "checkpoint": "step53000", "completed": 59, "total": 100, "token": " nit", "rho": 1.0842171907424927, "alpha": 1.0701971054077148, "norm2": 4.411496639251709, "seconds": 1.8659658022224903}
{"stage": "jacobian", "checkpoint": "step53000", "completed": 60, "total": 100, "token": " drifting", "rho": 1.0876524448394775, "alpha": 1.0876524448394775, "norm2": 5.041285037994385, "seconds": 4.445537582039833}
{"stage": "jacobian", "checkpoint": "step53000", "completed": 61, "total": 100, "token": " 1864", "rho": 1.1155668497085571, "alpha": 1.106013536453247, "norm2": 4.938302040100098, "seconds": 3.9388471134006977}
{"stage": "jacobian", "checkpoint": "step53000", "completed": 62, "total": 100, "token": "othe", "rho": 1.074013590812683, "alpha": 1.074013590812683, "norm2": 5.193536758422852, "seconds": 4.446087695658207}
{"stage": "jacobian", "checkpoint": "step53000", "completed": 63, "total": 100, "token": " notion", "rho": 1.1222904920578003, "alpha": 1.0984958410263062, "norm2": 4.596684455871582, "seconds": 5.94976981729269}
{"stage": "jacobian", "checkpoint": "step53000", "completed": 64, "total": 100, "token": " publicity", "rho": 0.9806320667266846, "alpha": 0.9742834568023682, "norm2": 4.759873390197754, "seconds": 3.543684918433428}
{"stage": "jacobian", "checkpoint": "step53000", "completed": 65, "total": 100, "token": " disguised", "rho": 1.1177066564559937, "alpha": 1.1060477495193481, "norm2": 4.926210403442383, "seconds": 4.238871648907661}
{"stage": "jacobian", "checkpoint": "step53000", "completed": 66, "total": 100, "token": " routine", "rho": 1.0071797370910645, "alpha": 1.0071797370910645, "norm2": 1.8351433277130127, "seconds": 2.7702773697674274}
{"stage": "jacobian", "checkpoint": "step53000", "completed": 67, "total": 100, "token": " Panama", "rho": 1.1092140674591064, "alpha": 1.1064770221710205, "norm2": 4.88314151763916, "seconds": 5.060660250484943}
{"stage": "jacobian", "checkpoint": "step53000", "completed": 68, "total": 100, "token": " happening", "rho": 1.1166355609893799, "alpha": 1.0945172309875488, "norm2": 4.548993110656738, "seconds": 6.013467408716679}
{"stage": "jacobian", "checkpoint": "step53000", "completed": 69, "total": 100, "token": "ending", "rho": 1.0837602615356445, "alpha": 1.0837602615356445, "norm2": 5.087184906005859, "seconds": 4.648653291165829}
{"stage": "jacobian", "checkpoint": "step53000", "completed": 70, "total": 100, "token": " paved", "rho": 0.9120830297470093, "alpha": 0.9101117253303528, "norm2": 1.6980317831039429, "seconds": 4.845377549529076}
{"stage": "jacobian", "checkpoint": "step53000", "completed": 71, "total": 100, "token": " bu", "rho": 1.110024094581604, "alpha": 1.1061716079711914, "norm2": 4.896681308746338, "seconds": 4.3923537246882915}
{"stage": "jacobian", "checkpoint": "step53000", "completed": 72, "total": 100, "token": " crucial", "rho": 1.1191937923431396, "alpha": 1.096703290939331, "norm2": 4.554324626922607, "seconds": 3.321569237858057}
{"stage": "jacobian", "checkpoint": "step53000", "completed": 73, "total": 100, "token": "ographical", "rho": 0.9954947829246521, "alpha": 0.9803081750869751, "norm2": 2.913346767425537, "seconds": 3.744586806744337}
{"stage": "jacobian", "checkpoint": "step53000", "completed": 74, "total": 100, "token": " Hunter", "rho": 1.1164859533309937, "alpha": 1.1048780679702759, "norm2": 4.9455060958862305, "seconds": 4.623748529702425}
{"stage": "jacobian", "checkpoint": "step53000", "completed": 75, "total": 100, "token": " Thailand", "rho": 1.11540687084198, "alpha": 1.104799747467041, "norm2": 4.9487528800964355, "seconds": 4.892260253429413}
{"stage": "jacobian", "checkpoint": "step53000", "completed": 76, "total": 100, "token": " options", "rho": 1.1206172704696655, "alpha": 1.108530044555664, "norm2": 4.877008438110352, "seconds": 3.4693891555070877}
{"stage": "jacobian", "checkpoint": "step53000", "completed": 77, "total": 100, "token": " thereby", "rho": 1.1125035285949707, "alpha": 1.1059931516647339, "norm2": 4.928829669952393, "seconds": 3.2138766795396805}
{"stage": "jacobian", "checkpoint": "step53000", "completed": 78, "total": 100, "token": " Å", "rho": 0.9916227459907532, "alpha": 0.9913971424102783, "norm2": 5.38075065612793, "seconds": 4.408769570291042}
{"stage": "jacobian", "checkpoint": "step53000", "completed": 79, "total": 100, "token": " supports", "rho": 1.0909415483474731, "alpha": 1.075632095336914, "norm2": 4.399770259857178, "seconds": 4.466710157692432}
{"stage": "jacobian", "checkpoint": "step53000", "completed": 80, "total": 100, "token": " knows", "rho": 1.1056389808654785, "alpha": 1.1056389808654785, "norm2": 4.79524564743042, "seconds": 4.1914816945791245}
{"stage": "jacobian", "checkpoint": "step53000", "completed": 81, "total": 100, "token": "rum", "rho": 1.114848256111145, "alpha": 1.0931048393249512, "norm2": 4.540257453918457, "seconds": 4.224482078105211}
{"stage": "jacobian", "checkpoint": "step53000", "completed": 82, "total": 100, "token": " Son", "rho": 1.08170485496521, "alpha": 1.08170485496521, "norm2": 5.111336708068848, "seconds": 3.2848844788968563}
{"stage": "jacobian", "checkpoint": "step53000", "completed": 83, "total": 100, "token": " impressed", "rho": 1.0899568796157837, "alpha": 1.0745463371276855, "norm2": 4.412917613983154, "seconds": 4.55304653942585}
{"stage": "jacobian", "checkpoint": "step53000", "completed": 84, "total": 100, "token": " smooth", "rho": 1.0510399341583252, "alpha": 1.0510399341583252, "norm2": 5.306180953979492, "seconds": 2.8724406585097313}
{"stage": "jacobian", "checkpoint": "step53000", "completed": 85, "total": 100, "token": "igo", "rho": 1.1070683002471924, "alpha": 1.1070683002471924, "norm2": 4.842041015625, "seconds": 5.36136968433857}
{"stage": "jacobian", "checkpoint": "step53000", "completed": 86, "total": 100, "token": " Coleman", "rho": 0.982268214225769, "alpha": 0.9764111638069153, "norm2": 4.50655460357666, "seconds": 4.087252244353294}
{"stage": "jacobian", "checkpoint": "step53000", "completed": 87, "total": 100, "token": " arriving", "rho": 1.1183756589889526, "alpha": 1.1066150665283203, "norm2": 4.914764881134033, "seconds": 4.654576364904642}
{"stage": "jacobian", "checkpoint": "step53000", "completed": 88, "total": 100, "token": " Gab", "rho": 1.065690279006958, "alpha": 1.065690279006958, "norm2": 5.252620220184326, "seconds": 2.9752666354179382}
{"stage": "jacobian", "checkpoint": "step53000", "completed": 89, "total": 100, "token": " speech", "rho": 1.0682563781738281, "alpha": 1.0607556104660034, "norm2": 4.452788829803467, "seconds": 4.551019918173552}
{"stage": "jacobian", "checkpoint": "step53000", "completed": 90, "total": 100, "token": " Ho", "rho": 1.0865360498428345, "alpha": 1.077957034111023, "norm2": 4.080319404602051, "seconds": 4.357128635048866}
{"stage": "jacobian", "checkpoint": "step53000", "completed": 91, "total": 100, "token": " involved", "rho": 1.1034973859786987, "alpha": 1.1034973859786987, "norm2": 4.803181171417236, "seconds": 5.215147156268358}
{"stage": "jacobian", "checkpoint": "step53000", "completed": 92, "total": 100, "token": " entered", "rho": 1.0723978281021118, "alpha": 1.0639516115188599, "norm2": 4.406795024871826, "seconds": 1.2535895965993404}
{"stage": "jacobian", "checkpoint": "step53000", "completed": 93, "total": 100, "token": " track", "rho": 1.129904866218567, "alpha": 1.103698968887329, "norm2": 4.732454299926758, "seconds": 2.170114453881979}
{"stage": "jacobian", "checkpoint": "step53000", "completed": 94, "total": 100, "token": " 1", "rho": 1.1169353723526, "alpha": 1.1065393686294556, "norm2": 4.926663398742676, "seconds": 0.8685990162193775}
{"stage": "jacobian", "checkpoint": "step53000", "completed": 95, "total": 100, "token": " use", "rho": 0.9412100315093994, "alpha": 0.9398398995399475, "norm2": 1.7185356616973877, "seconds": 0.8874273858964443}
{"stage": "jacobian", "checkpoint": "step53000", "completed": 96, "total": 100, "token": " million", "rho": 0.9416054487228394, "alpha": 0.940277099609375, "norm2": 1.7194397449493408, "seconds": 0.8669722750782967}
{"stage": "jacobian", "checkpoint": "step53000", "completed": 97, "total": 100, "token": " Civil", "rho": 1.1113011837005615, "alpha": 1.1063237190246582, "norm2": 4.914121627807617, "seconds": 1.1375842839479446}
{"stage": "jacobian", "checkpoint": "step53000", "completed": 98, "total": 100, "token": " bass", "rho": 1.1083617210388184, "alpha": 1.1063871383666992, "norm2": 4.870593547821045, "seconds": 1.1068181470036507}
{"stage": "jacobian", "checkpoint": "step53000", "completed": 99, "total": 100, "token": "ium", "rho": 1.1095149517059326, "alpha": 1.105869174003601, "norm2": 4.890598297119141, "seconds": 0.6333241201937199}
{"stage": "jacobian", "checkpoint": "step53000", "completed": 100, "total": 100, "token": " roles", "rho": 1.1077321767807007, "alpha": 1.0877656936645508, "norm2": 4.493951320648193, "seconds": 0.6293667145073414}
