{"checkpoints": ["step27000", "step28000", "step39000", "step40000", "step58000", "step59000"], "dynamic_steps": [0, 64, 128, 192, 256, 320, 384, 448, 512, 576, 640, 704, 768, 832, 896, 960, 1024], "token_ids": [21825, 46808, 23778, 42548, 29254, 19211, 14290, 6574], "metrics": ["spectral_radius", "operator_norm_2", "jacobian_frobenius_norm"], "trace": false}
{"stage": "dynamics", "checkpoint": "step27000", "completed": 1, "total": 6, "shape": [1025, 8, 512], "seconds": 5.255255971103907}
{"stage": "dynamics", "checkpoint": "step28000", "completed": 2, "total": 6, "shape": [1025, 8, 512], "seconds": 2.726678267121315}
{"stage": "dynamics", "checkpoint": "step39000", "completed": 3, "total": 6, "shape": [1025, 8, 512], "seconds": 2.8119192495942116}
{"stage": "dynamics", "checkpoint": "step40000", "completed": 4, "total": 6, "shape": [1025, 8, 512], "seconds": 2.6880318336188793}
{"stage": "dynamics", "checkpoint": "step58000", "completed": 5, "total": 6, "shape": [1025, 8, 512], "seconds": 2.704120222479105}
{"stage": "dynamics", "checkpoint": "step59000", "completed": 6, "total": 6, "shape": [1025, 8, 512], "seconds": 2.712724380195141}
{"stage": "metrics", "checkpoint": "step27000", "dynamic_step": 0, "token": " clones", "spectral_radius": 12.766058921813965, "operator_norm_2": 81.62014770507812, "jacobian_frobenius_norm": 267.4502868652344, "seconds": 0.5967497788369656}
{"stage": "metrics", "checkpoint": "step27000", "dynamic_step": 0, "token": " trustworthy", "spectral_radius": 11.9483642578125, "operator_norm_2": 63.00154495239258, "jacobian_frobenius_norm": 245.3775634765625, "seconds": 0.4038398563861847}
{"stage": "metrics", "checkpoint": "step27000", "dynamic_step": 0, "token": " motive", "spectral_radius": 14.106742858886719, "operator_norm_2": 85.23431396484375, "jacobian_frobenius_norm": 298.642578125, "seconds": 0.3968004956841469}
{"stage": "metrics", "checkpoint": "step27000", "dynamic_step": 0, "token": " generosity", "spectral_radius": 13.48578929901123, "operator_norm_2": 82.81572723388672, "jacobian_frobenius_norm": 274.85076904296875, "seconds": 0.39491965621709824}
{"stage": "metrics", "checkpoint": "step27000", "dynamic_step": 0, "token": " critique", "spectral_radius": 11.846351623535156, "operator_norm_2": 66.16024780273438, "jacobian_frobenius_norm": 248.7583465576172, "seconds": 0.39362629130482674}
{"stage": "metrics", "checkpoint": "step27000", "dynamic_step": 0, "token": " cabinet", "spectral_radius": 12.885575294494629, "operator_norm_2": 69.52378845214844, "jacobian_frobenius_norm": 270.48822021484375, "seconds": 0.39082714542746544}
{"stage": "metrics", "checkpoint": "step27000", "dynamic_step": 0, "token": " documented", "spectral_radius": 16.801328659057617, "operator_norm_2": 178.98382568359375, "jacobian_frobenius_norm": 276.29046630859375, "seconds": 0.3607540503144264}
{"stage": "metrics", "checkpoint": "step27000", "dynamic_step": 0, "token": " miles", "spectral_radius": 14.745210647583008, "operator_norm_2": 125.56635284423828, "jacobian_frobenius_norm": 332.6562805175781, "seconds": 0.35697924718260765}
{"stage": "metrics", "checkpoint": "step27000", "dynamic_step": 64, "token": " clones", "spectral_radius": 1.0320545434951782, "operator_norm_2": 1.8042044639587402, "jacobian_frobenius_norm": 15.460227012634277, "seconds": 0.4516276866197586}
{"stage": "metrics", "checkpoint": "step27000", "dynamic_step": 64, "token": " trustworthy", "spectral_radius": 0.9738011360168457, "operator_norm_2": 1.7692877054214478, "jacobian_frobenius_norm": 15.149789810180664, "seconds": 0.3092755749821663}
{"stage": "metrics", "checkpoint": "step27000", "dynamic_step": 64, "token": " motive", "spectral_radius": 1.0398890972137451, "operator_norm_2": 1.803876519203186, "jacobian_frobenius_norm": 15.466389656066895, "seconds": 0.35681379586458206}
{"stage": "metrics", "checkpoint": "step27000", "dynamic_step": 64, "token": " generosity", "spectral_radius": 1.0334482192993164, "operator_norm_2": 1.806925654411316, "jacobian_frobenius_norm": 15.497485160827637, "seconds": 0.3880920819938183}
{"stage": "metrics", "checkpoint": "step27000", "dynamic_step": 64, "token": " critique", "spectral_radius": 1.0363590717315674, "operator_norm_2": 1.8124723434448242, "jacobian_frobenius_norm": 15.627678871154785, "seconds": 0.3864819183945656}
{"stage": "metrics", "checkpoint": "step27000", "dynamic_step": 64, "token": " cabinet", "spectral_radius": 1.042492389678955, "operator_norm_2": 1.8063117265701294, "jacobian_frobenius_norm": 15.771063804626465, "seconds": 0.4096381366252899}
{"stage": "metrics", "checkpoint": "step27000", "dynamic_step": 64, "token": " documented", "spectral_radius": 0.997330904006958, "operator_norm_2": 1.8128949403762817, "jacobian_frobenius_norm": 15.540258407592773, "seconds": 0.3531199283897877}
{"stage": "metrics", "checkpoint": "step27000", "dynamic_step": 64, "token": " miles", "spectral_radius": 1.0591591596603394, "operator_norm_2": 1.8090310096740723, "jacobian_frobenius_norm": 15.539859771728516, "seconds": 0.43276994675397873}
{"stage": "metrics", "checkpoint": "step27000", "dynamic_step": 128, "token": " clones", "spectral_radius": 1.07905912399292, "operator_norm_2": 1.9599213600158691, "jacobian_frobenius_norm": 16.447582244873047, "seconds": 0.5591423623263836}
{"stage": "metrics", "checkpoint": "step27000", "dynamic_step": 128, "token": " trustworthy", "spectral_radius": 1.070033311843872, "operator_norm_2": 1.9178712368011475, "jacobian_frobenius_norm": 16.192310333251953, "seconds": 0.3826132044196129}
{"stage": "metrics", "checkpoint": "step27000", "dynamic_step": 128, "token": " motive", "spectral_radius": 1.0828862190246582, "operator_norm_2": 2.0451197624206543, "jacobian_frobenius_norm": 16.915136337280273, "seconds": 0.37486860528588295}
{"stage": "metrics", "checkpoint": "step27000", "dynamic_step": 128, "token": " generosity", "spectral_radius": 1.140742301940918, "operator_norm_2": 2.0348780155181885, "jacobian_frobenius_norm": 16.868364334106445, "seconds": 0.35704413428902626}
{"stage": "metrics", "checkpoint": "step27000", "dynamic_step": 128, "token": " critique", "spectral_radius": 1.0832798480987549, "operator_norm_2": 1.7918850183486938, "jacobian_frobenius_norm": 15.35746955871582, "seconds": 0.3657822869718075}
{"stage": "metrics", "checkpoint": "step27000", "dynamic_step": 128, "token": " cabinet", "spectral_radius": 0.9957756400108337, "operator_norm_2": 1.8220187425613403, "jacobian_frobenius_norm": 15.321678161621094, "seconds": 0.36955998092889786}
{"stage": "metrics", "checkpoint": "step27000", "dynamic_step": 128, "token": " documented", "spectral_radius": 1.080841302871704, "operator_norm_2": 1.9298473596572876, "jacobian_frobenius_norm": 16.435314178466797, "seconds": 0.3889779672026634}
{"stage": "metrics", "checkpoint": "step27000", "dynamic_step": 128, "token": " miles", "spectral_radius": 0.9878796935081482, "operator_norm_2": 1.8331823348999023, "jacobian_frobenius_norm": 15.223824501037598, "seconds": 0.37059732899069786}
{"stage": "metrics", "checkpoint": "step27000", "dynamic_step": 192, "token": " clones", "spectral_radius": 0.9905552864074707, "operator_norm_2": 1.8653124570846558, "jacobian_frobenius_norm": 15.66457748413086, "seconds": 0.3818197511136532}
{"stage": "metrics", "checkpoint": "step27000", "dynamic_step": 192, "token": " trustworthy", "spectral_radius": 1.0355255603790283, "operator_norm_2": 1.7636994123458862, "jacobian_frobenius_norm": 15.358400344848633, "seconds": 0.3702891021966934}
{"stage": "metrics", "checkpoint": "step27000", "dynamic_step": 192, "token": " motive", "spectral_radius": 1.0656840801239014, "operator_norm_2": 1.791292428970337, "jacobian_frobenius_norm": 15.53244400024414, "seconds": 0.37784968316555023}
{"stage": "metrics", "checkpoint": "step27000", "dynamic_step": 192, "token": " generosity", "spectral_radius": 1.0629037618637085, "operator_norm_2": 1.7772481441497803, "jacobian_frobenius_norm": 15.518594741821289, "seconds": 0.3590710423886776}
{"stage": "metrics", "checkpoint": "step27000", "dynamic_step": 192, "token": " critique", "spectral_radius": 1.0375224351882935, "operator_norm_2": 1.8505221605300903, "jacobian_frobenius_norm": 15.901416778564453, "seconds": 0.38333507999777794}
{"stage": "metrics", "checkpoint": "step27000", "dynamic_step": 192, "token": " cabinet", "spectral_radius": 0.9963101744651794, "operator_norm_2": 1.8469394445419312, "jacobian_frobenius_norm": 15.287191390991211, "seconds": 0.3870762437582016}
{"stage": "metrics", "checkpoint": "step27000", "dynamic_step": 192, "token": " documented", "spectral_radius": 1.0551649332046509, "operator_norm_2": 1.8043874502182007, "jacobian_frobenius_norm": 15.522488594055176, "seconds": 0.3892425447702408}
{"stage": "metrics", "checkpoint": "step27000", "dynamic_step": 192, "token": " miles", "spectral_radius": 1.088221788406372, "operator_norm_2": 1.9772908687591553, "jacobian_frobenius_norm": 16.540363311767578, "seconds": 0.36898915097117424}
{"stage": "metrics", "checkpoint": "step27000", "dynamic_step": 256, "token": " clones", "spectral_radius": 0.9922032952308655, "operator_norm_2": 1.841960072517395, "jacobian_frobenius_norm": 15.25144100189209, "seconds": 0.35032179579138756}
{"stage": "metrics", "checkpoint": "step27000", "dynamic_step": 256, "token": " trustworthy", "spectral_radius": 0.9966219067573547, "operator_norm_2": 1.807668924331665, "jacobian_frobenius_norm": 15.260246276855469, "seconds": 0.4017333425581455}
{"stage": "metrics", "checkpoint": "step27000", "dynamic_step": 256, "token": " motive", "spectral_radius": 0.9787235856056213, "operator_norm_2": 1.8500285148620605, "jacobian_frobenius_norm": 15.513667106628418, "seconds": 0.39264097809791565}
{"stage": "metrics", "checkpoint": "step27000", "dynamic_step": 256, "token": " generosity", "spectral_radius": 0.9793236255645752, "operator_norm_2": 1.7581638097763062, "jacobian_frobenius_norm": 15.176712989807129, "seconds": 0.3842291608452797}
{"stage": "metrics", "checkpoint": "step27000", "dynamic_step": 256, "token": " critique", "spectral_radius": 1.032881259918213, "operator_norm_2": 1.7971664667129517, "jacobian_frobenius_norm": 15.625974655151367, "seconds": 0.3547884151339531}
{"stage": "metrics", "checkpoint": "step27000", "dynamic_step": 256, "token": " cabinet", "spectral_radius": 1.0338324308395386, "operator_norm_2": 1.904289960861206, "jacobian_frobenius_norm": 15.598095893859863, "seconds": 0.3889840692281723}
{"stage": "metrics", "checkpoint": "step27000", "dynamic_step": 256, "token": " documented", "spectral_radius": 1.1303914785385132, "operator_norm_2": 1.8972281217575073, "jacobian_frobenius_norm": 16.16300392150879, "seconds": 0.3888267017900944}
{"stage": "metrics", "checkpoint": "step27000", "dynamic_step": 256, "token": " miles", "spectral_radius": 0.9914361834526062, "operator_norm_2": 1.8103867769241333, "jacobian_frobenius_norm": 15.186885833740234, "seconds": 0.4172375276684761}
{"stage": "metrics", "checkpoint": "step27000", "dynamic_step": 320, "token": " clones", "spectral_radius": 1.024507761001587, "operator_norm_2": 1.8937923908233643, "jacobian_frobenius_norm": 15.53110122680664, "seconds": 0.47932010889053345}
{"stage": "metrics", "checkpoint": "step27000", "dynamic_step": 320, "token": " trustworthy", "spectral_radius": 1.0031534433364868, "operator_norm_2": 1.86491858959198, "jacobian_frobenius_norm": 15.359850883483887, "seconds": 0.3832814693450928}
{"stage": "metrics", "checkpoint": "step27000", "dynamic_step": 320, "token": " motive", "spectral_radius": 1.0228275060653687, "operator_norm_2": 1.927747130393982, "jacobian_frobenius_norm": 15.757674217224121, "seconds": 0.38720671832561493}
{"stage": "metrics", "checkpoint": "step27000", "dynamic_step": 320, "token": " generosity", "spectral_radius": 1.1125080585479736, "operator_norm_2": 2.052388906478882, "jacobian_frobenius_norm": 16.50577163696289, "seconds": 0.38377366214990616}
{"stage": "metrics", "checkpoint": "step27000", "dynamic_step": 320, "token": " critique", "spectral_radius": 1.0116429328918457, "operator_norm_2": 1.9544579982757568, "jacobian_frobenius_norm": 15.747090339660645, "seconds": 0.3600506894290447}
{"stage": "metrics", "checkpoint": "step27000", "dynamic_step": 320, "token": " cabinet", "spectral_radius": 1.033908724784851, "operator_norm_2": 2.074357748031616, "jacobian_frobenius_norm": 15.984394073486328, "seconds": 0.3912609629333019}
{"stage": "metrics", "checkpoint": "step27000", "dynamic_step": 320, "token": " documented", "spectral_radius": 1.0373624563217163, "operator_norm_2": 1.949554443359375, "jacobian_frobenius_norm": 15.910719871520996, "seconds": 0.4270288571715355}
{"stage": "metrics", "checkpoint": "step27000", "dynamic_step": 320, "token": " miles", "spectral_radius": 1.0105409622192383, "operator_norm_2": 1.8768587112426758, "jacobian_frobenius_norm": 15.354622840881348, "seconds": 0.3839409798383713}
{"stage": "metrics", "checkpoint": "step27000", "dynamic_step": 384, "token": " clones", "spectral_radius": 1.0084854364395142, "operator_norm_2": 1.977102279663086, "jacobian_frobenius_norm": 15.911691665649414, "seconds": 0.3516463004052639}
{"stage": "metrics", "checkpoint": "step27000", "dynamic_step": 384, "token": " trustworthy", "spectral_radius": 1.0488048791885376, "operator_norm_2": 1.9368687868118286, "jacobian_frobenius_norm": 15.72031021118164, "seconds": 0.3811299502849579}
{"stage": "metrics", "checkpoint": "step27000", "dynamic_step": 384, "token": " motive", "spectral_radius": 0.9926410913467407, "operator_norm_2": 1.8183159828186035, "jacobian_frobenius_norm": 15.164319038391113, "seconds": 0.36629969254136086}
{"stage": "metrics", "checkpoint": "step27000", "dynamic_step": 384, "token": " generosity", "spectral_radius": 0.9947590231895447, "operator_norm_2": 1.8087158203125, "jacobian_frobenius_norm": 15.19519329071045, "seconds": 0.40298740938305855}
{"stage": "metrics", "checkpoint": "step27000", "dynamic_step": 384, "token": " critique", "spectral_radius": 0.9840868711471558, "operator_norm_2": 1.8442732095718384, "jacobian_frobenius_norm": 15.138378143310547, "seconds": 0.3755682483315468}
{"stage": "metrics", "checkpoint": "step27000", "dynamic_step": 384, "token": " cabinet", "spectral_radius": 1.0062556266784668, "operator_norm_2": 1.8610177040100098, "jacobian_frobenius_norm": 15.374561309814453, "seconds": 0.4489142671227455}
{"stage": "metrics", "checkpoint": "step27000", "dynamic_step": 384, "token": " documented", "spectral_radius": 0.9949803352355957, "operator_norm_2": 1.8153831958770752, "jacobian_frobenius_norm": 15.189422607421875, "seconds": 0.5373875722289085}
{"stage": "metrics", "checkpoint": "step27000", "dynamic_step": 384, "token": " miles", "spectral_radius": 1.007393479347229, "operator_norm_2": 1.891950249671936, "jacobian_frobenius_norm": 15.486800193786621, "seconds": 0.4633989818394184}
{"stage": "metrics", "checkpoint": "step27000", "dynamic_step": 448, "token": " clones", "spectral_radius": 1.0315195322036743, "operator_norm_2": 1.9210710525512695, "jacobian_frobenius_norm": 15.492663383483887, "seconds": 0.3810447156429291}
{"stage": "metrics", "checkpoint": "step27000", "dynamic_step": 448, "token": " trustworthy", "spectral_radius": 1.0172158479690552, "operator_norm_2": 1.8943036794662476, "jacobian_frobenius_norm": 15.683244705200195, "seconds": 0.4493264704942703}
{"stage": "metrics", "checkpoint": "step27000", "dynamic_step": 448, "token": " motive", "spectral_radius": 1.008820652961731, "operator_norm_2": 1.8719631433486938, "jacobian_frobenius_norm": 15.399882316589355, "seconds": 0.3770468346774578}
{"stage": "metrics", "checkpoint": "step27000", "dynamic_step": 448, "token": " generosity", "spectral_radius": 1.0100129842758179, "operator_norm_2": 1.8750993013381958, "jacobian_frobenius_norm": 15.352892875671387, "seconds": 0.3925698548555374}
{"stage": "metrics", "checkpoint": "step27000", "dynamic_step": 448, "token": " critique", "spectral_radius": 0.9919084906578064, "operator_norm_2": 1.861215591430664, "jacobian_frobenius_norm": 15.37319278717041, "seconds": 0.36949143558740616}
{"stage": "metrics", "checkpoint": "step27000", "dynamic_step": 448, "token": " cabinet", "spectral_radius": 1.0310180187225342, "operator_norm_2": 1.9090068340301514, "jacobian_frobenius_norm": 15.604835510253906, "seconds": 0.4061375595629215}
{"stage": "metrics", "checkpoint": "step27000", "dynamic_step": 448, "token": " documented", "spectral_radius": 1.006752610206604, "operator_norm_2": 1.870396375656128, "jacobian_frobenius_norm": 15.388238906860352, "seconds": 0.39495040476322174}
{"stage": "metrics", "checkpoint": "step27000", "dynamic_step": 448, "token": " miles", "spectral_radius": 0.9972240328788757, "operator_norm_2": 1.8634370565414429, "jacobian_frobenius_norm": 15.598723411560059, "seconds": 0.3717653267085552}
{"stage": "metrics", "checkpoint": "step27000", "dynamic_step": 512, "token": " clones", "spectral_radius": 0.9877411723136902, "operator_norm_2": 1.8446953296661377, "jacobian_frobenius_norm": 15.281489372253418, "seconds": 0.33203161135315895}
{"stage": "metrics", "checkpoint": "step27000", "dynamic_step": 512, "token": " trustworthy", "spectral_radius": 0.9959089159965515, "operator_norm_2": 1.873172640800476, "jacobian_frobenius_norm": 15.323195457458496, "seconds": 0.3953516036272049}
{"stage": "metrics", "checkpoint": "step27000", "dynamic_step": 512, "token": " motive", "spectral_radius": 1.0486561059951782, "operator_norm_2": 1.9266220331192017, "jacobian_frobenius_norm": 15.743118286132812, "seconds": 0.43030600622296333}
{"stage": "metrics", "checkpoint": "step27000", "dynamic_step": 512, "token": " generosity", "spectral_radius": 1.0121809244155884, "operator_norm_2": 1.897218108177185, "jacobian_frobenius_norm": 15.501977920532227, "seconds": 0.7080675326287746}
{"stage": "metrics", "checkpoint": "step27000", "dynamic_step": 512, "token": " critique", "spectral_radius": 1.0257701873779297, "operator_norm_2": 2.261356830596924, "jacobian_frobenius_norm": 15.73142147064209, "seconds": 0.3827873766422272}
{"stage": "metrics", "checkpoint": "step27000", "dynamic_step": 512, "token": " cabinet", "spectral_radius": 1.0482591390609741, "operator_norm_2": 2.112359046936035, "jacobian_frobenius_norm": 16.05788803100586, "seconds": 0.3947647847235203}
{"stage": "metrics", "checkpoint": "step27000", "dynamic_step": 512, "token": " documented", "spectral_radius": 1.0482418537139893, "operator_norm_2": 1.9336721897125244, "jacobian_frobenius_norm": 15.746966361999512, "seconds": 0.35450613871216774}
{"stage": "metrics", "checkpoint": "step27000", "dynamic_step": 512, "token": " miles", "spectral_radius": 1.0545642375946045, "operator_norm_2": 1.9710588455200195, "jacobian_frobenius_norm": 15.829458236694336, "seconds": 0.36294757202267647}
{"stage": "metrics", "checkpoint": "step27000", "dynamic_step": 576, "token": " clones", "spectral_radius": 1.0100804567337036, "operator_norm_2": 1.9770272970199585, "jacobian_frobenius_norm": 15.590095520019531, "seconds": 0.32446932420134544}
{"stage": "metrics", "checkpoint": "step27000", "dynamic_step": 576, "token": " trustworthy", "spectral_radius": 1.0185028314590454, "operator_norm_2": 1.8900412321090698, "jacobian_frobenius_norm": 15.483701705932617, "seconds": 0.35422080010175705}
{"stage": "metrics", "checkpoint": "step27000", "dynamic_step": 576, "token": " motive", "spectral_radius": 1.0447337627410889, "operator_norm_2": 1.8962571620941162, "jacobian_frobenius_norm": 15.626798629760742, "seconds": 0.3525879643857479}
{"stage": "metrics", "checkpoint": "step27000", "dynamic_step": 576, "token": " generosity", "spectral_radius": 1.0018393993377686, "operator_norm_2": 1.8707995414733887, "jacobian_frobenius_norm": 15.63654613494873, "seconds": 2.26549806073308}
{"stage": "metrics", "checkpoint": "step27000", "dynamic_step": 576, "token": " critique", "spectral_radius": 1.027116060256958, "operator_norm_2": 1.958512783050537, "jacobian_frobenius_norm": 15.664944648742676, "seconds": 1.9911613054573536}
{"stage": "metrics", "checkpoint": "step27000", "dynamic_step": 576, "token": " cabinet", "spectral_radius": 1.0054516792297363, "operator_norm_2": 1.8545780181884766, "jacobian_frobenius_norm": 15.459437370300293, "seconds": 11.381223995238543}
{"stage": "metrics", "checkpoint": "step27000", "dynamic_step": 576, "token": " documented", "spectral_radius": 1.0185863971710205, "operator_norm_2": 1.8775478601455688, "jacobian_frobenius_norm": 15.61658000946045, "seconds": 18.163515776395798}
{"stage": "metrics", "checkpoint": "step27000", "dynamic_step": 576, "token": " miles", "spectral_radius": 1.0135308504104614, "operator_norm_2": 1.9319132566452026, "jacobian_frobenius_norm": 15.475285530090332, "seconds": 15.585541535168886}
{"stage": "metrics", "checkpoint": "step27000", "dynamic_step": 640, "token": " clones", "spectral_radius": 1.0215133428573608, "operator_norm_2": 1.9289847612380981, "jacobian_frobenius_norm": 15.724797248840332, "seconds": 19.39478799700737}
{"stage": "metrics", "checkpoint": "step27000", "dynamic_step": 640, "token": " trustworthy", "spectral_radius": 1.037585973739624, "operator_norm_2": 1.8920555114746094, "jacobian_frobenius_norm": 15.698480606079102, "seconds": 18.19959844648838}
{"stage": "metrics", "checkpoint": "step27000", "dynamic_step": 640, "token": " motive", "spectral_radius": 1.0429567098617554, "operator_norm_2": 1.939603328704834, "jacobian_frobenius_norm": 15.735978126525879, "seconds": 17.847302582114935}
{"stage": "metrics", "checkpoint": "step27000", "dynamic_step": 640, "token": " generosity", "spectral_radius": 1.045661211013794, "operator_norm_2": 1.9729379415512085, "jacobian_frobenius_norm": 15.813873291015625, "seconds": 17.464280795305967}
{"stage": "metrics", "checkpoint": "step27000", "dynamic_step": 640, "token": " critique", "spectral_radius": 0.9899482727050781, "operator_norm_2": 1.8715273141860962, "jacobian_frobenius_norm": 15.38047981262207, "seconds": 17.0607384480536}
{"stage": "metrics", "checkpoint": "step27000", "dynamic_step": 640, "token": " cabinet", "spectral_radius": 1.0290179252624512, "operator_norm_2": 1.945799708366394, "jacobian_frobenius_norm": 15.770979881286621, "seconds": 15.915813874453306}
{"stage": "metrics", "checkpoint": "step27000", "dynamic_step": 640, "token": " documented", "spectral_radius": 0.99066561460495, "operator_norm_2": 1.8677113056182861, "jacobian_frobenius_norm": 15.373366355895996, "seconds": 17.193977758288383}
{"stage": "metrics", "checkpoint": "step27000", "dynamic_step": 640, "token": " miles", "spectral_radius": 0.9959051609039307, "operator_norm_2": 1.8421742916107178, "jacobian_frobenius_norm": 15.289859771728516, "seconds": 17.961824093014002}
{"stage": "metrics", "checkpoint": "step27000", "dynamic_step": 704, "token": " clones", "spectral_radius": 1.0120118856430054, "operator_norm_2": 1.9326701164245605, "jacobian_frobenius_norm": 15.408329963684082, "seconds": 17.774243604391813}
{"stage": "metrics", "checkpoint": "step27000", "dynamic_step": 704, "token": " trustworthy", "spectral_radius": 1.0265214443206787, "operator_norm_2": 1.9411203861236572, "jacobian_frobenius_norm": 15.671879768371582, "seconds": 16.449737556278706}
{"stage": "metrics", "checkpoint": "step27000", "dynamic_step": 704, "token": " motive", "spectral_radius": 1.0187698602676392, "operator_norm_2": 1.957643747329712, "jacobian_frobenius_norm": 15.507643699645996, "seconds": 15.699532322585583}
{"stage": "metrics", "checkpoint": "step27000", "dynamic_step": 704, "token": " generosity", "spectral_radius": 1.014024257659912, "operator_norm_2": 1.9366618394851685, "jacobian_frobenius_norm": 15.4746732711792, "seconds": 18.507529467344284}
{"stage": "metrics", "checkpoint": "step27000", "dynamic_step": 704, "token": " critique", "spectral_radius": 0.9993524551391602, "operator_norm_2": 1.8457963466644287, "jacobian_frobenius_norm": 15.445856094360352, "seconds": 14.058497529476881}
{"stage": "metrics", "checkpoint": "step27000", "dynamic_step": 704, "token": " cabinet", "spectral_radius": 1.0338298082351685, "operator_norm_2": 1.9928721189498901, "jacobian_frobenius_norm": 15.655421257019043, "seconds": 16.832776993513107}
