{"stage": "metric", "checkpoint": "step27000", "dynamic_step": 0, "token": " clones", "seconds": 0.6634320057928562}
{"stage": "metric", "checkpoint": "step27000", "dynamic_step": 0, "token": " motive", "seconds": 0.5534425899386406}
{"stage": "metric", "checkpoint": "step27000", "dynamic_step": 0, "token": " cabinet", "seconds": 0.5659502856433392}
{"stage": "metric", "checkpoint": "step27000", "dynamic_step": 0, "token": " miles", "seconds": 0.5281727164983749}
{"stage": "metric", "checkpoint": "step27000", "dynamic_step": 64, "token": " clones", "seconds": 0.587664045393467}
{"stage": "metric", "checkpoint": "step27000", "dynamic_step": 64, "token": " motive", "seconds": 0.5672978237271309}
{"stage": "metric", "checkpoint": "step27000", "dynamic_step": 64, "token": " cabinet", "seconds": 0.5646701157093048}
{"stage": "metric", "checkpoint": "step27000", "dynamic_step": 64, "token": " miles", "seconds": 0.5619376711547375}
{"stage": "metric", "checkpoint": "step27000", "dynamic_step": 128, "token": " clones", "seconds": 0.5613405518233776}
{"stage": "metric", "checkpoint": "step27000", "dynamic_step": 128, "token": " motive", "seconds": 0.5296470187604427}
{"stage": "metric", "checkpoint": "step27000", "dynamic_step": 128, "token": " cabinet", "seconds": 0.5413215011358261}
{"stage": "metric", "checkpoint": "step27000", "dynamic_step": 128, "token": " miles", "seconds": 0.565731905400753}
{"stage": "metric", "checkpoint": "step27000", "dynamic_step": 192, "token": " clones", "seconds": 0.5551389530301094}
{"stage": "metric", "checkpoint": "step27000", "dynamic_step": 192, "token": " motive", "seconds": 0.5365153215825558}
{"stage": "metric", "checkpoint": "step27000", "dynamic_step": 192, "token": " cabinet", "seconds": 0.554912868887186}
{"stage": "metric", "checkpoint": "step27000", "dynamic_step": 192, "token": " miles", "seconds": 0.5509358756244183}
{"stage": "metric", "checkpoint": "step27000", "dynamic_step": 256, "token": " clones", "seconds": 0.5623644441366196}
{"stage": "metric", "checkpoint": "step27000", "dynamic_step": 256, "token": " motive", "seconds": 0.527084719389677}
{"stage": "metric", "checkpoint": "step27000", "dynamic_step": 256, "token": " cabinet", "seconds": 0.5804514065384865}
{"stage": "metric", "checkpoint": "step27000", "dynamic_step": 256, "token": " miles", "seconds": 0.542918112128973}
{"stage": "metric", "checkpoint": "step27000", "dynamic_step": 320, "token": " clones", "seconds": 0.5447142533957958}
{"stage": "metric", "checkpoint": "step27000", "dynamic_step": 320, "token": " motive", "seconds": 0.5399239808320999}
{"stage": "metric", "checkpoint": "step27000", "dynamic_step": 320, "token": " cabinet", "seconds": 0.5317362174391747}
{"stage": "metric", "checkpoint": "step27000", "dynamic_step": 320, "token": " miles", "seconds": 0.5407699383795261}
{"stage": "metric", "checkpoint": "step27000", "dynamic_step": 384, "token": " clones", "seconds": 0.5583409070968628}
{"stage": "metric", "checkpoint": "step27000", "dynamic_step": 384, "token": " motive", "seconds": 0.5788237862288952}
{"stage": "metric", "checkpoint": "step27000", "dynamic_step": 384, "token": " cabinet", "seconds": 0.9944036938250065}
{"stage": "metric", "checkpoint": "step27000", "dynamic_step": 384, "token": " miles", "seconds": 0.5313271731138229}
{"stage": "metric", "checkpoint": "step27000", "dynamic_step": 448, "token": " clones", "seconds": 0.5605559423565865}
{"stage": "metric", "checkpoint": "step27000", "dynamic_step": 448, "token": " motive", "seconds": 0.5196743234992027}
{"stage": "metric", "checkpoint": "step27000", "dynamic_step": 448, "token": " cabinet", "seconds": 0.5664263963699341}
{"stage": "metric", "checkpoint": "step27000", "dynamic_step": 448, "token": " miles", "seconds": 0.5349520929157734}
{"stage": "metric", "checkpoint": "step27000", "dynamic_step": 512, "token": " clones", "seconds": 0.5007820725440979}
{"stage": "metric", "checkpoint": "step27000", "dynamic_step": 512, "token": " motive", "seconds": 0.5931839533150196}
{"stage": "metric", "checkpoint": "step27000", "dynamic_step": 512, "token": " cabinet", "seconds": 0.5684246383607388}
{"stage": "metric", "checkpoint": "step27000", "dynamic_step": 512, "token": " miles", "seconds": 0.5568897090852261}
{"stage": "metric", "checkpoint": "step27000", "dynamic_step": 576, "token": " clones", "seconds": 0.5588782876729965}
{"stage": "metric", "checkpoint": "step27000", "dynamic_step": 576, "token": " motive", "seconds": 0.5025260113179684}
{"stage": "metric", "checkpoint": "step27000", "dynamic_step": 576, "token": " cabinet", "seconds": 0.5344383902847767}
{"stage": "metric", "checkpoint": "step27000", "dynamic_step": 576, "token": " miles", "seconds": 0.5912161357700825}
{"stage": "metric", "checkpoint": "step27000", "dynamic_step": 640, "token": " clones", "seconds": 0.5519564300775528}
{"stage": "metric", "checkpoint": "step27000", "dynamic_step": 640, "token": " motive", "seconds": 0.5775790102779865}
{"stage": "metric", "checkpoint": "step27000", "dynamic_step": 640, "token": " cabinet", "seconds": 0.5990463867783546}
{"stage": "metric", "checkpoint": "step27000", "dynamic_step": 640, "token": " miles", "seconds": 0.5396872907876968}
{"stage": "metric", "checkpoint": "step27000", "dynamic_step": 704, "token": " clones", "seconds": 0.5385438241064548}
{"stage": "metric", "checkpoint": "step27000", "dynamic_step": 704, "token": " motive", "seconds": 0.5602398104965687}
{"stage": "metric", "checkpoint": "step27000", "dynamic_step": 704, "token": " cabinet", "seconds": 0.5349924229085445}
{"stage": "metric", "checkpoint": "step27000", "dynamic_step": 704, "token": " miles", "seconds": 0.5139738582074642}
{"stage": "metric", "checkpoint": "step27000", "dynamic_step": 768, "token": " clones", "seconds": 0.5504423789680004}
{"stage": "metric", "checkpoint": "step27000", "dynamic_step": 768, "token": " motive", "seconds": 0.5393965058028698}
{"stage": "metric", "checkpoint": "step27000", "dynamic_step": 768, "token": " cabinet", "seconds": 0.5609305500984192}
{"stage": "metric", "checkpoint": "step27000", "dynamic_step": 768, "token": " miles", "seconds": 0.5870697349309921}
{"stage": "metric", "checkpoint": "step27000", "dynamic_step": 832, "token": " clones", "seconds": 0.5506777465343475}
{"stage": "metric", "checkpoint": "step27000", "dynamic_step": 832, "token": " motive", "seconds": 0.5473479442298412}
{"stage": "metric", "checkpoint": "step27000", "dynamic_step": 832, "token": " cabinet", "seconds": 0.552112240344286}
{"stage": "metric", "checkpoint": "step27000", "dynamic_step": 832, "token": " miles", "seconds": 0.517729040235281}
{"stage": "metric", "checkpoint": "step27000", "dynamic_step": 896, "token": " clones", "seconds": 0.5737684704363346}
{"stage": "metric", "checkpoint": "step27000", "dynamic_step": 896, "token": " motive", "seconds": 0.566045343875885}
{"stage": "metric", "checkpoint": "step27000", "dynamic_step": 896, "token": " cabinet", "seconds": 0.5592637471854687}
{"stage": "metric", "checkpoint": "step27000", "dynamic_step": 896, "token": " miles", "seconds": 0.5378034636378288}
{"stage": "metric", "checkpoint": "step27000", "dynamic_step": 960, "token": " clones", "seconds": 0.5551183521747589}
{"stage": "metric", "checkpoint": "step27000", "dynamic_step": 960, "token": " motive", "seconds": 0.5792101174592972}
{"stage": "metric", "checkpoint": "step27000", "dynamic_step": 960, "token": " cabinet", "seconds": 0.5543469674885273}
{"stage": "metric", "checkpoint": "step27000", "dynamic_step": 960, "token": " miles", "seconds": 0.5475027188658714}
{"stage": "metric", "checkpoint": "step27000", "dynamic_step": 1024, "token": " clones", "seconds": 0.5462666563689709}
{"stage": "metric", "checkpoint": "step27000", "dynamic_step": 1024, "token": " motive", "seconds": 0.5502042807638645}
{"stage": "metric", "checkpoint": "step27000", "dynamic_step": 1024, "token": " cabinet", "seconds": 0.5345758385956287}
{"stage": "metric", "checkpoint": "step27000", "dynamic_step": 1024, "token": " miles", "seconds": 0.5382311269640923}
{"stage": "metric", "checkpoint": "step28000", "dynamic_step": 0, "token": " clones", "seconds": 0.5453804135322571}
{"stage": "metric", "checkpoint": "step28000", "dynamic_step": 0, "token": " motive", "seconds": 0.5218360908329487}
{"stage": "metric", "checkpoint": "step28000", "dynamic_step": 0, "token": " cabinet", "seconds": 0.5111323893070221}
{"stage": "metric", "checkpoint": "step28000", "dynamic_step": 0, "token": " miles", "seconds": 0.49077970907092094}
{"stage": "metric", "checkpoint": "step28000", "dynamic_step": 64, "token": " clones", "seconds": 0.7561815232038498}
{"stage": "metric", "checkpoint": "step28000", "dynamic_step": 64, "token": " motive", "seconds": 0.5374059975147247}
{"stage": "metric", "checkpoint": "step28000", "dynamic_step": 64, "token": " cabinet", "seconds": 0.5730206966400146}
{"stage": "metric", "checkpoint": "step28000", "dynamic_step": 64, "token": " miles", "seconds": 0.5634122155606747}
{"stage": "metric", "checkpoint": "step28000", "dynamic_step": 128, "token": " clones", "seconds": 0.5416688360273838}
{"stage": "metric", "checkpoint": "step28000", "dynamic_step": 128, "token": " motive", "seconds": 0.5649466030299664}
{"stage": "metric", "checkpoint": "step28000", "dynamic_step": 128, "token": " cabinet", "seconds": 0.48992883041501045}
{"stage": "metric", "checkpoint": "step28000", "dynamic_step": 128, "token": " miles", "seconds": 0.5653047673404217}
{"stage": "metric", "checkpoint": "step28000", "dynamic_step": 192, "token": " clones", "seconds": 0.5420133657753468}
{"stage": "metric", "checkpoint": "step28000", "dynamic_step": 192, "token": " motive", "seconds": 0.6346509270370007}
{"stage": "metric", "checkpoint": "step28000", "dynamic_step": 192, "token": " cabinet", "seconds": 0.5485974587500095}
{"stage": "metric", "checkpoint": "step28000", "dynamic_step": 192, "token": " miles", "seconds": 0.5486310459673405}
{"stage": "metric", "checkpoint": "step28000", "dynamic_step": 256, "token": " clones", "seconds": 0.5488470420241356}
{"stage": "metric", "checkpoint": "step28000", "dynamic_step": 256, "token": " motive", "seconds": 0.5786537639796734}
{"stage": "metric", "checkpoint": "step28000", "dynamic_step": 256, "token": " cabinet", "seconds": 0.49567176029086113}
{"stage": "metric", "checkpoint": "step28000", "dynamic_step": 256, "token": " miles", "seconds": 0.5511638559401035}
{"stage": "metric", "checkpoint": "step28000", "dynamic_step": 320, "token": " clones", "seconds": 0.5637417063117027}
{"stage": "metric", "checkpoint": "step28000", "dynamic_step": 320, "token": " motive", "seconds": 0.5302527248859406}
{"stage": "metric", "checkpoint": "step28000", "dynamic_step": 320, "token": " cabinet", "seconds": 0.4945109970867634}
{"stage": "metric", "checkpoint": "step28000", "dynamic_step": 320, "token": " miles", "seconds": 0.5420963540673256}
{"stage": "metric", "checkpoint": "step28000", "dynamic_step": 384, "token": " clones", "seconds": 0.5508120395243168}
{"stage": "metric", "checkpoint": "step28000", "dynamic_step": 384, "token": " motive", "seconds": 0.5604736730456352}
{"stage": "metric", "checkpoint": "step28000", "dynamic_step": 384, "token": " cabinet", "seconds": 0.5507733300328255}
{"stage": "metric", "checkpoint": "step28000", "dynamic_step": 384, "token": " miles", "seconds": 0.5747384876012802}
{"stage": "metric", "checkpoint": "step28000", "dynamic_step": 448, "token": " clones", "seconds": 0.5915566384792328}
{"stage": "metric", "checkpoint": "step28000", "dynamic_step": 448, "token": " motive", "seconds": 0.4981119707226753}
{"stage": "metric", "checkpoint": "step28000", "dynamic_step": 448, "token": " cabinet", "seconds": 0.5310069210827351}
{"stage": "metric", "checkpoint": "step28000", "dynamic_step": 448, "token": " miles", "seconds": 0.5426943264901638}
{"stage": "metric", "checkpoint": "step28000", "dynamic_step": 512, "token": " clones", "seconds": 0.6016739085316658}
{"stage": "metric", "checkpoint": "step28000", "dynamic_step": 512, "token": " motive", "seconds": 0.5319689698517323}
{"stage": "metric", "checkpoint": "step28000", "dynamic_step": 512, "token": " cabinet", "seconds": 0.5809702500700951}
{"stage": "metric", "checkpoint": "step28000", "dynamic_step": 512, "token": " miles", "seconds": 0.5578641593456268}
{"stage": "metric", "checkpoint": "step28000", "dynamic_step": 576, "token": " clones", "seconds": 0.49736496806144714}
{"stage": "metric", "checkpoint": "step28000", "dynamic_step": 576, "token": " motive", "seconds": 0.4994206540286541}
{"stage": "metric", "checkpoint": "step28000", "dynamic_step": 576, "token": " cabinet", "seconds": 0.5392386317253113}
{"stage": "metric", "checkpoint": "step28000", "dynamic_step": 576, "token": " miles", "seconds": 0.5717606581747532}
{"stage": "metric", "checkpoint": "step28000", "dynamic_step": 640, "token": " clones", "seconds": 0.5495000146329403}
{"stage": "metric", "checkpoint": "step28000", "dynamic_step": 640, "token": " motive", "seconds": 0.5001626051962376}
{"stage": "metric", "checkpoint": "step28000", "dynamic_step": 640, "token": " cabinet", "seconds": 0.4936247803270817}
{"stage": "metric", "checkpoint": "step28000", "dynamic_step": 640, "token": " miles", "seconds": 0.5745011568069458}
{"stage": "metric", "checkpoint": "step28000", "dynamic_step": 704, "token": " clones", "seconds": 0.6482230238616467}
{"stage": "metric", "checkpoint": "step28000", "dynamic_step": 704, "token": " motive", "seconds": 0.5888693854212761}
{"stage": "metric", "checkpoint": "step28000", "dynamic_step": 704, "token": " cabinet", "seconds": 0.5317096374928951}
{"stage": "metric", "checkpoint": "step28000", "dynamic_step": 704, "token": " miles", "seconds": 0.5604109279811382}
{"stage": "metric", "checkpoint": "step28000", "dynamic_step": 768, "token": " clones", "seconds": 0.5403098203241825}
{"stage": "metric", "checkpoint": "step28000", "dynamic_step": 768, "token": " motive", "seconds": 0.5492682456970215}
{"stage": "metric", "checkpoint": "step28000", "dynamic_step": 768, "token": " cabinet", "seconds": 0.5640728250145912}
{"stage": "metric", "checkpoint": "step28000", "dynamic_step": 768, "token": " miles", "seconds": 0.5862265788018703}
{"stage": "metric", "checkpoint": "step28000", "dynamic_step": 832, "token": " clones", "seconds": 0.593101691454649}
{"stage": "metric", "checkpoint": "step28000", "dynamic_step": 832, "token": " motive", "seconds": 0.5448570810258389}
{"stage": "metric", "checkpoint": "step28000", "dynamic_step": 832, "token": " cabinet", "seconds": 0.57158088311553}
{"stage": "metric", "checkpoint": "step28000", "dynamic_step": 832, "token": " miles", "seconds": 0.5692765824496746}
{"stage": "metric", "checkpoint": "step28000", "dynamic_step": 896, "token": " clones", "seconds": 0.5177975594997406}
{"stage": "metric", "checkpoint": "step28000", "dynamic_step": 896, "token": " motive", "seconds": 0.5180853419005871}
{"stage": "metric", "checkpoint": "step28000", "dynamic_step": 896, "token": " cabinet", "seconds": 0.5521467998623848}
{"stage": "metric", "checkpoint": "step28000", "dynamic_step": 896, "token": " miles", "seconds": 0.5779065452516079}
{"stage": "metric", "checkpoint": "step28000", "dynamic_step": 960, "token": " clones", "seconds": 0.5484822392463684}
{"stage": "metric", "checkpoint": "step28000", "dynamic_step": 960, "token": " motive", "seconds": 0.5393472537398338}
{"stage": "metric", "checkpoint": "step28000", "dynamic_step": 960, "token": " cabinet", "seconds": 0.5528183095157146}
{"stage": "metric", "checkpoint": "step28000", "dynamic_step": 960, "token": " miles", "seconds": 0.49174223095178604}
{"stage": "metric", "checkpoint": "step28000", "dynamic_step": 1024, "token": " clones", "seconds": 0.5119417943060398}
{"stage": "metric", "checkpoint": "step28000", "dynamic_step": 1024, "token": " motive", "seconds": 0.5882467105984688}
{"stage": "metric", "checkpoint": "step28000", "dynamic_step": 1024, "token": " cabinet", "seconds": 0.5477272197604179}
{"stage": "metric", "checkpoint": "step28000", "dynamic_step": 1024, "token": " miles", "seconds": 0.5522331446409225}
{"stage": "metric", "checkpoint": "step39000", "dynamic_step": 0, "token": " clones", "seconds": 0.5821289233863354}
{"stage": "metric", "checkpoint": "step39000", "dynamic_step": 0, "token": " motive", "seconds": 0.5167803280055523}
{"stage": "metric", "checkpoint": "step39000", "dynamic_step": 0, "token": " cabinet", "seconds": 0.5374297313392162}
{"stage": "metric", "checkpoint": "step39000", "dynamic_step": 0, "token": " miles", "seconds": 0.5193780176341534}
{"stage": "metric", "checkpoint": "step39000", "dynamic_step": 64, "token": " clones", "seconds": 0.5850244574248791}
{"stage": "metric", "checkpoint": "step39000", "dynamic_step": 64, "token": " motive", "seconds": 0.5586948879063129}
{"stage": "metric", "checkpoint": "step39000", "dynamic_step": 64, "token": " cabinet", "seconds": 0.5239602699875832}
{"stage": "metric", "checkpoint": "step39000", "dynamic_step": 64, "token": " miles", "seconds": 0.5440931133925915}
{"stage": "metric", "checkpoint": "step39000", "dynamic_step": 128, "token": " clones", "seconds": 0.5547138340771198}
{"stage": "metric", "checkpoint": "step39000", "dynamic_step": 128, "token": " motive", "seconds": 0.5679542943835258}
{"stage": "metric", "checkpoint": "step39000", "dynamic_step": 128, "token": " cabinet", "seconds": 0.5656399875879288}
{"stage": "metric", "checkpoint": "step39000", "dynamic_step": 128, "token": " miles", "seconds": 0.5591623596847057}
{"stage": "metric", "checkpoint": "step39000", "dynamic_step": 192, "token": " clones", "seconds": 0.5739821791648865}
{"stage": "metric", "checkpoint": "step39000", "dynamic_step": 192, "token": " motive", "seconds": 0.5638996250927448}
{"stage": "metric", "checkpoint": "step39000", "dynamic_step": 192, "token": " cabinet", "seconds": 0.5623195581138134}
{"stage": "metric", "checkpoint": "step39000", "dynamic_step": 192, "token": " miles", "seconds": 0.4992629326879978}
{"stage": "metric", "checkpoint": "step39000", "dynamic_step": 256, "token": " clones", "seconds": 0.56910215690732}
{"stage": "metric", "checkpoint": "step39000", "dynamic_step": 256, "token": " motive", "seconds": 0.6678087785840034}
{"stage": "metric", "checkpoint": "step39000", "dynamic_step": 256, "token": " cabinet", "seconds": 0.5431417897343636}
{"stage": "metric", "checkpoint": "step39000", "dynamic_step": 256, "token": " miles", "seconds": 0.6134249716997147}
{"stage": "metric", "checkpoint": "step39000", "dynamic_step": 320, "token": " clones", "seconds": 0.5575809702277184}
{"stage": "metric", "checkpoint": "step39000", "dynamic_step": 320, "token": " motive", "seconds": 0.5711550563573837}
{"stage": "metric", "checkpoint": "step39000", "dynamic_step": 320, "token": " cabinet", "seconds": 0.5866387039422989}
{"stage": "metric", "checkpoint": "step39000", "dynamic_step": 320, "token": " miles", "seconds": 0.5652177222073078}
{"stage": "metric", "checkpoint": "step39000", "dynamic_step": 384, "token": " clones", "seconds": 0.579603735357523}
{"stage": "metric", "checkpoint": "step39000", "dynamic_step": 384, "token": " motive", "seconds": 0.5141631700098515}
{"stage": "metric", "checkpoint": "step39000", "dynamic_step": 384, "token": " cabinet", "seconds": 0.579619612544775}
{"stage": "metric", "checkpoint": "step39000", "dynamic_step": 384, "token": " miles", "seconds": 0.593273039907217}
{"stage": "metric", "checkpoint": "step39000", "dynamic_step": 448, "token": " clones", "seconds": 0.5658248662948608}
{"stage": "metric", "checkpoint": "step39000", "dynamic_step": 448, "token": " motive", "seconds": 0.5659616626799107}
{"stage": "metric", "checkpoint": "step39000", "dynamic_step": 448, "token": " cabinet", "seconds": 0.5551953911781311}
{"stage": "metric", "checkpoint": "step39000", "dynamic_step": 448, "token": " miles", "seconds": 0.5695958025753498}
{"stage": "metric", "checkpoint": "step39000", "dynamic_step": 512, "token": " clones", "seconds": 0.5400675944983959}
{"stage": "metric", "checkpoint": "step39000", "dynamic_step": 512, "token": " motive", "seconds": 0.5788444392383099}
{"stage": "metric", "checkpoint": "step39000", "dynamic_step": 512, "token": " cabinet", "seconds": 0.5262784026563168}
{"stage": "metric", "checkpoint": "step39000", "dynamic_step": 512, "token": " miles", "seconds": 0.5587766468524933}
{"stage": "metric", "checkpoint": "step39000", "dynamic_step": 576, "token": " clones", "seconds": 0.5650936365127563}
{"stage": "metric", "checkpoint": "step39000", "dynamic_step": 576, "token": " motive", "seconds": 0.521289736032486}
{"stage": "metric", "checkpoint": "step39000", "dynamic_step": 576, "token": " cabinet", "seconds": 0.5536079071462154}
{"stage": "metric", "checkpoint": "step39000", "dynamic_step": 576, "token": " miles", "seconds": 0.5488918796181679}
{"stage": "metric", "checkpoint": "step39000", "dynamic_step": 640, "token": " clones", "seconds": 0.5742015764117241}
{"stage": "metric", "checkpoint": "step39000", "dynamic_step": 640, "token": " motive", "seconds": 0.5771400667726994}
{"stage": "metric", "checkpoint": "step39000", "dynamic_step": 640, "token": " cabinet", "seconds": 0.5561969429254532}
{"stage": "metric", "checkpoint": "step39000", "dynamic_step": 640, "token": " miles", "seconds": 0.5823446810245514}
{"stage": "metric", "checkpoint": "step39000", "dynamic_step": 704, "token": " clones", "seconds": 0.5731060020625591}
{"stage": "metric", "checkpoint": "step39000", "dynamic_step": 704, "token": " motive", "seconds": 0.5183617360889912}
{"stage": "metric", "checkpoint": "step39000", "dynamic_step": 704, "token": " cabinet", "seconds": 0.5087263621389866}
{"stage": "metric", "checkpoint": "step39000", "dynamic_step": 704, "token": " miles", "seconds": 0.5838635824620724}
{"stage": "metric", "checkpoint": "step39000", "dynamic_step": 768, "token": " clones", "seconds": 0.55879682675004}
{"stage": "metric", "checkpoint": "step39000", "dynamic_step": 768, "token": " motive", "seconds": 0.5592068582773209}
{"stage": "metric", "checkpoint": "step39000", "dynamic_step": 768, "token": " cabinet", "seconds": 0.5836428627371788}
{"stage": "metric", "checkpoint": "step39000", "dynamic_step": 768, "token": " miles", "seconds": 0.5568056404590607}
{"stage": "metric", "checkpoint": "step39000", "dynamic_step": 832, "token": " clones", "seconds": 0.5348067954182625}
{"stage": "metric", "checkpoint": "step39000", "dynamic_step": 832, "token": " motive", "seconds": 0.5417529679834843}
{"stage": "metric", "checkpoint": "step39000", "dynamic_step": 832, "token": " cabinet", "seconds": 0.5653344914317131}
{"stage": "metric", "checkpoint": "step39000", "dynamic_step": 832, "token": " miles", "seconds": 0.5469597727060318}
{"stage": "metric", "checkpoint": "step39000", "dynamic_step": 896, "token": " clones", "seconds": 0.5714753717184067}
{"stage": "metric", "checkpoint": "step39000", "dynamic_step": 896, "token": " motive", "seconds": 0.554495383054018}
{"stage": "metric", "checkpoint": "step39000", "dynamic_step": 896, "token": " cabinet", "seconds": 0.5520834811031818}
{"stage": "metric", "checkpoint": "step39000", "dynamic_step": 896, "token": " miles", "seconds": 0.5848701670765877}
{"stage": "metric", "checkpoint": "step39000", "dynamic_step": 960, "token": " clones", "seconds": 0.5619024969637394}
{"stage": "metric", "checkpoint": "step39000", "dynamic_step": 960, "token": " motive", "seconds": 0.5917239412665367}
{"stage": "metric", "checkpoint": "step39000", "dynamic_step": 960, "token": " cabinet", "seconds": 0.568508580327034}
{"stage": "metric", "checkpoint": "step39000", "dynamic_step": 960, "token": " miles", "seconds": 0.5575317218899727}
{"stage": "metric", "checkpoint": "step39000", "dynamic_step": 1024, "token": " clones", "seconds": 0.5761390067636967}
{"stage": "metric", "checkpoint": "step39000", "dynamic_step": 1024, "token": " motive", "seconds": 0.5738356597721577}
{"stage": "metric", "checkpoint": "step39000", "dynamic_step": 1024, "token": " cabinet", "seconds": 0.5536163859069347}
{"stage": "metric", "checkpoint": "step39000", "dynamic_step": 1024, "token": " miles", "seconds": 0.5279567539691925}
{"stage": "metric", "checkpoint": "step40000", "dynamic_step": 0, "token": " clones", "seconds": 0.5570197626948357}
{"stage": "metric", "checkpoint": "step40000", "dynamic_step": 0, "token": " motive", "seconds": 0.5338236168026924}
{"stage": "metric", "checkpoint": "step40000", "dynamic_step": 0, "token": " cabinet", "seconds": 0.5268618389964104}
{"stage": "metric", "checkpoint": "step40000", "dynamic_step": 0, "token": " miles", "seconds": 0.510986652225256}
{"stage": "metric", "checkpoint": "step40000", "dynamic_step": 64, "token": " clones", "seconds": 0.5120390020310879}
{"stage": "metric", "checkpoint": "step40000", "dynamic_step": 64, "token": " motive", "seconds": 0.5366816073656082}
{"stage": "metric", "checkpoint": "step40000", "dynamic_step": 64, "token": " cabinet", "seconds": 0.5976364687085152}
{"stage": "metric", "checkpoint": "step40000", "dynamic_step": 64, "token": " miles", "seconds": 0.5631044469773769}
{"stage": "metric", "checkpoint": "step40000", "dynamic_step": 128, "token": " clones", "seconds": 0.5621756576001644}
{"stage": "metric", "checkpoint": "step40000", "dynamic_step": 128, "token": " motive", "seconds": 0.5485206358134747}
{"stage": "metric", "checkpoint": "step40000", "dynamic_step": 128, "token": " cabinet", "seconds": 0.49758483096957207}
{"stage": "metric", "checkpoint": "step40000", "dynamic_step": 128, "token": " miles", "seconds": 0.5700247921049595}
{"stage": "metric", "checkpoint": "step40000", "dynamic_step": 192, "token": " clones", "seconds": 0.5970576852560043}
{"stage": "metric", "checkpoint": "step40000", "dynamic_step": 192, "token": " motive", "seconds": 0.5583968125283718}
{"stage": "metric", "checkpoint": "step40000", "dynamic_step": 192, "token": " cabinet", "seconds": 0.5768700689077377}
{"stage": "metric", "checkpoint": "step40000", "dynamic_step": 192, "token": " miles", "seconds": 0.5493529811501503}
{"stage": "metric", "checkpoint": "step40000", "dynamic_step": 256, "token": " clones", "seconds": 0.5504646673798561}
{"stage": "metric", "checkpoint": "step40000", "dynamic_step": 256, "token": " motive", "seconds": 0.5137186609208584}
{"stage": "metric", "checkpoint": "step40000", "dynamic_step": 256, "token": " cabinet", "seconds": 0.556371659040451}
{"stage": "metric", "checkpoint": "step40000", "dynamic_step": 256, "token": " miles", "seconds": 0.5729694254696369}
{"stage": "metric", "checkpoint": "step40000", "dynamic_step": 320, "token": " clones", "seconds": 0.5614723898470402}
{"stage": "metric", "checkpoint": "step40000", "dynamic_step": 320, "token": " motive", "seconds": 0.5921105444431305}
{"stage": "metric", "checkpoint": "step40000", "dynamic_step": 320, "token": " cabinet", "seconds": 0.5138935409486294}
{"stage": "metric", "checkpoint": "step40000", "dynamic_step": 320, "token": " miles", "seconds": 0.5527724325656891}
{"stage": "metric", "checkpoint": "step40000", "dynamic_step": 384, "token": " clones", "seconds": 0.553010243922472}
{"stage": "metric", "checkpoint": "step40000", "dynamic_step": 384, "token": " motive", "seconds": 0.5101025477051735}
{"stage": "metric", "checkpoint": "step40000", "dynamic_step": 384, "token": " cabinet", "seconds": 0.5833070687949657}
{"stage": "metric", "checkpoint": "step40000", "dynamic_step": 384, "token": " miles", "seconds": 0.5746778734028339}
{"stage": "metric", "checkpoint": "step40000", "dynamic_step": 448, "token": " clones", "seconds": 0.582487415522337}
{"stage": "metric", "checkpoint": "step40000", "dynamic_step": 448, "token": " motive", "seconds": 0.5609646290540695}
{"stage": "metric", "checkpoint": "step40000", "dynamic_step": 448, "token": " cabinet", "seconds": 0.5393913090229034}
{"stage": "metric", "checkpoint": "step40000", "dynamic_step": 448, "token": " miles", "seconds": 0.5460494570434093}
{"stage": "metric", "checkpoint": "step40000", "dynamic_step": 512, "token": " clones", "seconds": 0.5714920870959759}
{"stage": "metric", "checkpoint": "step40000", "dynamic_step": 512, "token": " motive", "seconds": 0.600266844034195}
{"stage": "metric", "checkpoint": "step40000", "dynamic_step": 512, "token": " cabinet", "seconds": 0.5897657498717308}
{"stage": "metric", "checkpoint": "step40000", "dynamic_step": 512, "token": " miles", "seconds": 0.5749386586248875}
{"stage": "metric", "checkpoint": "step40000", "dynamic_step": 576, "token": " clones", "seconds": 0.556481659412384}
{"stage": "metric", "checkpoint": "step40000", "dynamic_step": 576, "token": " motive", "seconds": 0.5525514893233776}
{"stage": "metric", "checkpoint": "step40000", "dynamic_step": 576, "token": " cabinet", "seconds": 0.561297133564949}
{"stage": "metric", "checkpoint": "step40000", "dynamic_step": 576, "token": " miles", "seconds": 0.576276246458292}
{"stage": "metric", "checkpoint": "step40000", "dynamic_step": 640, "token": " clones", "seconds": 0.5559182427823544}
{"stage": "metric", "checkpoint": "step40000", "dynamic_step": 640, "token": " motive", "seconds": 0.5702555552124977}
{"stage": "metric", "checkpoint": "step40000", "dynamic_step": 640, "token": " cabinet", "seconds": 0.548979964107275}
{"stage": "metric", "checkpoint": "step40000", "dynamic_step": 640, "token": " miles", "seconds": 0.5889012888073921}
{"stage": "metric", "checkpoint": "step40000", "dynamic_step": 704, "token": " clones", "seconds": 0.5806463211774826}
{"stage": "metric", "checkpoint": "step40000", "dynamic_step": 704, "token": " motive", "seconds": 0.4836846850812435}
{"stage": "metric", "checkpoint": "step40000", "dynamic_step": 704, "token": " cabinet", "seconds": 0.5500747188925743}
{"stage": "metric", "checkpoint": "step40000", "dynamic_step": 704, "token": " miles", "seconds": 0.5400638729333878}
{"stage": "metric", "checkpoint": "step40000", "dynamic_step": 768, "token": " clones", "seconds": 0.5780285596847534}
{"stage": "metric", "checkpoint": "step40000", "dynamic_step": 768, "token": " motive", "seconds": 0.5360786989331245}
{"stage": "metric", "checkpoint": "step40000", "dynamic_step": 768, "token": " cabinet", "seconds": 0.550094123929739}
{"stage": "metric", "checkpoint": "step40000", "dynamic_step": 768, "token": " miles", "seconds": 0.5907672718167305}
{"stage": "metric", "checkpoint": "step40000", "dynamic_step": 832, "token": " clones", "seconds": 0.5647506006062031}
{"stage": "metric", "checkpoint": "step40000", "dynamic_step": 832, "token": " motive", "seconds": 0.5413774736225605}
{"stage": "metric", "checkpoint": "step40000", "dynamic_step": 832, "token": " cabinet", "seconds": 0.5404171049594879}
{"stage": "metric", "checkpoint": "step40000", "dynamic_step": 832, "token": " miles", "seconds": 0.542594064027071}
{"stage": "metric", "checkpoint": "step40000", "dynamic_step": 896, "token": " clones", "seconds": 0.5848606750369072}
{"stage": "metric", "checkpoint": "step40000", "dynamic_step": 896, "token": " motive", "seconds": 0.5819226466119289}
{"stage": "metric", "checkpoint": "step40000", "dynamic_step": 896, "token": " cabinet", "seconds": 0.5641415752470493}
{"stage": "metric", "checkpoint": "step40000", "dynamic_step": 896, "token": " miles", "seconds": 0.5561974495649338}
{"stage": "metric", "checkpoint": "step40000", "dynamic_step": 960, "token": " clones", "seconds": 0.549862015992403}
{"stage": "metric", "checkpoint": "step40000", "dynamic_step": 960, "token": " motive", "seconds": 0.5401125624775887}
{"stage": "metric", "checkpoint": "step40000", "dynamic_step": 960, "token": " cabinet", "seconds": 0.5583805702626705}
{"stage": "metric", "checkpoint": "step40000", "dynamic_step": 960, "token": " miles", "seconds": 0.6202296391129494}
{"stage": "metric", "checkpoint": "step40000", "dynamic_step": 1024, "token": " clones", "seconds": 0.5696671828627586}
{"stage": "metric", "checkpoint": "step40000", "dynamic_step": 1024, "token": " motive", "seconds": 0.5130008533596992}
{"stage": "metric", "checkpoint": "step40000", "dynamic_step": 1024, "token": " cabinet", "seconds": 0.5394608899950981}
{"stage": "metric", "checkpoint": "step40000", "dynamic_step": 1024, "token": " miles", "seconds": 0.5647001601755619}
{"stage": "metric", "checkpoint": "step58000", "dynamic_step": 0, "token": " clones", "seconds": 0.4924192763864994}
{"stage": "metric", "checkpoint": "step58000", "dynamic_step": 0, "token": " motive", "seconds": 0.5323985069990158}
{"stage": "metric", "checkpoint": "step58000", "dynamic_step": 0, "token": " cabinet", "seconds": 0.5194872729480267}
{"stage": "metric", "checkpoint": "step58000", "dynamic_step": 0, "token": " miles", "seconds": 0.47075939550995827}
{"stage": "metric", "checkpoint": "step58000", "dynamic_step": 64, "token": " clones", "seconds": 0.6870801746845245}
{"stage": "metric", "checkpoint": "step58000", "dynamic_step": 64, "token": " motive", "seconds": 0.547633696347475}
{"stage": "metric", "checkpoint": "step58000", "dynamic_step": 64, "token": " cabinet", "seconds": 0.5126557312905788}
{"stage": "metric", "checkpoint": "step58000", "dynamic_step": 64, "token": " miles", "seconds": 0.5482932887971401}
{"stage": "metric", "checkpoint": "step58000", "dynamic_step": 128, "token": " clones", "seconds": 0.5516154542565346}
{"stage": "metric", "checkpoint": "step58000", "dynamic_step": 128, "token": " motive", "seconds": 0.5327701345086098}
{"stage": "metric", "checkpoint": "step58000", "dynamic_step": 128, "token": " cabinet", "seconds": 0.5495969876646996}
{"stage": "metric", "checkpoint": "step58000", "dynamic_step": 128, "token": " miles", "seconds": 0.5131725370883942}
{"stage": "metric", "checkpoint": "step58000", "dynamic_step": 192, "token": " clones", "seconds": 0.5625779964029789}
{"stage": "metric", "checkpoint": "step58000", "dynamic_step": 192, "token": " motive", "seconds": 0.5311353951692581}
{"stage": "metric", "checkpoint": "step58000", "dynamic_step": 192, "token": " cabinet", "seconds": 0.5764058530330658}
{"stage": "metric", "checkpoint": "step58000", "dynamic_step": 192, "token": " miles", "seconds": 0.5537793599069118}
{"stage": "metric", "checkpoint": "step58000", "dynamic_step": 256, "token": " clones", "seconds": 0.5643952786922455}
{"stage": "metric", "checkpoint": "step58000", "dynamic_step": 256, "token": " motive", "seconds": 0.5062513463199139}
{"stage": "metric", "checkpoint": "step58000", "dynamic_step": 256, "token": " cabinet", "seconds": 0.5678075589239597}
{"stage": "metric", "checkpoint": "step58000", "dynamic_step": 256, "token": " miles", "seconds": 0.5685470663011074}
{"stage": "metric", "checkpoint": "step58000", "dynamic_step": 320, "token": " clones", "seconds": 0.5629579573869705}
{"stage": "metric", "checkpoint": "step58000", "dynamic_step": 320, "token": " motive", "seconds": 0.5359269306063652}
{"stage": "metric", "checkpoint": "step58000", "dynamic_step": 320, "token": " cabinet", "seconds": 0.5130947157740593}
{"stage": "metric", "checkpoint": "step58000", "dynamic_step": 320, "token": " miles", "seconds": 0.5646101497113705}
{"stage": "metric", "checkpoint": "step58000", "dynamic_step": 384, "token": " clones", "seconds": 0.5551689080893993}
{"stage": "metric", "checkpoint": "step58000", "dynamic_step": 384, "token": " motive", "seconds": 0.5684650465846062}
{"stage": "metric", "checkpoint": "step58000", "dynamic_step": 384, "token": " cabinet", "seconds": 0.5585954040288925}
{"stage": "metric", "checkpoint": "step58000", "dynamic_step": 384, "token": " miles", "seconds": 0.548950545489788}
{"stage": "metric", "checkpoint": "step58000", "dynamic_step": 448, "token": " clones", "seconds": 0.5691907554864883}
{"stage": "metric", "checkpoint": "step58000", "dynamic_step": 448, "token": " motive", "seconds": 0.5592079162597656}
{"stage": "metric", "checkpoint": "step58000", "dynamic_step": 448, "token": " cabinet", "seconds": 0.5596430599689484}
{"stage": "metric", "checkpoint": "step58000", "dynamic_step": 448, "token": " miles", "seconds": 0.538992378860712}
{"stage": "metric", "checkpoint": "step58000", "dynamic_step": 512, "token": " clones", "seconds": 0.5551300048828125}
{"stage": "metric", "checkpoint": "step58000", "dynamic_step": 512, "token": " motive", "seconds": 0.5566425882279873}
{"stage": "metric", "checkpoint": "step58000", "dynamic_step": 512, "token": " cabinet", "seconds": 0.5562741719186306}
{"stage": "metric", "checkpoint": "step58000", "dynamic_step": 512, "token": " miles", "seconds": 0.56418402120471}
{"stage": "metric", "checkpoint": "step58000", "dynamic_step": 576, "token": " clones", "seconds": 0.5380150899291039}
{"stage": "metric", "checkpoint": "step58000", "dynamic_step": 576, "token": " motive", "seconds": 0.5122760720551014}
{"stage": "metric", "checkpoint": "step58000", "dynamic_step": 576, "token": " cabinet", "seconds": 0.6071153543889523}
{"stage": "metric", "checkpoint": "step58000", "dynamic_step": 576, "token": " miles", "seconds": 0.6616736985743046}
{"stage": "metric", "checkpoint": "step58000", "dynamic_step": 640, "token": " clones", "seconds": 0.7670652195811272}
{"stage": "metric", "checkpoint": "step58000", "dynamic_step": 640, "token": " motive", "seconds": 0.5512868091464043}
{"stage": "metric", "checkpoint": "step58000", "dynamic_step": 640, "token": " cabinet", "seconds": 0.5476325340569019}
{"stage": "metric", "checkpoint": "step58000", "dynamic_step": 640, "token": " miles", "seconds": 0.6498754136264324}
{"stage": "metric", "checkpoint": "step58000", "dynamic_step": 704, "token": " clones", "seconds": 0.5273445174098015}
{"stage": "metric", "checkpoint": "step58000", "dynamic_step": 704, "token": " motive", "seconds": 0.5753504671156406}
{"stage": "metric", "checkpoint": "step58000", "dynamic_step": 704, "token": " cabinet", "seconds": 0.5140253156423569}
{"stage": "metric", "checkpoint": "step58000", "dynamic_step": 704, "token": " miles", "seconds": 0.5323626808822155}
{"stage": "metric", "checkpoint": "step58000", "dynamic_step": 768, "token": " clones", "seconds": 0.5071838647127151}
{"stage": "metric", "checkpoint": "step58000", "dynamic_step": 768, "token": " motive", "seconds": 0.512061595916748}
{"stage": "metric", "checkpoint": "step58000", "dynamic_step": 768, "token": " cabinet", "seconds": 0.538960337638855}
{"stage": "metric", "checkpoint": "step58000", "dynamic_step": 768, "token": " miles", "seconds": 0.5714636854827404}
{"stage": "metric", "checkpoint": "step58000", "dynamic_step": 832, "token": " clones", "seconds": 0.5711475498974323}
{"stage": "metric", "checkpoint": "step58000", "dynamic_step": 832, "token": " motive", "seconds": 0.7729197964072227}
{"stage": "metric", "checkpoint": "step58000", "dynamic_step": 832, "token": " cabinet", "seconds": 0.5645893327891827}
{"stage": "metric", "checkpoint": "step58000", "dynamic_step": 832, "token": " miles", "seconds": 0.5483991093933582}
{"stage": "metric", "checkpoint": "step58000", "dynamic_step": 896, "token": " clones", "seconds": 0.5827234089374542}
{"stage": "metric", "checkpoint": "step58000", "dynamic_step": 896, "token": " motive", "seconds": 0.5240480341017246}
{"stage": "metric", "checkpoint": "step58000", "dynamic_step": 896, "token": " cabinet", "seconds": 0.6247270181775093}
{"stage": "metric", "checkpoint": "step58000", "dynamic_step": 896, "token": " miles", "seconds": 0.5878246910870075}
{"stage": "metric", "checkpoint": "step58000", "dynamic_step": 960, "token": " clones", "seconds": 0.5716536305844784}
{"stage": "metric", "checkpoint": "step58000", "dynamic_step": 960, "token": " motive", "seconds": 0.5799109414219856}
{"stage": "metric", "checkpoint": "step58000", "dynamic_step": 960, "token": " cabinet", "seconds": 0.5408517271280289}
{"stage": "metric", "checkpoint": "step58000", "dynamic_step": 960, "token": " miles", "seconds": 0.5525282472372055}
{"stage": "metric", "checkpoint": "step58000", "dynamic_step": 1024, "token": " clones", "seconds": 0.5065043307840824}
{"stage": "metric", "checkpoint": "step58000", "dynamic_step": 1024, "token": " motive", "seconds": 0.5510047003626823}
{"stage": "metric", "checkpoint": "step58000", "dynamic_step": 1024, "token": " cabinet", "seconds": 0.5405122339725494}
{"stage": "metric", "checkpoint": "step58000", "dynamic_step": 1024, "token": " miles", "seconds": 0.5402858704328537}
{"stage": "metric", "checkpoint": "step59000", "dynamic_step": 0, "token": " clones", "seconds": 0.5427841208875179}
{"stage": "metric", "checkpoint": "step59000", "dynamic_step": 0, "token": " motive", "seconds": 0.5172210037708282}
{"stage": "metric", "checkpoint": "step59000", "dynamic_step": 0, "token": " cabinet", "seconds": 0.5157166980206966}
{"stage": "metric", "checkpoint": "step59000", "dynamic_step": 0, "token": " miles", "seconds": 0.47669748589396477}
{"stage": "metric", "checkpoint": "step59000", "dynamic_step": 64, "token": " clones", "seconds": 0.7295825891196728}
{"stage": "metric", "checkpoint": "step59000", "dynamic_step": 64, "token": " motive", "seconds": 0.5619358941912651}
{"stage": "metric", "checkpoint": "step59000", "dynamic_step": 64, "token": " cabinet", "seconds": 0.6471910439431667}
{"stage": "metric", "checkpoint": "step59000", "dynamic_step": 64, "token": " miles", "seconds": 0.5122187696397305}
{"stage": "metric", "checkpoint": "step59000", "dynamic_step": 128, "token": " clones", "seconds": 0.5915516428649426}
{"stage": "metric", "checkpoint": "step59000", "dynamic_step": 128, "token": " motive", "seconds": 0.5319396071135998}
{"stage": "metric", "checkpoint": "step59000", "dynamic_step": 128, "token": " cabinet", "seconds": 0.5866133384406567}
{"stage": "metric", "checkpoint": "step59000", "dynamic_step": 128, "token": " miles", "seconds": 0.5997059270739555}
{"stage": "metric", "checkpoint": "step59000", "dynamic_step": 192, "token": " clones", "seconds": 0.591181755065918}
{"stage": "metric", "checkpoint": "step59000", "dynamic_step": 192, "token": " motive", "seconds": 0.6077230423688889}
{"stage": "metric", "checkpoint": "step59000", "dynamic_step": 192, "token": " cabinet", "seconds": 0.612353540956974}
{"stage": "metric", "checkpoint": "step59000", "dynamic_step": 192, "token": " miles", "seconds": 0.556345984339714}
{"stage": "metric", "checkpoint": "step59000", "dynamic_step": 256, "token": " clones", "seconds": 0.6120348013937473}
{"stage": "metric", "checkpoint": "step59000", "dynamic_step": 256, "token": " motive", "seconds": 0.5656978152692318}
{"stage": "metric", "checkpoint": "step59000", "dynamic_step": 256, "token": " cabinet", "seconds": 0.541628286242485}
{"stage": "metric", "checkpoint": "step59000", "dynamic_step": 256, "token": " miles", "seconds": 0.5704489573836327}
{"stage": "metric", "checkpoint": "step59000", "dynamic_step": 320, "token": " clones", "seconds": 0.5992070399224758}
{"stage": "metric", "checkpoint": "step59000", "dynamic_step": 320, "token": " motive", "seconds": 0.5915487818419933}
{"stage": "metric", "checkpoint": "step59000", "dynamic_step": 320, "token": " cabinet", "seconds": 0.6091288700699806}
{"stage": "metric", "checkpoint": "step59000", "dynamic_step": 320, "token": " miles", "seconds": 0.5292530879378319}
{"stage": "metric", "checkpoint": "step59000", "dynamic_step": 384, "token": " clones", "seconds": 0.5530843175947666}
{"stage": "metric", "checkpoint": "step59000", "dynamic_step": 384, "token": " motive", "seconds": 0.5678206831216812}
{"stage": "metric", "checkpoint": "step59000", "dynamic_step": 384, "token": " cabinet", "seconds": 0.531135369092226}
{"stage": "metric", "checkpoint": "step59000", "dynamic_step": 384, "token": " miles", "seconds": 0.6393604427576065}
{"stage": "metric", "checkpoint": "step59000", "dynamic_step": 448, "token": " clones", "seconds": 0.5799268446862698}
{"stage": "metric", "checkpoint": "step59000", "dynamic_step": 448, "token": " motive", "seconds": 0.5534466579556465}
{"stage": "metric", "checkpoint": "step59000", "dynamic_step": 448, "token": " cabinet", "seconds": 0.5909563563764095}
{"stage": "metric", "checkpoint": "step59000", "dynamic_step": 448, "token": " miles", "seconds": 0.5875426940619946}
{"stage": "metric", "checkpoint": "step59000", "dynamic_step": 512, "token": " clones", "seconds": 0.5243765264749527}
{"stage": "metric", "checkpoint": "step59000", "dynamic_step": 512, "token": " motive", "seconds": 0.532668512314558}
{"stage": "metric", "checkpoint": "step59000", "dynamic_step": 512, "token": " cabinet", "seconds": 0.5630494058132172}
{"stage": "metric", "checkpoint": "step59000", "dynamic_step": 512, "token": " miles", "seconds": 0.5613944083452225}
{"stage": "metric", "checkpoint": "step59000", "dynamic_step": 576, "token": " clones", "seconds": 0.6021843291819096}
{"stage": "metric", "checkpoint": "step59000", "dynamic_step": 576, "token": " motive", "seconds": 0.5976616144180298}
{"stage": "metric", "checkpoint": "step59000", "dynamic_step": 576, "token": " cabinet", "seconds": 0.5680240765213966}
{"stage": "metric", "checkpoint": "step59000", "dynamic_step": 576, "token": " miles", "seconds": 0.5586205534636974}
{"stage": "metric", "checkpoint": "step59000", "dynamic_step": 640, "token": " clones", "seconds": 0.5856756158173084}
{"stage": "metric", "checkpoint": "step59000", "dynamic_step": 640, "token": " motive", "seconds": 0.5438098199665546}
{"stage": "metric", "checkpoint": "step59000", "dynamic_step": 640, "token": " cabinet", "seconds": 0.5372415110468864}
{"stage": "metric", "checkpoint": "step59000", "dynamic_step": 640, "token": " miles", "seconds": 0.5500589683651924}
{"stage": "metric", "checkpoint": "step59000", "dynamic_step": 704, "token": " clones", "seconds": 0.5723317675292492}
{"stage": "metric", "checkpoint": "step59000", "dynamic_step": 704, "token": " motive", "seconds": 0.5783833861351013}
{"stage": "metric", "checkpoint": "step59000", "dynamic_step": 704, "token": " cabinet", "seconds": 0.5908199921250343}
{"stage": "metric", "checkpoint": "step59000", "dynamic_step": 704, "token": " miles", "seconds": 0.5929466299712658}
{"stage": "metric", "checkpoint": "step59000", "dynamic_step": 768, "token": " clones", "seconds": 0.5839989557862282}
{"stage": "metric", "checkpoint": "step59000", "dynamic_step": 768, "token": " motive", "seconds": 0.593103364109993}
{"stage": "metric", "checkpoint": "step59000", "dynamic_step": 768, "token": " cabinet", "seconds": 0.6036382988095284}
{"stage": "metric", "checkpoint": "step59000", "dynamic_step": 768, "token": " miles", "seconds": 0.5786707103252411}
{"stage": "metric", "checkpoint": "step59000", "dynamic_step": 832, "token": " clones", "seconds": 0.5827377289533615}
{"stage": "metric", "checkpoint": "step59000", "dynamic_step": 832, "token": " motive", "seconds": 0.6147562935948372}
{"stage": "metric", "checkpoint": "step59000", "dynamic_step": 832, "token": " cabinet", "seconds": 0.5874071083962917}
{"stage": "metric", "checkpoint": "step59000", "dynamic_step": 832, "token": " miles", "seconds": 0.6079781092703342}
{"stage": "metric", "checkpoint": "step59000", "dynamic_step": 896, "token": " clones", "seconds": 0.5766667909920216}
{"stage": "metric", "checkpoint": "step59000", "dynamic_step": 896, "token": " motive", "seconds": 0.5689099058508873}
{"stage": "metric", "checkpoint": "step59000", "dynamic_step": 896, "token": " cabinet", "seconds": 0.5716265849769115}
{"stage": "metric", "checkpoint": "step59000", "dynamic_step": 896, "token": " miles", "seconds": 0.5193069912493229}
{"stage": "metric", "checkpoint": "step59000", "dynamic_step": 960, "token": " clones", "seconds": 0.5268611945211887}
{"stage": "metric", "checkpoint": "step59000", "dynamic_step": 960, "token": " motive", "seconds": 0.5274387039244175}
{"stage": "metric", "checkpoint": "step59000", "dynamic_step": 960, "token": " cabinet", "seconds": 0.5650255307555199}
{"stage": "metric", "checkpoint": "step59000", "dynamic_step": 960, "token": " miles", "seconds": 0.5711174495518208}
{"stage": "metric", "checkpoint": "step59000", "dynamic_step": 1024, "token": " clones", "seconds": 0.572735782712698}
{"stage": "metric", "checkpoint": "step59000", "dynamic_step": 1024, "token": " motive", "seconds": 0.5538806021213531}
{"stage": "metric", "checkpoint": "step59000", "dynamic_step": 1024, "token": " cabinet", "seconds": 0.5721270814538002}
{"stage": "metric", "checkpoint": "step59000", "dynamic_step": 1024, "token": " miles", "seconds": 0.5755001679062843}
