{"stage": "metric", "checkpoint": "step27000", "dynamic_step": 64, "token": " generosity", "seconds": 5.900018509477377}
{"stage": "metric", "checkpoint": "step27000", "dynamic_step": 64, "token": " critique", "seconds": 5.396635364741087}
{"stage": "metric", "checkpoint": "step27000", "dynamic_step": 64, "token": " documented", "seconds": 4.573799688369036}
{"stage": "metric", "checkpoint": "step27000", "dynamic_step": 128, "token": " trustworthy", "seconds": 4.464264344424009}
{"stage": "metric", "checkpoint": "step27000", "dynamic_step": 128, "token": " generosity", "seconds": 5.335090182721615}
{"stage": "metric", "checkpoint": "step27000", "dynamic_step": 128, "token": " critique", "seconds": 4.853471238166094}
{"stage": "metric", "checkpoint": "step27000", "dynamic_step": 128, "token": " documented", "seconds": 4.666343431919813}
{"stage": "metric", "checkpoint": "step27000", "dynamic_step": 192, "token": " trustworthy", "seconds": 4.764279194176197}
{"stage": "metric", "checkpoint": "step27000", "dynamic_step": 192, "token": " generosity", "seconds": 5.06628767028451}
{"stage": "metric", "checkpoint": "step27000", "dynamic_step": 192, "token": " critique", "seconds": 4.598421707749367}
{"stage": "metric", "checkpoint": "step27000", "dynamic_step": 192, "token": " documented", "seconds": 4.5804438553750515}
{"stage": "metric", "checkpoint": "step27000", "dynamic_step": 256, "token": " trustworthy", "seconds": 4.622044179588556}
{"stage": "metric", "checkpoint": "step27000", "dynamic_step": 256, "token": " generosity", "seconds": 5.10325313359499}
{"stage": "metric", "checkpoint": "step27000", "dynamic_step": 256, "token": " critique", "seconds": 4.961201582103968}
{"stage": "metric", "checkpoint": "step27000", "dynamic_step": 256, "token": " documented", "seconds": 5.0118101723492146}
{"stage": "metric", "checkpoint": "step27000", "dynamic_step": 320, "token": " trustworthy", "seconds": 5.04087570309639}
{"stage": "metric", "checkpoint": "step27000", "dynamic_step": 320, "token": " generosity", "seconds": 4.706447143107653}
{"stage": "metric", "checkpoint": "step27000", "dynamic_step": 320, "token": " critique", "seconds": 4.905058212578297}
{"stage": "metric", "checkpoint": "step27000", "dynamic_step": 320, "token": " documented", "seconds": 4.83154596015811}
{"stage": "metric", "checkpoint": "step27000", "dynamic_step": 384, "token": " trustworthy", "seconds": 4.519548483192921}
{"stage": "metric", "checkpoint": "step27000", "dynamic_step": 384, "token": " generosity", "seconds": 4.879631109535694}
{"stage": "metric", "checkpoint": "step27000", "dynamic_step": 384, "token": " critique", "seconds": 4.866455994546413}
{"stage": "metric", "checkpoint": "step27000", "dynamic_step": 384, "token": " documented", "seconds": 4.989383097738028}
{"stage": "metric", "checkpoint": "step27000", "dynamic_step": 448, "token": " trustworthy", "seconds": 5.140180833637714}
{"stage": "metric", "checkpoint": "step27000", "dynamic_step": 448, "token": " generosity", "seconds": 4.811043586581945}
{"stage": "metric", "checkpoint": "step27000", "dynamic_step": 448, "token": " critique", "seconds": 4.6059613563120365}
{"stage": "metric", "checkpoint": "step27000", "dynamic_step": 448, "token": " documented", "seconds": 4.921936444938183}
{"stage": "metric", "checkpoint": "step27000", "dynamic_step": 512, "token": " trustworthy", "seconds": 5.251076843589544}
{"stage": "metric", "checkpoint": "step27000", "dynamic_step": 512, "token": " generosity", "seconds": 5.5001440569758415}
{"stage": "metric", "checkpoint": "step27000", "dynamic_step": 512, "token": " critique", "seconds": 4.085703872144222}
{"stage": "metric", "checkpoint": "step27000", "dynamic_step": 512, "token": " documented", "seconds": 5.498908087611198}
{"stage": "metric", "checkpoint": "step27000", "dynamic_step": 576, "token": " trustworthy", "seconds": 5.016065593808889}
{"stage": "metric", "checkpoint": "step27000", "dynamic_step": 576, "token": " generosity", "seconds": 4.8546989150345325}
{"stage": "metric", "checkpoint": "step27000", "dynamic_step": 576, "token": " critique", "seconds": 4.719943802803755}
{"stage": "metric", "checkpoint": "step27000", "dynamic_step": 576, "token": " documented", "seconds": 4.798406977206469}
{"stage": "metric", "checkpoint": "step27000", "dynamic_step": 640, "token": " trustworthy", "seconds": 4.823776196688414}
{"stage": "metric", "checkpoint": "step27000", "dynamic_step": 640, "token": " generosity", "seconds": 4.93238877877593}
{"stage": "metric", "checkpoint": "step27000", "dynamic_step": 640, "token": " critique", "seconds": 5.117329373955727}
{"stage": "metric", "checkpoint": "step27000", "dynamic_step": 640, "token": " documented", "seconds": 4.10138987377286}
{"stage": "metric", "checkpoint": "step27000", "dynamic_step": 704, "token": " trustworthy", "seconds": 4.502228241413832}
{"stage": "metric", "checkpoint": "step27000", "dynamic_step": 704, "token": " generosity", "seconds": 3.9740092903375626}
{"stage": "metric", "checkpoint": "step27000", "dynamic_step": 704, "token": " critique", "seconds": 4.962223868817091}
{"stage": "metric", "checkpoint": "step27000", "dynamic_step": 704, "token": " documented", "seconds": 5.1946757063269615}
{"stage": "metric", "checkpoint": "step27000", "dynamic_step": 768, "token": " trustworthy", "seconds": 4.593770992010832}
{"stage": "metric", "checkpoint": "step27000", "dynamic_step": 768, "token": " generosity", "seconds": 4.96574604138732}
{"stage": "metric", "checkpoint": "step27000", "dynamic_step": 768, "token": " critique", "seconds": 5.200986668467522}
{"stage": "metric", "checkpoint": "step27000", "dynamic_step": 768, "token": " documented", "seconds": 4.696529317647219}
{"stage": "metric", "checkpoint": "step27000", "dynamic_step": 832, "token": " trustworthy", "seconds": 4.208620436489582}
{"stage": "metric", "checkpoint": "step27000", "dynamic_step": 832, "token": " generosity", "seconds": 4.749860566109419}
{"stage": "metric", "checkpoint": "step27000", "dynamic_step": 832, "token": " critique", "seconds": 4.955993697047234}
{"stage": "metric", "checkpoint": "step27000", "dynamic_step": 832, "token": " documented", "seconds": 5.191765606403351}
{"stage": "metric", "checkpoint": "step27000", "dynamic_step": 896, "token": " trustworthy", "seconds": 4.990334153175354}
{"stage": "metric", "checkpoint": "step27000", "dynamic_step": 896, "token": " generosity", "seconds": 4.556020051240921}
{"stage": "metric", "checkpoint": "step27000", "dynamic_step": 896, "token": " critique", "seconds": 4.65573051944375}
{"stage": "metric", "checkpoint": "step27000", "dynamic_step": 896, "token": " documented", "seconds": 5.0333001762628555}
{"stage": "metric", "checkpoint": "step27000", "dynamic_step": 960, "token": " trustworthy", "seconds": 5.563892990350723}
{"stage": "metric", "checkpoint": "step27000", "dynamic_step": 960, "token": " generosity", "seconds": 4.767458405345678}
{"stage": "metric", "checkpoint": "step27000", "dynamic_step": 960, "token": " critique", "seconds": 4.633463930338621}
{"stage": "metric", "checkpoint": "step27000", "dynamic_step": 960, "token": " documented", "seconds": 4.213863454759121}
{"stage": "metric", "checkpoint": "step27000", "dynamic_step": 1024, "token": " trustworthy", "seconds": 4.46331487968564}
{"stage": "metric", "checkpoint": "step27000", "dynamic_step": 1024, "token": " generosity", "seconds": 5.1122902520000935}
{"stage": "metric", "checkpoint": "step27000", "dynamic_step": 1024, "token": " critique", "seconds": 3.9759059883654118}
{"stage": "metric", "checkpoint": "step27000", "dynamic_step": 1024, "token": " documented", "seconds": 5.076339729130268}
{"stage": "metric", "checkpoint": "step28000", "dynamic_step": 0, "token": " trustworthy", "seconds": 4.274317499250174}
{"stage": "metric", "checkpoint": "step28000", "dynamic_step": 0, "token": " generosity", "seconds": 3.9258625991642475}
{"stage": "metric", "checkpoint": "step28000", "dynamic_step": 0, "token": " critique", "seconds": 4.471500441431999}
{"stage": "metric", "checkpoint": "step28000", "dynamic_step": 0, "token": " documented", "seconds": 4.489433728158474}
{"stage": "metric", "checkpoint": "step28000", "dynamic_step": 64, "token": " trustworthy", "seconds": 4.569160159677267}
{"stage": "metric", "checkpoint": "step28000", "dynamic_step": 64, "token": " generosity", "seconds": 4.356767311692238}
{"stage": "metric", "checkpoint": "step28000", "dynamic_step": 64, "token": " critique", "seconds": 4.686701864004135}
{"stage": "metric", "checkpoint": "step28000", "dynamic_step": 64, "token": " documented", "seconds": 4.797896541655064}
{"stage": "metric", "checkpoint": "step28000", "dynamic_step": 128, "token": " trustworthy", "seconds": 4.459873169660568}
{"stage": "metric", "checkpoint": "step28000", "dynamic_step": 128, "token": " generosity", "seconds": 4.471897050738335}
{"stage": "metric", "checkpoint": "step28000", "dynamic_step": 128, "token": " critique", "seconds": 5.4135404750704765}
{"stage": "metric", "checkpoint": "step28000", "dynamic_step": 128, "token": " documented", "seconds": 4.166596431285143}
{"stage": "metric", "checkpoint": "step28000", "dynamic_step": 192, "token": " trustworthy", "seconds": 4.492614571005106}
{"stage": "metric", "checkpoint": "step28000", "dynamic_step": 192, "token": " generosity", "seconds": 4.338603924959898}
{"stage": "metric", "checkpoint": "step28000", "dynamic_step": 192, "token": " critique", "seconds": 4.8329627849161625}
{"stage": "metric", "checkpoint": "step28000", "dynamic_step": 192, "token": " documented", "seconds": 4.312830708920956}
{"stage": "metric", "checkpoint": "step28000", "dynamic_step": 256, "token": " trustworthy", "seconds": 4.60550269857049}
{"stage": "metric", "checkpoint": "step28000", "dynamic_step": 256, "token": " generosity", "seconds": 4.793667934834957}
{"stage": "metric", "checkpoint": "step28000", "dynamic_step": 256, "token": " critique", "seconds": 4.843402829021215}
{"stage": "metric", "checkpoint": "step28000", "dynamic_step": 256, "token": " documented", "seconds": 4.89705104008317}
{"stage": "metric", "checkpoint": "step28000", "dynamic_step": 320, "token": " trustworthy", "seconds": 4.9407796785235405}
{"stage": "metric", "checkpoint": "step28000", "dynamic_step": 320, "token": " generosity", "seconds": 4.961540363729}
{"stage": "metric", "checkpoint": "step28000", "dynamic_step": 320, "token": " critique", "seconds": 4.712005164474249}
{"stage": "metric", "checkpoint": "step28000", "dynamic_step": 320, "token": " documented", "seconds": 4.964227639138699}
{"stage": "metric", "checkpoint": "step28000", "dynamic_step": 384, "token": " trustworthy", "seconds": 4.967711992561817}
{"stage": "metric", "checkpoint": "step28000", "dynamic_step": 384, "token": " generosity", "seconds": 5.060066070407629}
{"stage": "metric", "checkpoint": "step28000", "dynamic_step": 384, "token": " critique", "seconds": 4.251052550971508}
{"stage": "metric", "checkpoint": "step28000", "dynamic_step": 384, "token": " documented", "seconds": 3.6855050958693027}
{"stage": "metric", "checkpoint": "step28000", "dynamic_step": 448, "token": " trustworthy", "seconds": 4.9388313591480255}
{"stage": "metric", "checkpoint": "step28000", "dynamic_step": 448, "token": " generosity", "seconds": 4.085022307932377}
{"stage": "metric", "checkpoint": "step28000", "dynamic_step": 448, "token": " critique", "seconds": 4.925614409148693}
{"stage": "metric", "checkpoint": "step28000", "dynamic_step": 448, "token": " documented", "seconds": 4.721828561276197}
{"stage": "metric", "checkpoint": "step28000", "dynamic_step": 512, "token": " trustworthy", "seconds": 4.806547060608864}
{"stage": "metric", "checkpoint": "step28000", "dynamic_step": 512, "token": " generosity", "seconds": 5.083146311342716}
{"stage": "metric", "checkpoint": "step28000", "dynamic_step": 512, "token": " critique", "seconds": 5.4855088628828526}
{"stage": "metric", "checkpoint": "step28000", "dynamic_step": 512, "token": " documented", "seconds": 4.7828996777534485}
{"stage": "metric", "checkpoint": "step28000", "dynamic_step": 576, "token": " trustworthy", "seconds": 4.914861962199211}
{"stage": "metric", "checkpoint": "step28000", "dynamic_step": 576, "token": " generosity", "seconds": 5.472942415624857}
{"stage": "metric", "checkpoint": "step28000", "dynamic_step": 576, "token": " critique", "seconds": 5.411304533481598}
{"stage": "metric", "checkpoint": "step28000", "dynamic_step": 576, "token": " documented", "seconds": 4.780541259795427}
{"stage": "metric", "checkpoint": "step28000", "dynamic_step": 640, "token": " trustworthy", "seconds": 4.571349985897541}
{"stage": "metric", "checkpoint": "step28000", "dynamic_step": 640, "token": " generosity", "seconds": 4.373740114271641}
{"stage": "metric", "checkpoint": "step28000", "dynamic_step": 640, "token": " critique", "seconds": 5.0753075666725636}
{"stage": "metric", "checkpoint": "step28000", "dynamic_step": 640, "token": " documented", "seconds": 4.974893793463707}
{"stage": "metric", "checkpoint": "step28000", "dynamic_step": 704, "token": " trustworthy", "seconds": 4.736224222928286}
{"stage": "metric", "checkpoint": "step28000", "dynamic_step": 704, "token": " generosity", "seconds": 4.773186441510916}
{"stage": "metric", "checkpoint": "step28000", "dynamic_step": 704, "token": " critique", "seconds": 4.647615358233452}
{"stage": "metric", "checkpoint": "step28000", "dynamic_step": 704, "token": " documented", "seconds": 4.35591983422637}
{"stage": "metric", "checkpoint": "step28000", "dynamic_step": 768, "token": " trustworthy", "seconds": 4.261769510805607}
{"stage": "metric", "checkpoint": "step28000", "dynamic_step": 768, "token": " generosity", "seconds": 4.334716681391001}
{"stage": "metric", "checkpoint": "step28000", "dynamic_step": 768, "token": " critique", "seconds": 4.062728781253099}
{"stage": "metric", "checkpoint": "step28000", "dynamic_step": 768, "token": " documented", "seconds": 4.590038530528545}
{"stage": "metric", "checkpoint": "step28000", "dynamic_step": 832, "token": " trustworthy", "seconds": 5.003486197441816}
{"stage": "metric", "checkpoint": "step28000", "dynamic_step": 832, "token": " generosity", "seconds": 4.538232501596212}
{"stage": "metric", "checkpoint": "step28000", "dynamic_step": 832, "token": " critique", "seconds": 4.438152406364679}
{"stage": "metric", "checkpoint": "step28000", "dynamic_step": 832, "token": " documented", "seconds": 5.121310744434595}
{"stage": "metric", "checkpoint": "step28000", "dynamic_step": 896, "token": " trustworthy", "seconds": 4.866928484290838}
{"stage": "metric", "checkpoint": "step28000", "dynamic_step": 896, "token": " generosity", "seconds": 4.989763643592596}
{"stage": "metric", "checkpoint": "step28000", "dynamic_step": 896, "token": " critique", "seconds": 4.635325111448765}
{"stage": "metric", "checkpoint": "step28000", "dynamic_step": 896, "token": " documented", "seconds": 4.5555147379636765}
{"stage": "metric", "checkpoint": "step28000", "dynamic_step": 960, "token": " trustworthy", "seconds": 4.280915640294552}
{"stage": "metric", "checkpoint": "step28000", "dynamic_step": 960, "token": " generosity", "seconds": 4.513572305440903}
{"stage": "metric", "checkpoint": "step28000", "dynamic_step": 960, "token": " critique", "seconds": 4.401915013790131}
{"stage": "metric", "checkpoint": "step28000", "dynamic_step": 960, "token": " documented", "seconds": 5.041995961219072}
{"stage": "metric", "checkpoint": "step28000", "dynamic_step": 1024, "token": " trustworthy", "seconds": 4.906757198274136}
{"stage": "metric", "checkpoint": "step28000", "dynamic_step": 1024, "token": " generosity", "seconds": 3.963269755244255}
{"stage": "metric", "checkpoint": "step28000", "dynamic_step": 1024, "token": " critique", "seconds": 4.8711321875452995}
{"stage": "metric", "checkpoint": "step28000", "dynamic_step": 1024, "token": " documented", "seconds": 4.586272191256285}
{"stage": "metric", "checkpoint": "step39000", "dynamic_step": 0, "token": " trustworthy", "seconds": 4.200514327734709}
{"stage": "metric", "checkpoint": "step39000", "dynamic_step": 0, "token": " generosity", "seconds": 5.0748137049376965}
{"stage": "metric", "checkpoint": "step39000", "dynamic_step": 0, "token": " critique", "seconds": 4.534204088151455}
{"stage": "metric", "checkpoint": "step39000", "dynamic_step": 0, "token": " documented", "seconds": 4.470707379281521}
{"stage": "metric", "checkpoint": "step39000", "dynamic_step": 64, "token": " trustworthy", "seconds": 5.073225814849138}
{"stage": "metric", "checkpoint": "step39000", "dynamic_step": 64, "token": " generosity", "seconds": 5.341093335300684}
{"stage": "metric", "checkpoint": "step39000", "dynamic_step": 64, "token": " critique", "seconds": 5.214066963642836}
{"stage": "metric", "checkpoint": "step39000", "dynamic_step": 64, "token": " documented", "seconds": 4.457705158740282}
{"stage": "metric", "checkpoint": "step39000", "dynamic_step": 128, "token": " trustworthy", "seconds": 4.696402836591005}
{"stage": "metric", "checkpoint": "step39000", "dynamic_step": 128, "token": " generosity", "seconds": 5.004402484744787}
{"stage": "metric", "checkpoint": "step39000", "dynamic_step": 128, "token": " critique", "seconds": 5.521503787487745}
{"stage": "metric", "checkpoint": "step39000", "dynamic_step": 128, "token": " documented", "seconds": 5.490888644009829}
{"stage": "metric", "checkpoint": "step39000", "dynamic_step": 192, "token": " trustworthy", "seconds": 4.833723120391369}
{"stage": "metric", "checkpoint": "step39000", "dynamic_step": 192, "token": " generosity", "seconds": 4.727034203708172}
{"stage": "metric", "checkpoint": "step39000", "dynamic_step": 192, "token": " critique", "seconds": 5.208514504134655}
{"stage": "metric", "checkpoint": "step39000", "dynamic_step": 192, "token": " documented", "seconds": 4.640484917908907}
{"stage": "metric", "checkpoint": "step39000", "dynamic_step": 256, "token": " trustworthy", "seconds": 4.937558863312006}
{"stage": "metric", "checkpoint": "step39000", "dynamic_step": 256, "token": " generosity", "seconds": 5.29248908162117}
{"stage": "metric", "checkpoint": "step39000", "dynamic_step": 256, "token": " critique", "seconds": 4.687854316085577}
{"stage": "metric", "checkpoint": "step39000", "dynamic_step": 256, "token": " documented", "seconds": 5.206926640123129}
{"stage": "metric", "checkpoint": "step39000", "dynamic_step": 320, "token": " trustworthy", "seconds": 5.422596670687199}
{"stage": "metric", "checkpoint": "step39000", "dynamic_step": 320, "token": " generosity", "seconds": 4.495276227593422}
{"stage": "metric", "checkpoint": "step39000", "dynamic_step": 320, "token": " critique", "seconds": 5.091431654989719}
{"stage": "metric", "checkpoint": "step39000", "dynamic_step": 320, "token": " documented", "seconds": 4.280489835888147}
{"stage": "metric", "checkpoint": "step39000", "dynamic_step": 384, "token": " trustworthy", "seconds": 5.113254055380821}
{"stage": "metric", "checkpoint": "step39000", "dynamic_step": 384, "token": " generosity", "seconds": 4.5381556786596775}
{"stage": "metric", "checkpoint": "step39000", "dynamic_step": 384, "token": " critique", "seconds": 4.360211964696646}
{"stage": "metric", "checkpoint": "step39000", "dynamic_step": 384, "token": " documented", "seconds": 4.856183771044016}
{"stage": "metric", "checkpoint": "step39000", "dynamic_step": 448, "token": " trustworthy", "seconds": 5.139138929545879}
{"stage": "metric", "checkpoint": "step39000", "dynamic_step": 448, "token": " generosity", "seconds": 4.284962069243193}
{"stage": "metric", "checkpoint": "step39000", "dynamic_step": 448, "token": " critique", "seconds": 4.250825103372335}
{"stage": "metric", "checkpoint": "step39000", "dynamic_step": 448, "token": " documented", "seconds": 4.534462284296751}
{"stage": "metric", "checkpoint": "step39000", "dynamic_step": 512, "token": " trustworthy", "seconds": 4.2106910310685635}
{"stage": "metric", "checkpoint": "step39000", "dynamic_step": 512, "token": " generosity", "seconds": 4.766155164688826}
{"stage": "metric", "checkpoint": "step39000", "dynamic_step": 512, "token": " critique", "seconds": 4.505319766700268}
{"stage": "metric", "checkpoint": "step39000", "dynamic_step": 512, "token": " documented", "seconds": 4.652063749730587}
{"stage": "metric", "checkpoint": "step39000", "dynamic_step": 576, "token": " trustworthy", "seconds": 4.714527238160372}
{"stage": "metric", "checkpoint": "step39000", "dynamic_step": 576, "token": " generosity", "seconds": 5.0424079447984695}
{"stage": "metric", "checkpoint": "step39000", "dynamic_step": 576, "token": " critique", "seconds": 4.737764839082956}
{"stage": "metric", "checkpoint": "step39000", "dynamic_step": 576, "token": " documented", "seconds": 4.691123902797699}
{"stage": "metric", "checkpoint": "step39000", "dynamic_step": 640, "token": " trustworthy", "seconds": 4.210034746676683}
{"stage": "metric", "checkpoint": "step39000", "dynamic_step": 640, "token": " generosity", "seconds": 4.256944362074137}
{"stage": "metric", "checkpoint": "step39000", "dynamic_step": 640, "token": " critique", "seconds": 4.7746811881661415}
{"stage": "metric", "checkpoint": "step39000", "dynamic_step": 640, "token": " documented", "seconds": 4.645744647830725}
{"stage": "metric", "checkpoint": "step39000", "dynamic_step": 704, "token": " trustworthy", "seconds": 4.215404946357012}
{"stage": "metric", "checkpoint": "step39000", "dynamic_step": 704, "token": " generosity", "seconds": 4.6154056787490845}
{"stage": "metric", "checkpoint": "step39000", "dynamic_step": 704, "token": " critique", "seconds": 4.573041830211878}
{"stage": "metric", "checkpoint": "step39000", "dynamic_step": 704, "token": " documented", "seconds": 4.60926117002964}
{"stage": "metric", "checkpoint": "step39000", "dynamic_step": 768, "token": " trustworthy", "seconds": 3.5448540076613426}
{"stage": "metric", "checkpoint": "step39000", "dynamic_step": 768, "token": " generosity", "seconds": 4.546859040856361}
{"stage": "metric", "checkpoint": "step39000", "dynamic_step": 768, "token": " critique", "seconds": 3.888563320040703}
{"stage": "metric", "checkpoint": "step39000", "dynamic_step": 768, "token": " documented", "seconds": 3.4793662168085575}
{"stage": "metric", "checkpoint": "step39000", "dynamic_step": 832, "token": " trustworthy", "seconds": 4.124416656792164}
{"stage": "metric", "checkpoint": "step39000", "dynamic_step": 832, "token": " generosity", "seconds": 4.533758003264666}
{"stage": "metric", "checkpoint": "step39000", "dynamic_step": 832, "token": " critique", "seconds": 4.288524728268385}
{"stage": "metric", "checkpoint": "step39000", "dynamic_step": 832, "token": " documented", "seconds": 4.437030866742134}
{"stage": "metric", "checkpoint": "step39000", "dynamic_step": 896, "token": " trustworthy", "seconds": 3.8782024160027504}
{"stage": "metric", "checkpoint": "step39000", "dynamic_step": 896, "token": " generosity", "seconds": 4.538342792540789}
{"stage": "metric", "checkpoint": "step39000", "dynamic_step": 896, "token": " critique", "seconds": 4.125633265823126}
{"stage": "metric", "checkpoint": "step39000", "dynamic_step": 896, "token": " documented", "seconds": 4.31155539304018}
{"stage": "metric", "checkpoint": "step39000", "dynamic_step": 960, "token": " trustworthy", "seconds": 3.7583023570477962}
{"stage": "metric", "checkpoint": "step39000", "dynamic_step": 960, "token": " generosity", "seconds": 4.101168092340231}
{"stage": "metric", "checkpoint": "step39000", "dynamic_step": 960, "token": " critique", "seconds": 3.340919591486454}
{"stage": "metric", "checkpoint": "step39000", "dynamic_step": 960, "token": " documented", "seconds": 3.6130514815449715}
{"stage": "metric", "checkpoint": "step39000", "dynamic_step": 1024, "token": " trustworthy", "seconds": 4.4611885994672775}
{"stage": "metric", "checkpoint": "step39000", "dynamic_step": 1024, "token": " generosity", "seconds": 4.286311265081167}
{"stage": "metric", "checkpoint": "step39000", "dynamic_step": 1024, "token": " critique", "seconds": 4.2938588336110115}
{"stage": "metric", "checkpoint": "step39000", "dynamic_step": 1024, "token": " documented", "seconds": 4.808627650141716}
{"stage": "metric", "checkpoint": "step40000", "dynamic_step": 0, "token": " trustworthy", "seconds": 4.011190690100193}
{"stage": "metric", "checkpoint": "step40000", "dynamic_step": 0, "token": " generosity", "seconds": 4.098613910377026}
{"stage": "metric", "checkpoint": "step40000", "dynamic_step": 0, "token": " critique", "seconds": 4.050091523677111}
{"stage": "metric", "checkpoint": "step40000", "dynamic_step": 0, "token": " documented", "seconds": 3.961460057646036}
{"stage": "metric", "checkpoint": "step40000", "dynamic_step": 64, "token": " trustworthy", "seconds": 4.243505075573921}
{"stage": "metric", "checkpoint": "step40000", "dynamic_step": 64, "token": " generosity", "seconds": 4.132007881999016}
{"stage": "metric", "checkpoint": "step40000", "dynamic_step": 64, "token": " critique", "seconds": 4.243176016956568}
{"stage": "metric", "checkpoint": "step40000", "dynamic_step": 64, "token": " documented", "seconds": 3.7391633689403534}
{"stage": "metric", "checkpoint": "step40000", "dynamic_step": 128, "token": " trustworthy", "seconds": 4.2213634215295315}
{"stage": "metric", "checkpoint": "step40000", "dynamic_step": 128, "token": " generosity", "seconds": 4.266761984676123}
{"stage": "metric", "checkpoint": "step40000", "dynamic_step": 128, "token": " critique", "seconds": 3.759408626705408}
{"stage": "metric", "checkpoint": "step40000", "dynamic_step": 128, "token": " documented", "seconds": 3.8844704143702984}
{"stage": "metric", "checkpoint": "step40000", "dynamic_step": 192, "token": " trustworthy", "seconds": 3.97990632802248}
{"stage": "metric", "checkpoint": "step40000", "dynamic_step": 192, "token": " generosity", "seconds": 4.616108175367117}
{"stage": "metric", "checkpoint": "step40000", "dynamic_step": 192, "token": " critique", "seconds": 4.536908317357302}
{"stage": "metric", "checkpoint": "step40000", "dynamic_step": 192, "token": " documented", "seconds": 4.585387837141752}
{"stage": "metric", "checkpoint": "step40000", "dynamic_step": 256, "token": " trustworthy", "seconds": 4.139059241861105}
{"stage": "metric", "checkpoint": "step40000", "dynamic_step": 256, "token": " generosity", "seconds": 4.642589755356312}
{"stage": "metric", "checkpoint": "step40000", "dynamic_step": 256, "token": " critique", "seconds": 4.149235997349024}
{"stage": "metric", "checkpoint": "step40000", "dynamic_step": 256, "token": " documented", "seconds": 4.38005954772234}
{"stage": "metric", "checkpoint": "step40000", "dynamic_step": 320, "token": " trustworthy", "seconds": 4.997562628239393}
{"stage": "metric", "checkpoint": "step40000", "dynamic_step": 320, "token": " generosity", "seconds": 4.593914359807968}
{"stage": "metric", "checkpoint": "step40000", "dynamic_step": 320, "token": " critique", "seconds": 4.373685847967863}
{"stage": "metric", "checkpoint": "step40000", "dynamic_step": 320, "token": " documented", "seconds": 4.428710225969553}
{"stage": "metric", "checkpoint": "step40000", "dynamic_step": 384, "token": " trustworthy", "seconds": 4.924446452409029}
{"stage": "metric", "checkpoint": "step40000", "dynamic_step": 384, "token": " generosity", "seconds": 4.84217581525445}
{"stage": "metric", "checkpoint": "step40000", "dynamic_step": 384, "token": " critique", "seconds": 4.082875482738018}
{"stage": "metric", "checkpoint": "step40000", "dynamic_step": 384, "token": " documented", "seconds": 5.139438111335039}
{"stage": "metric", "checkpoint": "step40000", "dynamic_step": 448, "token": " trustworthy", "seconds": 4.661623388528824}
{"stage": "metric", "checkpoint": "step40000", "dynamic_step": 448, "token": " generosity", "seconds": 4.240669220685959}
{"stage": "metric", "checkpoint": "step40000", "dynamic_step": 448, "token": " critique", "seconds": 4.329331796616316}
{"stage": "metric", "checkpoint": "step40000", "dynamic_step": 448, "token": " documented", "seconds": 4.317685928195715}
{"stage": "metric", "checkpoint": "step40000", "dynamic_step": 512, "token": " trustworthy", "seconds": 4.630936596542597}
{"stage": "metric", "checkpoint": "step40000", "dynamic_step": 512, "token": " generosity", "seconds": 4.439908929169178}
{"stage": "metric", "checkpoint": "step40000", "dynamic_step": 512, "token": " critique", "seconds": 4.60664889216423}
{"stage": "metric", "checkpoint": "step40000", "dynamic_step": 512, "token": " documented", "seconds": 4.926428731530905}
{"stage": "metric", "checkpoint": "step40000", "dynamic_step": 576, "token": " trustworthy", "seconds": 3.9685139134526253}
{"stage": "metric", "checkpoint": "step40000", "dynamic_step": 576, "token": " generosity", "seconds": 4.045618839561939}
{"stage": "metric", "checkpoint": "step40000", "dynamic_step": 576, "token": " critique", "seconds": 4.374950349330902}
{"stage": "metric", "checkpoint": "step40000", "dynamic_step": 576, "token": " documented", "seconds": 4.0977328941226006}
{"stage": "metric", "checkpoint": "step40000", "dynamic_step": 640, "token": " trustworthy", "seconds": 4.219872981309891}
{"stage": "metric", "checkpoint": "step40000", "dynamic_step": 640, "token": " generosity", "seconds": 4.006828684359789}
{"stage": "metric", "checkpoint": "step40000", "dynamic_step": 640, "token": " critique", "seconds": 3.360271144658327}
{"stage": "metric", "checkpoint": "step40000", "dynamic_step": 640, "token": " documented", "seconds": 4.526771541684866}
{"stage": "metric", "checkpoint": "step40000", "dynamic_step": 704, "token": " trustworthy", "seconds": 4.444412134587765}
{"stage": "metric", "checkpoint": "step40000", "dynamic_step": 704, "token": " generosity", "seconds": 4.146052844822407}
{"stage": "metric", "checkpoint": "step40000", "dynamic_step": 704, "token": " critique", "seconds": 4.04282670468092}
{"stage": "metric", "checkpoint": "step40000", "dynamic_step": 704, "token": " documented", "seconds": 4.005524545907974}
{"stage": "metric", "checkpoint": "step40000", "dynamic_step": 768, "token": " trustworthy", "seconds": 4.741006888449192}
{"stage": "metric", "checkpoint": "step40000", "dynamic_step": 768, "token": " generosity", "seconds": 4.640368141233921}
{"stage": "metric", "checkpoint": "step40000", "dynamic_step": 768, "token": " critique", "seconds": 4.36715342104435}
{"stage": "metric", "checkpoint": "step40000", "dynamic_step": 768, "token": " documented", "seconds": 3.811148401349783}
{"stage": "metric", "checkpoint": "step40000", "dynamic_step": 832, "token": " trustworthy", "seconds": 4.42634154856205}
{"stage": "metric", "checkpoint": "step40000", "dynamic_step": 832, "token": " generosity", "seconds": 4.483047217130661}
{"stage": "metric", "checkpoint": "step40000", "dynamic_step": 832, "token": " critique", "seconds": 4.7555764354765415}
{"stage": "metric", "checkpoint": "step40000", "dynamic_step": 832, "token": " documented", "seconds": 4.035298891365528}
{"stage": "metric", "checkpoint": "step40000", "dynamic_step": 896, "token": " trustworthy", "seconds": 4.2720399759709835}
{"stage": "metric", "checkpoint": "step40000", "dynamic_step": 896, "token": " generosity", "seconds": 4.689991418272257}
{"stage": "metric", "checkpoint": "step40000", "dynamic_step": 896, "token": " critique", "seconds": 4.477063149213791}
{"stage": "metric", "checkpoint": "step40000", "dynamic_step": 896, "token": " documented", "seconds": 3.6492279767990112}
{"stage": "metric", "checkpoint": "step40000", "dynamic_step": 960, "token": " trustworthy", "seconds": 4.353329092264175}
{"stage": "metric", "checkpoint": "step40000", "dynamic_step": 960, "token": " generosity", "seconds": 3.6907691471278667}
{"stage": "metric", "checkpoint": "step40000", "dynamic_step": 960, "token": " critique", "seconds": 4.2940533719956875}
{"stage": "metric", "checkpoint": "step40000", "dynamic_step": 960, "token": " documented", "seconds": 4.300806328654289}
{"stage": "metric", "checkpoint": "step40000", "dynamic_step": 1024, "token": " trustworthy", "seconds": 4.351815219968557}
{"stage": "metric", "checkpoint": "step40000", "dynamic_step": 1024, "token": " generosity", "seconds": 4.52845947816968}
{"stage": "metric", "checkpoint": "step40000", "dynamic_step": 1024, "token": " critique", "seconds": 4.266007758677006}
{"stage": "metric", "checkpoint": "step40000", "dynamic_step": 1024, "token": " documented", "seconds": 4.446990966796875}
{"stage": "metric", "checkpoint": "step58000", "dynamic_step": 0, "token": " trustworthy", "seconds": 3.590477403253317}
{"stage": "metric", "checkpoint": "step58000", "dynamic_step": 0, "token": " generosity", "seconds": 3.8042298518121243}
{"stage": "metric", "checkpoint": "step58000", "dynamic_step": 0, "token": " critique", "seconds": 3.5435536168515682}
{"stage": "metric", "checkpoint": "step58000", "dynamic_step": 0, "token": " documented", "seconds": 4.204636186361313}
{"stage": "metric", "checkpoint": "step58000", "dynamic_step": 64, "token": " trustworthy", "seconds": 4.500511210411787}
{"stage": "metric", "checkpoint": "step58000", "dynamic_step": 64, "token": " generosity", "seconds": 5.314623013138771}
{"stage": "metric", "checkpoint": "step58000", "dynamic_step": 64, "token": " critique", "seconds": 4.748803969472647}
{"stage": "metric", "checkpoint": "step58000", "dynamic_step": 64, "token": " documented", "seconds": 4.82721010223031}
{"stage": "metric", "checkpoint": "step58000", "dynamic_step": 128, "token": " trustworthy", "seconds": 4.188218843191862}
{"stage": "metric", "checkpoint": "step58000", "dynamic_step": 128, "token": " generosity", "seconds": 4.426942452788353}
{"stage": "metric", "checkpoint": "step58000", "dynamic_step": 128, "token": " critique", "seconds": 2.633581716567278}
{"stage": "metric", "checkpoint": "step58000", "dynamic_step": 128, "token": " documented", "seconds": 2.687482688575983}
{"stage": "metric", "checkpoint": "step58000", "dynamic_step": 192, "token": " trustworthy", "seconds": 2.754119623452425}
{"stage": "metric", "checkpoint": "step58000", "dynamic_step": 192, "token": " generosity", "seconds": 2.4791854694485664}
{"stage": "metric", "checkpoint": "step58000", "dynamic_step": 192, "token": " critique", "seconds": 2.872618444263935}
{"stage": "metric", "checkpoint": "step58000", "dynamic_step": 192, "token": " documented", "seconds": 2.3955321200191975}
{"stage": "metric", "checkpoint": "step58000", "dynamic_step": 256, "token": " trustworthy", "seconds": 2.5378344543278217}
{"stage": "metric", "checkpoint": "step58000", "dynamic_step": 256, "token": " generosity", "seconds": 3.057634674012661}
{"stage": "metric", "checkpoint": "step58000", "dynamic_step": 256, "token": " critique", "seconds": 2.417214911431074}
{"stage": "metric", "checkpoint": "step58000", "dynamic_step": 256, "token": " documented", "seconds": 2.6581669189035892}
{"stage": "metric", "checkpoint": "step58000", "dynamic_step": 320, "token": " trustworthy", "seconds": 2.7186276465654373}
{"stage": "metric", "checkpoint": "step58000", "dynamic_step": 320, "token": " generosity", "seconds": 2.765316080302}
{"stage": "metric", "checkpoint": "step58000", "dynamic_step": 320, "token": " critique", "seconds": 3.1423475332558155}
{"stage": "metric", "checkpoint": "step58000", "dynamic_step": 320, "token": " documented", "seconds": 3.0708419755101204}
{"stage": "metric", "checkpoint": "step58000", "dynamic_step": 384, "token": " trustworthy", "seconds": 3.1164102628827095}
{"stage": "metric", "checkpoint": "step58000", "dynamic_step": 384, "token": " generosity", "seconds": 2.9881133697927}
{"stage": "metric", "checkpoint": "step58000", "dynamic_step": 384, "token": " critique", "seconds": 2.825884498655796}
{"stage": "metric", "checkpoint": "step58000", "dynamic_step": 384, "token": " documented", "seconds": 2.692795045673847}
{"stage": "metric", "checkpoint": "step58000", "dynamic_step": 448, "token": " trustworthy", "seconds": 2.965889982879162}
{"stage": "metric", "checkpoint": "step58000", "dynamic_step": 448, "token": " generosity", "seconds": 3.1023053750395775}
{"stage": "metric", "checkpoint": "step58000", "dynamic_step": 448, "token": " critique", "seconds": 3.104827556759119}
{"stage": "metric", "checkpoint": "step58000", "dynamic_step": 448, "token": " documented", "seconds": 3.3185355104506016}
{"stage": "metric", "checkpoint": "step58000", "dynamic_step": 512, "token": " trustworthy", "seconds": 3.0921163745224476}
{"stage": "metric", "checkpoint": "step58000", "dynamic_step": 512, "token": " generosity", "seconds": 3.0069823414087296}
{"stage": "metric", "checkpoint": "step58000", "dynamic_step": 512, "token": " critique", "seconds": 2.4639218151569366}
{"stage": "metric", "checkpoint": "step58000", "dynamic_step": 512, "token": " documented", "seconds": 2.7349178567528725}
{"stage": "metric", "checkpoint": "step58000", "dynamic_step": 576, "token": " trustworthy", "seconds": 2.5269832350313663}
{"stage": "metric", "checkpoint": "step58000", "dynamic_step": 576, "token": " generosity", "seconds": 2.8016564771533012}
{"stage": "metric", "checkpoint": "step58000", "dynamic_step": 576, "token": " critique", "seconds": 2.4626130796968937}
{"stage": "metric", "checkpoint": "step58000", "dynamic_step": 576, "token": " documented", "seconds": 2.5555307380855083}
{"stage": "metric", "checkpoint": "step58000", "dynamic_step": 640, "token": " trustworthy", "seconds": 2.510436113923788}
{"stage": "metric", "checkpoint": "step58000", "dynamic_step": 640, "token": " generosity", "seconds": 1.7750493735074997}
{"stage": "metric", "checkpoint": "step58000", "dynamic_step": 640, "token": " critique", "seconds": 1.2384424470365047}
{"stage": "metric", "checkpoint": "step58000", "dynamic_step": 640, "token": " documented", "seconds": 0.5544548220932484}
{"stage": "metric", "checkpoint": "step58000", "dynamic_step": 704, "token": " trustworthy", "seconds": 0.4069451540708542}
{"stage": "metric", "checkpoint": "step58000", "dynamic_step": 704, "token": " generosity", "seconds": 0.3458903543651104}
{"stage": "metric", "checkpoint": "step58000", "dynamic_step": 704, "token": " critique", "seconds": 0.4400928318500519}
{"stage": "metric", "checkpoint": "step58000", "dynamic_step": 704, "token": " documented", "seconds": 0.29480085521936417}
{"stage": "metric", "checkpoint": "step58000", "dynamic_step": 768, "token": " trustworthy", "seconds": 0.3215664103627205}
{"stage": "metric", "checkpoint": "step58000", "dynamic_step": 768, "token": " generosity", "seconds": 0.3151847906410694}
{"stage": "metric", "checkpoint": "step58000", "dynamic_step": 768, "token": " critique", "seconds": 0.33107492327690125}
{"stage": "metric", "checkpoint": "step58000", "dynamic_step": 768, "token": " documented", "seconds": 0.28306209295988083}
{"stage": "metric", "checkpoint": "step58000", "dynamic_step": 832, "token": " trustworthy", "seconds": 0.32072507590055466}
{"stage": "metric", "checkpoint": "step58000", "dynamic_step": 832, "token": " generosity", "seconds": 0.26516614481806755}
{"stage": "metric", "checkpoint": "step58000", "dynamic_step": 832, "token": " critique", "seconds": 0.2706814259290695}
{"stage": "metric", "checkpoint": "step58000", "dynamic_step": 832, "token": " documented", "seconds": 0.2745472975075245}
{"stage": "metric", "checkpoint": "step58000", "dynamic_step": 896, "token": " trustworthy", "seconds": 0.33068084344267845}
{"stage": "metric", "checkpoint": "step58000", "dynamic_step": 896, "token": " generosity", "seconds": 0.3749527484178543}
{"stage": "metric", "checkpoint": "step58000", "dynamic_step": 896, "token": " critique", "seconds": 0.3121003843843937}
{"stage": "metric", "checkpoint": "step58000", "dynamic_step": 896, "token": " documented", "seconds": 0.3513045534491539}
{"stage": "metric", "checkpoint": "step58000", "dynamic_step": 960, "token": " trustworthy", "seconds": 0.32533084228634834}
{"stage": "metric", "checkpoint": "step58000", "dynamic_step": 960, "token": " generosity", "seconds": 0.309456966817379}
{"stage": "metric", "checkpoint": "step58000", "dynamic_step": 960, "token": " critique", "seconds": 0.33320964500308037}
{"stage": "metric", "checkpoint": "step58000", "dynamic_step": 960, "token": " documented", "seconds": 0.30929117649793625}
{"stage": "metric", "checkpoint": "step58000", "dynamic_step": 1024, "token": " trustworthy", "seconds": 0.31214960664510727}
{"stage": "metric", "checkpoint": "step58000", "dynamic_step": 1024, "token": " generosity", "seconds": 0.32466139271855354}
{"stage": "metric", "checkpoint": "step58000", "dynamic_step": 1024, "token": " critique", "seconds": 0.32914208993315697}
{"stage": "metric", "checkpoint": "step58000", "dynamic_step": 1024, "token": " documented", "seconds": 0.32545239478349686}
{"stage": "metric", "checkpoint": "step59000", "dynamic_step": 0, "token": " trustworthy", "seconds": 0.3022560365498066}
{"stage": "metric", "checkpoint": "step59000", "dynamic_step": 0, "token": " generosity", "seconds": 0.2796451859176159}
{"stage": "metric", "checkpoint": "step59000", "dynamic_step": 0, "token": " critique", "seconds": 0.29807353764772415}
{"stage": "metric", "checkpoint": "step59000", "dynamic_step": 0, "token": " documented", "seconds": 0.27623138576745987}
{"stage": "metric", "checkpoint": "step59000", "dynamic_step": 64, "token": " trustworthy", "seconds": 0.3408333584666252}
{"stage": "metric", "checkpoint": "step59000", "dynamic_step": 64, "token": " generosity", "seconds": 0.3347490020096302}
{"stage": "metric", "checkpoint": "step59000", "dynamic_step": 64, "token": " critique", "seconds": 0.35086581483483315}
{"stage": "metric", "checkpoint": "step59000", "dynamic_step": 64, "token": " documented", "seconds": 0.3224200941622257}
{"stage": "metric", "checkpoint": "step59000", "dynamic_step": 128, "token": " trustworthy", "seconds": 0.274851243942976}
{"stage": "metric", "checkpoint": "step59000", "dynamic_step": 128, "token": " generosity", "seconds": 0.3184061087667942}
{"stage": "metric", "checkpoint": "step59000", "dynamic_step": 128, "token": " critique", "seconds": 0.31971950456500053}
{"stage": "metric", "checkpoint": "step59000", "dynamic_step": 128, "token": " documented", "seconds": 0.3287510797381401}
{"stage": "metric", "checkpoint": "step59000", "dynamic_step": 192, "token": " trustworthy", "seconds": 0.2925235256552696}
{"stage": "metric", "checkpoint": "step59000", "dynamic_step": 192, "token": " generosity", "seconds": 0.3510712571442127}
{"stage": "metric", "checkpoint": "step59000", "dynamic_step": 192, "token": " critique", "seconds": 0.31790662556886673}
{"stage": "metric", "checkpoint": "step59000", "dynamic_step": 192, "token": " documented", "seconds": 0.32225222513079643}
{"stage": "metric", "checkpoint": "step59000", "dynamic_step": 256, "token": " trustworthy", "seconds": 0.28437191620469093}
{"stage": "metric", "checkpoint": "step59000", "dynamic_step": 256, "token": " generosity", "seconds": 0.4180131107568741}
{"stage": "metric", "checkpoint": "step59000", "dynamic_step": 256, "token": " critique", "seconds": 0.32942378148436546}
{"stage": "metric", "checkpoint": "step59000", "dynamic_step": 256, "token": " documented", "seconds": 0.3424060419201851}
{"stage": "metric", "checkpoint": "step59000", "dynamic_step": 320, "token": " trustworthy", "seconds": 0.3465479351580143}
{"stage": "metric", "checkpoint": "step59000", "dynamic_step": 320, "token": " generosity", "seconds": 0.33892299979925156}
{"stage": "metric", "checkpoint": "step59000", "dynamic_step": 320, "token": " critique", "seconds": 0.3283182345330715}
{"stage": "metric", "checkpoint": "step59000", "dynamic_step": 320, "token": " documented", "seconds": 0.3015240840613842}
{"stage": "metric", "checkpoint": "step59000", "dynamic_step": 384, "token": " trustworthy", "seconds": 0.3378927819430828}
{"stage": "metric", "checkpoint": "step59000", "dynamic_step": 384, "token": " generosity", "seconds": 0.3776148147881031}
{"stage": "metric", "checkpoint": "step59000", "dynamic_step": 384, "token": " critique", "seconds": 0.3282356560230255}
{"stage": "metric", "checkpoint": "step59000", "dynamic_step": 384, "token": " documented", "seconds": 0.27057692408561707}
{"stage": "metric", "checkpoint": "step59000", "dynamic_step": 448, "token": " trustworthy", "seconds": 0.32653510570526123}
{"stage": "metric", "checkpoint": "step59000", "dynamic_step": 448, "token": " generosity", "seconds": 0.3308170326054096}
{"stage": "metric", "checkpoint": "step59000", "dynamic_step": 448, "token": " critique", "seconds": 0.3357298672199249}
{"stage": "metric", "checkpoint": "step59000", "dynamic_step": 448, "token": " documented", "seconds": 0.29106302559375763}
{"stage": "metric", "checkpoint": "step59000", "dynamic_step": 512, "token": " trustworthy", "seconds": 0.2837699204683304}
{"stage": "metric", "checkpoint": "step59000", "dynamic_step": 512, "token": " generosity", "seconds": 0.2800172194838524}
{"stage": "metric", "checkpoint": "step59000", "dynamic_step": 512, "token": " critique", "seconds": 0.3379415385425091}
{"stage": "metric", "checkpoint": "step59000", "dynamic_step": 512, "token": " documented", "seconds": 0.3866160698235035}
{"stage": "metric", "checkpoint": "step59000", "dynamic_step": 576, "token": " trustworthy", "seconds": 0.3296823687851429}
{"stage": "metric", "checkpoint": "step59000", "dynamic_step": 576, "token": " generosity", "seconds": 0.30585043132305145}
{"stage": "metric", "checkpoint": "step59000", "dynamic_step": 576, "token": " critique", "seconds": 0.33526013046503067}
{"stage": "metric", "checkpoint": "step59000", "dynamic_step": 576, "token": " documented", "seconds": 0.34874070808291435}
{"stage": "metric", "checkpoint": "step59000", "dynamic_step": 640, "token": " trustworthy", "seconds": 0.2828586883842945}
{"stage": "metric", "checkpoint": "step59000", "dynamic_step": 640, "token": " generosity", "seconds": 0.293165922164917}
{"stage": "metric", "checkpoint": "step59000", "dynamic_step": 640, "token": " critique", "seconds": 0.3455292396247387}
{"stage": "metric", "checkpoint": "step59000", "dynamic_step": 640, "token": " documented", "seconds": 0.314157173037529}
{"stage": "metric", "checkpoint": "step59000", "dynamic_step": 704, "token": " trustworthy", "seconds": 0.3450916185975075}
{"stage": "metric", "checkpoint": "step59000", "dynamic_step": 704, "token": " generosity", "seconds": 0.3324802555143833}
{"stage": "metric", "checkpoint": "step59000", "dynamic_step": 704, "token": " critique", "seconds": 0.3310824781656265}
{"stage": "metric", "checkpoint": "step59000", "dynamic_step": 704, "token": " documented", "seconds": 0.33062560483813286}
{"stage": "metric", "checkpoint": "step59000", "dynamic_step": 768, "token": " trustworthy", "seconds": 0.30845242738723755}
{"stage": "metric", "checkpoint": "step59000", "dynamic_step": 768, "token": " generosity", "seconds": 0.3225369080901146}
{"stage": "metric", "checkpoint": "step59000", "dynamic_step": 768, "token": " critique", "seconds": 0.3191123902797699}
{"stage": "metric", "checkpoint": "step59000", "dynamic_step": 768, "token": " documented", "seconds": 0.334546223282814}
{"stage": "metric", "checkpoint": "step59000", "dynamic_step": 832, "token": " trustworthy", "seconds": 0.32847460731863976}
{"stage": "metric", "checkpoint": "step59000", "dynamic_step": 832, "token": " generosity", "seconds": 0.33224519714713097}
{"stage": "metric", "checkpoint": "step59000", "dynamic_step": 832, "token": " critique", "seconds": 0.2936454601585865}
{"stage": "metric", "checkpoint": "step59000", "dynamic_step": 832, "token": " documented", "seconds": 0.3372010178864002}
{"stage": "metric", "checkpoint": "step59000", "dynamic_step": 896, "token": " trustworthy", "seconds": 0.3493459075689316}
{"stage": "metric", "checkpoint": "step59000", "dynamic_step": 896, "token": " generosity", "seconds": 0.3267584890127182}
{"stage": "metric", "checkpoint": "step59000", "dynamic_step": 896, "token": " critique", "seconds": 0.27468619868159294}
{"stage": "metric", "checkpoint": "step59000", "dynamic_step": 896, "token": " documented", "seconds": 0.2959042079746723}
{"stage": "metric", "checkpoint": "step59000", "dynamic_step": 960, "token": " trustworthy", "seconds": 0.43268145248293877}
{"stage": "metric", "checkpoint": "step59000", "dynamic_step": 960, "token": " generosity", "seconds": 0.32279642671346664}
{"stage": "metric", "checkpoint": "step59000", "dynamic_step": 960, "token": " critique", "seconds": 0.3223475441336632}
{"stage": "metric", "checkpoint": "step59000", "dynamic_step": 960, "token": " documented", "seconds": 0.3263191729784012}
{"stage": "metric", "checkpoint": "step59000", "dynamic_step": 1024, "token": " trustworthy", "seconds": 0.3118002377450466}
{"stage": "metric", "checkpoint": "step59000", "dynamic_step": 1024, "token": " generosity", "seconds": 0.3739922158420086}
{"stage": "metric", "checkpoint": "step59000", "dynamic_step": 1024, "token": " critique", "seconds": 0.31758539006114006}
