2026-08-13T20:29:09+08:00 PREFETCH step58000 hash=9ad556e5cd603f761f20b83118875edaf83b6837dea6e6309c404872d3f00880 size=281715176
RANGE_PROGRESS 8388608/281715176
RANGE_PROGRESS 16777216/281715176
RANGE_PROGRESS 25165824/281715176
RANGE_PROGRESS 33554432/281715176
RANGE_PROGRESS 41943040/281715176
RANGE_PROGRESS 50331648/281715176
RANGE_PROGRESS 58720256/281715176
RANGE_PROGRESS 67108864/281715176
RANGE_PROGRESS 75497472/281715176
RANGE_PROGRESS 83886080/281715176
RANGE_PROGRESS 92274688/281715176
RANGE_PROGRESS 100663296/281715176
RANGE_PROGRESS 109051904/281715176
RANGE_PROGRESS 117440512/281715176
RANGE_PROGRESS 125829120/281715176
RANGE_PROGRESS 134217728/281715176
RANGE_PROGRESS 142606336/281715176
RANGE_PROGRESS 150994944/281715176
RANGE_PROGRESS 159383552/281715176
RANGE_PROGRESS 167772160/281715176
RANGE_PROGRESS 176160768/281715176
RANGE_PROGRESS 184549376/281715176
RANGE_PROGRESS 192937984/281715176
RANGE_PROGRESS 201326592/281715176
RANGE_PROGRESS 209715200/281715176
RANGE_PROGRESS 218103808/281715176
RANGE_PROGRESS 226492416/281715176
RANGE_PROGRESS 234881024/281715176
RANGE_PROGRESS 243269632/281715176
RANGE_PROGRESS 251658240/281715176
RANGE_PROGRESS 260046848/281715176
RANGE_PROGRESS 268435456/281715176
RANGE_PROGRESS 276824064/281715176
RANGE_PROGRESS 281715176/281715176
RANGE_COMPLETE /home/luohaoming/model_feature_cache/hf_cache/models--EleutherAI--pythia-70m/blobs/9ad556e5cd603f761f20b83118875edaf83b6837dea6e6309c404872d3f00880 281715176 9ad556e5cd603f761f20b83118875edaf83b6837dea6e6309c404872d3f00880
2026-08-13T20:47:48+08:00 PREFETCH_READY step58000
2026-08-13T20:47:49+08:00 PREFETCH step59000 hash=14968d8d4b3909384ae6192d8d8ce3c632719995cd1ded008f5b193e77fd4f52 size=281715176
RANGE_PROGRESS 8388608/281715176
RANGE_PROGRESS 16777216/281715176
RANGE_PROGRESS 25165824/281715176
RANGE_PROGRESS 33554432/281715176
RANGE_PROGRESS 41943040/281715176
RANGE_PROGRESS 50331648/281715176
RANGE_PROGRESS 58720256/281715176
RANGE_PROGRESS 67108864/281715176
RANGE_PROGRESS 75497472/281715176
RANGE_PROGRESS 83886080/281715176
RANGE_PROGRESS 92274688/281715176
RANGE_PROGRESS 100663296/281715176
RANGE_PROGRESS 109051904/281715176
RANGE_PROGRESS 117440512/281715176
RANGE_PROGRESS 125829120/281715176
RANGE_PROGRESS 134217728/281715176
RANGE_PROGRESS 142606336/281715176
RANGE_PROGRESS 150994944/281715176
RANGE_PROGRESS 159383552/281715176
RANGE_PROGRESS 167772160/281715176
RANGE_PROGRESS 176160768/281715176
RANGE_PROGRESS 184549376/281715176
RANGE_PROGRESS 192937984/281715176
RANGE_PROGRESS 201326592/281715176
RANGE_PROGRESS 209715200/281715176
RANGE_PROGRESS 218103808/281715176
RANGE_PROGRESS 226492416/281715176
RANGE_PROGRESS 234881024/281715176
RANGE_PROGRESS 243269632/281715176
RANGE_PROGRESS 251658240/281715176
RANGE_PROGRESS 260046848/281715176
RANGE_PROGRESS 268435456/281715176
RANGE_PROGRESS 276824064/281715176
RANGE_PROGRESS 281715176/281715176
RANGE_COMPLETE /home/luohaoming/model_feature_cache/hf_cache/models--EleutherAI--pythia-70m/blobs/14968d8d4b3909384ae6192d8d8ce3c632719995cd1ded008f5b193e77fd4f52 281715176 14968d8d4b3909384ae6192d8d8ce3c632719995cd1ded008f5b193e77fd4f52
2026-08-13T21:08:48+08:00 PREFETCH_READY step59000
2026-08-13T21:08:48+08:00 PREFETCH_COMPLETE
